# Logfile created on 2026-03-16 20:54:32 +0100 by logger.rb/v1.5.3
2026-03-16 20:54:32 +0100: Memory Usage (437124K) : Starting running IHP-SG13G2 KLayout DRC runset on /foss/designs/ttihp26a-adex-neuron-ncs/klayout/mux.gds
2026-03-16 20:54:32 +0100: Memory Usage (437124K) : Ruby Version for klayout: 3.2.3
2026-03-16 20:54:32 +0100: Memory Usage (438260K) : Loading database to memory is complete.
2026-03-16 20:54:32 +0100: Memory Usage (438260K) : IHP-SG13G2 KLayout DRC runset output at: /foss/designs/ttihp26a-adex-neuron-ncs/klayout/drc_run_mux21/mux_mux21_main.lyrdb
2026-03-16 20:54:32 +0100: Memory Usage (438388K) : Evaluate switches.
2026-03-16 20:54:32 +0100: Memory Usage (438388K) : tables selected: main
2026-03-16 20:54:32 +0100: Memory Usage (438388K) : KLayout will use 1 thread(s) in tiling mode.
2026-03-16 20:54:32 +0100: Memory Usage (438388K) : deep mode is enabled.
2026-03-16 20:54:32 +0100: Memory Usage (438388K) : FEOL enabled: true
2026-03-16 20:54:32 +0100: Memory Usage (438388K) : BEOL enabled: true
2026-03-16 20:54:32 +0100: Memory Usage (438388K) : OFFGRID enabled: true
2026-03-16 20:54:32 +0100: Memory Usage (438388K) : PIN enabled: true
2026-03-16 20:54:32 +0100: Memory Usage (438388K) : FORBIDDEN enabled: true
2026-03-16 20:54:32 +0100: Memory Usage (438388K) : RECOMMENDED enabled: true
2026-03-16 20:54:32 +0100: Memory Usage (438388K) : PreCheck DRC enabled: false
2026-03-16 20:54:32 +0100: Memory Usage (438388K) : CONNECTIVITY_RULES enabled: true.
2026-03-16 20:54:32 +0100: Memory Usage (438388K) : Read in polygons from layers.
2026-03-16 20:54:32 +0100: Memory Usage (439756K) : activ_drw has 516 polygons
2026-03-16 20:54:32 +0100: Memory Usage (439756K) : activ_pin has 0 polygons
2026-03-16 20:54:32 +0100: Memory Usage (439756K) : activ_mask has 0 polygons
2026-03-16 20:54:32 +0100: Memory Usage (439756K) : activ_filler has 0 polygons
2026-03-16 20:54:32 +0100: Memory Usage (439756K) : activ_nofill has 0 polygons
2026-03-16 20:54:32 +0100: Memory Usage (439756K) : activ_opc has 0 polygons
2026-03-16 20:54:32 +0100: Memory Usage (439756K) : activ_iopc has 0 polygons
2026-03-16 20:54:32 +0100: Memory Usage (439756K) : activ_noqrc has 0 polygons
2026-03-16 20:54:32 +0100: Memory Usage (439756K) : biwind_drw has 0 polygons
2026-03-16 20:54:32 +0100: Memory Usage (439756K) : biwind_opc has 0 polygons
2026-03-16 20:54:32 +0100: Memory Usage (439756K) : pemwind_drw has 0 polygons
2026-03-16 20:54:32 +0100: Memory Usage (439756K) : gatpoly_drw has 216 polygons
2026-03-16 20:54:32 +0100: Memory Usage (439756K) : gatpoly_pin has 0 polygons
2026-03-16 20:54:32 +0100: Memory Usage (439756K) : gatpoly_filler has 0 polygons
2026-03-16 20:54:32 +0100: Memory Usage (439756K) : gatpoly_nofill has 0 polygons
2026-03-16 20:54:32 +0100: Memory Usage (439756K) : gatpoly_opc has 0 polygons
2026-03-16 20:54:32 +0100: Memory Usage (439756K) : gatpoly_iopc has 0 polygons
2026-03-16 20:54:32 +0100: Memory Usage (439756K) : gatpoly_noqrc has 0 polygons
2026-03-16 20:54:32 +0100: Memory Usage (439756K) : cont_drw has 600 polygons
2026-03-16 20:54:32 +0100: Memory Usage (439756K) : cont_opc has 0 polygons
2026-03-16 20:54:32 +0100: Memory Usage (439756K) : nsd_drw has 0 polygons
2026-03-16 20:54:32 +0100: Memory Usage (439756K) : nsd_block has 0 polygons
2026-03-16 20:54:32 +0100: Memory Usage (439756K) : metal1_drw has 1096 polygons
2026-03-16 20:54:32 +0100: Memory Usage (439756K) : metal1_pin has 0 polygons
2026-03-16 20:54:32 +0100: Memory Usage (440012K) : metal1_mask has 0 polygons
2026-03-16 20:54:32 +0100: Memory Usage (440012K) : metal1_filler has 0 polygons
2026-03-16 20:54:32 +0100: Memory Usage (440012K) : metal1_nofill has 0 polygons
2026-03-16 20:54:32 +0100: Memory Usage (440012K) : metal1_slit has 0 polygons
2026-03-16 20:54:32 +0100: Memory Usage (440140K) : metal1_text has 0 polygons
2026-03-16 20:54:32 +0100: Memory Usage (440140K) : metal1_opc has 0 polygons
2026-03-16 20:54:32 +0100: Memory Usage (440268K) : metal1_noqrc has 0 polygons
2026-03-16 20:54:32 +0100: Memory Usage (440268K) : metal1_res has 0 polygons
2026-03-16 20:54:32 +0100: Memory Usage (440268K) : metal1_iprobe has 0 polygons
2026-03-16 20:54:32 +0100: Memory Usage (440396K) : metal1_diffprb has 0 polygons
2026-03-16 20:54:32 +0100: Memory Usage (440396K) : passiv_drw has 0 polygons
2026-03-16 20:54:32 +0100: Memory Usage (440524K) : passiv_pin has 0 polygons
2026-03-16 20:54:32 +0100: Memory Usage (440524K) : passiv_sbump has 0 polygons
2026-03-16 20:54:32 +0100: Memory Usage (440524K) : passiv_pillar has 0 polygons
2026-03-16 20:54:32 +0100: Memory Usage (440652K) : passiv_pdl has 0 polygons
2026-03-16 20:54:32 +0100: Memory Usage (440652K) : metal2_drw has 705 polygons
2026-03-16 20:54:32 +0100: Memory Usage (440780K) : metal2_pin has 1 polygons
2026-03-16 20:54:32 +0100: Memory Usage (440780K) : metal2_mask has 0 polygons
2026-03-16 20:54:32 +0100: Memory Usage (440908K) : metal2_filler has 0 polygons
2026-03-16 20:54:32 +0100: Memory Usage (440908K) : metal2_nofill has 0 polygons
2026-03-16 20:54:32 +0100: Memory Usage (441036K) : metal2_slit has 0 polygons
2026-03-16 20:54:32 +0100: Memory Usage (441036K) : metal2_text has 1 polygons
2026-03-16 20:54:32 +0100: Memory Usage (441036K) : metal2_opc has 0 polygons
2026-03-16 20:54:32 +0100: Memory Usage (441164K) : metal2_noqrc has 0 polygons
2026-03-16 20:54:32 +0100: Memory Usage (441292K) : metal2_res has 0 polygons
2026-03-16 20:54:32 +0100: Memory Usage (441292K) : metal2_iprobe has 0 polygons
2026-03-16 20:54:32 +0100: Memory Usage (441420K) : metal2_diffprb has 0 polygons
2026-03-16 20:54:32 +0100: Memory Usage (441420K) : baspoly_drw has 0 polygons
2026-03-16 20:54:32 +0100: Memory Usage (441548K) : baspoly_pin has 0 polygons
2026-03-16 20:54:32 +0100: Memory Usage (441548K) : psd_drw has 16 polygons
2026-03-16 20:54:32 +0100: Memory Usage (441548K) : nldb_drw has 0 polygons
2026-03-16 20:54:32 +0100: Memory Usage (441676K) : digibnd_drw has 0 polygons
2026-03-16 20:54:32 +0100: Memory Usage (441676K) : via1_drw has 504 polygons
2026-03-16 20:54:32 +0100: Memory Usage (441804K) : backmetal1_drw has 0 polygons
2026-03-16 20:54:32 +0100: Memory Usage (441804K) : backmetal1_pin has 0 polygons
2026-03-16 20:54:32 +0100: Memory Usage (441932K) : backmetal1_mask has 0 polygons
2026-03-16 20:54:32 +0100: Memory Usage (441932K) : backmetal1_filler has 0 polygons
2026-03-16 20:54:32 +0100: Memory Usage (441932K) : backmetal1_nofill has 0 polygons
2026-03-16 20:54:32 +0100: Memory Usage (442060K) : backmetal1_slit has 0 polygons
2026-03-16 20:54:32 +0100: Memory Usage (442060K) : backmetal1_text has 0 polygons
2026-03-16 20:54:32 +0100: Memory Usage (442188K) : backmetal1_opc has 0 polygons
2026-03-16 20:54:32 +0100: Memory Usage (442188K) : backmetal1_noqrc has 0 polygons
2026-03-16 20:54:32 +0100: Memory Usage (442316K) : backmetal1_res has 0 polygons
2026-03-16 20:54:32 +0100: Memory Usage (442316K) : backmetal1_iprobe has 0 polygons
2026-03-16 20:54:32 +0100: Memory Usage (442316K) : backmetal1_diffprb has 0 polygons
2026-03-16 20:54:32 +0100: Memory Usage (442444K) : backpassiv_drw has 0 polygons
2026-03-16 20:54:32 +0100: Memory Usage (442444K) : res_drw has 0 polygons
2026-03-16 20:54:32 +0100: Memory Usage (442572K) : sram_drw has 0 polygons
2026-03-16 20:54:32 +0100: Memory Usage (442572K) : trans_drw has 0 polygons
2026-03-16 20:54:32 +0100: Memory Usage (442700K) : ind_drw has 0 polygons
2026-03-16 20:54:32 +0100: Memory Usage (442828K) : ind_pin has 0 polygons
2026-03-16 20:54:32 +0100: Memory Usage (442828K) : ind_text has 0 polygons
2026-03-16 20:54:32 +0100: Memory Usage (442828K) : salblock_drw has 0 polygons
2026-03-16 20:54:32 +0100: Memory Usage (442956K) : via2_drw has 56 polygons
2026-03-16 20:54:32 +0100: Memory Usage (443084K) : metal3_drw has 79 polygons
2026-03-16 20:54:32 +0100: Memory Usage (443084K) : metal3_pin has 1 polygons
2026-03-16 20:54:32 +0100: Memory Usage (443212K) : metal3_mask has 0 polygons
2026-03-16 20:54:32 +0100: Memory Usage (443212K) : metal3_filler has 0 polygons
2026-03-16 20:54:32 +0100: Memory Usage (443212K) : metal3_nofill has 0 polygons
2026-03-16 20:54:32 +0100: Memory Usage (443340K) : metal3_slit has 0 polygons
2026-03-16 20:54:32 +0100: Memory Usage (443340K) : metal3_text has 1 polygons
2026-03-16 20:54:32 +0100: Memory Usage (443468K) : metal3_opc has 0 polygons
2026-03-16 20:54:32 +0100: Memory Usage (443468K) : metal3_noqrc has 0 polygons
2026-03-16 20:54:32 +0100: Memory Usage (443596K) : metal3_res has 0 polygons
2026-03-16 20:54:32 +0100: Memory Usage (443596K) : metal3_iprobe has 0 polygons
2026-03-16 20:54:32 +0100: Memory Usage (443724K) : metal3_diffprb has 0 polygons
2026-03-16 20:54:32 +0100: Memory Usage (443724K) : nwell_drw has 4 polygons
2026-03-16 20:54:32 +0100: Memory Usage (443852K) : nwell_pin has 0 polygons
2026-03-16 20:54:32 +0100: Memory Usage (443852K) : nbulay_drw has 0 polygons
2026-03-16 20:54:32 +0100: Memory Usage (443980K) : nbulay_pin has 0 polygons
2026-03-16 20:54:32 +0100: Memory Usage (443980K) : nbulay_block has 0 polygons
2026-03-16 20:54:32 +0100: Memory Usage (444108K) : emwind_drw has 0 polygons
2026-03-16 20:54:32 +0100: Memory Usage (444108K) : emwind_opc has 0 polygons
2026-03-16 20:54:32 +0100: Memory Usage (444236K) : deepco_drw has 0 polygons
2026-03-16 20:54:32 +0100: Memory Usage (444236K) : deepco_drw has 0 polygons
2026-03-16 20:54:32 +0100: Memory Usage (444364K) : mim_drw has 0 polygons
2026-03-16 20:54:32 +0100: Memory Usage (444492K) : edgeseal_drw has 0 polygons
2026-03-16 20:54:32 +0100: Memory Usage (444492K) : edgeseal_bound has 0 polygons
2026-03-16 20:54:32 +0100: Memory Usage (444620K) : substrate_drw has 0 polygons
2026-03-16 20:54:32 +0100: Memory Usage (444620K) : substrate_text has 0 polygons
2026-03-16 20:54:32 +0100: Memory Usage (444620K) : dfpad_drw has 0 polygons
2026-03-16 20:54:32 +0100: Memory Usage (444748K) : dfpad_pillar has 0 polygons
2026-03-16 20:54:32 +0100: Memory Usage (444748K) : dfpad_sbump has 0 polygons
2026-03-16 20:54:32 +0100: Memory Usage (444876K) : thickgateox_drw has 0 polygons
2026-03-16 20:54:32 +0100: Memory Usage (444876K) : pldb_drw has 0 polygons
2026-03-16 20:54:32 +0100: Memory Usage (444876K) : pwell_drw has 0 polygons
2026-03-16 20:54:32 +0100: Memory Usage (445004K) : pwell_pin has 0 polygons
2026-03-16 20:54:32 +0100: Memory Usage (445004K) : pwell_block has 0 polygons
2026-03-16 20:54:32 +0100: Memory Usage (445132K) : ic_drw has 0 polygons
2026-03-16 20:54:32 +0100: Memory Usage (445132K) : via3_drw has 16 polygons
2026-03-16 20:54:32 +0100: Memory Usage (445260K) : metal4_drw has 13 polygons
2026-03-16 20:54:32 +0100: Memory Usage (445388K) : metal4_pin has 5 polygons
2026-03-16 20:54:32 +0100: Memory Usage (445388K) : metal4_mask has 0 polygons
2026-03-16 20:54:32 +0100: Memory Usage (445388K) : metal4_filler has 0 polygons
2026-03-16 20:54:32 +0100: Memory Usage (445516K) : metal4_nofill has 0 polygons
2026-03-16 20:54:32 +0100: Memory Usage (445516K) : metal4_slit has 0 polygons
2026-03-16 20:54:32 +0100: Memory Usage (445644K) : metal4_text has 5 polygons
2026-03-16 20:54:32 +0100: Memory Usage (445644K) : metal4_opc has 0 polygons
2026-03-16 20:54:32 +0100: Memory Usage (445772K) : metal4_noqrc has 0 polygons
2026-03-16 20:54:32 +0100: Memory Usage (445772K) : metal4_res has 0 polygons
2026-03-16 20:54:32 +0100: Memory Usage (445772K) : metal4_iprobe has 0 polygons
2026-03-16 20:54:32 +0100: Memory Usage (445900K) : metal4_diffprb has 0 polygons
2026-03-16 20:54:32 +0100: Memory Usage (446028K) : heattrans_drw has 0 polygons
2026-03-16 20:54:32 +0100: Memory Usage (446028K) : heatres_drw has 0 polygons
2026-03-16 20:54:32 +0100: Memory Usage (446156K) : pempoly_drw has 0 polygons
2026-03-16 20:54:32 +0100: Memory Usage (446156K) : fbe_drw has 0 polygons
2026-03-16 20:54:32 +0100: Memory Usage (446284K) : empoly_drw has 0 polygons
2026-03-16 20:54:32 +0100: Memory Usage (446284K) : ldmos_drw has 0 polygons
2026-03-16 20:54:32 +0100: Memory Usage (446412K) : pbiwind_drw has 0 polygons
2026-03-16 20:54:32 +0100: Memory Usage (446412K) : digisub_drw has 0 polygons
2026-03-16 20:54:32 +0100: Memory Usage (446540K) : nodrc_drw has 0 polygons
2026-03-16 20:54:32 +0100: Memory Usage (446540K) : text_drw has 0 polygons
2026-03-16 20:54:32 +0100: Memory Usage (446668K) : via4_drw has 0 polygons
2026-03-16 20:54:32 +0100: Memory Usage (446668K) : metal5_drw has 0 polygons
2026-03-16 20:54:32 +0100: Memory Usage (446668K) : metal5_pin has 0 polygons
2026-03-16 20:54:32 +0100: Memory Usage (446796K) : metal5_mask has 0 polygons
2026-03-16 20:54:32 +0100: Memory Usage (446796K) : metal5_filler has 0 polygons
2026-03-16 20:54:32 +0100: Memory Usage (446924K) : metal5_nofill has 0 polygons
2026-03-16 20:54:32 +0100: Memory Usage (446924K) : metal5_slit has 0 polygons
2026-03-16 20:54:32 +0100: Memory Usage (447052K) : metal5_text has 0 polygons
2026-03-16 20:54:32 +0100: Memory Usage (447052K) : metal5_opc has 0 polygons
2026-03-16 20:54:32 +0100: Memory Usage (447052K) : metal5_noqrc has 0 polygons
2026-03-16 20:54:32 +0100: Memory Usage (447180K) : metal5_res has 0 polygons
2026-03-16 20:54:32 +0100: Memory Usage (447180K) : metal5_iprobe has 0 polygons
2026-03-16 20:54:32 +0100: Memory Usage (447308K) : metal5_diffprb has 0 polygons
2026-03-16 20:54:32 +0100: Memory Usage (447436K) : radhard_drw has 0 polygons
2026-03-16 20:54:32 +0100: Memory Usage (447436K) : memcap_drw has 0 polygons
2026-03-16 20:54:32 +0100: Memory Usage (447564K) : varicap_drw has 0 polygons
2026-03-16 20:54:32 +0100: Memory Usage (447564K) : flash_drw has 0 polygons
2026-03-16 20:54:32 +0100: Memory Usage (447692K) : intbondvia_drw has 0 polygons
2026-03-16 20:54:32 +0100: Memory Usage (447692K) : intbondmet_drw has 0 polygons
2026-03-16 20:54:32 +0100: Memory Usage (447820K) : devbondvia_drw has 0 polygons
2026-03-16 20:54:32 +0100: Memory Usage (447820K) : devbondmet_drw has 0 polygons
2026-03-16 20:54:32 +0100: Memory Usage (447948K) : devtrench_drw has 0 polygons
2026-03-16 20:54:32 +0100: Memory Usage (447948K) : redist_drw has 0 polygons
2026-03-16 20:54:32 +0100: Memory Usage (447948K) : graphbot_drw has 0 polygons
2026-03-16 20:54:32 +0100: Memory Usage (448076K) : graphtop_drw has 0 polygons
2026-03-16 20:54:32 +0100: Memory Usage (448076K) : antvia1_drw has 0 polygons
2026-03-16 20:54:32 +0100: Memory Usage (448204K) : antmetal2_drw has 0 polygons
2026-03-16 20:54:32 +0100: Memory Usage (448204K) : graphcont_drw has 0 polygons
2026-03-16 20:54:32 +0100: Memory Usage (448332K) : siwg_drw has 0 polygons
2026-03-16 20:54:32 +0100: Memory Usage (448332K) : siwg_filler has 0 polygons
2026-03-16 20:54:32 +0100: Memory Usage (448332K) : siwg_nofill has 0 polygons
2026-03-16 20:54:32 +0100: Memory Usage (448460K) : sigrating_drw has 0 polygons
2026-03-16 20:54:32 +0100: Memory Usage (448588K) : singrating_drw has 0 polygons
2026-03-16 20:54:32 +0100: Memory Usage (448588K) : graphpas_drw has 0 polygons
2026-03-16 20:54:32 +0100: Memory Usage (448716K) : emwind3_drw has 0 polygons
2026-03-16 20:54:32 +0100: Memory Usage (448716K) : emwihv3_drw has 0 polygons
2026-03-16 20:54:32 +0100: Memory Usage (448716K) : redbulay_drw has 0 polygons
2026-03-16 20:54:32 +0100: Memory Usage (448844K) : smos_drw has 0 polygons
2026-03-16 20:54:32 +0100: Memory Usage (448844K) : graphpad_drw has 0 polygons
2026-03-16 20:54:32 +0100: Memory Usage (448972K) : polimide_drw has 0 polygons
2026-03-16 20:54:32 +0100: Memory Usage (448972K) : polimide_pin has 0 polygons
2026-03-16 20:54:32 +0100: Memory Usage (449100K) : recog_drw has 0 polygons
2026-03-16 20:54:32 +0100: Memory Usage (449228K) : recog_pin has 0 polygons
2026-03-16 20:54:32 +0100: Memory Usage (449228K) : recog_esd has 0 polygons
2026-03-16 20:54:32 +0100: Memory Usage (449228K) : recog_diode has 0 polygons
2026-03-16 20:54:32 +0100: Memory Usage (449356K) : recog_tsv has 0 polygons
2026-03-16 20:54:32 +0100: Memory Usage (449356K) : recog_iprobe has 0 polygons
2026-03-16 20:54:32 +0100: Memory Usage (449484K) : recog_diffprb has 0 polygons
2026-03-16 20:54:32 +0100: Memory Usage (449484K) : recog_pillar has 0 polygons
2026-03-16 20:54:32 +0100: Memory Usage (449612K) : recog_sbump has 0 polygons
2026-03-16 20:54:32 +0100: Memory Usage (449612K) : recog_otp has 0 polygons
2026-03-16 20:54:32 +0100: Memory Usage (449612K) : recog_pdiode has 0 polygons
2026-03-16 20:54:32 +0100: Memory Usage (449612K) : recog_mom has 0 polygons
2026-03-16 20:54:32 +0100: Memory Usage (449740K) : recog_pcm has 0 polygons
2026-03-16 20:54:32 +0100: Memory Usage (449740K) : colopen_drw has 0 polygons
2026-03-16 20:54:32 +0100: Memory Usage (449740K) : graphmetal1_drw has 0 polygons
2026-03-16 20:54:32 +0100: Memory Usage (449740K) : graphmetal1_filler has 0 polygons
2026-03-16 20:54:32 +0100: Memory Usage (449868K) : graphmetal1_nofill has 0 polygons
2026-03-16 20:54:32 +0100: Memory Usage (449868K) : graphmetal1_slit has 0 polygons
2026-03-16 20:54:32 +0100: Memory Usage (449868K) : graphmetal1_opc has 0 polygons
2026-03-16 20:54:32 +0100: Memory Usage (449996K) : graphmet1l_drw has 0 polygons
2026-03-16 20:54:32 +0100: Memory Usage (449996K) : graphmet1l_filler has 0 polygons
2026-03-16 20:54:32 +0100: Memory Usage (449996K) : graphmet1l_nofill has 0 polygons
2026-03-16 20:54:32 +0100: Memory Usage (449996K) : graphmet1l_slit has 0 polygons
2026-03-16 20:54:32 +0100: Memory Usage (450124K) : graphmet1l_opc has 0 polygons
2026-03-16 20:54:32 +0100: Memory Usage (450124K) : extblock_drw has 0 polygons
2026-03-16 20:54:32 +0100: Memory Usage (450124K) : nldd_drw has 0 polygons
2026-03-16 20:54:32 +0100: Memory Usage (450252K) : pldd_drw has 0 polygons
2026-03-16 20:54:32 +0100: Memory Usage (450252K) : next_drw has 0 polygons
2026-03-16 20:54:32 +0100: Memory Usage (450380K) : pext_drw has 0 polygons
2026-03-16 20:54:32 +0100: Memory Usage (450380K) : nexthv_drw has 0 polygons
2026-03-16 20:54:32 +0100: Memory Usage (450380K) : pexthv_drw has 0 polygons
2026-03-16 20:54:32 +0100: Memory Usage (450508K) : graphgate_drw has 0 polygons
2026-03-16 20:54:32 +0100: Memory Usage (450508K) : sinwg_drw has 0 polygons
2026-03-16 20:54:32 +0100: Memory Usage (450636K) : sinwg_filler has 0 polygons
2026-03-16 20:54:32 +0100: Memory Usage (450636K) : sinwg_nofill has 0 polygons
2026-03-16 20:54:32 +0100: Memory Usage (450764K) : mempad_drw has 0 polygons
2026-03-16 20:54:32 +0100: Memory Usage (450764K) : topvia1_drw has 0 polygons
2026-03-16 20:54:32 +0100: Memory Usage (450892K) : topmetal1_drw has 0 polygons
2026-03-16 20:54:32 +0100: Memory Usage (450892K) : topmetal1_pin has 0 polygons
2026-03-16 20:54:32 +0100: Memory Usage (450892K) : topmetal1_mask has 0 polygons
2026-03-16 20:54:32 +0100: Memory Usage (451020K) : topmetal1_filler has 0 polygons
2026-03-16 20:54:32 +0100: Memory Usage (451020K) : topmetal1_nofill has 0 polygons
2026-03-16 20:54:32 +0100: Memory Usage (451020K) : topmetal1_slit has 0 polygons
2026-03-16 20:54:32 +0100: Memory Usage (451148K) : topmetal1_text has 0 polygons
2026-03-16 20:54:32 +0100: Memory Usage (451148K) : topmetal1_noqrc has 0 polygons
2026-03-16 20:54:32 +0100: Memory Usage (451148K) : topmetal1_res has 0 polygons
2026-03-16 20:54:32 +0100: Memory Usage (451148K) : topmetal1_iprobe has 0 polygons
2026-03-16 20:54:32 +0100: Memory Usage (451276K) : topmetal1_diffprb has 0 polygons
2026-03-16 20:54:32 +0100: Memory Usage (451276K) : inldpwl_drw has 0 polygons
2026-03-16 20:54:32 +0100: Memory Usage (451276K) : polyres_drw has 0 polygons
2026-03-16 20:54:32 +0100: Memory Usage (451404K) : polyres_pin has 0 polygons
2026-03-16 20:54:32 +0100: Memory Usage (451404K) : vmim_drw has 0 polygons
2026-03-16 20:54:32 +0100: Memory Usage (451532K) : nbulaycut_drw has 0 polygons
2026-03-16 20:54:32 +0100: Memory Usage (451532K) : antmetal1_drw has 0 polygons
2026-03-16 20:54:32 +0100: Memory Usage (451532K) : topvia2_drw has 0 polygons
2026-03-16 20:54:32 +0100: Memory Usage (451660K) : topmetal2_drw has 0 polygons
2026-03-16 20:54:32 +0100: Memory Usage (451660K) : topmetal2_pin has 0 polygons
2026-03-16 20:54:32 +0100: Memory Usage (451660K) : topmetal2_mask has 0 polygons
2026-03-16 20:54:32 +0100: Memory Usage (451788K) : topmetal2_filler has 0 polygons
2026-03-16 20:54:32 +0100: Memory Usage (451788K) : topmetal2_nofill has 0 polygons
2026-03-16 20:54:32 +0100: Memory Usage (451916K) : topmetal2_slit has 0 polygons
2026-03-16 20:54:32 +0100: Memory Usage (451916K) : topmetal2_text has 0 polygons
2026-03-16 20:54:32 +0100: Memory Usage (452044K) : topmetal2_noqrc has 0 polygons
2026-03-16 20:54:32 +0100: Memory Usage (452044K) : topmetal2_res has 0 polygons
2026-03-16 20:54:32 +0100: Memory Usage (452044K) : topmetal2_iprobe has 0 polygons
2026-03-16 20:54:32 +0100: Memory Usage (452172K) : topmetal2_diffprb has 0 polygons
2026-03-16 20:54:32 +0100: Memory Usage (452172K) : snsring_drw has 0 polygons
2026-03-16 20:54:32 +0100: Memory Usage (452300K) : sensor_drw has 0 polygons
2026-03-16 20:54:32 +0100: Memory Usage (452300K) : snsarms_drw has 0 polygons
2026-03-16 20:54:32 +0100: Memory Usage (452428K) : snscmosvia_drw has 0 polygons
2026-03-16 20:54:32 +0100: Memory Usage (452428K) : colwind_drw has 0 polygons
2026-03-16 20:54:32 +0100: Memory Usage (452428K) : flm_drw has 0 polygons
2026-03-16 20:54:32 +0100: Memory Usage (452556K) : hafniumox_drw has 0 polygons
2026-03-16 20:54:32 +0100: Memory Usage (452556K) : memvia_drw has 0 polygons
2026-03-16 20:54:32 +0100: Memory Usage (452684K) : thinfilmres_drw has 0 polygons
2026-03-16 20:54:32 +0100: Memory Usage (452684K) : rfmem_drw has 0 polygons
2026-03-16 20:54:32 +0100: Memory Usage (452812K) : norcx_drw has 0 polygons
2026-03-16 20:54:32 +0100: Memory Usage (452812K) : norcx_m2m3 has 0 polygons
2026-03-16 20:54:32 +0100: Memory Usage (452812K) : norcx_m2m4 has 0 polygons
2026-03-16 20:54:32 +0100: Memory Usage (452940K) : norcx_m2m5 has 0 polygons
2026-03-16 20:54:32 +0100: Memory Usage (452940K) : norcx_m2tm1 has 0 polygons
2026-03-16 20:54:32 +0100: Memory Usage (453068K) : norcx_m2tm2 has 0 polygons
2026-03-16 20:54:32 +0100: Memory Usage (453068K) : norcx_m3m4 has 0 polygons
2026-03-16 20:54:32 +0100: Memory Usage (453196K) : norcx_m3m5 has 0 polygons
2026-03-16 20:54:32 +0100: Memory Usage (453196K) : norcx_m3tm1 has 0 polygons
2026-03-16 20:54:32 +0100: Memory Usage (453196K) : norcx_m3tm2 has 0 polygons
2026-03-16 20:54:32 +0100: Memory Usage (453324K) : norcx_m4m5 has 0 polygons
2026-03-16 20:54:32 +0100: Memory Usage (453324K) : norcx_m4tm1 has 0 polygons
2026-03-16 20:54:32 +0100: Memory Usage (453324K) : norcx_m4tm2 has 0 polygons
2026-03-16 20:54:32 +0100: Memory Usage (453324K) : norcx_m5tm1 has 0 polygons
2026-03-16 20:54:32 +0100: Memory Usage (453324K) : norcx_m5tm2 has 0 polygons
2026-03-16 20:54:32 +0100: Memory Usage (453452K) : norcx_tm1tm2 has 0 polygons
2026-03-16 20:54:32 +0100: Memory Usage (453452K) : norcx_m1sub has 0 polygons
2026-03-16 20:54:32 +0100: Memory Usage (453452K) : norcx_m2sub has 0 polygons
2026-03-16 20:54:32 +0100: Memory Usage (453580K) : norcx_m3sub has 0 polygons
2026-03-16 20:54:32 +0100: Memory Usage (453580K) : norcx_m4sub has 0 polygons
2026-03-16 20:54:32 +0100: Memory Usage (453580K) : norcx_m5sub has 0 polygons
2026-03-16 20:54:32 +0100: Memory Usage (453580K) : norcx_tm1sub has 0 polygons
2026-03-16 20:54:32 +0100: Memory Usage (453708K) : norcx_tm2sub has 0 polygons
2026-03-16 20:54:32 +0100: Memory Usage (453708K) : snsbotvia_drw has 0 polygons
2026-03-16 20:54:32 +0100: Memory Usage (453708K) : snstopvia_drw has 0 polygons
2026-03-16 20:54:32 +0100: Memory Usage (453836K) : deepvia_drw has 0 polygons
2026-03-16 20:54:32 +0100: Memory Usage (453836K) : fgetch_drw has 0 polygons
2026-03-16 20:54:32 +0100: Memory Usage (453836K) : ctrgat_drw has 0 polygons
2026-03-16 20:54:32 +0100: Memory Usage (453836K) : fgimp_drw has 0 polygons
2026-03-16 20:54:32 +0100: Memory Usage (453964K) : emwihv_drw has 0 polygons
2026-03-16 20:54:32 +0100: Memory Usage (453964K) : lbe_drw has 0 polygons
2026-03-16 20:54:32 +0100: Memory Usage (453964K) : alcustop_drw has 0 polygons
2026-03-16 20:54:32 +0100: Memory Usage (454092K) : nometfiller_drw has 0 polygons
2026-03-16 20:54:32 +0100: Memory Usage (454092K) : prboundary_drw has 0 polygons
2026-03-16 20:54:32 +0100: Memory Usage (454092K) : exchange0_drw has 0 polygons
2026-03-16 20:54:32 +0100: Memory Usage (454220K) : exchange0_pin has 0 polygons
2026-03-16 20:54:32 +0100: Memory Usage (454220K) : exchange0_text has 0 polygons
2026-03-16 20:54:32 +0100: Memory Usage (454220K) : exchange1_drw has 0 polygons
2026-03-16 20:54:32 +0100: Memory Usage (454220K) : exchange1_pin has 0 polygons
2026-03-16 20:54:32 +0100: Memory Usage (454348K) : exchange1_text has 0 polygons
2026-03-16 20:54:32 +0100: Memory Usage (454348K) : exchange2_drw has 0 polygons
2026-03-16 20:54:32 +0100: Memory Usage (454348K) : exchange2_pin has 0 polygons
2026-03-16 20:54:32 +0100: Memory Usage (454476K) : exchange2_text has 0 polygons
2026-03-16 20:54:32 +0100: Memory Usage (454476K) : exchange3_drw has 0 polygons
2026-03-16 20:54:32 +0100: Memory Usage (454476K) : exchange3_pin has 0 polygons
2026-03-16 20:54:32 +0100: Memory Usage (454604K) : exchange3_text has 0 polygons
2026-03-16 20:54:32 +0100: Memory Usage (454604K) : exchange4_drw has 0 polygons
2026-03-16 20:54:32 +0100: Memory Usage (454732K) : exchange4_pin has 0 polygons
2026-03-16 20:54:32 +0100: Memory Usage (454732K) : exchange4_text has 0 polygons
2026-03-16 20:54:32 +0100: Memory Usage (454732K) : isonwell_drw has 0 polygons
2026-03-16 20:54:32 +0100: Memory Usage (454732K) : Total no. of polygons in the design is 3835
2026-03-16 20:54:32 +0100: Memory Usage (454732K) : Loaded TECH DRC rules values from /foss/pdks/ihp-sg13g2/libs.tech/klayout/python/sg13g2_pycell_lib/sg13g2_tech_mod.json
2026-03-16 20:54:32 +0100: Memory Usage (454732K) : Loaded default DRC rules values from /foss/pdks/ihp-sg13g2/libs.tech/klayout/tech/drc/rule_decks/sg13g2_tech_default.json
2026-03-16 20:54:32 +0100: Memory Usage (454732K) : The following rules values were missing in tech json and default values were used:
2026-03-16 20:54:32 +0100: Memory Usage (454732K) :   - Cnt_c_digibnd
2026-03-16 20:54:32 +0100: Memory Usage (455800K) : Total area of the design is 786.1485749999999 um^2.
2026-03-16 20:54:32 +0100: Memory Usage (455800K) : The design dimensions are 28.345 µm * 27.735 µm.
2026-03-16 20:54:32 +0100: Memory Usage (455800K) : Starting general IHP-SG13G2 derivations.
2026-03-16 20:54:32 +0100: Memory Usage (455800K) : Starting Pwell derivations
2026-03-16 20:54:32 +0100: Memory Usage (457780K) : Starting n-Activ derivations
2026-03-16 20:54:32 +0100: Memory Usage (458164K) : Starting p-Activ derivations
2026-03-16 20:54:32 +0100: Memory Usage (458164K) : Starting ptap derivations
2026-03-16 20:54:32 +0100: Memory Usage (458292K) : Starting ntap derivations
2026-03-16 20:54:32 +0100: Memory Usage (458292K) : Starting pact FET derivations
2026-03-16 20:54:32 +0100: Memory Usage (458292K) : Starting nact FET derivations
2026-03-16 20:54:32 +0100: Memory Usage (458420K) : Starting Gate derivations
2026-03-16 20:54:32 +0100: Memory Usage (458548K) : Starting cont/contbar general derivations
2026-03-16 20:54:32 +0100: Memory Usage (458804K) : Starting pad general derivations
2026-03-16 20:54:32 +0100: Memory Usage (458932K) : Starting IHP-SG13G2 DRC connectivity related derivations.
2026-03-16 20:54:32 +0100: Memory Usage (459956K) : Starting IHP-SG13G2 DRC connectivity setup
2026-03-16 20:54:32 +0100: Memory Usage (461020K) : Starting IHP-SG13G2 DRC rules.
2026-03-16 20:54:32 +0100: Memory Usage (461020K) : Running all FEOL rules
2026-03-16 20:54:32 +0100: Memory Usage (461020K) : Running all BEOL rules
2026-03-16 20:54:32 +0100: Memory Usage (461020K) : Running all PIN rules
2026-03-16 20:54:32 +0100: Memory Usage (461020K) : Running all FORBIDDEN rules
2026-03-16 20:54:32 +0100: Memory Usage (461020K) : Starting 5.1 NWell table
2026-03-16 20:54:32 +0100: Memory Usage (461020K) : Executing rule NW.b
2026-03-16 20:54:32 +0100: Memory Usage (461676K) : Executing rule NW.b1
2026-03-16 20:54:32 +0100: Memory Usage (461676K) : Starting 5.2 PWell:block
2026-03-16 20:54:32 +0100: Memory Usage (461676K) : Executing rule PWB.e
2026-03-16 20:54:32 +0100: Memory Usage (461804K) : Executing rule PWB.e1
2026-03-16 20:54:32 +0100: Memory Usage (461932K) : Executing rule PWB.f
2026-03-16 20:54:32 +0100: Memory Usage (462060K) : Executing rule PWB.f1
2026-03-16 20:54:32 +0100: Memory Usage (462444K) : Starting 5.3 nBuLay table
2026-03-16 20:54:32 +0100: Memory Usage (462572K) : Executing rule NBL.b
2026-03-16 20:54:32 +0100: Memory Usage (462572K) : Executing rule NBL.c
2026-03-16 20:54:32 +0100: Memory Usage (462572K) : Executing rule NBL.d
2026-03-16 20:54:32 +0100: Memory Usage (462572K) : Executing rule NBL.e
2026-03-16 20:54:32 +0100: Memory Usage (462572K) : Executing rule NBL.f
2026-03-16 20:54:32 +0100: Memory Usage (462572K) : Starting 5.5. Activ table
2026-03-16 20:54:32 +0100: Memory Usage (462572K) : Executing rule Act.a
2026-03-16 20:54:32 +0100: Memory Usage (462572K) : Executing rule Act.b
2026-03-16 20:54:32 +0100: Memory Usage (462700K) : Starting 5.6 Activ:filler table
2026-03-16 20:54:32 +0100: Memory Usage (462832K) : Executing rule AFil.c1
2026-03-16 20:54:32 +0100: Memory Usage (462832K) : Executing rule AFil.c
2026-03-16 20:54:32 +0100: Memory Usage (462832K) : Executing rule AFil.d
2026-03-16 20:54:32 +0100: Memory Usage (462832K) : Executing rule AFil.e
2026-03-16 20:54:32 +0100: Memory Usage (462832K) : Executing rule AFil.j
2026-03-16 20:54:33 +0100: Memory Usage (462832K) : Starting 5.7. ThickGateOx table
2026-03-16 20:54:33 +0100: Memory Usage (462832K) : Executing rule TGO.f
2026-03-16 20:54:33 +0100: Memory Usage (462832K) : Starting 5.8. GatPoly table
2026-03-16 20:54:33 +0100: Memory Usage (462832K) : Executing rule Gat.a
2026-03-16 20:54:33 +0100: Memory Usage (462832K) : Executing rule Gat.b
2026-03-16 20:54:33 +0100: Memory Usage (462832K) : Executing rule Gat.d
2026-03-16 20:54:33 +0100: Memory Usage (462832K) : Executing rule Gat.a1
2026-03-16 20:54:33 +0100: Memory Usage (463192K) : Executing rule Gat.a2
2026-03-16 20:54:33 +0100: Memory Usage (463192K) : Executing rule Gat.g
2026-03-16 20:54:33 +0100: Memory Usage (463192K) : Starting 5.9 GatPoly:filler
2026-03-16 20:54:33 +0100: Memory Usage (463192K) : Executing rule GFil.d
2026-03-16 20:54:33 +0100: Memory Usage (463192K) : Executing rule GFil.e
2026-03-16 20:54:33 +0100: Memory Usage (463192K) : Executing rule GFil.i
2026-03-16 20:54:33 +0100: Memory Usage (463192K) : Starting 5.10 pSD table
2026-03-16 20:54:33 +0100: Memory Usage (463192K) : Executing rule pSD.c1
2026-03-16 20:54:33 +0100: Memory Usage (463192K) : Starting 5.14. Cont table
2026-03-16 20:54:33 +0100: Memory Usage (463192K) : Executing rule Cnt.a
2026-03-16 20:54:33 +0100: Memory Usage (463192K) : Executing rule Cnt.b
2026-03-16 20:54:33 +0100: Memory Usage (463192K) : Executing rule Cnt.c
2026-03-16 20:54:33 +0100: Memory Usage (463192K) : Executing rule Cnt.c
2026-03-16 20:54:33 +0100: Memory Usage (463192K) : Executing rule Cnt.d
2026-03-16 20:54:33 +0100: Memory Usage (463192K) : Executing rule Cnt.e
2026-03-16 20:54:33 +0100: Memory Usage (463192K) : Executing rule Cnt.g1
2026-03-16 20:54:33 +0100: Memory Usage (463320K) : Executing rule Cnt.g2
2026-03-16 20:54:33 +0100: Memory Usage (463320K) : Starting 5.15. ContBar table
2026-03-16 20:54:33 +0100: Memory Usage (463320K) : Executing rule CntB.b1
2026-03-16 20:54:33 +0100: Memory Usage (463320K) : Executing rule CntB.h1
2026-03-16 20:54:33 +0100: Memory Usage (463320K) : Starting 6.1.3 NPN Substrate-Tie table
2026-03-16 20:54:33 +0100: Memory Usage (463320K) : Executing rule npn13G2.bR 
2026-03-16 20:54:33 +0100: Memory Usage (463320K) : Executing rule npn13G2L.cR 
2026-03-16 20:54:33 +0100: Memory Usage (463320K) : Executing rule npn13G2V.cR 
2026-03-16 20:54:33 +0100: Memory Usage (463320K) : Starting 6.7 Schottky diode table
2026-03-16 20:54:33 +0100: Memory Usage (463320K) : Executing rule Sdiod.d
2026-03-16 20:54:33 +0100: Memory Usage (463320K) : Executing rule Sdiod.e
2026-03-16 20:54:33 +0100: Memory Usage (463320K) : Starting 7.2 Latch-up table
2026-03-16 20:54:33 +0100: Memory Usage (463320K) : Executing rule LU.b
2026-03-16 20:54:33 +0100: Memory Usage (463320K) : Starting 5.16. Metal1 table
2026-03-16 20:54:33 +0100: Memory Usage (463320K) : Executing rule M1.a
2026-03-16 20:54:33 +0100: Memory Usage (463320K) : Executing rule M1.b
2026-03-16 20:54:33 +0100: Memory Usage (463612K) : Executing rule M1.e
2026-03-16 20:54:33 +0100: Memory Usage (463612K) : Executing rule M1.f
2026-03-16 20:54:33 +0100: Memory Usage (463612K) : Executing rule M1.g
2026-03-16 20:54:33 +0100: Memory Usage (463740K) : Executing rule M1.i
2026-03-16 20:54:33 +0100: Memory Usage (463868K) : Starting 5.17 Metaln table
2026-03-16 20:54:33 +0100: Memory Usage (463868K) : Executing rule M2.a
2026-03-16 20:54:33 +0100: Memory Usage (464124K) : Executing rule M2.b
2026-03-16 20:54:33 +0100: Memory Usage (464124K) : Executing rule M2.e
2026-03-16 20:54:33 +0100: Memory Usage (464380K) : Executing rule M2.f
2026-03-16 20:54:33 +0100: Memory Usage (464636K) : Executing rule M2.g
2026-03-16 20:54:33 +0100: Memory Usage (465020K) : Executing rule M2.i
2026-03-16 20:54:33 +0100: Memory Usage (465276K) : Executing rule M3.a
2026-03-16 20:54:33 +0100: Memory Usage (465404K) : Executing rule M3.b
2026-03-16 20:54:33 +0100: Memory Usage (465532K) : Executing rule M3.e
2026-03-16 20:54:33 +0100: Memory Usage (465788K) : Executing rule M3.f
2026-03-16 20:54:33 +0100: Memory Usage (466044K) : Executing rule M3.g
2026-03-16 20:54:33 +0100: Memory Usage (466428K) : Executing rule M3.i
2026-03-16 20:54:33 +0100: Memory Usage (466556K) : Executing rule M4.a
2026-03-16 20:54:33 +0100: Memory Usage (466556K) : Executing rule M4.b
2026-03-16 20:54:33 +0100: Memory Usage (466556K) : Executing rule M4.e
2026-03-16 20:54:33 +0100: Memory Usage (466556K) : Executing rule M4.f
2026-03-16 20:54:33 +0100: Memory Usage (466556K) : Executing rule M4.g
2026-03-16 20:54:33 +0100: Memory Usage (466556K) : Executing rule M4.i
2026-03-16 20:54:33 +0100: Memory Usage (466556K) : Executing rule M5.a
2026-03-16 20:54:33 +0100: Memory Usage (466556K) : Executing rule M5.b
2026-03-16 20:54:33 +0100: Memory Usage (466556K) : Executing rule M5.e
2026-03-16 20:54:33 +0100: Memory Usage (466556K) : Executing rule M5.f
2026-03-16 20:54:33 +0100: Memory Usage (466556K) : Executing rule M5.g
2026-03-16 20:54:33 +0100: Memory Usage (466556K) : Executing rule M5.i
2026-03-16 20:54:33 +0100: Memory Usage (466556K) : Starting 5.18 Metaln:filler table
2026-03-16 20:54:33 +0100: Memory Usage (466556K) : Executing rule M1Fil.c
2026-03-16 20:54:33 +0100: Memory Usage (466556K) : Executing rule M1Fil.a2
2026-03-16 20:54:33 +0100: Memory Usage (466556K) : Executing rule M2Fil.c
2026-03-16 20:54:33 +0100: Memory Usage (466556K) : Executing rule M2Fil.a2
2026-03-16 20:54:33 +0100: Memory Usage (466556K) : Executing rule M3Fil.c
2026-03-16 20:54:33 +0100: Memory Usage (466556K) : Executing rule M3Fil.a2
2026-03-16 20:54:33 +0100: Memory Usage (466556K) : Executing rule M4Fil.c
2026-03-16 20:54:33 +0100: Memory Usage (466556K) : Executing rule M4Fil.a2
2026-03-16 20:54:33 +0100: Memory Usage (466556K) : Executing rule M5Fil.c
2026-03-16 20:54:33 +0100: Memory Usage (466556K) : Executing rule M5Fil.a2
2026-03-16 20:54:33 +0100: Memory Usage (466556K) : Starting 5.19. Via1 table
2026-03-16 20:54:33 +0100: Memory Usage (466556K) : Starting 5.19. Via1 table derivations
2026-03-16 20:54:33 +0100: Memory Usage (466556K) : Executing rule V1.a
2026-03-16 20:54:33 +0100: Memory Usage (466556K) : Executing rule V1.b
2026-03-16 20:54:33 +0100: Memory Usage (466556K) : Executing rule V1.c
2026-03-16 20:54:33 +0100: Memory Usage (466556K) : Starting 5.20. Vian table
2026-03-16 20:54:33 +0100: Memory Usage (466556K) : Executing rule V2.a
2026-03-16 20:54:33 +0100: Memory Usage (466556K) : Executing rule V2.b
2026-03-16 20:54:33 +0100: Memory Usage (466556K) : Executing rule V2.c
2026-03-16 20:54:33 +0100: Memory Usage (466556K) : Executing rule V3.a
2026-03-16 20:54:33 +0100: Memory Usage (466556K) : Executing rule V3.b
2026-03-16 20:54:33 +0100: Memory Usage (466556K) : Executing rule V3.c
2026-03-16 20:54:33 +0100: Memory Usage (466556K) : Executing rule V4.a
2026-03-16 20:54:33 +0100: Memory Usage (466556K) : Executing rule V4.b
2026-03-16 20:54:33 +0100: Memory Usage (466556K) : Executing rule V4.c
2026-03-16 20:54:33 +0100: Memory Usage (466556K) : Starting 5.21. TopVia1 table
2026-03-16 20:54:33 +0100: Memory Usage (466556K) : Executing rule TV1.a
2026-03-16 20:54:33 +0100: Memory Usage (466556K) : Executing rule TV1.b
2026-03-16 20:54:33 +0100: Memory Usage (466556K) : Executing rule TV1.c
2026-03-16 20:54:33 +0100: Memory Usage (466556K) : Executing rule TV1.d
2026-03-16 20:54:33 +0100: Memory Usage (466556K) : Starting 5.22. TopMetal1 table
2026-03-16 20:54:33 +0100: Memory Usage (466556K) : Executing rule TM1.a
2026-03-16 20:54:33 +0100: Memory Usage (466556K) : Executing rule TM1.b
2026-03-16 20:54:33 +0100: Memory Usage (466556K) : Starting 5.23 TopMetal1:filler table
2026-03-16 20:54:33 +0100: Memory Usage (466556K) : Executing rule TM1Fil.c
2026-03-16 20:54:33 +0100: Memory Usage (466556K) : Executing rule TM1Fil.a1
2026-03-16 20:54:33 +0100: Memory Usage (466556K) : Starting 5.24. TopVia2 table
2026-03-16 20:54:33 +0100: Memory Usage (466556K) : Executing rule TV2.a
2026-03-16 20:54:33 +0100: Memory Usage (466556K) : Executing rule TV2.b
2026-03-16 20:54:33 +0100: Memory Usage (466556K) : Executing rule TV2.c
2026-03-16 20:54:33 +0100: Memory Usage (466556K) : Executing rule TV2.d
2026-03-16 20:54:33 +0100: Memory Usage (466556K) : Starting 5.25. TopMetal2 table
2026-03-16 20:54:33 +0100: Memory Usage (466556K) : Executing rule TM2.a
2026-03-16 20:54:33 +0100: Memory Usage (466556K) : Executing rule TM2.b
2026-03-16 20:54:33 +0100: Memory Usage (466556K) : Executing rule TM2.bR
2026-03-16 20:54:33 +0100: Memory Usage (466556K) : Starting 5.26 TopMetal2:filler table
2026-03-16 20:54:33 +0100: Memory Usage (466556K) : Executing rule TM2Fil.c
2026-03-16 20:54:33 +0100: Memory Usage (466556K) : Executing rule TM2Fil.a1
2026-03-16 20:54:33 +0100: Memory Usage (466556K) : Starting 5.27. Passiv table
2026-03-16 20:54:33 +0100: Memory Usage (466556K) : Executing rule Pas.a
2026-03-16 20:54:33 +0100: Memory Usage (466556K) : Executing rule Pas.b
2026-03-16 20:54:33 +0100: Memory Usage (466556K) : Executing rule Pas.c
2026-03-16 20:54:33 +0100: Memory Usage (466556K) : Starting 6.9.2 Copper Pillar table
2026-03-16 20:54:33 +0100: Memory Usage (466556K) : Executing rule Padc.a
2026-03-16 20:54:33 +0100: Memory Usage (466556K) : Executing rule Padc.b
2026-03-16 20:54:33 +0100: Memory Usage (466556K) : Executing rule Padc.c
2026-03-16 20:54:33 +0100: Memory Usage (466556K) : Executing rule Padb.f
2026-03-16 20:54:33 +0100: Memory Usage (466556K) : Starting 6.9 Pad table
2026-03-16 20:54:33 +0100: Memory Usage (466556K) : Executing rule Pad.m
2026-03-16 20:54:33 +0100: Memory Usage (466556K) : Executing rule Pad.fR_M1
2026-03-16 20:54:33 +0100: Memory Usage (466556K) : Executing rule Pad.fR_M2
2026-03-16 20:54:33 +0100: Memory Usage (466556K) : Executing rule Pad.fR_M3
2026-03-16 20:54:33 +0100: Memory Usage (466556K) : Executing rule Pad.fR_M4
2026-03-16 20:54:33 +0100: Memory Usage (466556K) : Executing rule Pad.fR_M5
2026-03-16 20:54:33 +0100: Memory Usage (466556K) : Executing rule Pad.fR_TM1
2026-03-16 20:54:33 +0100: Memory Usage (466556K) : Executing rule Pad.fR_TM2
2026-03-16 20:54:33 +0100: Memory Usage (466556K) : Executing rule Pad.i
2026-03-16 20:54:33 +0100: Memory Usage (466556K) : Starting 6.9.1 Solder Bump
2026-03-16 20:54:33 +0100: Memory Usage (466556K) : Executing rule Padb.a
2026-03-16 20:54:33 +0100: Memory Usage (466556K) : Executing rule Padb.b
2026-03-16 20:54:33 +0100: Memory Usage (466556K) : Executing rule Padb.c
2026-03-16 20:54:33 +0100: Memory Usage (466556K) : Executing rule Padb.f
2026-03-16 20:54:33 +0100: Memory Usage (466556K) : Executing rule Padb.d
2026-03-16 20:54:33 +0100: Memory Usage (466556K) : Starting 6.10 Sealring table
2026-03-16 20:54:33 +0100: Memory Usage (466556K) : Executing rule Seal.l
2026-03-16 20:54:33 +0100: Memory Usage (466556K) : Executing rule Seal.n
2026-03-16 20:54:33 +0100: Memory Usage (466556K) : Executing rule seal.b_metal1
2026-03-16 20:54:33 +0100: Memory Usage (466556K) : Executing rule seal.b_metal2
2026-03-16 20:54:33 +0100: Memory Usage (466556K) : Executing rule seal.b_metal3
2026-03-16 20:54:33 +0100: Memory Usage (466556K) : Executing rule seal.b_metal4
2026-03-16 20:54:33 +0100: Memory Usage (466556K) : Executing rule seal.b_metal5
2026-03-16 20:54:33 +0100: Memory Usage (466556K) : Executing rule seal.b_topmetal1
2026-03-16 20:54:33 +0100: Memory Usage (466556K) : Executing rule seal.b_topmetal2
2026-03-16 20:54:33 +0100: Memory Usage (466556K) : Executing rule seal.b_activ
2026-03-16 20:54:33 +0100: Memory Usage (466556K) : Executing rule seal.b_psd
2026-03-16 20:54:33 +0100: Memory Usage (466556K) : Executing rule Seal.k
2026-03-16 20:54:33 +0100: Memory Usage (466556K) : Executing rule Seal.m
2026-03-16 20:54:33 +0100: Memory Usage (466556K) : Starting 6.11 MIM table
2026-03-16 20:54:33 +0100: Memory Usage (466556K) : Executing rule MIM.c
2026-03-16 20:54:33 +0100: Memory Usage (466556K) : Executing rule MIM.d
2026-03-16 20:54:33 +0100: Memory Usage (466556K) : Executing rule MIM.gR
2026-03-16 20:54:33 +0100: Memory Usage (466556K) : Starting 7.3 Metal Slits table
2026-03-16 20:54:33 +0100: Memory Usage (466556K) : Executing rule Slt.e1_M1
2026-03-16 20:54:33 +0100: Memory Usage (466556K) : Executing rule Slt.e1_M2
2026-03-16 20:54:33 +0100: Memory Usage (466556K) : Executing rule Slt.e1_M3
2026-03-16 20:54:33 +0100: Memory Usage (466556K) : Executing rule Slt.e1_M4
2026-03-16 20:54:33 +0100: Memory Usage (466556K) : Executing rule Slt.e1_M5
2026-03-16 20:54:33 +0100: Memory Usage (466556K) : Executing rule Slt.e1_TM1
2026-03-16 20:54:33 +0100: Memory Usage (466556K) : Executing rule Slt.e1_TM2
2026-03-16 20:54:33 +0100: Memory Usage (466556K) : Starting 9.1. LBE table
2026-03-16 20:54:33 +0100: Memory Usage (466556K) : Executing rule LBE.a
2026-03-16 20:54:33 +0100: Memory Usage (466556K) : Executing rule LBE.b
2026-03-16 20:54:33 +0100: Memory Usage (466556K) : Executing rule LBE.b1
2026-03-16 20:54:33 +0100: Memory Usage (466556K) : Executing rule LBE.c
2026-03-16 20:54:33 +0100: Memory Usage (466556K) : Executing rule LBE.d
2026-03-16 20:54:33 +0100: Memory Usage (466556K) : Executing rule LBE.h
2026-03-16 20:54:33 +0100: Memory Usage (466556K) : Starting 7.4. PIN table
2026-03-16 20:54:33 +0100: Memory Usage (466556K) : Executing rule Pin.a
2026-03-16 20:54:33 +0100: Memory Usage (466556K) : Executing rule Pin.b
2026-03-16 20:54:33 +0100: Memory Usage (466556K) : Executing rule Pin.e
2026-03-16 20:54:33 +0100: Memory Usage (466556K) : Executing rule Pin.f_M2
2026-03-16 20:54:33 +0100: Memory Usage (466556K) : Executing rule Pin.f_M3
2026-03-16 20:54:33 +0100: Memory Usage (466556K) : Executing rule Pin.f_M4
2026-03-16 20:54:33 +0100: Memory Usage (466556K) : Executing rule Pin.f_M5
2026-03-16 20:54:33 +0100: Memory Usage (466556K) : Executing rule Pin.g
2026-03-16 20:54:33 +0100: Memory Usage (466556K) : Executing rule Pin.h
2026-03-16 20:54:33 +0100: Memory Usage (466556K) : Starting 3.2. FORBIDDEN table
2026-03-16 20:54:33 +0100: Memory Usage (466556K) : Executing rule forbidden.biwind
2026-03-16 20:54:33 +0100: Memory Usage (466556K) : Executing rule forbidden.pemwind
2026-03-16 20:54:33 +0100: Memory Usage (466556K) : Executing rule forbidden.baspoly
2026-03-16 20:54:33 +0100: Memory Usage (466556K) : Executing rule forbidden.deepco
2026-03-16 20:54:33 +0100: Memory Usage (466556K) : Executing rule forbidden.pempoly
2026-03-16 20:54:33 +0100: Memory Usage (466556K) : Executing rule forbidden.empoly
2026-03-16 20:54:33 +0100: Memory Usage (466556K) : Executing rule forbidden.ldmos
2026-03-16 20:54:33 +0100: Memory Usage (466556K) : Executing rule forbidden.pbiwind
2026-03-16 20:54:33 +0100: Memory Usage (466556K) : Executing rule forbidden.nodrc
2026-03-16 20:54:33 +0100: Memory Usage (466556K) : Executing rule forbidden.flash
2026-03-16 20:54:33 +0100: Memory Usage (466556K) : Executing rule forbidden.colwind
2026-03-16 20:54:33 +0100: Memory Usage (466556K) : KLayout DRC run for tables 'main' completed in 0.73 seconds
