# Logfile created on 2026-03-18 22:15:44 +0100 by logger.rb/v1.5.3
2026-03-18 22:15:44 +0100: Memory Usage (426272K) : Starting running IHP-SG13G2 KLayout DRC runset on /foss/designs/ttihp26a-adex-neuron-ncs/gds/TOP_neuron.klay.gds
2026-03-18 22:15:44 +0100: Memory Usage (426272K) : Ruby Version for klayout: 3.2.3
2026-03-18 22:15:44 +0100: Memory Usage (427584K) : Loading database to memory is complete.
2026-03-18 22:15:44 +0100: Memory Usage (427584K) : IHP-SG13G2 KLayout DRC runset output at: /foss/designs/ttihp26a-adex-neuron-ncs/klayout/drc_run_neruon_noahp/TOP_neuron.klay_neruon_noahp_main.lyrdb
2026-03-18 22:15:44 +0100: Memory Usage (427584K) : Evaluate switches.
2026-03-18 22:15:44 +0100: Memory Usage (427584K) : tables selected: main
2026-03-18 22:15:44 +0100: Memory Usage (427584K) : KLayout will use 1 thread(s) in tiling mode.
2026-03-18 22:15:44 +0100: Memory Usage (427584K) : deep mode is enabled.
2026-03-18 22:15:44 +0100: Memory Usage (427712K) : FEOL enabled: true
2026-03-18 22:15:44 +0100: Memory Usage (427712K) : BEOL enabled: true
2026-03-18 22:15:44 +0100: Memory Usage (427712K) : OFFGRID enabled: true
2026-03-18 22:15:44 +0100: Memory Usage (427712K) : PIN enabled: true
2026-03-18 22:15:44 +0100: Memory Usage (427712K) : FORBIDDEN enabled: true
2026-03-18 22:15:44 +0100: Memory Usage (427712K) : RECOMMENDED enabled: true
2026-03-18 22:15:44 +0100: Memory Usage (427712K) : PreCheck DRC enabled: false
2026-03-18 22:15:44 +0100: Memory Usage (427712K) : CONNECTIVITY_RULES enabled: true.
2026-03-18 22:15:44 +0100: Memory Usage (427712K) : Read in polygons from layers.
2026-03-18 22:15:44 +0100: Memory Usage (429044K) : activ_drw has 405 polygons
2026-03-18 22:15:44 +0100: Memory Usage (429044K) : activ_pin has 0 polygons
2026-03-18 22:15:44 +0100: Memory Usage (429044K) : activ_mask has 0 polygons
2026-03-18 22:15:44 +0100: Memory Usage (429044K) : activ_filler has 0 polygons
2026-03-18 22:15:44 +0100: Memory Usage (429044K) : activ_nofill has 0 polygons
2026-03-18 22:15:44 +0100: Memory Usage (429044K) : activ_opc has 0 polygons
2026-03-18 22:15:44 +0100: Memory Usage (429044K) : activ_iopc has 0 polygons
2026-03-18 22:15:44 +0100: Memory Usage (429044K) : activ_noqrc has 0 polygons
2026-03-18 22:15:44 +0100: Memory Usage (429044K) : biwind_drw has 0 polygons
2026-03-18 22:15:44 +0100: Memory Usage (429044K) : biwind_opc has 0 polygons
2026-03-18 22:15:44 +0100: Memory Usage (429044K) : pemwind_drw has 0 polygons
2026-03-18 22:15:44 +0100: Memory Usage (429044K) : gatpoly_drw has 372 polygons
2026-03-18 22:15:44 +0100: Memory Usage (429044K) : gatpoly_pin has 93 polygons
2026-03-18 22:15:44 +0100: Memory Usage (429044K) : gatpoly_filler has 0 polygons
2026-03-18 22:15:44 +0100: Memory Usage (429044K) : gatpoly_nofill has 0 polygons
2026-03-18 22:15:44 +0100: Memory Usage (429044K) : gatpoly_opc has 0 polygons
2026-03-18 22:15:44 +0100: Memory Usage (429044K) : gatpoly_iopc has 0 polygons
2026-03-18 22:15:44 +0100: Memory Usage (429044K) : gatpoly_noqrc has 0 polygons
2026-03-18 22:15:44 +0100: Memory Usage (429044K) : cont_drw has 2892 polygons
2026-03-18 22:15:44 +0100: Memory Usage (429300K) : cont_opc has 0 polygons
2026-03-18 22:15:44 +0100: Memory Usage (429300K) : nsd_drw has 0 polygons
2026-03-18 22:15:44 +0100: Memory Usage (429300K) : nsd_block has 0 polygons
2026-03-18 22:15:44 +0100: Memory Usage (429744K) : metal1_drw has 1032 polygons
2026-03-18 22:15:44 +0100: Memory Usage (429744K) : metal1_pin has 198 polygons
2026-03-18 22:15:44 +0100: Memory Usage (429744K) : metal1_mask has 0 polygons
2026-03-18 22:15:44 +0100: Memory Usage (429872K) : metal1_filler has 0 polygons
2026-03-18 22:15:44 +0100: Memory Usage (429872K) : metal1_nofill has 0 polygons
2026-03-18 22:15:44 +0100: Memory Usage (430000K) : metal1_slit has 0 polygons
2026-03-18 22:15:44 +0100: Memory Usage (430172K) : metal1_text has 0 polygons
2026-03-18 22:15:44 +0100: Memory Usage (430300K) : metal1_opc has 0 polygons
2026-03-18 22:15:44 +0100: Memory Usage (430300K) : metal1_noqrc has 0 polygons
2026-03-18 22:15:44 +0100: Memory Usage (430428K) : metal1_res has 0 polygons
2026-03-18 22:15:44 +0100: Memory Usage (430428K) : metal1_iprobe has 0 polygons
2026-03-18 22:15:44 +0100: Memory Usage (430428K) : metal1_diffprb has 0 polygons
2026-03-18 22:15:44 +0100: Memory Usage (430556K) : passiv_drw has 0 polygons
2026-03-18 22:15:44 +0100: Memory Usage (430556K) : passiv_pin has 0 polygons
2026-03-18 22:15:44 +0100: Memory Usage (430684K) : passiv_sbump has 0 polygons
2026-03-18 22:15:44 +0100: Memory Usage (430684K) : passiv_pillar has 0 polygons
2026-03-18 22:15:44 +0100: Memory Usage (430684K) : passiv_pdl has 0 polygons
2026-03-18 22:15:44 +0100: Memory Usage (430812K) : metal2_drw has 481 polygons
2026-03-18 22:15:44 +0100: Memory Usage (430812K) : metal2_pin has 0 polygons
2026-03-18 22:15:44 +0100: Memory Usage (430940K) : metal2_mask has 0 polygons
2026-03-18 22:15:44 +0100: Memory Usage (430940K) : metal2_filler has 0 polygons
2026-03-18 22:15:44 +0100: Memory Usage (431068K) : metal2_nofill has 0 polygons
2026-03-18 22:15:44 +0100: Memory Usage (431068K) : metal2_slit has 0 polygons
2026-03-18 22:15:44 +0100: Memory Usage (431196K) : metal2_text has 0 polygons
2026-03-18 22:15:44 +0100: Memory Usage (431196K) : metal2_opc has 0 polygons
2026-03-18 22:15:44 +0100: Memory Usage (431196K) : metal2_noqrc has 0 polygons
2026-03-18 22:15:44 +0100: Memory Usage (431324K) : metal2_res has 0 polygons
2026-03-18 22:15:44 +0100: Memory Usage (431452K) : metal2_iprobe has 0 polygons
2026-03-18 22:15:44 +0100: Memory Usage (431452K) : metal2_diffprb has 0 polygons
2026-03-18 22:15:44 +0100: Memory Usage (431580K) : baspoly_drw has 0 polygons
2026-03-18 22:15:44 +0100: Memory Usage (431580K) : baspoly_pin has 0 polygons
2026-03-18 22:15:44 +0100: Memory Usage (431580K) : psd_drw has 67 polygons
2026-03-18 22:15:44 +0100: Memory Usage (431708K) : nldb_drw has 0 polygons
2026-03-18 22:15:44 +0100: Memory Usage (431708K) : digibnd_drw has 0 polygons
2026-03-18 22:15:44 +0100: Memory Usage (431836K) : via1_drw has 547 polygons
2026-03-18 22:15:44 +0100: Memory Usage (431836K) : backmetal1_drw has 0 polygons
2026-03-18 22:15:44 +0100: Memory Usage (431964K) : backmetal1_pin has 0 polygons
2026-03-18 22:15:44 +0100: Memory Usage (431964K) : backmetal1_mask has 0 polygons
2026-03-18 22:15:44 +0100: Memory Usage (432092K) : backmetal1_filler has 0 polygons
2026-03-18 22:15:44 +0100: Memory Usage (432092K) : backmetal1_nofill has 0 polygons
2026-03-18 22:15:44 +0100: Memory Usage (432092K) : backmetal1_slit has 0 polygons
2026-03-18 22:15:44 +0100: Memory Usage (432220K) : backmetal1_text has 0 polygons
2026-03-18 22:15:44 +0100: Memory Usage (432220K) : backmetal1_opc has 0 polygons
2026-03-18 22:15:44 +0100: Memory Usage (432348K) : backmetal1_noqrc has 0 polygons
2026-03-18 22:15:44 +0100: Memory Usage (432348K) : backmetal1_res has 0 polygons
2026-03-18 22:15:44 +0100: Memory Usage (432476K) : backmetal1_iprobe has 0 polygons
2026-03-18 22:15:44 +0100: Memory Usage (432476K) : backmetal1_diffprb has 0 polygons
2026-03-18 22:15:44 +0100: Memory Usage (432476K) : backpassiv_drw has 0 polygons
2026-03-18 22:15:44 +0100: Memory Usage (432604K) : res_drw has 0 polygons
2026-03-18 22:15:44 +0100: Memory Usage (432604K) : sram_drw has 0 polygons
2026-03-18 22:15:44 +0100: Memory Usage (432732K) : trans_drw has 0 polygons
2026-03-18 22:15:44 +0100: Memory Usage (432732K) : ind_drw has 0 polygons
2026-03-18 22:15:44 +0100: Memory Usage (432860K) : ind_pin has 0 polygons
2026-03-18 22:15:44 +0100: Memory Usage (432860K) : ind_text has 0 polygons
2026-03-18 22:15:44 +0100: Memory Usage (432988K) : salblock_drw has 0 polygons
2026-03-18 22:15:44 +0100: Memory Usage (432988K) : via2_drw has 267 polygons
2026-03-18 22:15:44 +0100: Memory Usage (433116K) : metal3_drw has 163 polygons
2026-03-18 22:15:44 +0100: Memory Usage (433244K) : metal3_pin has 22 polygons
2026-03-18 22:15:44 +0100: Memory Usage (433244K) : metal3_mask has 0 polygons
2026-03-18 22:15:44 +0100: Memory Usage (433372K) : metal3_filler has 0 polygons
2026-03-18 22:15:44 +0100: Memory Usage (433372K) : metal3_nofill has 0 polygons
2026-03-18 22:15:44 +0100: Memory Usage (433372K) : metal3_slit has 0 polygons
2026-03-18 22:15:44 +0100: Memory Usage (433500K) : metal3_text has 22 polygons
2026-03-18 22:15:44 +0100: Memory Usage (433500K) : metal3_opc has 0 polygons
2026-03-18 22:15:44 +0100: Memory Usage (433628K) : metal3_noqrc has 0 polygons
2026-03-18 22:15:44 +0100: Memory Usage (433628K) : metal3_res has 0 polygons
2026-03-18 22:15:44 +0100: Memory Usage (433756K) : metal3_iprobe has 0 polygons
2026-03-18 22:15:44 +0100: Memory Usage (433884K) : metal3_diffprb has 0 polygons
2026-03-18 22:15:44 +0100: Memory Usage (433884K) : nwell_drw has 62 polygons
2026-03-18 22:15:44 +0100: Memory Usage (433884K) : nwell_pin has 5 polygons
2026-03-18 22:15:44 +0100: Memory Usage (434012K) : nbulay_drw has 26 polygons
2026-03-18 22:15:44 +0100: Memory Usage (434012K) : nbulay_pin has 0 polygons
2026-03-18 22:15:44 +0100: Memory Usage (434140K) : nbulay_block has 0 polygons
2026-03-18 22:15:44 +0100: Memory Usage (434140K) : emwind_drw has 0 polygons
2026-03-18 22:15:44 +0100: Memory Usage (434268K) : emwind_opc has 0 polygons
2026-03-18 22:15:44 +0100: Memory Usage (434396K) : deepco_drw has 0 polygons
2026-03-18 22:15:44 +0100: Memory Usage (434396K) : deepco_drw has 0 polygons
2026-03-18 22:15:44 +0100: Memory Usage (434396K) : mim_drw has 2 polygons
2026-03-18 22:15:44 +0100: Memory Usage (434524K) : edgeseal_drw has 0 polygons
2026-03-18 22:15:44 +0100: Memory Usage (434652K) : edgeseal_bound has 0 polygons
2026-03-18 22:15:44 +0100: Memory Usage (434652K) : substrate_drw has 67 polygons
2026-03-18 22:15:44 +0100: Memory Usage (434780K) : substrate_text has 0 polygons
2026-03-18 22:15:44 +0100: Memory Usage (434780K) : dfpad_drw has 0 polygons
2026-03-18 22:15:44 +0100: Memory Usage (434908K) : dfpad_pillar has 0 polygons
2026-03-18 22:15:44 +0100: Memory Usage (434908K) : dfpad_sbump has 0 polygons
2026-03-18 22:15:44 +0100: Memory Usage (434908K) : thickgateox_drw has 101 polygons
2026-03-18 22:15:44 +0100: Memory Usage (435036K) : pldb_drw has 0 polygons
2026-03-18 22:15:44 +0100: Memory Usage (435036K) : pwell_drw has 0 polygons
2026-03-18 22:15:44 +0100: Memory Usage (435164K) : pwell_pin has 0 polygons
2026-03-18 22:15:44 +0100: Memory Usage (435164K) : pwell_block has 0 polygons
2026-03-18 22:15:44 +0100: Memory Usage (435292K) : ic_drw has 0 polygons
2026-03-18 22:15:44 +0100: Memory Usage (435292K) : via3_drw has 108 polygons
2026-03-18 22:15:44 +0100: Memory Usage (435420K) : metal4_drw has 32 polygons
2026-03-18 22:15:44 +0100: Memory Usage (435420K) : metal4_pin has 2 polygons
2026-03-18 22:15:44 +0100: Memory Usage (435548K) : metal4_mask has 0 polygons
2026-03-18 22:15:44 +0100: Memory Usage (435548K) : metal4_filler has 0 polygons
2026-03-18 22:15:44 +0100: Memory Usage (435676K) : metal4_nofill has 0 polygons
2026-03-18 22:15:44 +0100: Memory Usage (435676K) : metal4_slit has 0 polygons
2026-03-18 22:15:44 +0100: Memory Usage (435804K) : metal4_text has 2 polygons
2026-03-18 22:15:44 +0100: Memory Usage (435804K) : metal4_opc has 0 polygons
2026-03-18 22:15:44 +0100: Memory Usage (435804K) : metal4_noqrc has 0 polygons
2026-03-18 22:15:44 +0100: Memory Usage (435932K) : metal4_res has 0 polygons
2026-03-18 22:15:44 +0100: Memory Usage (435932K) : metal4_iprobe has 0 polygons
2026-03-18 22:15:44 +0100: Memory Usage (436060K) : metal4_diffprb has 0 polygons
2026-03-18 22:15:44 +0100: Memory Usage (436188K) : heattrans_drw has 176 polygons
2026-03-18 22:15:44 +0100: Memory Usage (436188K) : heatres_drw has 0 polygons
2026-03-18 22:15:44 +0100: Memory Usage (436316K) : pempoly_drw has 0 polygons
2026-03-18 22:15:44 +0100: Memory Usage (436316K) : fbe_drw has 0 polygons
2026-03-18 22:15:44 +0100: Memory Usage (436316K) : empoly_drw has 0 polygons
2026-03-18 22:15:44 +0100: Memory Usage (436444K) : ldmos_drw has 0 polygons
2026-03-18 22:15:44 +0100: Memory Usage (436572K) : pbiwind_drw has 0 polygons
2026-03-18 22:15:44 +0100: Memory Usage (436572K) : digisub_drw has 0 polygons
2026-03-18 22:15:44 +0100: Memory Usage (436700K) : nodrc_drw has 0 polygons
2026-03-18 22:15:44 +0100: Memory Usage (436700K) : text_drw has 105 polygons
2026-03-18 22:15:44 +0100: Memory Usage (436828K) : via4_drw has 96 polygons
2026-03-18 22:15:44 +0100: Memory Usage (436828K) : metal5_drw has 42 polygons
2026-03-18 22:15:44 +0100: Memory Usage (436828K) : metal5_pin has 0 polygons
2026-03-18 22:15:44 +0100: Memory Usage (436956K) : metal5_mask has 0 polygons
2026-03-18 22:15:44 +0100: Memory Usage (436956K) : metal5_filler has 0 polygons
2026-03-18 22:15:44 +0100: Memory Usage (437084K) : metal5_nofill has 0 polygons
2026-03-18 22:15:44 +0100: Memory Usage (437084K) : metal5_slit has 0 polygons
2026-03-18 22:15:44 +0100: Memory Usage (437212K) : metal5_text has 0 polygons
2026-03-18 22:15:44 +0100: Memory Usage (437212K) : metal5_opc has 0 polygons
2026-03-18 22:15:44 +0100: Memory Usage (437212K) : metal5_noqrc has 0 polygons
2026-03-18 22:15:44 +0100: Memory Usage (437340K) : metal5_res has 0 polygons
2026-03-18 22:15:44 +0100: Memory Usage (437340K) : metal5_iprobe has 0 polygons
2026-03-18 22:15:44 +0100: Memory Usage (437468K) : metal5_diffprb has 0 polygons
2026-03-18 22:15:44 +0100: Memory Usage (437468K) : radhard_drw has 0 polygons
2026-03-18 22:15:44 +0100: Memory Usage (437596K) : memcap_drw has 0 polygons
2026-03-18 22:15:44 +0100: Memory Usage (437724K) : varicap_drw has 0 polygons
2026-03-18 22:15:44 +0100: Memory Usage (437724K) : flash_drw has 0 polygons
2026-03-18 22:15:44 +0100: Memory Usage (437852K) : intbondvia_drw has 0 polygons
2026-03-18 22:15:44 +0100: Memory Usage (437852K) : intbondmet_drw has 0 polygons
2026-03-18 22:15:44 +0100: Memory Usage (437980K) : devbondvia_drw has 0 polygons
2026-03-18 22:15:44 +0100: Memory Usage (437980K) : devbondmet_drw has 0 polygons
2026-03-18 22:15:44 +0100: Memory Usage (438108K) : devtrench_drw has 0 polygons
2026-03-18 22:15:44 +0100: Memory Usage (438108K) : redist_drw has 0 polygons
2026-03-18 22:15:44 +0100: Memory Usage (438108K) : graphbot_drw has 0 polygons
2026-03-18 22:15:44 +0100: Memory Usage (438236K) : graphtop_drw has 0 polygons
2026-03-18 22:15:44 +0100: Memory Usage (438236K) : antvia1_drw has 0 polygons
2026-03-18 22:15:44 +0100: Memory Usage (438364K) : antmetal2_drw has 0 polygons
2026-03-18 22:15:44 +0100: Memory Usage (438364K) : graphcont_drw has 0 polygons
2026-03-18 22:15:44 +0100: Memory Usage (438492K) : siwg_drw has 0 polygons
2026-03-18 22:15:44 +0100: Memory Usage (438492K) : siwg_filler has 0 polygons
2026-03-18 22:15:44 +0100: Memory Usage (438492K) : siwg_nofill has 0 polygons
2026-03-18 22:15:44 +0100: Memory Usage (438620K) : sigrating_drw has 0 polygons
2026-03-18 22:15:44 +0100: Memory Usage (438748K) : singrating_drw has 0 polygons
2026-03-18 22:15:44 +0100: Memory Usage (438748K) : graphpas_drw has 0 polygons
2026-03-18 22:15:44 +0100: Memory Usage (438876K) : emwind3_drw has 0 polygons
2026-03-18 22:15:44 +0100: Memory Usage (438876K) : emwihv3_drw has 0 polygons
2026-03-18 22:15:44 +0100: Memory Usage (438876K) : redbulay_drw has 0 polygons
2026-03-18 22:15:44 +0100: Memory Usage (439004K) : smos_drw has 0 polygons
2026-03-18 22:15:44 +0100: Memory Usage (439004K) : graphpad_drw has 0 polygons
2026-03-18 22:15:44 +0100: Memory Usage (439132K) : polimide_drw has 0 polygons
2026-03-18 22:15:44 +0100: Memory Usage (439132K) : polimide_pin has 0 polygons
2026-03-18 22:15:44 +0100: Memory Usage (439260K) : recog_drw has 0 polygons
2026-03-18 22:15:44 +0100: Memory Usage (439388K) : recog_pin has 0 polygons
2026-03-18 22:15:44 +0100: Memory Usage (439388K) : recog_esd has 0 polygons
2026-03-18 22:15:44 +0100: Memory Usage (439388K) : recog_diode has 0 polygons
2026-03-18 22:15:44 +0100: Memory Usage (439516K) : recog_tsv has 0 polygons
2026-03-18 22:15:44 +0100: Memory Usage (439516K) : recog_iprobe has 0 polygons
2026-03-18 22:15:44 +0100: Memory Usage (439644K) : recog_diffprb has 0 polygons
2026-03-18 22:15:44 +0100: Memory Usage (439644K) : recog_pillar has 0 polygons
2026-03-18 22:15:44 +0100: Memory Usage (439644K) : recog_sbump has 0 polygons
2026-03-18 22:15:44 +0100: Memory Usage (439644K) : recog_otp has 0 polygons
2026-03-18 22:15:44 +0100: Memory Usage (439772K) : recog_pdiode has 0 polygons
2026-03-18 22:15:44 +0100: Memory Usage (439772K) : recog_mom has 0 polygons
2026-03-18 22:15:44 +0100: Memory Usage (439772K) : recog_pcm has 0 polygons
2026-03-18 22:15:44 +0100: Memory Usage (439900K) : colopen_drw has 0 polygons
2026-03-18 22:15:44 +0100: Memory Usage (439900K) : graphmetal1_drw has 0 polygons
2026-03-18 22:15:44 +0100: Memory Usage (439900K) : graphmetal1_filler has 0 polygons
2026-03-18 22:15:44 +0100: Memory Usage (439900K) : graphmetal1_nofill has 0 polygons
2026-03-18 22:15:44 +0100: Memory Usage (440028K) : graphmetal1_slit has 0 polygons
2026-03-18 22:15:44 +0100: Memory Usage (440028K) : graphmetal1_opc has 0 polygons
2026-03-18 22:15:44 +0100: Memory Usage (440028K) : graphmet1l_drw has 0 polygons
2026-03-18 22:15:44 +0100: Memory Usage (440156K) : graphmet1l_filler has 0 polygons
2026-03-18 22:15:44 +0100: Memory Usage (440156K) : graphmet1l_nofill has 0 polygons
2026-03-18 22:15:44 +0100: Memory Usage (440156K) : graphmet1l_slit has 0 polygons
2026-03-18 22:15:44 +0100: Memory Usage (440284K) : graphmet1l_opc has 0 polygons
2026-03-18 22:15:44 +0100: Memory Usage (440284K) : extblock_drw has 0 polygons
2026-03-18 22:15:44 +0100: Memory Usage (440284K) : nldd_drw has 0 polygons
2026-03-18 22:15:44 +0100: Memory Usage (440412K) : pldd_drw has 0 polygons
2026-03-18 22:15:44 +0100: Memory Usage (440412K) : next_drw has 0 polygons
2026-03-18 22:15:44 +0100: Memory Usage (440540K) : pext_drw has 0 polygons
2026-03-18 22:15:44 +0100: Memory Usage (440540K) : nexthv_drw has 0 polygons
2026-03-18 22:15:44 +0100: Memory Usage (440540K) : pexthv_drw has 0 polygons
2026-03-18 22:15:44 +0100: Memory Usage (440668K) : graphgate_drw has 0 polygons
2026-03-18 22:15:44 +0100: Memory Usage (440668K) : sinwg_drw has 0 polygons
2026-03-18 22:15:44 +0100: Memory Usage (440796K) : sinwg_filler has 0 polygons
2026-03-18 22:15:44 +0100: Memory Usage (440796K) : sinwg_nofill has 0 polygons
2026-03-18 22:15:44 +0100: Memory Usage (440924K) : mempad_drw has 0 polygons
2026-03-18 22:15:44 +0100: Memory Usage (440924K) : topvia1_drw has 48 polygons
2026-03-18 22:15:44 +0100: Memory Usage (440924K) : topmetal1_drw has 33 polygons
2026-03-18 22:15:44 +0100: Memory Usage (441052K) : topmetal1_pin has 0 polygons
2026-03-18 22:15:44 +0100: Memory Usage (441052K) : topmetal1_mask has 0 polygons
2026-03-18 22:15:44 +0100: Memory Usage (441180K) : topmetal1_filler has 0 polygons
2026-03-18 22:15:44 +0100: Memory Usage (441180K) : topmetal1_nofill has 0 polygons
2026-03-18 22:15:44 +0100: Memory Usage (441180K) : topmetal1_slit has 0 polygons
2026-03-18 22:15:44 +0100: Memory Usage (441180K) : topmetal1_text has 0 polygons
2026-03-18 22:15:44 +0100: Memory Usage (441308K) : topmetal1_noqrc has 0 polygons
2026-03-18 22:15:44 +0100: Memory Usage (441308K) : topmetal1_res has 0 polygons
2026-03-18 22:15:44 +0100: Memory Usage (441308K) : topmetal1_iprobe has 0 polygons
2026-03-18 22:15:44 +0100: Memory Usage (441436K) : topmetal1_diffprb has 0 polygons
2026-03-18 22:15:44 +0100: Memory Usage (441436K) : inldpwl_drw has 0 polygons
2026-03-18 22:15:44 +0100: Memory Usage (441436K) : polyres_drw has 0 polygons
2026-03-18 22:15:44 +0100: Memory Usage (441564K) : polyres_pin has 0 polygons
2026-03-18 22:15:45 +0100: Memory Usage (441564K) : vmim_drw has 624 polygons
2026-03-18 22:15:45 +0100: Memory Usage (441564K) : nbulaycut_drw has 0 polygons
2026-03-18 22:15:45 +0100: Memory Usage (441692K) : antmetal1_drw has 0 polygons
2026-03-18 22:15:45 +0100: Memory Usage (441692K) : topvia2_drw has 0 polygons
2026-03-18 22:15:45 +0100: Memory Usage (441692K) : topmetal2_drw has 0 polygons
2026-03-18 22:15:45 +0100: Memory Usage (441692K) : topmetal2_pin has 0 polygons
2026-03-18 22:15:45 +0100: Memory Usage (441692K) : topmetal2_mask has 0 polygons
2026-03-18 22:15:45 +0100: Memory Usage (441692K) : topmetal2_filler has 0 polygons
2026-03-18 22:15:45 +0100: Memory Usage (441692K) : topmetal2_nofill has 0 polygons
2026-03-18 22:15:45 +0100: Memory Usage (441692K) : topmetal2_slit has 0 polygons
2026-03-18 22:15:45 +0100: Memory Usage (441692K) : topmetal2_text has 0 polygons
2026-03-18 22:15:45 +0100: Memory Usage (441692K) : topmetal2_noqrc has 0 polygons
2026-03-18 22:15:45 +0100: Memory Usage (441692K) : topmetal2_res has 0 polygons
2026-03-18 22:15:45 +0100: Memory Usage (441692K) : topmetal2_iprobe has 0 polygons
2026-03-18 22:15:45 +0100: Memory Usage (441692K) : topmetal2_diffprb has 0 polygons
2026-03-18 22:15:45 +0100: Memory Usage (441692K) : snsring_drw has 0 polygons
2026-03-18 22:15:45 +0100: Memory Usage (441692K) : sensor_drw has 0 polygons
2026-03-18 22:15:45 +0100: Memory Usage (441692K) : snsarms_drw has 0 polygons
2026-03-18 22:15:45 +0100: Memory Usage (441692K) : snscmosvia_drw has 0 polygons
2026-03-18 22:15:45 +0100: Memory Usage (441692K) : colwind_drw has 0 polygons
2026-03-18 22:15:45 +0100: Memory Usage (441692K) : flm_drw has 0 polygons
2026-03-18 22:15:45 +0100: Memory Usage (441692K) : hafniumox_drw has 0 polygons
2026-03-18 22:15:45 +0100: Memory Usage (441692K) : memvia_drw has 0 polygons
2026-03-18 22:15:45 +0100: Memory Usage (441692K) : thinfilmres_drw has 0 polygons
2026-03-18 22:15:45 +0100: Memory Usage (441692K) : rfmem_drw has 0 polygons
2026-03-18 22:15:45 +0100: Memory Usage (441692K) : norcx_drw has 0 polygons
2026-03-18 22:15:45 +0100: Memory Usage (441692K) : norcx_m2m3 has 0 polygons
2026-03-18 22:15:45 +0100: Memory Usage (441692K) : norcx_m2m4 has 0 polygons
2026-03-18 22:15:45 +0100: Memory Usage (441692K) : norcx_m2m5 has 0 polygons
2026-03-18 22:15:45 +0100: Memory Usage (441692K) : norcx_m2tm1 has 0 polygons
2026-03-18 22:15:45 +0100: Memory Usage (441692K) : norcx_m2tm2 has 0 polygons
2026-03-18 22:15:45 +0100: Memory Usage (441692K) : norcx_m3m4 has 0 polygons
2026-03-18 22:15:45 +0100: Memory Usage (441692K) : norcx_m3m5 has 0 polygons
2026-03-18 22:15:45 +0100: Memory Usage (441692K) : norcx_m3tm1 has 0 polygons
2026-03-18 22:15:45 +0100: Memory Usage (441692K) : norcx_m3tm2 has 0 polygons
2026-03-18 22:15:45 +0100: Memory Usage (441692K) : norcx_m4m5 has 0 polygons
2026-03-18 22:15:45 +0100: Memory Usage (441692K) : norcx_m4tm1 has 0 polygons
2026-03-18 22:15:45 +0100: Memory Usage (441692K) : norcx_m4tm2 has 0 polygons
2026-03-18 22:15:45 +0100: Memory Usage (441692K) : norcx_m5tm1 has 0 polygons
2026-03-18 22:15:45 +0100: Memory Usage (441692K) : norcx_m5tm2 has 0 polygons
2026-03-18 22:15:45 +0100: Memory Usage (441692K) : norcx_tm1tm2 has 0 polygons
2026-03-18 22:15:45 +0100: Memory Usage (441692K) : norcx_m1sub has 0 polygons
2026-03-18 22:15:45 +0100: Memory Usage (441692K) : norcx_m2sub has 0 polygons
2026-03-18 22:15:45 +0100: Memory Usage (441692K) : norcx_m3sub has 0 polygons
2026-03-18 22:15:45 +0100: Memory Usage (441692K) : norcx_m4sub has 0 polygons
2026-03-18 22:15:45 +0100: Memory Usage (441692K) : norcx_m5sub has 0 polygons
2026-03-18 22:15:45 +0100: Memory Usage (441692K) : norcx_tm1sub has 0 polygons
2026-03-18 22:15:45 +0100: Memory Usage (441692K) : norcx_tm2sub has 0 polygons
2026-03-18 22:15:45 +0100: Memory Usage (441692K) : snsbotvia_drw has 0 polygons
2026-03-18 22:15:45 +0100: Memory Usage (441692K) : snstopvia_drw has 0 polygons
2026-03-18 22:15:45 +0100: Memory Usage (441692K) : deepvia_drw has 0 polygons
2026-03-18 22:15:45 +0100: Memory Usage (441692K) : fgetch_drw has 0 polygons
2026-03-18 22:15:45 +0100: Memory Usage (441692K) : ctrgat_drw has 0 polygons
2026-03-18 22:15:45 +0100: Memory Usage (441692K) : fgimp_drw has 0 polygons
2026-03-18 22:15:45 +0100: Memory Usage (441692K) : emwihv_drw has 0 polygons
2026-03-18 22:15:45 +0100: Memory Usage (441692K) : lbe_drw has 0 polygons
2026-03-18 22:15:45 +0100: Memory Usage (441692K) : alcustop_drw has 0 polygons
2026-03-18 22:15:45 +0100: Memory Usage (441692K) : nometfiller_drw has 0 polygons
2026-03-18 22:15:45 +0100: Memory Usage (441692K) : prboundary_drw has 0 polygons
2026-03-18 22:15:45 +0100: Memory Usage (441692K) : exchange0_drw has 0 polygons
2026-03-18 22:15:45 +0100: Memory Usage (441692K) : exchange0_pin has 0 polygons
2026-03-18 22:15:45 +0100: Memory Usage (441692K) : exchange0_text has 0 polygons
2026-03-18 22:15:45 +0100: Memory Usage (441692K) : exchange1_drw has 0 polygons
2026-03-18 22:15:45 +0100: Memory Usage (441692K) : exchange1_pin has 0 polygons
2026-03-18 22:15:45 +0100: Memory Usage (441692K) : exchange1_text has 0 polygons
2026-03-18 22:15:45 +0100: Memory Usage (441692K) : exchange2_drw has 0 polygons
2026-03-18 22:15:45 +0100: Memory Usage (441692K) : exchange2_pin has 0 polygons
2026-03-18 22:15:45 +0100: Memory Usage (441692K) : exchange2_text has 0 polygons
2026-03-18 22:15:45 +0100: Memory Usage (441692K) : exchange3_drw has 0 polygons
2026-03-18 22:15:45 +0100: Memory Usage (441692K) : exchange3_pin has 0 polygons
2026-03-18 22:15:45 +0100: Memory Usage (441692K) : exchange3_text has 0 polygons
2026-03-18 22:15:45 +0100: Memory Usage (441692K) : exchange4_drw has 0 polygons
2026-03-18 22:15:45 +0100: Memory Usage (441692K) : exchange4_pin has 0 polygons
2026-03-18 22:15:45 +0100: Memory Usage (441692K) : exchange4_text has 0 polygons
2026-03-18 22:15:45 +0100: Memory Usage (441692K) : isonwell_drw has 0 polygons
2026-03-18 22:15:45 +0100: Memory Usage (441692K) : Total no. of polygons in the design is 8092
2026-03-18 22:15:45 +0100: Memory Usage (441692K) : Loaded TECH DRC rules values from /foss/pdks/ihp-sg13g2/libs.tech/klayout/python/sg13g2_pycell_lib/sg13g2_tech_mod.json
2026-03-18 22:15:45 +0100: Memory Usage (441692K) : Loaded default DRC rules values from /foss/pdks/ihp-sg13g2/libs.tech/klayout/tech/drc/rule_decks/sg13g2_tech_default.json
2026-03-18 22:15:45 +0100: Memory Usage (441692K) : The following rules values were missing in tech json and default values were used:
2026-03-18 22:15:45 +0100: Memory Usage (441692K) :   - Cnt_c_digibnd
2026-03-18 22:15:45 +0100: Memory Usage (442460K) : Total area of the design is 1686.7893 um^2.
2026-03-18 22:15:45 +0100: Memory Usage (442460K) : The design dimensions are 76.62 µm * 22.015 µm.
2026-03-18 22:15:45 +0100: Memory Usage (442460K) : Starting general IHP-SG13G2 derivations.
2026-03-18 22:15:45 +0100: Memory Usage (442460K) : Starting Pwell derivations
2026-03-18 22:15:45 +0100: Memory Usage (444356K) : Starting n-Activ derivations
2026-03-18 22:15:45 +0100: Memory Usage (444672K) : Starting p-Activ derivations
2026-03-18 22:15:45 +0100: Memory Usage (444672K) : Starting ptap derivations
2026-03-18 22:15:45 +0100: Memory Usage (444672K) : Starting ntap derivations
2026-03-18 22:15:45 +0100: Memory Usage (444672K) : Starting pact FET derivations
2026-03-18 22:15:45 +0100: Memory Usage (444672K) : Starting nact FET derivations
2026-03-18 22:15:45 +0100: Memory Usage (444672K) : Starting Gate derivations
2026-03-18 22:15:45 +0100: Memory Usage (444672K) : Starting cont/contbar general derivations
2026-03-18 22:15:45 +0100: Memory Usage (444672K) : Starting pad general derivations
2026-03-18 22:15:45 +0100: Memory Usage (444672K) : Starting IHP-SG13G2 DRC connectivity related derivations.
2026-03-18 22:15:45 +0100: Memory Usage (444800K) : Starting IHP-SG13G2 DRC connectivity setup
2026-03-18 22:15:45 +0100: Memory Usage (445056K) : Starting IHP-SG13G2 DRC rules.
2026-03-18 22:15:45 +0100: Memory Usage (445056K) : Running all FEOL rules
2026-03-18 22:15:45 +0100: Memory Usage (445056K) : Running all BEOL rules
2026-03-18 22:15:45 +0100: Memory Usage (445056K) : Running all PIN rules
2026-03-18 22:15:45 +0100: Memory Usage (445056K) : Running all FORBIDDEN rules
2026-03-18 22:15:45 +0100: Memory Usage (445056K) : Starting 5.1 NWell table
2026-03-18 22:15:45 +0100: Memory Usage (445056K) : Executing rule NW.b
2026-03-18 22:15:45 +0100: Memory Usage (445368K) : Executing rule NW.b1
2026-03-18 22:15:45 +0100: Memory Usage (445496K) : Starting 5.2 PWell:block
2026-03-18 22:15:45 +0100: Memory Usage (445496K) : Executing rule PWB.e
2026-03-18 22:15:45 +0100: Memory Usage (445496K) : Executing rule PWB.e1
2026-03-18 22:15:45 +0100: Memory Usage (445496K) : Executing rule PWB.f
2026-03-18 22:15:45 +0100: Memory Usage (445496K) : Executing rule PWB.f1
2026-03-18 22:15:45 +0100: Memory Usage (445496K) : Starting 5.3 nBuLay table
2026-03-18 22:15:45 +0100: Memory Usage (445496K) : Executing rule NBL.b
2026-03-18 22:15:45 +0100: Memory Usage (445496K) : Executing rule NBL.c
2026-03-18 22:15:45 +0100: Memory Usage (445496K) : Executing rule NBL.d
2026-03-18 22:15:45 +0100: Memory Usage (445496K) : Executing rule NBL.e
2026-03-18 22:15:45 +0100: Memory Usage (445496K) : Executing rule NBL.f
2026-03-18 22:15:45 +0100: Memory Usage (445496K) : Starting 5.5. Activ table
2026-03-18 22:15:45 +0100: Memory Usage (445496K) : Executing rule Act.a
2026-03-18 22:15:45 +0100: Memory Usage (445496K) : Executing rule Act.b
2026-03-18 22:15:45 +0100: Memory Usage (445496K) : Starting 5.6 Activ:filler table
2026-03-18 22:15:45 +0100: Memory Usage (445496K) : Executing rule AFil.c1
2026-03-18 22:15:45 +0100: Memory Usage (445496K) : Executing rule AFil.c
2026-03-18 22:15:45 +0100: Memory Usage (445496K) : Executing rule AFil.d
2026-03-18 22:15:45 +0100: Memory Usage (445496K) : Executing rule AFil.e
2026-03-18 22:15:45 +0100: Memory Usage (445496K) : Executing rule AFil.j
2026-03-18 22:15:45 +0100: Memory Usage (445496K) : Starting 5.7. ThickGateOx table
2026-03-18 22:15:45 +0100: Memory Usage (445496K) : Executing rule TGO.f
2026-03-18 22:15:45 +0100: Memory Usage (445496K) : Starting 5.8. GatPoly table
2026-03-18 22:15:45 +0100: Memory Usage (445496K) : Executing rule Gat.a
2026-03-18 22:15:45 +0100: Memory Usage (445496K) : Executing rule Gat.b
2026-03-18 22:15:45 +0100: Memory Usage (445812K) : Executing rule Gat.d
2026-03-18 22:15:45 +0100: Memory Usage (445812K) : Executing rule Gat.a1
2026-03-18 22:15:45 +0100: Memory Usage (446000K) : Executing rule Gat.a2
2026-03-18 22:15:45 +0100: Memory Usage (446000K) : Executing rule Gat.g
2026-03-18 22:15:45 +0100: Memory Usage (446000K) : Starting 5.9 GatPoly:filler
2026-03-18 22:15:45 +0100: Memory Usage (446000K) : Executing rule GFil.d
2026-03-18 22:15:45 +0100: Memory Usage (446000K) : Executing rule GFil.e
2026-03-18 22:15:45 +0100: Memory Usage (446000K) : Executing rule GFil.i
2026-03-18 22:15:45 +0100: Memory Usage (446000K) : Starting 5.10 pSD table
2026-03-18 22:15:45 +0100: Memory Usage (446000K) : Executing rule pSD.c1
2026-03-18 22:15:45 +0100: Memory Usage (446000K) : Starting 5.14. Cont table
2026-03-18 22:15:45 +0100: Memory Usage (446000K) : Executing rule Cnt.a
2026-03-18 22:15:45 +0100: Memory Usage (446000K) : Executing rule Cnt.b
2026-03-18 22:15:45 +0100: Memory Usage (446000K) : Executing rule Cnt.c
2026-03-18 22:15:45 +0100: Memory Usage (446128K) : Executing rule Cnt.c
2026-03-18 22:15:45 +0100: Memory Usage (446128K) : Executing rule Cnt.d
2026-03-18 22:15:45 +0100: Memory Usage (446256K) : Executing rule Cnt.e
2026-03-18 22:15:45 +0100: Memory Usage (446384K) : Executing rule Cnt.g1
2026-03-18 22:15:45 +0100: Memory Usage (446512K) : Executing rule Cnt.g2
2026-03-18 22:15:45 +0100: Memory Usage (446640K) : Starting 5.15. ContBar table
2026-03-18 22:15:45 +0100: Memory Usage (446640K) : Executing rule CntB.b1
2026-03-18 22:15:45 +0100: Memory Usage (446640K) : Executing rule CntB.h1
2026-03-18 22:15:45 +0100: Memory Usage (446768K) : Starting 6.1.3 NPN Substrate-Tie table
2026-03-18 22:15:45 +0100: Memory Usage (446768K) : Executing rule npn13G2.bR 
2026-03-18 22:15:45 +0100: Memory Usage (447024K) : Executing rule npn13G2L.cR 
2026-03-18 22:15:45 +0100: Memory Usage (447152K) : Executing rule npn13G2V.cR 
2026-03-18 22:15:45 +0100: Memory Usage (447280K) : Starting 6.7 Schottky diode table
2026-03-18 22:15:45 +0100: Memory Usage (447280K) : Executing rule Sdiod.d
2026-03-18 22:15:45 +0100: Memory Usage (447280K) : Executing rule Sdiod.e
2026-03-18 22:15:45 +0100: Memory Usage (447280K) : Starting 7.2 Latch-up table
2026-03-18 22:15:45 +0100: Memory Usage (447280K) : Executing rule LU.b
2026-03-18 22:15:45 +0100: Memory Usage (447280K) : Starting 5.16. Metal1 table
2026-03-18 22:15:45 +0100: Memory Usage (447280K) : Executing rule M1.a
2026-03-18 22:15:45 +0100: Memory Usage (447280K) : Executing rule M1.b
2026-03-18 22:15:45 +0100: Memory Usage (447536K) : Executing rule M1.e
2026-03-18 22:15:46 +0100: Memory Usage (447536K) : Executing rule M1.f
2026-03-18 22:15:46 +0100: Memory Usage (447536K) : Executing rule M1.g
2026-03-18 22:15:46 +0100: Memory Usage (447536K) : Executing rule M1.i
2026-03-18 22:15:46 +0100: Memory Usage (447536K) : Starting 5.17 Metaln table
2026-03-18 22:15:46 +0100: Memory Usage (447536K) : Executing rule M2.a
2026-03-18 22:15:46 +0100: Memory Usage (447536K) : Executing rule M2.b
2026-03-18 22:15:46 +0100: Memory Usage (447536K) : Executing rule M2.e
2026-03-18 22:15:46 +0100: Memory Usage (447536K) : Executing rule M2.f
2026-03-18 22:15:46 +0100: Memory Usage (447536K) : Executing rule M2.g
2026-03-18 22:15:46 +0100: Memory Usage (447536K) : Executing rule M2.i
2026-03-18 22:15:46 +0100: Memory Usage (447536K) : Executing rule M3.a
2026-03-18 22:15:46 +0100: Memory Usage (447536K) : Executing rule M3.b
2026-03-18 22:15:46 +0100: Memory Usage (447536K) : Executing rule M3.e
2026-03-18 22:15:46 +0100: Memory Usage (447536K) : Executing rule M3.f
2026-03-18 22:15:46 +0100: Memory Usage (447536K) : Executing rule M3.g
2026-03-18 22:15:46 +0100: Memory Usage (447536K) : Executing rule M3.i
2026-03-18 22:15:46 +0100: Memory Usage (447536K) : Executing rule M4.a
2026-03-18 22:15:46 +0100: Memory Usage (447536K) : Executing rule M4.b
2026-03-18 22:15:46 +0100: Memory Usage (447536K) : Executing rule M4.e
2026-03-18 22:15:46 +0100: Memory Usage (447536K) : Executing rule M4.f
2026-03-18 22:15:46 +0100: Memory Usage (447536K) : Executing rule M4.g
2026-03-18 22:15:46 +0100: Memory Usage (447536K) : Executing rule M4.i
2026-03-18 22:15:46 +0100: Memory Usage (447536K) : Executing rule M5.a
2026-03-18 22:15:46 +0100: Memory Usage (447536K) : Executing rule M5.b
2026-03-18 22:15:46 +0100: Memory Usage (447536K) : Executing rule M5.e
2026-03-18 22:15:46 +0100: Memory Usage (447536K) : Executing rule M5.f
2026-03-18 22:15:46 +0100: Memory Usage (447536K) : Executing rule M5.g
2026-03-18 22:15:46 +0100: Memory Usage (447536K) : Executing rule M5.i
2026-03-18 22:15:46 +0100: Memory Usage (447536K) : Starting 5.18 Metaln:filler table
2026-03-18 22:15:46 +0100: Memory Usage (447536K) : Executing rule M1Fil.c
2026-03-18 22:15:46 +0100: Memory Usage (447536K) : Executing rule M1Fil.a2
2026-03-18 22:15:46 +0100: Memory Usage (447536K) : Executing rule M2Fil.c
2026-03-18 22:15:46 +0100: Memory Usage (447536K) : Executing rule M2Fil.a2
2026-03-18 22:15:46 +0100: Memory Usage (447536K) : Executing rule M3Fil.c
2026-03-18 22:15:46 +0100: Memory Usage (447536K) : Executing rule M3Fil.a2
2026-03-18 22:15:46 +0100: Memory Usage (447536K) : Executing rule M4Fil.c
2026-03-18 22:15:46 +0100: Memory Usage (447536K) : Executing rule M4Fil.a2
2026-03-18 22:15:46 +0100: Memory Usage (447536K) : Executing rule M5Fil.c
2026-03-18 22:15:46 +0100: Memory Usage (447536K) : Executing rule M5Fil.a2
2026-03-18 22:15:46 +0100: Memory Usage (447536K) : Starting 5.19. Via1 table
2026-03-18 22:15:46 +0100: Memory Usage (447536K) : Starting 5.19. Via1 table derivations
2026-03-18 22:15:46 +0100: Memory Usage (447536K) : Executing rule V1.a
2026-03-18 22:15:46 +0100: Memory Usage (447536K) : Executing rule V1.b
2026-03-18 22:15:46 +0100: Memory Usage (447536K) : Executing rule V1.c
2026-03-18 22:15:46 +0100: Memory Usage (447536K) : Starting 5.20. Vian table
2026-03-18 22:15:46 +0100: Memory Usage (447536K) : Executing rule V2.a
2026-03-18 22:15:46 +0100: Memory Usage (447536K) : Executing rule V2.b
2026-03-18 22:15:46 +0100: Memory Usage (447536K) : Executing rule V2.c
2026-03-18 22:15:46 +0100: Memory Usage (447536K) : Executing rule V3.a
2026-03-18 22:15:46 +0100: Memory Usage (447536K) : Executing rule V3.b
2026-03-18 22:15:46 +0100: Memory Usage (447536K) : Executing rule V3.c
2026-03-18 22:15:46 +0100: Memory Usage (447536K) : Executing rule V4.a
2026-03-18 22:15:46 +0100: Memory Usage (447536K) : Executing rule V4.b
2026-03-18 22:15:46 +0100: Memory Usage (447536K) : Executing rule V4.c
2026-03-18 22:15:46 +0100: Memory Usage (447536K) : Starting 5.21. TopVia1 table
2026-03-18 22:15:46 +0100: Memory Usage (447536K) : Executing rule TV1.a
2026-03-18 22:15:46 +0100: Memory Usage (447536K) : Executing rule TV1.b
2026-03-18 22:15:46 +0100: Memory Usage (447536K) : Executing rule TV1.c
2026-03-18 22:15:46 +0100: Memory Usage (447536K) : Executing rule TV1.d
2026-03-18 22:15:46 +0100: Memory Usage (447536K) : Starting 5.22. TopMetal1 table
2026-03-18 22:15:46 +0100: Memory Usage (447536K) : Executing rule TM1.a
2026-03-18 22:15:46 +0100: Memory Usage (447536K) : Executing rule TM1.b
2026-03-18 22:15:46 +0100: Memory Usage (447536K) : Starting 5.23 TopMetal1:filler table
2026-03-18 22:15:46 +0100: Memory Usage (447536K) : Executing rule TM1Fil.c
2026-03-18 22:15:46 +0100: Memory Usage (447536K) : Executing rule TM1Fil.a1
2026-03-18 22:15:46 +0100: Memory Usage (447664K) : Starting 5.24. TopVia2 table
2026-03-18 22:15:46 +0100: Memory Usage (447664K) : Executing rule TV2.a
2026-03-18 22:15:46 +0100: Memory Usage (447920K) : Executing rule TV2.b
2026-03-18 22:15:46 +0100: Memory Usage (448048K) : Executing rule TV2.c
2026-03-18 22:15:46 +0100: Memory Usage (448176K) : Executing rule TV2.d
2026-03-18 22:15:46 +0100: Memory Usage (448304K) : Starting 5.25. TopMetal2 table
2026-03-18 22:15:46 +0100: Memory Usage (448304K) : Executing rule TM2.a
2026-03-18 22:15:46 +0100: Memory Usage (448304K) : Executing rule TM2.b
2026-03-18 22:15:46 +0100: Memory Usage (448432K) : Executing rule TM2.bR
2026-03-18 22:15:46 +0100: Memory Usage (448688K) : Starting 5.26 TopMetal2:filler table
2026-03-18 22:15:46 +0100: Memory Usage (448688K) : Executing rule TM2Fil.c
2026-03-18 22:15:46 +0100: Memory Usage (448816K) : Executing rule TM2Fil.a1
2026-03-18 22:15:46 +0100: Memory Usage (448944K) : Starting 5.27. Passiv table
2026-03-18 22:15:46 +0100: Memory Usage (448944K) : Executing rule Pas.a
2026-03-18 22:15:46 +0100: Memory Usage (449072K) : Executing rule Pas.b
2026-03-18 22:15:46 +0100: Memory Usage (449200K) : Executing rule Pas.c
2026-03-18 22:15:46 +0100: Memory Usage (449584K) : Starting 6.9.2 Copper Pillar table
2026-03-18 22:15:46 +0100: Memory Usage (449584K) : Executing rule Padc.a
2026-03-18 22:15:46 +0100: Memory Usage (449840K) : Executing rule Padc.b
2026-03-18 22:15:46 +0100: Memory Usage (449840K) : Executing rule Padc.c
2026-03-18 22:15:46 +0100: Memory Usage (450224K) : Executing rule Padb.f
2026-03-18 22:15:46 +0100: Memory Usage (450480K) : Starting 6.9 Pad table
2026-03-18 22:15:46 +0100: Memory Usage (450480K) : Executing rule Pad.m
2026-03-18 22:15:46 +0100: Memory Usage (450736K) : Executing rule Pad.fR_M1
2026-03-18 22:15:46 +0100: Memory Usage (451248K) : Executing rule Pad.fR_M2
2026-03-18 22:15:46 +0100: Memory Usage (451632K) : Executing rule Pad.fR_M3
2026-03-18 22:15:46 +0100: Memory Usage (451760K) : Executing rule Pad.fR_M4
2026-03-18 22:15:46 +0100: Memory Usage (451760K) : Executing rule Pad.fR_M5
2026-03-18 22:15:46 +0100: Memory Usage (451760K) : Executing rule Pad.fR_TM1
2026-03-18 22:15:46 +0100: Memory Usage (452016K) : Executing rule Pad.fR_TM2
2026-03-18 22:15:46 +0100: Memory Usage (452400K) : Executing rule Pad.i
2026-03-18 22:15:46 +0100: Memory Usage (452528K) : Starting 6.9.1 Solder Bump
2026-03-18 22:15:46 +0100: Memory Usage (452528K) : Executing rule Padb.a
2026-03-18 22:15:46 +0100: Memory Usage (452784K) : Executing rule Padb.b
2026-03-18 22:15:46 +0100: Memory Usage (452784K) : Executing rule Padb.c
2026-03-18 22:15:46 +0100: Memory Usage (452784K) : Executing rule Padb.f
2026-03-18 22:15:46 +0100: Memory Usage (452912K) : Executing rule Padb.d
2026-03-18 22:15:46 +0100: Memory Usage (453040K) : Starting 6.10 Sealring table
2026-03-18 22:15:46 +0100: Memory Usage (453040K) : Executing rule Seal.l
2026-03-18 22:15:46 +0100: Memory Usage (453040K) : Executing rule Seal.n
2026-03-18 22:15:46 +0100: Memory Usage (453168K) : Executing rule seal.b_metal1
2026-03-18 22:15:46 +0100: Memory Usage (453168K) : Executing rule seal.b_metal2
2026-03-18 22:15:46 +0100: Memory Usage (453168K) : Executing rule seal.b_metal3
2026-03-18 22:15:46 +0100: Memory Usage (453168K) : Executing rule seal.b_metal4
2026-03-18 22:15:46 +0100: Memory Usage (453168K) : Executing rule seal.b_metal5
2026-03-18 22:15:46 +0100: Memory Usage (453168K) : Executing rule seal.b_topmetal1
2026-03-18 22:15:46 +0100: Memory Usage (453168K) : Executing rule seal.b_topmetal2
2026-03-18 22:15:46 +0100: Memory Usage (453168K) : Executing rule seal.b_activ
2026-03-18 22:15:46 +0100: Memory Usage (453168K) : Executing rule seal.b_psd
2026-03-18 22:15:46 +0100: Memory Usage (453168K) : Executing rule Seal.k
2026-03-18 22:15:46 +0100: Memory Usage (453168K) : Executing rule Seal.m
2026-03-18 22:15:46 +0100: Memory Usage (453168K) : Starting 6.11 MIM table
2026-03-18 22:15:46 +0100: Memory Usage (453168K) : Executing rule MIM.c
2026-03-18 22:15:46 +0100: Memory Usage (453168K) : Executing rule MIM.d
2026-03-18 22:15:46 +0100: Memory Usage (453168K) : Executing rule MIM.gR
2026-03-18 22:15:46 +0100: Memory Usage (453168K) : Starting 7.3 Metal Slits table
2026-03-18 22:15:46 +0100: Memory Usage (453168K) : Executing rule Slt.e1_M1
2026-03-18 22:15:46 +0100: Memory Usage (453168K) : Executing rule Slt.e1_M2
2026-03-18 22:15:46 +0100: Memory Usage (453168K) : Executing rule Slt.e1_M3
2026-03-18 22:15:46 +0100: Memory Usage (453168K) : Executing rule Slt.e1_M4
2026-03-18 22:15:46 +0100: Memory Usage (453168K) : Executing rule Slt.e1_M5
2026-03-18 22:15:46 +0100: Memory Usage (453168K) : Executing rule Slt.e1_TM1
2026-03-18 22:15:46 +0100: Memory Usage (453168K) : Executing rule Slt.e1_TM2
2026-03-18 22:15:46 +0100: Memory Usage (453168K) : Starting 9.1. LBE table
2026-03-18 22:15:46 +0100: Memory Usage (453168K) : Executing rule LBE.a
2026-03-18 22:15:46 +0100: Memory Usage (453168K) : Executing rule LBE.b
2026-03-18 22:15:46 +0100: Memory Usage (453168K) : Executing rule LBE.b1
2026-03-18 22:15:46 +0100: Memory Usage (453168K) : Executing rule LBE.c
2026-03-18 22:15:46 +0100: Memory Usage (453168K) : Executing rule LBE.d
2026-03-18 22:15:46 +0100: Memory Usage (453168K) : Executing rule LBE.h
2026-03-18 22:15:46 +0100: Memory Usage (453168K) : Starting 7.4. PIN table
2026-03-18 22:15:46 +0100: Memory Usage (453168K) : Executing rule Pin.a
2026-03-18 22:15:46 +0100: Memory Usage (453168K) : Executing rule Pin.b
2026-03-18 22:15:46 +0100: Memory Usage (453168K) : Executing rule Pin.e
2026-03-18 22:15:46 +0100: Memory Usage (453168K) : Executing rule Pin.f_M2
2026-03-18 22:15:46 +0100: Memory Usage (453168K) : Executing rule Pin.f_M3
2026-03-18 22:15:46 +0100: Memory Usage (453168K) : Executing rule Pin.f_M4
2026-03-18 22:15:46 +0100: Memory Usage (453168K) : Executing rule Pin.f_M5
2026-03-18 22:15:46 +0100: Memory Usage (453168K) : Executing rule Pin.g
2026-03-18 22:15:46 +0100: Memory Usage (453168K) : Executing rule Pin.h
2026-03-18 22:15:46 +0100: Memory Usage (453168K) : Starting 3.2. FORBIDDEN table
2026-03-18 22:15:46 +0100: Memory Usage (453168K) : Executing rule forbidden.biwind
2026-03-18 22:15:46 +0100: Memory Usage (453168K) : Executing rule forbidden.pemwind
2026-03-18 22:15:46 +0100: Memory Usage (453168K) : Executing rule forbidden.baspoly
2026-03-18 22:15:46 +0100: Memory Usage (453168K) : Executing rule forbidden.deepco
2026-03-18 22:15:46 +0100: Memory Usage (453296K) : Executing rule forbidden.pempoly
2026-03-18 22:15:46 +0100: Memory Usage (453296K) : Executing rule forbidden.empoly
2026-03-18 22:15:46 +0100: Memory Usage (453296K) : Executing rule forbidden.ldmos
2026-03-18 22:15:46 +0100: Memory Usage (453296K) : Executing rule forbidden.pbiwind
2026-03-18 22:15:46 +0100: Memory Usage (453296K) : Executing rule forbidden.nodrc
2026-03-18 22:15:46 +0100: Memory Usage (453296K) : Executing rule forbidden.flash
2026-03-18 22:15:46 +0100: Memory Usage (453296K) : Executing rule forbidden.colwind
2026-03-18 22:15:46 +0100: Memory Usage (453296K) : KLayout DRC run for tables 'main' completed in 1.79 seconds
