# Logfile created on 2026-03-12 17:51:13 +0100 by logger.rb/v1.5.3
2026-03-12 17:51:13 +0100: Memory Usage (426280K) : Starting running IHP-SG13G2 KLayout DRC runset on /foss/designs/ttihp26a-adex-neuron-ncs/gds/TOP_v2.klay.gds
2026-03-12 17:51:13 +0100: Memory Usage (426280K) : Ruby Version for klayout: 3.2.3
2026-03-12 17:51:13 +0100: Memory Usage (427148K) : Loading database to memory is complete.
2026-03-12 17:51:13 +0100: Memory Usage (427148K) : IHP-SG13G2 KLayout DRC runset output at: /foss/designs/ttihp26a-adex-neuron-ncs/klayout/drc_run_welltap/TOP_v2.klay_welltap_main.lyrdb
2026-03-12 17:51:13 +0100: Memory Usage (427336K) : Evaluate switches.
2026-03-12 17:51:13 +0100: Memory Usage (427336K) : tables selected: main
2026-03-12 17:51:13 +0100: Memory Usage (427336K) : KLayout will use 1 thread(s) in tiling mode.
2026-03-12 17:51:13 +0100: Memory Usage (427336K) : deep mode is enabled.
2026-03-12 17:51:13 +0100: Memory Usage (427336K) : FEOL enabled: true
2026-03-12 17:51:13 +0100: Memory Usage (427336K) : BEOL enabled: true
2026-03-12 17:51:13 +0100: Memory Usage (427336K) : OFFGRID enabled: true
2026-03-12 17:51:13 +0100: Memory Usage (427336K) : PIN enabled: true
2026-03-12 17:51:13 +0100: Memory Usage (427336K) : FORBIDDEN enabled: true
2026-03-12 17:51:13 +0100: Memory Usage (427336K) : RECOMMENDED enabled: true
2026-03-12 17:51:13 +0100: Memory Usage (427336K) : PreCheck DRC enabled: false
2026-03-12 17:51:13 +0100: Memory Usage (427336K) : CONNECTIVITY_RULES enabled: true.
2026-03-12 17:51:13 +0100: Memory Usage (427336K) : Read in polygons from layers.
2026-03-12 17:51:13 +0100: Memory Usage (428480K) : activ_drw has 2 polygons
2026-03-12 17:51:13 +0100: Memory Usage (428480K) : activ_pin has 0 polygons
2026-03-12 17:51:13 +0100: Memory Usage (428480K) : activ_mask has 0 polygons
2026-03-12 17:51:13 +0100: Memory Usage (428480K) : activ_filler has 0 polygons
2026-03-12 17:51:13 +0100: Memory Usage (428480K) : activ_nofill has 0 polygons
2026-03-12 17:51:13 +0100: Memory Usage (428480K) : activ_opc has 0 polygons
2026-03-12 17:51:13 +0100: Memory Usage (428480K) : activ_iopc has 0 polygons
2026-03-12 17:51:13 +0100: Memory Usage (428480K) : activ_noqrc has 0 polygons
2026-03-12 17:51:13 +0100: Memory Usage (428480K) : biwind_drw has 0 polygons
2026-03-12 17:51:13 +0100: Memory Usage (428480K) : biwind_opc has 0 polygons
2026-03-12 17:51:13 +0100: Memory Usage (428480K) : pemwind_drw has 0 polygons
2026-03-12 17:51:13 +0100: Memory Usage (428480K) : gatpoly_drw has 0 polygons
2026-03-12 17:51:13 +0100: Memory Usage (428480K) : gatpoly_pin has 0 polygons
2026-03-12 17:51:13 +0100: Memory Usage (428480K) : gatpoly_filler has 0 polygons
2026-03-12 17:51:13 +0100: Memory Usage (428480K) : gatpoly_nofill has 0 polygons
2026-03-12 17:51:13 +0100: Memory Usage (428480K) : gatpoly_opc has 0 polygons
2026-03-12 17:51:13 +0100: Memory Usage (428480K) : gatpoly_iopc has 0 polygons
2026-03-12 17:51:13 +0100: Memory Usage (428480K) : gatpoly_noqrc has 0 polygons
2026-03-12 17:51:13 +0100: Memory Usage (428480K) : cont_drw has 28 polygons
2026-03-12 17:51:13 +0100: Memory Usage (428480K) : cont_opc has 0 polygons
2026-03-12 17:51:13 +0100: Memory Usage (428480K) : nsd_drw has 0 polygons
2026-03-12 17:51:13 +0100: Memory Usage (428480K) : nsd_block has 0 polygons
2026-03-12 17:51:13 +0100: Memory Usage (428480K) : metal1_drw has 6 polygons
2026-03-12 17:51:13 +0100: Memory Usage (428480K) : metal1_pin has 0 polygons
2026-03-12 17:51:13 +0100: Memory Usage (428480K) : metal1_mask has 0 polygons
2026-03-12 17:51:13 +0100: Memory Usage (428480K) : metal1_filler has 0 polygons
2026-03-12 17:51:13 +0100: Memory Usage (428480K) : metal1_nofill has 0 polygons
2026-03-12 17:51:13 +0100: Memory Usage (428608K) : metal1_slit has 0 polygons
2026-03-12 17:51:13 +0100: Memory Usage (428908K) : metal1_text has 0 polygons
2026-03-12 17:51:13 +0100: Memory Usage (428908K) : metal1_opc has 0 polygons
2026-03-12 17:51:13 +0100: Memory Usage (428908K) : metal1_noqrc has 0 polygons
2026-03-12 17:51:13 +0100: Memory Usage (429036K) : metal1_res has 0 polygons
2026-03-12 17:51:13 +0100: Memory Usage (429036K) : metal1_iprobe has 0 polygons
2026-03-12 17:51:13 +0100: Memory Usage (429036K) : metal1_diffprb has 0 polygons
2026-03-12 17:51:13 +0100: Memory Usage (429164K) : passiv_drw has 0 polygons
2026-03-12 17:51:13 +0100: Memory Usage (429164K) : passiv_pin has 0 polygons
2026-03-12 17:51:13 +0100: Memory Usage (429164K) : passiv_sbump has 0 polygons
2026-03-12 17:51:13 +0100: Memory Usage (429292K) : passiv_pillar has 0 polygons
2026-03-12 17:51:13 +0100: Memory Usage (429292K) : passiv_pdl has 0 polygons
2026-03-12 17:51:13 +0100: Memory Usage (429420K) : metal2_drw has 4 polygons
2026-03-12 17:51:13 +0100: Memory Usage (429420K) : metal2_pin has 0 polygons
2026-03-12 17:51:13 +0100: Memory Usage (429548K) : metal2_mask has 0 polygons
2026-03-12 17:51:13 +0100: Memory Usage (429548K) : metal2_filler has 0 polygons
2026-03-12 17:51:13 +0100: Memory Usage (429548K) : metal2_nofill has 0 polygons
2026-03-12 17:51:13 +0100: Memory Usage (429676K) : metal2_slit has 0 polygons
2026-03-12 17:51:13 +0100: Memory Usage (429676K) : metal2_text has 0 polygons
2026-03-12 17:51:13 +0100: Memory Usage (429804K) : metal2_opc has 0 polygons
2026-03-12 17:51:13 +0100: Memory Usage (429804K) : metal2_noqrc has 0 polygons
2026-03-12 17:51:13 +0100: Memory Usage (429932K) : metal2_res has 0 polygons
2026-03-12 17:51:13 +0100: Memory Usage (429932K) : metal2_iprobe has 0 polygons
2026-03-12 17:51:13 +0100: Memory Usage (430060K) : metal2_diffprb has 0 polygons
2026-03-12 17:51:13 +0100: Memory Usage (430060K) : baspoly_drw has 0 polygons
2026-03-12 17:51:13 +0100: Memory Usage (430188K) : baspoly_pin has 0 polygons
2026-03-12 17:51:13 +0100: Memory Usage (430188K) : psd_drw has 0 polygons
2026-03-12 17:51:13 +0100: Memory Usage (430316K) : nldb_drw has 0 polygons
2026-03-12 17:51:13 +0100: Memory Usage (430316K) : digibnd_drw has 0 polygons
2026-03-12 17:51:13 +0100: Memory Usage (430316K) : via1_drw has 14 polygons
2026-03-12 17:51:13 +0100: Memory Usage (430444K) : backmetal1_drw has 0 polygons
2026-03-12 17:51:13 +0100: Memory Usage (430444K) : backmetal1_pin has 0 polygons
2026-03-12 17:51:13 +0100: Memory Usage (430572K) : backmetal1_mask has 0 polygons
2026-03-12 17:51:13 +0100: Memory Usage (430572K) : backmetal1_filler has 0 polygons
2026-03-12 17:51:13 +0100: Memory Usage (430700K) : backmetal1_nofill has 0 polygons
2026-03-12 17:51:13 +0100: Memory Usage (430700K) : backmetal1_slit has 0 polygons
2026-03-12 17:51:13 +0100: Memory Usage (430700K) : backmetal1_text has 0 polygons
2026-03-12 17:51:13 +0100: Memory Usage (430828K) : backmetal1_opc has 0 polygons
2026-03-12 17:51:13 +0100: Memory Usage (430828K) : backmetal1_noqrc has 0 polygons
2026-03-12 17:51:13 +0100: Memory Usage (430956K) : backmetal1_res has 0 polygons
2026-03-12 17:51:13 +0100: Memory Usage (430956K) : backmetal1_iprobe has 0 polygons
2026-03-12 17:51:13 +0100: Memory Usage (431084K) : backmetal1_diffprb has 0 polygons
2026-03-12 17:51:13 +0100: Memory Usage (431084K) : backpassiv_drw has 0 polygons
2026-03-12 17:51:13 +0100: Memory Usage (431084K) : res_drw has 0 polygons
2026-03-12 17:51:13 +0100: Memory Usage (431212K) : sram_drw has 0 polygons
2026-03-12 17:51:13 +0100: Memory Usage (431212K) : trans_drw has 0 polygons
2026-03-12 17:51:13 +0100: Memory Usage (431340K) : ind_drw has 0 polygons
2026-03-12 17:51:13 +0100: Memory Usage (431468K) : ind_pin has 0 polygons
2026-03-12 17:51:13 +0100: Memory Usage (431468K) : ind_text has 0 polygons
2026-03-12 17:51:13 +0100: Memory Usage (431468K) : salblock_drw has 0 polygons
2026-03-12 17:51:13 +0100: Memory Usage (431596K) : via2_drw has 14 polygons
2026-03-12 17:51:13 +0100: Memory Usage (431724K) : metal3_drw has 4 polygons
2026-03-12 17:51:13 +0100: Memory Usage (431724K) : metal3_pin has 2 polygons
2026-03-12 17:51:13 +0100: Memory Usage (431852K) : metal3_mask has 0 polygons
2026-03-12 17:51:13 +0100: Memory Usage (431852K) : metal3_filler has 0 polygons
2026-03-12 17:51:13 +0100: Memory Usage (431980K) : metal3_nofill has 0 polygons
2026-03-12 17:51:13 +0100: Memory Usage (431980K) : metal3_slit has 0 polygons
2026-03-12 17:51:13 +0100: Memory Usage (431980K) : metal3_text has 2 polygons
2026-03-12 17:51:13 +0100: Memory Usage (432108K) : metal3_opc has 0 polygons
2026-03-12 17:51:13 +0100: Memory Usage (432108K) : metal3_noqrc has 0 polygons
2026-03-12 17:51:13 +0100: Memory Usage (432236K) : metal3_res has 0 polygons
2026-03-12 17:51:13 +0100: Memory Usage (432236K) : metal3_iprobe has 0 polygons
2026-03-12 17:51:13 +0100: Memory Usage (432236K) : metal3_diffprb has 0 polygons
2026-03-12 17:51:13 +0100: Memory Usage (432364K) : nwell_drw has 1 polygons
2026-03-12 17:51:13 +0100: Memory Usage (432492K) : nwell_pin has 0 polygons
2026-03-12 17:51:13 +0100: Memory Usage (432492K) : nbulay_drw has 0 polygons
2026-03-12 17:51:13 +0100: Memory Usage (432620K) : nbulay_pin has 0 polygons
2026-03-12 17:51:13 +0100: Memory Usage (432620K) : nbulay_block has 0 polygons
2026-03-12 17:51:13 +0100: Memory Usage (432748K) : emwind_drw has 0 polygons
2026-03-12 17:51:13 +0100: Memory Usage (432876K) : emwind_opc has 0 polygons
2026-03-12 17:51:13 +0100: Memory Usage (432876K) : deepco_drw has 0 polygons
2026-03-12 17:51:13 +0100: Memory Usage (432876K) : deepco_drw has 0 polygons
2026-03-12 17:51:13 +0100: Memory Usage (433004K) : mim_drw has 0 polygons
2026-03-12 17:51:13 +0100: Memory Usage (433132K) : edgeseal_drw has 0 polygons
2026-03-12 17:51:13 +0100: Memory Usage (433132K) : edgeseal_bound has 0 polygons
2026-03-12 17:51:13 +0100: Memory Usage (433260K) : substrate_drw has 0 polygons
2026-03-12 17:51:13 +0100: Memory Usage (433260K) : substrate_text has 0 polygons
2026-03-12 17:51:13 +0100: Memory Usage (433260K) : dfpad_drw has 0 polygons
2026-03-12 17:51:13 +0100: Memory Usage (433388K) : dfpad_pillar has 0 polygons
2026-03-12 17:51:13 +0100: Memory Usage (433388K) : dfpad_sbump has 0 polygons
2026-03-12 17:51:13 +0100: Memory Usage (433516K) : thickgateox_drw has 0 polygons
2026-03-12 17:51:13 +0100: Memory Usage (433516K) : pldb_drw has 0 polygons
2026-03-12 17:51:13 +0100: Memory Usage (433644K) : pwell_drw has 0 polygons
2026-03-12 17:51:13 +0100: Memory Usage (433644K) : pwell_pin has 0 polygons
2026-03-12 17:51:13 +0100: Memory Usage (433644K) : pwell_block has 0 polygons
2026-03-12 17:51:13 +0100: Memory Usage (433772K) : ic_drw has 0 polygons
2026-03-12 17:51:13 +0100: Memory Usage (433772K) : via3_drw has 0 polygons
2026-03-12 17:51:13 +0100: Memory Usage (433900K) : metal4_drw has 0 polygons
2026-03-12 17:51:13 +0100: Memory Usage (434028K) : metal4_pin has 0 polygons
2026-03-12 17:51:13 +0100: Memory Usage (434028K) : metal4_mask has 0 polygons
2026-03-12 17:51:13 +0100: Memory Usage (434156K) : metal4_filler has 0 polygons
2026-03-12 17:51:13 +0100: Memory Usage (434156K) : metal4_nofill has 0 polygons
2026-03-12 17:51:13 +0100: Memory Usage (434156K) : metal4_slit has 0 polygons
2026-03-12 17:51:13 +0100: Memory Usage (434284K) : metal4_text has 0 polygons
2026-03-12 17:51:13 +0100: Memory Usage (434284K) : metal4_opc has 0 polygons
2026-03-12 17:51:13 +0100: Memory Usage (434412K) : metal4_noqrc has 0 polygons
2026-03-12 17:51:13 +0100: Memory Usage (434412K) : metal4_res has 0 polygons
2026-03-12 17:51:13 +0100: Memory Usage (434540K) : metal4_iprobe has 0 polygons
2026-03-12 17:51:13 +0100: Memory Usage (434540K) : metal4_diffprb has 0 polygons
2026-03-12 17:51:13 +0100: Memory Usage (434668K) : heattrans_drw has 0 polygons
2026-03-12 17:51:13 +0100: Memory Usage (434668K) : heatres_drw has 0 polygons
2026-03-12 17:51:13 +0100: Memory Usage (434796K) : pempoly_drw has 0 polygons
2026-03-12 17:51:13 +0100: Memory Usage (434796K) : fbe_drw has 0 polygons
2026-03-12 17:51:13 +0100: Memory Usage (434924K) : empoly_drw has 0 polygons
2026-03-12 17:51:13 +0100: Memory Usage (434924K) : ldmos_drw has 0 polygons
2026-03-12 17:51:13 +0100: Memory Usage (435052K) : pbiwind_drw has 0 polygons
2026-03-12 17:51:13 +0100: Memory Usage (435052K) : digisub_drw has 0 polygons
2026-03-12 17:51:13 +0100: Memory Usage (435180K) : nodrc_drw has 0 polygons
2026-03-12 17:51:13 +0100: Memory Usage (435180K) : text_drw has 0 polygons
2026-03-12 17:51:13 +0100: Memory Usage (435308K) : via4_drw has 0 polygons
2026-03-12 17:51:13 +0100: Memory Usage (435308K) : metal5_drw has 0 polygons
2026-03-12 17:51:13 +0100: Memory Usage (435308K) : metal5_pin has 0 polygons
2026-03-12 17:51:13 +0100: Memory Usage (435436K) : metal5_mask has 0 polygons
2026-03-12 17:51:13 +0100: Memory Usage (435436K) : metal5_filler has 0 polygons
2026-03-12 17:51:13 +0100: Memory Usage (435564K) : metal5_nofill has 0 polygons
2026-03-12 17:51:13 +0100: Memory Usage (435564K) : metal5_slit has 0 polygons
2026-03-12 17:51:13 +0100: Memory Usage (435692K) : metal5_text has 0 polygons
2026-03-12 17:51:13 +0100: Memory Usage (435692K) : metal5_opc has 0 polygons
2026-03-12 17:51:13 +0100: Memory Usage (435692K) : metal5_noqrc has 0 polygons
2026-03-12 17:51:13 +0100: Memory Usage (435820K) : metal5_res has 0 polygons
2026-03-12 17:51:13 +0100: Memory Usage (435820K) : metal5_iprobe has 0 polygons
2026-03-12 17:51:13 +0100: Memory Usage (435948K) : metal5_diffprb has 0 polygons
2026-03-12 17:51:13 +0100: Memory Usage (436076K) : radhard_drw has 0 polygons
2026-03-12 17:51:13 +0100: Memory Usage (436076K) : memcap_drw has 0 polygons
2026-03-12 17:51:13 +0100: Memory Usage (436204K) : varicap_drw has 0 polygons
2026-03-12 17:51:13 +0100: Memory Usage (436332K) : flash_drw has 0 polygons
2026-03-12 17:51:13 +0100: Memory Usage (436332K) : intbondvia_drw has 0 polygons
2026-03-12 17:51:13 +0100: Memory Usage (436332K) : intbondmet_drw has 0 polygons
2026-03-12 17:51:13 +0100: Memory Usage (436460K) : devbondvia_drw has 0 polygons
2026-03-12 17:51:13 +0100: Memory Usage (436460K) : devbondmet_drw has 0 polygons
2026-03-12 17:51:13 +0100: Memory Usage (436588K) : devtrench_drw has 0 polygons
2026-03-12 17:51:13 +0100: Memory Usage (436588K) : redist_drw has 0 polygons
2026-03-12 17:51:13 +0100: Memory Usage (436588K) : graphbot_drw has 0 polygons
2026-03-12 17:51:13 +0100: Memory Usage (436716K) : graphtop_drw has 0 polygons
2026-03-12 17:51:13 +0100: Memory Usage (436716K) : antvia1_drw has 0 polygons
2026-03-12 17:51:13 +0100: Memory Usage (436844K) : antmetal2_drw has 0 polygons
2026-03-12 17:51:13 +0100: Memory Usage (436844K) : graphcont_drw has 0 polygons
2026-03-12 17:51:13 +0100: Memory Usage (436972K) : siwg_drw has 0 polygons
2026-03-12 17:51:13 +0100: Memory Usage (436972K) : siwg_filler has 0 polygons
2026-03-12 17:51:13 +0100: Memory Usage (436972K) : siwg_nofill has 0 polygons
2026-03-12 17:51:13 +0100: Memory Usage (437100K) : sigrating_drw has 0 polygons
2026-03-12 17:51:13 +0100: Memory Usage (437228K) : singrating_drw has 0 polygons
2026-03-12 17:51:13 +0100: Memory Usage (437228K) : graphpas_drw has 0 polygons
2026-03-12 17:51:13 +0100: Memory Usage (437356K) : emwind3_drw has 0 polygons
2026-03-12 17:51:13 +0100: Memory Usage (437356K) : emwihv3_drw has 0 polygons
2026-03-12 17:51:13 +0100: Memory Usage (437356K) : redbulay_drw has 0 polygons
2026-03-12 17:51:13 +0100: Memory Usage (437484K) : smos_drw has 0 polygons
2026-03-12 17:51:13 +0100: Memory Usage (437484K) : graphpad_drw has 0 polygons
2026-03-12 17:51:13 +0100: Memory Usage (437612K) : polimide_drw has 0 polygons
2026-03-12 17:51:13 +0100: Memory Usage (437612K) : polimide_pin has 0 polygons
2026-03-12 17:51:13 +0100: Memory Usage (437740K) : recog_drw has 0 polygons
2026-03-12 17:51:13 +0100: Memory Usage (437868K) : recog_pin has 0 polygons
2026-03-12 17:51:13 +0100: Memory Usage (437868K) : recog_esd has 0 polygons
2026-03-12 17:51:13 +0100: Memory Usage (437868K) : recog_diode has 0 polygons
2026-03-12 17:51:13 +0100: Memory Usage (437996K) : recog_tsv has 0 polygons
2026-03-12 17:51:13 +0100: Memory Usage (437996K) : recog_iprobe has 0 polygons
2026-03-12 17:51:13 +0100: Memory Usage (438124K) : recog_diffprb has 0 polygons
2026-03-12 17:51:13 +0100: Memory Usage (438124K) : recog_pillar has 0 polygons
2026-03-12 17:51:13 +0100: Memory Usage (438252K) : recog_sbump has 0 polygons
2026-03-12 17:51:13 +0100: Memory Usage (438380K) : recog_otp has 0 polygons
2026-03-12 17:51:13 +0100: Memory Usage (438380K) : recog_pdiode has 0 polygons
2026-03-12 17:51:13 +0100: Memory Usage (438380K) : recog_mom has 0 polygons
2026-03-12 17:51:13 +0100: Memory Usage (438380K) : recog_pcm has 0 polygons
2026-03-12 17:51:13 +0100: Memory Usage (438508K) : colopen_drw has 0 polygons
2026-03-12 17:51:13 +0100: Memory Usage (438508K) : graphmetal1_drw has 0 polygons
2026-03-12 17:51:13 +0100: Memory Usage (438508K) : graphmetal1_filler has 0 polygons
2026-03-12 17:51:13 +0100: Memory Usage (438508K) : graphmetal1_nofill has 0 polygons
2026-03-12 17:51:13 +0100: Memory Usage (438636K) : graphmetal1_slit has 0 polygons
2026-03-12 17:51:13 +0100: Memory Usage (438636K) : graphmetal1_opc has 0 polygons
2026-03-12 17:51:13 +0100: Memory Usage (438636K) : graphmet1l_drw has 0 polygons
2026-03-12 17:51:13 +0100: Memory Usage (438764K) : graphmet1l_filler has 0 polygons
2026-03-12 17:51:13 +0100: Memory Usage (438764K) : graphmet1l_nofill has 0 polygons
2026-03-12 17:51:13 +0100: Memory Usage (438764K) : graphmet1l_slit has 0 polygons
2026-03-12 17:51:13 +0100: Memory Usage (438764K) : graphmet1l_opc has 0 polygons
2026-03-12 17:51:13 +0100: Memory Usage (438892K) : extblock_drw has 0 polygons
2026-03-12 17:51:13 +0100: Memory Usage (438892K) : nldd_drw has 0 polygons
2026-03-12 17:51:13 +0100: Memory Usage (438892K) : pldd_drw has 0 polygons
2026-03-12 17:51:13 +0100: Memory Usage (439020K) : next_drw has 0 polygons
2026-03-12 17:51:13 +0100: Memory Usage (439020K) : pext_drw has 0 polygons
2026-03-12 17:51:13 +0100: Memory Usage (439148K) : nexthv_drw has 0 polygons
2026-03-12 17:51:13 +0100: Memory Usage (439148K) : pexthv_drw has 0 polygons
2026-03-12 17:51:13 +0100: Memory Usage (439148K) : graphgate_drw has 0 polygons
2026-03-12 17:51:13 +0100: Memory Usage (439276K) : sinwg_drw has 0 polygons
2026-03-12 17:51:13 +0100: Memory Usage (439276K) : sinwg_filler has 0 polygons
2026-03-12 17:51:13 +0100: Memory Usage (439404K) : sinwg_nofill has 0 polygons
2026-03-12 17:51:13 +0100: Memory Usage (439404K) : mempad_drw has 0 polygons
2026-03-12 17:51:13 +0100: Memory Usage (439532K) : topvia1_drw has 0 polygons
2026-03-12 17:51:13 +0100: Memory Usage (439532K) : topmetal1_drw has 0 polygons
2026-03-12 17:51:13 +0100: Memory Usage (439532K) : topmetal1_pin has 0 polygons
2026-03-12 17:51:13 +0100: Memory Usage (439660K) : topmetal1_mask has 0 polygons
2026-03-12 17:51:13 +0100: Memory Usage (439660K) : topmetal1_filler has 0 polygons
2026-03-12 17:51:13 +0100: Memory Usage (439788K) : topmetal1_nofill has 0 polygons
2026-03-12 17:51:13 +0100: Memory Usage (439788K) : topmetal1_slit has 0 polygons
2026-03-12 17:51:13 +0100: Memory Usage (439788K) : topmetal1_text has 0 polygons
2026-03-12 17:51:13 +0100: Memory Usage (439916K) : topmetal1_noqrc has 0 polygons
2026-03-12 17:51:13 +0100: Memory Usage (439916K) : topmetal1_res has 0 polygons
2026-03-12 17:51:13 +0100: Memory Usage (439916K) : topmetal1_iprobe has 0 polygons
2026-03-12 17:51:13 +0100: Memory Usage (440044K) : topmetal1_diffprb has 0 polygons
2026-03-12 17:51:13 +0100: Memory Usage (440044K) : inldpwl_drw has 0 polygons
2026-03-12 17:51:13 +0100: Memory Usage (440044K) : polyres_drw has 0 polygons
2026-03-12 17:51:13 +0100: Memory Usage (440044K) : polyres_pin has 0 polygons
2026-03-12 17:51:13 +0100: Memory Usage (440172K) : vmim_drw has 0 polygons
2026-03-12 17:51:13 +0100: Memory Usage (440172K) : nbulaycut_drw has 0 polygons
2026-03-12 17:51:13 +0100: Memory Usage (440172K) : antmetal1_drw has 0 polygons
2026-03-12 17:51:13 +0100: Memory Usage (440300K) : topvia2_drw has 0 polygons
2026-03-12 17:51:13 +0100: Memory Usage (440300K) : topmetal2_drw has 0 polygons
2026-03-12 17:51:13 +0100: Memory Usage (440428K) : topmetal2_pin has 0 polygons
2026-03-12 17:51:13 +0100: Memory Usage (440428K) : topmetal2_mask has 0 polygons
2026-03-12 17:51:13 +0100: Memory Usage (440428K) : topmetal2_filler has 0 polygons
2026-03-12 17:51:13 +0100: Memory Usage (440556K) : topmetal2_nofill has 0 polygons
2026-03-12 17:51:13 +0100: Memory Usage (440556K) : topmetal2_slit has 0 polygons
2026-03-12 17:51:13 +0100: Memory Usage (440684K) : topmetal2_text has 0 polygons
2026-03-12 17:51:13 +0100: Memory Usage (440684K) : topmetal2_noqrc has 0 polygons
2026-03-12 17:51:13 +0100: Memory Usage (440812K) : topmetal2_res has 0 polygons
2026-03-12 17:51:13 +0100: Memory Usage (440812K) : topmetal2_iprobe has 0 polygons
2026-03-12 17:51:13 +0100: Memory Usage (440812K) : topmetal2_diffprb has 0 polygons
2026-03-12 17:51:13 +0100: Memory Usage (440940K) : snsring_drw has 0 polygons
2026-03-12 17:51:13 +0100: Memory Usage (440940K) : sensor_drw has 0 polygons
2026-03-12 17:51:13 +0100: Memory Usage (441068K) : snsarms_drw has 0 polygons
2026-03-12 17:51:13 +0100: Memory Usage (441068K) : snscmosvia_drw has 0 polygons
2026-03-12 17:51:13 +0100: Memory Usage (441196K) : colwind_drw has 0 polygons
2026-03-12 17:51:13 +0100: Memory Usage (441196K) : flm_drw has 0 polygons
2026-03-12 17:51:13 +0100: Memory Usage (441196K) : hafniumox_drw has 0 polygons
2026-03-12 17:51:13 +0100: Memory Usage (441324K) : memvia_drw has 0 polygons
2026-03-12 17:51:13 +0100: Memory Usage (441324K) : thinfilmres_drw has 0 polygons
2026-03-12 17:51:13 +0100: Memory Usage (441452K) : rfmem_drw has 0 polygons
2026-03-12 17:51:13 +0100: Memory Usage (441452K) : norcx_drw has 0 polygons
2026-03-12 17:51:13 +0100: Memory Usage (441452K) : norcx_m2m3 has 0 polygons
2026-03-12 17:51:13 +0100: Memory Usage (441580K) : norcx_m2m4 has 0 polygons
2026-03-12 17:51:13 +0100: Memory Usage (441580K) : norcx_m2m5 has 0 polygons
2026-03-12 17:51:13 +0100: Memory Usage (441708K) : norcx_m2tm1 has 0 polygons
2026-03-12 17:51:13 +0100: Memory Usage (441708K) : norcx_m2tm2 has 0 polygons
2026-03-12 17:51:13 +0100: Memory Usage (441836K) : norcx_m3m4 has 0 polygons
2026-03-12 17:51:13 +0100: Memory Usage (441836K) : norcx_m3m5 has 0 polygons
2026-03-12 17:51:13 +0100: Memory Usage (441964K) : norcx_m3tm1 has 0 polygons
2026-03-12 17:51:13 +0100: Memory Usage (441964K) : norcx_m3tm2 has 0 polygons
2026-03-12 17:51:13 +0100: Memory Usage (441964K) : norcx_m4m5 has 0 polygons
2026-03-12 17:51:13 +0100: Memory Usage (442092K) : norcx_m4tm1 has 0 polygons
2026-03-12 17:51:13 +0100: Memory Usage (442092K) : norcx_m4tm2 has 0 polygons
2026-03-12 17:51:13 +0100: Memory Usage (442092K) : norcx_m5tm1 has 0 polygons
2026-03-12 17:51:13 +0100: Memory Usage (442092K) : norcx_m5tm2 has 0 polygons
2026-03-12 17:51:13 +0100: Memory Usage (442092K) : norcx_tm1tm2 has 0 polygons
2026-03-12 17:51:13 +0100: Memory Usage (442220K) : norcx_m1sub has 0 polygons
2026-03-12 17:51:13 +0100: Memory Usage (442220K) : norcx_m2sub has 0 polygons
2026-03-12 17:51:13 +0100: Memory Usage (442220K) : norcx_m3sub has 0 polygons
2026-03-12 17:51:13 +0100: Memory Usage (442348K) : norcx_m4sub has 0 polygons
2026-03-12 17:51:13 +0100: Memory Usage (442348K) : norcx_m5sub has 0 polygons
2026-03-12 17:51:13 +0100: Memory Usage (442348K) : norcx_tm1sub has 0 polygons
2026-03-12 17:51:13 +0100: Memory Usage (442476K) : norcx_tm2sub has 0 polygons
2026-03-12 17:51:13 +0100: Memory Usage (442476K) : snsbotvia_drw has 0 polygons
2026-03-12 17:51:13 +0100: Memory Usage (442476K) : snstopvia_drw has 0 polygons
2026-03-12 17:51:13 +0100: Memory Usage (442476K) : deepvia_drw has 0 polygons
2026-03-12 17:51:13 +0100: Memory Usage (442604K) : fgetch_drw has 0 polygons
2026-03-12 17:51:13 +0100: Memory Usage (442604K) : ctrgat_drw has 0 polygons
2026-03-12 17:51:13 +0100: Memory Usage (442604K) : fgimp_drw has 0 polygons
2026-03-12 17:51:13 +0100: Memory Usage (442732K) : emwihv_drw has 0 polygons
2026-03-12 17:51:13 +0100: Memory Usage (442732K) : lbe_drw has 0 polygons
2026-03-12 17:51:13 +0100: Memory Usage (442732K) : alcustop_drw has 0 polygons
2026-03-12 17:51:13 +0100: Memory Usage (442860K) : nometfiller_drw has 0 polygons
2026-03-12 17:51:13 +0100: Memory Usage (442860K) : prboundary_drw has 0 polygons
2026-03-12 17:51:13 +0100: Memory Usage (442860K) : exchange0_drw has 0 polygons
2026-03-12 17:51:13 +0100: Memory Usage (442860K) : exchange0_pin has 0 polygons
2026-03-12 17:51:13 +0100: Memory Usage (442988K) : exchange0_text has 0 polygons
2026-03-12 17:51:13 +0100: Memory Usage (442988K) : exchange1_drw has 0 polygons
2026-03-12 17:51:13 +0100: Memory Usage (442988K) : exchange1_pin has 0 polygons
2026-03-12 17:51:13 +0100: Memory Usage (443116K) : exchange1_text has 0 polygons
2026-03-12 17:51:13 +0100: Memory Usage (443116K) : exchange2_drw has 0 polygons
2026-03-12 17:51:13 +0100: Memory Usage (443116K) : exchange2_pin has 0 polygons
2026-03-12 17:51:13 +0100: Memory Usage (443116K) : exchange2_text has 0 polygons
2026-03-12 17:51:13 +0100: Memory Usage (443244K) : exchange3_drw has 0 polygons
2026-03-12 17:51:13 +0100: Memory Usage (443244K) : exchange3_pin has 0 polygons
2026-03-12 17:51:13 +0100: Memory Usage (443244K) : exchange3_text has 0 polygons
2026-03-12 17:51:13 +0100: Memory Usage (443372K) : exchange4_drw has 0 polygons
2026-03-12 17:51:13 +0100: Memory Usage (443372K) : exchange4_pin has 0 polygons
2026-03-12 17:51:13 +0100: Memory Usage (443500K) : exchange4_text has 0 polygons
2026-03-12 17:51:13 +0100: Memory Usage (443500K) : isonwell_drw has 0 polygons
2026-03-12 17:51:13 +0100: Memory Usage (443500K) : Total no. of polygons in the design is 77
2026-03-12 17:51:13 +0100: Memory Usage (443500K) : Loaded TECH DRC rules values from /foss/pdks/ihp-sg13g2/libs.tech/klayout/python/sg13g2_pycell_lib/sg13g2_tech_mod.json
2026-03-12 17:51:13 +0100: Memory Usage (443500K) : Loaded default DRC rules values from /foss/pdks/ihp-sg13g2/libs.tech/klayout/tech/drc/rule_decks/sg13g2_tech_default.json
2026-03-12 17:51:13 +0100: Memory Usage (443500K) : The following rules values were missing in tech json and default values were used:
2026-03-12 17:51:13 +0100: Memory Usage (443500K) :   - Cnt_c_digibnd
2026-03-12 17:51:13 +0100: Memory Usage (444768K) : Total area of the design is 57.75 um^2.
2026-03-12 17:51:13 +0100: Memory Usage (444768K) : The design dimensions are 2.75 µm * 21.0 µm.
2026-03-12 17:51:13 +0100: Memory Usage (444768K) : Starting general IHP-SG13G2 derivations.
2026-03-12 17:51:13 +0100: Memory Usage (444768K) : Starting Pwell derivations
2026-03-12 17:51:13 +0100: Memory Usage (446740K) : Starting n-Activ derivations
2026-03-12 17:51:13 +0100: Memory Usage (446740K) : Starting p-Activ derivations
2026-03-12 17:51:13 +0100: Memory Usage (446868K) : Starting ptap derivations
2026-03-12 17:51:13 +0100: Memory Usage (446868K) : Starting ntap derivations
2026-03-12 17:51:13 +0100: Memory Usage (447184K) : Starting pact FET derivations
2026-03-12 17:51:13 +0100: Memory Usage (447312K) : Starting nact FET derivations
2026-03-12 17:51:13 +0100: Memory Usage (447312K) : Starting Gate derivations
2026-03-12 17:51:13 +0100: Memory Usage (447440K) : Starting cont/contbar general derivations
2026-03-12 17:51:13 +0100: Memory Usage (447568K) : Starting pad general derivations
2026-03-12 17:51:13 +0100: Memory Usage (447952K) : Starting IHP-SG13G2 DRC connectivity related derivations.
2026-03-12 17:51:13 +0100: Memory Usage (448848K) : Starting IHP-SG13G2 DRC connectivity setup
2026-03-12 17:51:13 +0100: Memory Usage (449232K) : Starting IHP-SG13G2 DRC rules.
2026-03-12 17:51:13 +0100: Memory Usage (449232K) : Running all FEOL rules
2026-03-12 17:51:13 +0100: Memory Usage (449232K) : Running all BEOL rules
2026-03-12 17:51:13 +0100: Memory Usage (449232K) : Running all PIN rules
2026-03-12 17:51:13 +0100: Memory Usage (449232K) : Running all FORBIDDEN rules
2026-03-12 17:51:13 +0100: Memory Usage (449232K) : Starting 5.1 NWell table
2026-03-12 17:51:13 +0100: Memory Usage (449232K) : Executing rule NW.b
2026-03-12 17:51:13 +0100: Memory Usage (449544K) : Executing rule NW.b1
2026-03-12 17:51:13 +0100: Memory Usage (450056K) : Starting 5.2 PWell:block
2026-03-12 17:51:13 +0100: Memory Usage (450056K) : Executing rule PWB.e
2026-03-12 17:51:13 +0100: Memory Usage (450184K) : Executing rule PWB.e1
2026-03-12 17:51:13 +0100: Memory Usage (450312K) : Executing rule PWB.f
2026-03-12 17:51:13 +0100: Memory Usage (450440K) : Executing rule PWB.f1
2026-03-12 17:51:13 +0100: Memory Usage (450952K) : Starting 5.3 nBuLay table
2026-03-12 17:51:13 +0100: Memory Usage (451208K) : Executing rule NBL.b
2026-03-12 17:51:13 +0100: Memory Usage (451208K) : Executing rule NBL.c
2026-03-12 17:51:13 +0100: Memory Usage (451208K) : Executing rule NBL.d
2026-03-12 17:51:13 +0100: Memory Usage (451208K) : Executing rule NBL.e
2026-03-12 17:51:13 +0100: Memory Usage (451208K) : Executing rule NBL.f
2026-03-12 17:51:13 +0100: Memory Usage (451208K) : Starting 5.5. Activ table
2026-03-12 17:51:13 +0100: Memory Usage (451208K) : Executing rule Act.a
2026-03-12 17:51:13 +0100: Memory Usage (451208K) : Executing rule Act.b
2026-03-12 17:51:13 +0100: Memory Usage (451208K) : Starting 5.6 Activ:filler table
2026-03-12 17:51:13 +0100: Memory Usage (451208K) : Executing rule AFil.c1
2026-03-12 17:51:13 +0100: Memory Usage (451208K) : Executing rule AFil.c
2026-03-12 17:51:13 +0100: Memory Usage (451208K) : Executing rule AFil.d
2026-03-12 17:51:13 +0100: Memory Usage (451208K) : Executing rule AFil.e
2026-03-12 17:51:13 +0100: Memory Usage (451208K) : Executing rule AFil.j
2026-03-12 17:51:13 +0100: Memory Usage (451208K) : Starting 5.7. ThickGateOx table
2026-03-12 17:51:13 +0100: Memory Usage (451208K) : Executing rule TGO.f
2026-03-12 17:51:13 +0100: Memory Usage (451208K) : Starting 5.8. GatPoly table
2026-03-12 17:51:13 +0100: Memory Usage (451208K) : Executing rule Gat.a
2026-03-12 17:51:13 +0100: Memory Usage (451208K) : Executing rule Gat.b
2026-03-12 17:51:13 +0100: Memory Usage (451208K) : Executing rule Gat.d
2026-03-12 17:51:13 +0100: Memory Usage (451208K) : Executing rule Gat.a1
2026-03-12 17:51:13 +0100: Memory Usage (451392K) : Executing rule Gat.a2
2026-03-12 17:51:13 +0100: Memory Usage (451392K) : Executing rule Gat.g
2026-03-12 17:51:13 +0100: Memory Usage (451392K) : Starting 5.9 GatPoly:filler
2026-03-12 17:51:13 +0100: Memory Usage (451552K) : Executing rule GFil.d
2026-03-12 17:51:13 +0100: Memory Usage (451552K) : Executing rule GFil.e
2026-03-12 17:51:13 +0100: Memory Usage (451552K) : Executing rule GFil.i
2026-03-12 17:51:13 +0100: Memory Usage (451552K) : Starting 5.10 pSD table
2026-03-12 17:51:13 +0100: Memory Usage (451552K) : Executing rule pSD.c1
2026-03-12 17:51:13 +0100: Memory Usage (451552K) : Starting 5.14. Cont table
2026-03-12 17:51:13 +0100: Memory Usage (451552K) : Executing rule Cnt.a
2026-03-12 17:51:13 +0100: Memory Usage (451552K) : Executing rule Cnt.b
2026-03-12 17:51:13 +0100: Memory Usage (451552K) : Executing rule Cnt.c
2026-03-12 17:51:13 +0100: Memory Usage (451552K) : Executing rule Cnt.c
2026-03-12 17:51:13 +0100: Memory Usage (451552K) : Executing rule Cnt.d
2026-03-12 17:51:13 +0100: Memory Usage (451552K) : Executing rule Cnt.e
2026-03-12 17:51:13 +0100: Memory Usage (451552K) : Executing rule Cnt.g1
2026-03-12 17:51:13 +0100: Memory Usage (451552K) : Executing rule Cnt.g2
2026-03-12 17:51:13 +0100: Memory Usage (451552K) : Starting 5.15. ContBar table
2026-03-12 17:51:13 +0100: Memory Usage (451552K) : Executing rule CntB.b1
2026-03-12 17:51:13 +0100: Memory Usage (451552K) : Executing rule CntB.h1
2026-03-12 17:51:13 +0100: Memory Usage (451552K) : Starting 6.1.3 NPN Substrate-Tie table
2026-03-12 17:51:13 +0100: Memory Usage (451552K) : Executing rule npn13G2.bR 
2026-03-12 17:51:13 +0100: Memory Usage (451552K) : Executing rule npn13G2L.cR 
2026-03-12 17:51:13 +0100: Memory Usage (451552K) : Executing rule npn13G2V.cR 
2026-03-12 17:51:13 +0100: Memory Usage (451552K) : Starting 6.7 Schottky diode table
2026-03-12 17:51:13 +0100: Memory Usage (451552K) : Executing rule Sdiod.d
2026-03-12 17:51:13 +0100: Memory Usage (451552K) : Executing rule Sdiod.e
2026-03-12 17:51:13 +0100: Memory Usage (451552K) : Starting 7.2 Latch-up table
2026-03-12 17:51:13 +0100: Memory Usage (451552K) : Executing rule LU.b
2026-03-12 17:51:13 +0100: Memory Usage (451552K) : Starting 5.16. Metal1 table
2026-03-12 17:51:13 +0100: Memory Usage (451552K) : Executing rule M1.a
2026-03-12 17:51:13 +0100: Memory Usage (451552K) : Executing rule M1.b
2026-03-12 17:51:13 +0100: Memory Usage (451736K) : Executing rule M1.e
2026-03-12 17:51:13 +0100: Memory Usage (451736K) : Executing rule M1.f
2026-03-12 17:51:13 +0100: Memory Usage (451736K) : Executing rule M1.g
2026-03-12 17:51:13 +0100: Memory Usage (451736K) : Executing rule M1.i
2026-03-12 17:51:13 +0100: Memory Usage (451864K) : Starting 5.17 Metaln table
2026-03-12 17:51:13 +0100: Memory Usage (451864K) : Executing rule M2.a
2026-03-12 17:51:13 +0100: Memory Usage (451864K) : Executing rule M2.b
2026-03-12 17:51:13 +0100: Memory Usage (451992K) : Executing rule M2.e
2026-03-12 17:51:13 +0100: Memory Usage (452248K) : Executing rule M2.f
2026-03-12 17:51:13 +0100: Memory Usage (452504K) : Executing rule M2.g
2026-03-12 17:51:13 +0100: Memory Usage (452760K) : Executing rule M2.i
2026-03-12 17:51:13 +0100: Memory Usage (453144K) : Executing rule M3.a
2026-03-12 17:51:13 +0100: Memory Usage (453272K) : Executing rule M3.b
2026-03-12 17:51:13 +0100: Memory Usage (453400K) : Executing rule M3.e
2026-03-12 17:51:13 +0100: Memory Usage (453656K) : Executing rule M3.f
2026-03-12 17:51:13 +0100: Memory Usage (453912K) : Executing rule M3.g
2026-03-12 17:51:13 +0100: Memory Usage (454168K) : Executing rule M3.i
2026-03-12 17:51:13 +0100: Memory Usage (454552K) : Executing rule M4.a
2026-03-12 17:51:13 +0100: Memory Usage (454680K) : Executing rule M4.b
2026-03-12 17:51:13 +0100: Memory Usage (454680K) : Executing rule M4.e
2026-03-12 17:51:13 +0100: Memory Usage (454936K) : Executing rule M4.f
2026-03-12 17:51:13 +0100: Memory Usage (455192K) : Executing rule M4.g
2026-03-12 17:51:13 +0100: Memory Usage (455576K) : Executing rule M4.i
2026-03-12 17:51:13 +0100: Memory Usage (455960K) : Executing rule M5.a
2026-03-12 17:51:13 +0100: Memory Usage (456088K) : Executing rule M5.b
2026-03-12 17:51:13 +0100: Memory Usage (456216K) : Executing rule M5.e
2026-03-12 17:51:13 +0100: Memory Usage (456472K) : Executing rule M5.f
2026-03-12 17:51:13 +0100: Memory Usage (456728K) : Executing rule M5.g
2026-03-12 17:51:13 +0100: Memory Usage (457112K) : Executing rule M5.i
2026-03-12 17:51:13 +0100: Memory Usage (457368K) : Starting 5.18 Metaln:filler table
2026-03-12 17:51:13 +0100: Memory Usage (457368K) : Executing rule M1Fil.c
2026-03-12 17:51:13 +0100: Memory Usage (457496K) : Executing rule M1Fil.a2
2026-03-12 17:51:13 +0100: Memory Usage (457624K) : Executing rule M2Fil.c
2026-03-12 17:51:13 +0100: Memory Usage (458008K) : Executing rule M2Fil.a2
2026-03-12 17:51:13 +0100: Memory Usage (458136K) : Executing rule M3Fil.c
2026-03-12 17:51:13 +0100: Memory Usage (458264K) : Executing rule M3Fil.a2
2026-03-12 17:51:13 +0100: Memory Usage (458392K) : Executing rule M4Fil.c
2026-03-12 17:51:13 +0100: Memory Usage (458520K) : Executing rule M4Fil.a2
2026-03-12 17:51:13 +0100: Memory Usage (458648K) : Executing rule M5Fil.c
2026-03-12 17:51:13 +0100: Memory Usage (458776K) : Executing rule M5Fil.a2
2026-03-12 17:51:13 +0100: Memory Usage (458904K) : Starting 5.19. Via1 table
2026-03-12 17:51:13 +0100: Memory Usage (458904K) : Starting 5.19. Via1 table derivations
2026-03-12 17:51:13 +0100: Memory Usage (459032K) : Executing rule V1.a
2026-03-12 17:51:13 +0100: Memory Usage (459160K) : Executing rule V1.b
2026-03-12 17:51:13 +0100: Memory Usage (459288K) : Executing rule V1.c
2026-03-12 17:51:13 +0100: Memory Usage (459544K) : Starting 5.20. Vian table
2026-03-12 17:51:13 +0100: Memory Usage (459544K) : Executing rule V2.a
2026-03-12 17:51:13 +0100: Memory Usage (459800K) : Executing rule V2.b
2026-03-12 17:51:13 +0100: Memory Usage (459928K) : Executing rule V2.c
2026-03-12 17:51:13 +0100: Memory Usage (460056K) : Executing rule V3.a
2026-03-12 17:51:13 +0100: Memory Usage (460056K) : Executing rule V3.b
2026-03-12 17:51:13 +0100: Memory Usage (460056K) : Executing rule V3.c
2026-03-12 17:51:13 +0100: Memory Usage (460056K) : Executing rule V4.a
2026-03-12 17:51:13 +0100: Memory Usage (460056K) : Executing rule V4.b
2026-03-12 17:51:13 +0100: Memory Usage (460056K) : Executing rule V4.c
2026-03-12 17:51:13 +0100: Memory Usage (460056K) : Starting 5.21. TopVia1 table
2026-03-12 17:51:13 +0100: Memory Usage (460056K) : Executing rule TV1.a
2026-03-12 17:51:13 +0100: Memory Usage (460056K) : Executing rule TV1.b
2026-03-12 17:51:13 +0100: Memory Usage (460056K) : Executing rule TV1.c
2026-03-12 17:51:13 +0100: Memory Usage (460056K) : Executing rule TV1.d
2026-03-12 17:51:13 +0100: Memory Usage (460056K) : Starting 5.22. TopMetal1 table
2026-03-12 17:51:13 +0100: Memory Usage (460056K) : Executing rule TM1.a
2026-03-12 17:51:13 +0100: Memory Usage (460056K) : Executing rule TM1.b
2026-03-12 17:51:13 +0100: Memory Usage (460056K) : Starting 5.23 TopMetal1:filler table
2026-03-12 17:51:13 +0100: Memory Usage (460056K) : Executing rule TM1Fil.c
2026-03-12 17:51:13 +0100: Memory Usage (460056K) : Executing rule TM1Fil.a1
2026-03-12 17:51:13 +0100: Memory Usage (460056K) : Starting 5.24. TopVia2 table
2026-03-12 17:51:13 +0100: Memory Usage (460056K) : Executing rule TV2.a
2026-03-12 17:51:13 +0100: Memory Usage (460056K) : Executing rule TV2.b
2026-03-12 17:51:13 +0100: Memory Usage (460056K) : Executing rule TV2.c
2026-03-12 17:51:13 +0100: Memory Usage (460056K) : Executing rule TV2.d
2026-03-12 17:51:13 +0100: Memory Usage (460056K) : Starting 5.25. TopMetal2 table
2026-03-12 17:51:13 +0100: Memory Usage (460056K) : Executing rule TM2.a
2026-03-12 17:51:13 +0100: Memory Usage (460056K) : Executing rule TM2.b
2026-03-12 17:51:13 +0100: Memory Usage (460056K) : Executing rule TM2.bR
2026-03-12 17:51:13 +0100: Memory Usage (460056K) : Starting 5.26 TopMetal2:filler table
2026-03-12 17:51:13 +0100: Memory Usage (460056K) : Executing rule TM2Fil.c
2026-03-12 17:51:13 +0100: Memory Usage (460056K) : Executing rule TM2Fil.a1
2026-03-12 17:51:13 +0100: Memory Usage (460056K) : Starting 5.27. Passiv table
2026-03-12 17:51:13 +0100: Memory Usage (460056K) : Executing rule Pas.a
2026-03-12 17:51:13 +0100: Memory Usage (460056K) : Executing rule Pas.b
2026-03-12 17:51:13 +0100: Memory Usage (460056K) : Executing rule Pas.c
2026-03-12 17:51:13 +0100: Memory Usage (460056K) : Starting 6.9.2 Copper Pillar table
2026-03-12 17:51:13 +0100: Memory Usage (460056K) : Executing rule Padc.a
2026-03-12 17:51:13 +0100: Memory Usage (460056K) : Executing rule Padc.b
2026-03-12 17:51:13 +0100: Memory Usage (460056K) : Executing rule Padc.c
2026-03-12 17:51:13 +0100: Memory Usage (460056K) : Executing rule Padb.f
2026-03-12 17:51:13 +0100: Memory Usage (460056K) : Starting 6.9 Pad table
2026-03-12 17:51:13 +0100: Memory Usage (460056K) : Executing rule Pad.m
2026-03-12 17:51:13 +0100: Memory Usage (460056K) : Executing rule Pad.fR_M1
2026-03-12 17:51:13 +0100: Memory Usage (460056K) : Executing rule Pad.fR_M2
2026-03-12 17:51:13 +0100: Memory Usage (460056K) : Executing rule Pad.fR_M3
2026-03-12 17:51:13 +0100: Memory Usage (460056K) : Executing rule Pad.fR_M4
2026-03-12 17:51:13 +0100: Memory Usage (460056K) : Executing rule Pad.fR_M5
2026-03-12 17:51:13 +0100: Memory Usage (460056K) : Executing rule Pad.fR_TM1
2026-03-12 17:51:13 +0100: Memory Usage (460056K) : Executing rule Pad.fR_TM2
2026-03-12 17:51:13 +0100: Memory Usage (460056K) : Executing rule Pad.i
2026-03-12 17:51:13 +0100: Memory Usage (460056K) : Starting 6.9.1 Solder Bump
2026-03-12 17:51:13 +0100: Memory Usage (460056K) : Executing rule Padb.a
2026-03-12 17:51:13 +0100: Memory Usage (460056K) : Executing rule Padb.b
2026-03-12 17:51:13 +0100: Memory Usage (460056K) : Executing rule Padb.c
2026-03-12 17:51:13 +0100: Memory Usage (460056K) : Executing rule Padb.f
2026-03-12 17:51:13 +0100: Memory Usage (460056K) : Executing rule Padb.d
2026-03-12 17:51:13 +0100: Memory Usage (460056K) : Starting 6.10 Sealring table
2026-03-12 17:51:13 +0100: Memory Usage (460056K) : Executing rule Seal.l
2026-03-12 17:51:13 +0100: Memory Usage (460056K) : Executing rule Seal.n
2026-03-12 17:51:13 +0100: Memory Usage (460056K) : Executing rule seal.b_metal1
2026-03-12 17:51:13 +0100: Memory Usage (460056K) : Executing rule seal.b_metal2
2026-03-12 17:51:13 +0100: Memory Usage (460056K) : Executing rule seal.b_metal3
2026-03-12 17:51:13 +0100: Memory Usage (460056K) : Executing rule seal.b_metal4
2026-03-12 17:51:13 +0100: Memory Usage (460056K) : Executing rule seal.b_metal5
2026-03-12 17:51:13 +0100: Memory Usage (460056K) : Executing rule seal.b_topmetal1
2026-03-12 17:51:13 +0100: Memory Usage (460056K) : Executing rule seal.b_topmetal2
2026-03-12 17:51:13 +0100: Memory Usage (460056K) : Executing rule seal.b_activ
2026-03-12 17:51:13 +0100: Memory Usage (460056K) : Executing rule seal.b_psd
2026-03-12 17:51:13 +0100: Memory Usage (460056K) : Executing rule Seal.k
2026-03-12 17:51:13 +0100: Memory Usage (460056K) : Executing rule Seal.m
2026-03-12 17:51:13 +0100: Memory Usage (460056K) : Starting 6.11 MIM table
2026-03-12 17:51:13 +0100: Memory Usage (460056K) : Executing rule MIM.c
2026-03-12 17:51:13 +0100: Memory Usage (460056K) : Executing rule MIM.d
2026-03-12 17:51:13 +0100: Memory Usage (460056K) : Executing rule MIM.gR
2026-03-12 17:51:13 +0100: Memory Usage (460056K) : Starting 7.3 Metal Slits table
2026-03-12 17:51:13 +0100: Memory Usage (460056K) : Executing rule Slt.e1_M1
2026-03-12 17:51:13 +0100: Memory Usage (460056K) : Executing rule Slt.e1_M2
2026-03-12 17:51:13 +0100: Memory Usage (460056K) : Executing rule Slt.e1_M3
2026-03-12 17:51:13 +0100: Memory Usage (460056K) : Executing rule Slt.e1_M4
2026-03-12 17:51:13 +0100: Memory Usage (460056K) : Executing rule Slt.e1_M5
2026-03-12 17:51:13 +0100: Memory Usage (460056K) : Executing rule Slt.e1_TM1
2026-03-12 17:51:13 +0100: Memory Usage (460056K) : Executing rule Slt.e1_TM2
2026-03-12 17:51:13 +0100: Memory Usage (460056K) : Starting 9.1. LBE table
2026-03-12 17:51:13 +0100: Memory Usage (460056K) : Executing rule LBE.a
2026-03-12 17:51:13 +0100: Memory Usage (460056K) : Executing rule LBE.b
2026-03-12 17:51:13 +0100: Memory Usage (460056K) : Executing rule LBE.b1
2026-03-12 17:51:13 +0100: Memory Usage (460056K) : Executing rule LBE.c
2026-03-12 17:51:13 +0100: Memory Usage (460056K) : Executing rule LBE.d
2026-03-12 17:51:13 +0100: Memory Usage (460056K) : Executing rule LBE.h
2026-03-12 17:51:13 +0100: Memory Usage (460056K) : Starting 7.4. PIN table
2026-03-12 17:51:13 +0100: Memory Usage (460056K) : Executing rule Pin.a
2026-03-12 17:51:13 +0100: Memory Usage (460056K) : Executing rule Pin.b
2026-03-12 17:51:13 +0100: Memory Usage (460056K) : Executing rule Pin.e
2026-03-12 17:51:13 +0100: Memory Usage (460056K) : Executing rule Pin.f_M2
2026-03-12 17:51:13 +0100: Memory Usage (460056K) : Executing rule Pin.f_M3
2026-03-12 17:51:13 +0100: Memory Usage (460056K) : Executing rule Pin.f_M4
2026-03-12 17:51:13 +0100: Memory Usage (460056K) : Executing rule Pin.f_M5
2026-03-12 17:51:13 +0100: Memory Usage (460056K) : Executing rule Pin.g
2026-03-12 17:51:13 +0100: Memory Usage (460056K) : Executing rule Pin.h
2026-03-12 17:51:13 +0100: Memory Usage (460056K) : Starting 3.2. FORBIDDEN table
2026-03-12 17:51:13 +0100: Memory Usage (460056K) : Executing rule forbidden.biwind
2026-03-12 17:51:13 +0100: Memory Usage (460056K) : Executing rule forbidden.pemwind
2026-03-12 17:51:13 +0100: Memory Usage (460056K) : Executing rule forbidden.baspoly
2026-03-12 17:51:13 +0100: Memory Usage (460056K) : Executing rule forbidden.deepco
2026-03-12 17:51:13 +0100: Memory Usage (460056K) : Executing rule forbidden.pempoly
2026-03-12 17:51:13 +0100: Memory Usage (460056K) : Executing rule forbidden.empoly
2026-03-12 17:51:13 +0100: Memory Usage (460056K) : Executing rule forbidden.ldmos
2026-03-12 17:51:13 +0100: Memory Usage (460056K) : Executing rule forbidden.pbiwind
2026-03-12 17:51:13 +0100: Memory Usage (460056K) : Executing rule forbidden.nodrc
2026-03-12 17:51:13 +0100: Memory Usage (460056K) : Executing rule forbidden.flash
2026-03-12 17:51:13 +0100: Memory Usage (460056K) : Executing rule forbidden.colwind
2026-03-12 17:51:13 +0100: Memory Usage (460056K) : KLayout DRC run for tables 'main' completed in 0.52 seconds
