# Logfile created on 2026-03-18 23:19:50 +0100 by logger.rb/v1.5.3
2026-03-18 23:19:50 +0100: Memory Usage (440800K) : Starting running SG13G2 Klayout LVS runset on /foss/designs/ttihp26a-adex-neuron-ncs/klayout/mux.gds
2026-03-18 23:19:50 +0100: Memory Usage (440800K) : Ruby Version for klayout: 3.2.3
2026-03-18 23:19:50 +0100: Memory Usage (441680K) : Loading database to memory is complete.
2026-03-18 23:19:50 +0100: Memory Usage (441680K) : SG13G2 Klayout LVS runset output at: /foss/designs/ttihp26a-adex-neuron-ncs/klayout/lvs_run_mux21_2026_03_18_23_19_48/mux.lvsdb
2026-03-18 23:19:50 +0100: Memory Usage (441680K) : Evaluate switches.
2026-03-18 23:19:50 +0100: Memory Usage (441680K) : Extracted netlist with net names: true
2026-03-18 23:19:50 +0100: Memory Usage (441680K) : Extracted netlist with comments in details: false
2026-03-18 23:19:50 +0100: Memory Usage (441680K) : Selected NET_ONLY option: false
2026-03-18 23:19:50 +0100: Memory Usage (441680K) : Selected LAYOUT_NETLIST option: (none)
2026-03-18 23:19:50 +0100: Memory Usage (441680K) : Selected IGNORE_TOP_PORTS_MISMATCH option: 
2026-03-18 23:19:50 +0100: Memory Usage (441680K) : Selected IMPLICIT_NETS option: (none)
2026-03-18 23:19:50 +0100: Memory Usage (441680K) : Selected TOP_LVL_PINS option: false
2026-03-18 23:19:50 +0100: Memory Usage (441680K) : Selected COMBINE DEVICES option: false
2026-03-18 23:19:50 +0100: Memory Usage (441680K) : Selected PURGE option: false
2026-03-18 23:19:50 +0100: Memory Usage (441680K) : Selected PURGE_NETS option: false
2026-03-18 23:19:50 +0100: Memory Usage (441680K) : Selected SIMPLIFY option: true
2026-03-18 23:19:50 +0100: Memory Usage (441680K) : Selected SERIES_RES option: true
2026-03-18 23:19:50 +0100: Memory Usage (441680K) : Selected PARALLEL_RES option: true
2026-03-18 23:19:50 +0100: Memory Usage (441680K) : flat  mode is enabled.
2026-03-18 23:19:50 +0100: Memory Usage (441680K) : Netlist file: /foss/designs/ttihp26a-adex-neuron-ncs/xschem/simulation/mux21.spice
2026-03-18 23:19:50 +0100: Memory Usage (441680K) : LVS extracted netlist at: /foss/designs/ttihp26a-adex-neuron-ncs/klayout/lvs_run_mux21_2026_03_18_23_19_48/mux_extracted.cir
2026-03-18 23:19:50 +0100: Memory Usage (441680K) : Applying SRAM integration support.
2026-03-18 23:19:50 +0100: Memory Usage (441680K) : Starting SG13G2 LVS runset
2026-03-18 23:19:50 +0100: Memory Usage (441680K) : Read in polygons from layers.
2026-03-18 23:19:50 +0100: Memory Usage (442904K) : activ_drw has 32 polygons
2026-03-18 23:19:50 +0100: Memory Usage (442904K) : activ_filler has 0 polygons
2026-03-18 23:19:50 +0100: Memory Usage (442904K) : activ has 32 polygons
2026-03-18 23:19:50 +0100: Memory Usage (442904K) : activ_pin has 0 polygons
2026-03-18 23:19:50 +0100: Memory Usage (442904K) : activ_mask has 0 polygons
2026-03-18 23:19:50 +0100: Memory Usage (443288K) : activ_nofill has 0 polygons
2026-03-18 23:19:50 +0100: Memory Usage (443288K) : activ_OPC has 0 polygons
2026-03-18 23:19:50 +0100: Memory Usage (443288K) : activ_iOPC has 0 polygons
2026-03-18 23:19:50 +0100: Memory Usage (443288K) : activ_noqrc has 0 polygons
2026-03-18 23:19:50 +0100: Memory Usage (443288K) : biwind_drw has 0 polygons
2026-03-18 23:19:50 +0100: Memory Usage (443288K) : biwind_OPC has 0 polygons
2026-03-18 23:19:50 +0100: Memory Usage (443672K) : gatpoly_drw has 24 polygons
2026-03-18 23:19:50 +0100: Memory Usage (443672K) : gatpoly_filler has 0 polygons
2026-03-18 23:19:50 +0100: Memory Usage (443672K) : gatpoly has 24 polygons
2026-03-18 23:19:50 +0100: Memory Usage (443672K) : gatpoly_pin has 0 polygons
2026-03-18 23:19:50 +0100: Memory Usage (443672K) : gatpoly_nofill has 0 polygons
2026-03-18 23:19:50 +0100: Memory Usage (443672K) : gatpoly_OPC has 0 polygons
2026-03-18 23:19:50 +0100: Memory Usage (443672K) : gatpoly_iOPC has 0 polygons
2026-03-18 23:19:50 +0100: Memory Usage (444056K) : gatpoly_noqrc has 0 polygons
2026-03-18 23:19:50 +0100: Memory Usage (444056K) : cont_drw has 560 polygons
2026-03-18 23:19:50 +0100: Memory Usage (444056K) : cont_OPC has 0 polygons
2026-03-18 23:19:50 +0100: Memory Usage (444056K) : nsd_drw has 0 polygons
2026-03-18 23:19:50 +0100: Memory Usage (444440K) : nsd_block has 0 polygons
2026-03-18 23:19:50 +0100: Memory Usage (444440K) : metal1_drw has 80 polygons
2026-03-18 23:19:50 +0100: Memory Usage (444440K) : metal1_filler has 0 polygons
2026-03-18 23:19:50 +0100: Memory Usage (444824K) : metal1_slit has 0 polygons
2026-03-18 23:19:50 +0100: Memory Usage (444824K) : metal1 has 80 polygons
2026-03-18 23:19:50 +0100: Memory Usage (444824K) : metal1_pin has 0 polygons
2026-03-18 23:19:50 +0100: Memory Usage (445208K) : metal1_mask has 0 polygons
2026-03-18 23:19:50 +0100: Memory Usage (445208K) : metal1_nofill has 0 polygons
2026-03-18 23:19:50 +0100: Memory Usage (445648K) : metal1_text has 0 polygons
2026-03-18 23:19:50 +0100: Memory Usage (445648K) : metal1_OPC has 0 polygons
2026-03-18 23:19:50 +0100: Memory Usage (446032K) : metal1_noqrc has 0 polygons
2026-03-18 23:19:50 +0100: Memory Usage (446032K) : metal1_res has 0 polygons
2026-03-18 23:19:50 +0100: Memory Usage (446032K) : metal1_iprobe has 0 polygons
2026-03-18 23:19:50 +0100: Memory Usage (446416K) : metal1_diffprb has 0 polygons
2026-03-18 23:19:50 +0100: Memory Usage (446416K) : passiv_drw has 0 polygons
2026-03-18 23:19:50 +0100: Memory Usage (446416K) : passiv_pin has 0 polygons
2026-03-18 23:19:50 +0100: Memory Usage (446800K) : passiv_sbump has 0 polygons
2026-03-18 23:19:50 +0100: Memory Usage (446800K) : passiv_pillar has 0 polygons
2026-03-18 23:19:50 +0100: Memory Usage (446800K) : passiv_pdl has 0 polygons
2026-03-18 23:19:50 +0100: Memory Usage (447184K) : metal2_drw has 76 polygons
2026-03-18 23:19:50 +0100: Memory Usage (447184K) : metal2_filler has 0 polygons
2026-03-18 23:19:50 +0100: Memory Usage (447568K) : metal2_slit has 0 polygons
2026-03-18 23:19:50 +0100: Memory Usage (447568K) : metal2 has 76 polygons
2026-03-18 23:19:50 +0100: Memory Usage (447568K) : metal2_pin has 0 polygons
2026-03-18 23:19:50 +0100: Memory Usage (447568K) : metal2_mask has 0 polygons
2026-03-18 23:19:50 +0100: Memory Usage (447952K) : metal2_nofill has 0 polygons
2026-03-18 23:19:50 +0100: Memory Usage (447952K) : metal2_text has 0 polygons
2026-03-18 23:19:50 +0100: Memory Usage (447952K) : metal2_OPC has 0 polygons
2026-03-18 23:19:50 +0100: Memory Usage (448336K) : metal2_noqrc has 0 polygons
2026-03-18 23:19:50 +0100: Memory Usage (448336K) : metal2_res has 0 polygons
2026-03-18 23:19:50 +0100: Memory Usage (448720K) : metal2_iprobe has 0 polygons
2026-03-18 23:19:50 +0100: Memory Usage (448720K) : metal2_diffprb has 0 polygons
2026-03-18 23:19:50 +0100: Memory Usage (448720K) : baspoly_drw has 0 polygons
2026-03-18 23:19:50 +0100: Memory Usage (449104K) : baspoly_pin has 0 polygons
2026-03-18 23:19:50 +0100: Memory Usage (449104K) : psd_drw has 16 polygons
2026-03-18 23:19:50 +0100: Memory Usage (449104K) : nldb_drw has 0 polygons
2026-03-18 23:19:50 +0100: Memory Usage (449104K) : digibnd_drw has 0 polygons
2026-03-18 23:19:50 +0100: Memory Usage (449488K) : via1_drw has 460 polygons
2026-03-18 23:19:50 +0100: Memory Usage (449488K) : backmetal1_drw has 0 polygons
2026-03-18 23:19:50 +0100: Memory Usage (449872K) : backmetal1_pin has 0 polygons
2026-03-18 23:19:50 +0100: Memory Usage (449872K) : backmetal1_mask has 0 polygons
2026-03-18 23:19:50 +0100: Memory Usage (449872K) : backmetal1_filler has 0 polygons
2026-03-18 23:19:50 +0100: Memory Usage (450256K) : backmetal1_nofill has 0 polygons
2026-03-18 23:19:50 +0100: Memory Usage (450256K) : backmetal1_slit has 0 polygons
2026-03-18 23:19:50 +0100: Memory Usage (450256K) : backmetal1_text has 0 polygons
2026-03-18 23:19:50 +0100: Memory Usage (450640K) : backmetal1_OPC has 0 polygons
2026-03-18 23:19:50 +0100: Memory Usage (450640K) : backmetal1_noqrc has 0 polygons
2026-03-18 23:19:50 +0100: Memory Usage (450640K) : backmetal1_res has 0 polygons
2026-03-18 23:19:50 +0100: Memory Usage (451024K) : backmetal1_iprobe has 0 polygons
2026-03-18 23:19:50 +0100: Memory Usage (451024K) : backmetal1_diffprb has 0 polygons
2026-03-18 23:19:50 +0100: Memory Usage (451024K) : backpassiv_drw has 0 polygons
2026-03-18 23:19:50 +0100: Memory Usage (451408K) : res_drw has 0 polygons
2026-03-18 23:19:50 +0100: Memory Usage (451408K) : sram_drw has 0 polygons
2026-03-18 23:19:50 +0100: Memory Usage (451408K) : trans_drw has 0 polygons
2026-03-18 23:19:50 +0100: Memory Usage (451792K) : ind_drw has 0 polygons
2026-03-18 23:19:50 +0100: Memory Usage (451792K) : ind_pin has 0 polygons
2026-03-18 23:19:50 +0100: Memory Usage (451792K) : ind_text has 0 polygons
2026-03-18 23:19:50 +0100: Memory Usage (452176K) : salblock_drw has 0 polygons
2026-03-18 23:19:50 +0100: Memory Usage (452176K) : via2_drw has 58 polygons
2026-03-18 23:19:50 +0100: Memory Usage (452176K) : metal3_drw has 19 polygons
2026-03-18 23:19:50 +0100: Memory Usage (452560K) : metal3_filler has 0 polygons
2026-03-18 23:19:50 +0100: Memory Usage (452560K) : metal3_slit has 0 polygons
2026-03-18 23:19:50 +0100: Memory Usage (452560K) : metal3 has 19 polygons
2026-03-18 23:19:50 +0100: Memory Usage (452944K) : metal3_pin has 2 polygons
2026-03-18 23:19:50 +0100: Memory Usage (452944K) : metal3_mask has 0 polygons
2026-03-18 23:19:50 +0100: Memory Usage (452944K) : metal3_nofill has 0 polygons
2026-03-18 23:19:50 +0100: Memory Usage (453328K) : metal3_text has 2 polygons
2026-03-18 23:19:50 +0100: Memory Usage (453328K) : metal3_OPC has 0 polygons
2026-03-18 23:19:50 +0100: Memory Usage (453328K) : metal3_noqrc has 0 polygons
2026-03-18 23:19:50 +0100: Memory Usage (453328K) : metal3_res has 0 polygons
2026-03-18 23:19:50 +0100: Memory Usage (453712K) : metal3_iprobe has 0 polygons
2026-03-18 23:19:50 +0100: Memory Usage (453712K) : metal3_diffprb has 0 polygons
2026-03-18 23:19:50 +0100: Memory Usage (453712K) : nwell_drw has 2 polygons
2026-03-18 23:19:50 +0100: Memory Usage (454096K) : nwell_pin has 0 polygons
2026-03-18 23:19:50 +0100: Memory Usage (454096K) : nwell_text has 0 polygons
2026-03-18 23:19:50 +0100: Memory Usage (454096K) : nbulay_drw has 0 polygons
2026-03-18 23:19:50 +0100: Memory Usage (454096K) : nbulay_pin has 0 polygons
2026-03-18 23:19:50 +0100: Memory Usage (454480K) : nbulay_block has 0 polygons
2026-03-18 23:19:50 +0100: Memory Usage (454480K) : emwind_drw has 0 polygons
2026-03-18 23:19:50 +0100: Memory Usage (454480K) : emwind_OPC has 0 polygons
2026-03-18 23:19:50 +0100: Memory Usage (454864K) : deepco_drw has 0 polygons
2026-03-18 23:19:50 +0100: Memory Usage (454864K) : mim_drw has 0 polygons
2026-03-18 23:19:50 +0100: Memory Usage (454864K) : edgeseal_drw has 0 polygons
2026-03-18 23:19:50 +0100: Memory Usage (455248K) : substrate_drw has 0 polygons
2026-03-18 23:19:50 +0100: Memory Usage (455248K) : substrate_text has 0 polygons
2026-03-18 23:19:50 +0100: Memory Usage (455248K) : dfpad_drw has 0 polygons
2026-03-18 23:19:50 +0100: Memory Usage (455248K) : dfpad_pillar has 0 polygons
2026-03-18 23:19:50 +0100: Memory Usage (455632K) : dfpad_sbump has 0 polygons
2026-03-18 23:19:50 +0100: Memory Usage (455632K) : thickgateox_drw has 0 polygons
2026-03-18 23:19:50 +0100: Memory Usage (455632K) : pldb_drw has 0 polygons
2026-03-18 23:19:50 +0100: Memory Usage (456016K) : pwell_drw has 0 polygons
2026-03-18 23:19:50 +0100: Memory Usage (456016K) : pwell_pin has 0 polygons
2026-03-18 23:19:50 +0100: Memory Usage (456016K) : pwell_block has 0 polygons
2026-03-18 23:19:50 +0100: Memory Usage (456400K) : ic_drw has 0 polygons
2026-03-18 23:19:50 +0100: Memory Usage (456400K) : via3_drw has 34 polygons
2026-03-18 23:19:50 +0100: Memory Usage (456400K) : metal4_drw has 7 polygons
2026-03-18 23:19:50 +0100: Memory Usage (456784K) : metal4_filler has 0 polygons
2026-03-18 23:19:50 +0100: Memory Usage (456784K) : metal4_slit has 0 polygons
2026-03-18 23:19:50 +0100: Memory Usage (456784K) : metal4 has 7 polygons
2026-03-18 23:19:50 +0100: Memory Usage (457168K) : metal4_pin has 5 polygons
2026-03-18 23:19:50 +0100: Memory Usage (457168K) : metal4_mask has 0 polygons
2026-03-18 23:19:50 +0100: Memory Usage (457168K) : metal4_nofill has 0 polygons
2026-03-18 23:19:50 +0100: Memory Usage (457168K) : metal4_text has 5 polygons
2026-03-18 23:19:50 +0100: Memory Usage (457552K) : metal4_OPC has 0 polygons
2026-03-18 23:19:50 +0100: Memory Usage (457552K) : metal4_noqrc has 0 polygons
2026-03-18 23:19:50 +0100: Memory Usage (457552K) : metal4_res has 0 polygons
2026-03-18 23:19:50 +0100: Memory Usage (457936K) : metal4_iprobe has 0 polygons
2026-03-18 23:19:50 +0100: Memory Usage (457936K) : metal4_diffprb has 0 polygons
2026-03-18 23:19:50 +0100: Memory Usage (457936K) : heattrans_drw has 0 polygons
2026-03-18 23:19:50 +0100: Memory Usage (458320K) : heatres_drw has 0 polygons
2026-03-18 23:19:50 +0100: Memory Usage (458320K) : fbe_drw has 0 polygons
2026-03-18 23:19:50 +0100: Memory Usage (458320K) : empoly_drw has 0 polygons
2026-03-18 23:19:50 +0100: Memory Usage (458320K) : digisub_drw has 0 polygons
2026-03-18 23:19:50 +0100: Memory Usage (458704K) : text_drw has 0 polygons
2026-03-18 23:19:50 +0100: Memory Usage (458704K) : via4_drw has 0 polygons
2026-03-18 23:19:50 +0100: Memory Usage (458704K) : metal5_drw has 0 polygons
2026-03-18 23:19:50 +0100: Memory Usage (458704K) : metal5_filler has 0 polygons
2026-03-18 23:19:50 +0100: Memory Usage (459088K) : metal5_slit has 0 polygons
2026-03-18 23:19:50 +0100: Memory Usage (459088K) : metal5 has 0 polygons
2026-03-18 23:19:50 +0100: Memory Usage (459088K) : metal5_pin has 0 polygons
2026-03-18 23:19:50 +0100: Memory Usage (459472K) : metal5_mask has 0 polygons
2026-03-18 23:19:50 +0100: Memory Usage (459472K) : metal5_nofill has 0 polygons
2026-03-18 23:19:50 +0100: Memory Usage (459472K) : metal5_text has 0 polygons
2026-03-18 23:19:50 +0100: Memory Usage (459472K) : metal5_OPC has 0 polygons
2026-03-18 23:19:50 +0100: Memory Usage (459856K) : metal5_noqrc has 0 polygons
2026-03-18 23:19:50 +0100: Memory Usage (459856K) : metal5_res has 0 polygons
2026-03-18 23:19:50 +0100: Memory Usage (459856K) : metal5_iprobe has 0 polygons
2026-03-18 23:19:50 +0100: Memory Usage (460240K) : metal5_diffprb has 0 polygons
2026-03-18 23:19:50 +0100: Memory Usage (460240K) : radhard_drw has 0 polygons
2026-03-18 23:19:50 +0100: Memory Usage (460240K) : memcap_drw has 0 polygons
2026-03-18 23:19:50 +0100: Memory Usage (460624K) : varicap_drw has 0 polygons
2026-03-18 23:19:50 +0100: Memory Usage (460624K) : intbondvia_drw has 0 polygons
2026-03-18 23:19:50 +0100: Memory Usage (460624K) : intbondmet_drw has 0 polygons
2026-03-18 23:19:50 +0100: Memory Usage (460624K) : devbondvia_drw has 0 polygons
2026-03-18 23:19:50 +0100: Memory Usage (461008K) : devbondmet_drw has 0 polygons
2026-03-18 23:19:50 +0100: Memory Usage (461008K) : devtrench_drw has 0 polygons
2026-03-18 23:19:50 +0100: Memory Usage (461008K) : redist_drw has 0 polygons
2026-03-18 23:19:50 +0100: Memory Usage (461392K) : graphbot_drw has 0 polygons
2026-03-18 23:19:50 +0100: Memory Usage (461392K) : graphtop_drw has 0 polygons
2026-03-18 23:19:50 +0100: Memory Usage (461392K) : antvia1_drw has 0 polygons
2026-03-18 23:19:50 +0100: Memory Usage (461392K) : antmetal2_drw has 0 polygons
2026-03-18 23:19:50 +0100: Memory Usage (461392K) : graphcont_drw has 0 polygons
2026-03-18 23:19:50 +0100: Memory Usage (461776K) : siwg_drw has 0 polygons
2026-03-18 23:19:50 +0100: Memory Usage (461776K) : siwg_filler has 0 polygons
2026-03-18 23:19:50 +0100: Memory Usage (461776K) : siwg_nofill has 0 polygons
2026-03-18 23:19:50 +0100: Memory Usage (462160K) : sigrating_drw has 0 polygons
2026-03-18 23:19:50 +0100: Memory Usage (462160K) : singrating_drw has 0 polygons
2026-03-18 23:19:50 +0100: Memory Usage (462160K) : graphpas_drw has 0 polygons
2026-03-18 23:19:50 +0100: Memory Usage (462544K) : emwind3_drw has 0 polygons
2026-03-18 23:19:50 +0100: Memory Usage (462544K) : emwihv3_drw has 0 polygons
2026-03-18 23:19:50 +0100: Memory Usage (462544K) : redbulay_drw has 0 polygons
2026-03-18 23:19:50 +0100: Memory Usage (462928K) : smos_drw has 0 polygons
2026-03-18 23:19:50 +0100: Memory Usage (462928K) : graphpad_drw has 0 polygons
2026-03-18 23:19:50 +0100: Memory Usage (462928K) : polimide_drw has 0 polygons
2026-03-18 23:19:50 +0100: Memory Usage (463312K) : polimide_pin has 0 polygons
2026-03-18 23:19:50 +0100: Memory Usage (463312K) : recog_drw has 0 polygons
2026-03-18 23:19:50 +0100: Memory Usage (463312K) : recog_pin has 0 polygons
2026-03-18 23:19:50 +0100: Memory Usage (463312K) : recog_esd has 0 polygons
2026-03-18 23:19:50 +0100: Memory Usage (463696K) : recog_diode has 0 polygons
2026-03-18 23:19:50 +0100: Memory Usage (463696K) : recog_tsv has 0 polygons
2026-03-18 23:19:50 +0100: Memory Usage (463696K) : recog_iprobe has 0 polygons
2026-03-18 23:19:50 +0100: Memory Usage (464080K) : recog_diffprb has 0 polygons
2026-03-18 23:19:50 +0100: Memory Usage (464080K) : recog_pillar has 0 polygons
2026-03-18 23:19:50 +0100: Memory Usage (464080K) : recog_sbump has 0 polygons
2026-03-18 23:19:50 +0100: Memory Usage (464464K) : recog_otp has 0 polygons
2026-03-18 23:19:50 +0100: Memory Usage (464464K) : recog_pdiode has 0 polygons
2026-03-18 23:19:50 +0100: Memory Usage (464464K) : recog_mom has 0 polygons
2026-03-18 23:19:50 +0100: Memory Usage (464848K) : recog_pcm has 0 polygons
2026-03-18 23:19:50 +0100: Memory Usage (464848K) : colopen_drw has 0 polygons
2026-03-18 23:19:50 +0100: Memory Usage (464848K) : graphmetal1_drw has 0 polygons
2026-03-18 23:19:50 +0100: Memory Usage (465232K) : graphmetal1_filler has 0 polygons
2026-03-18 23:19:50 +0100: Memory Usage (465232K) : graphmetal1_nofill has 0 polygons
2026-03-18 23:19:50 +0100: Memory Usage (465232K) : graphmetal1_slit has 0 polygons
2026-03-18 23:19:50 +0100: Memory Usage (465616K) : graphmetal1_OPC has 0 polygons
2026-03-18 23:19:50 +0100: Memory Usage (465616K) : graphmet1l_drw has 0 polygons
2026-03-18 23:19:50 +0100: Memory Usage (465616K) : graphmet1l_filler has 0 polygons
2026-03-18 23:19:50 +0100: Memory Usage (466000K) : graphmet1l_nofill has 0 polygons
2026-03-18 23:19:50 +0100: Memory Usage (466000K) : graphmet1l_slit has 0 polygons
2026-03-18 23:19:50 +0100: Memory Usage (466000K) : graphmet1l_OPC has 0 polygons
2026-03-18 23:19:50 +0100: Memory Usage (466000K) : extblock_drw has 0 polygons
2026-03-18 23:19:50 +0100: Memory Usage (466384K) : nldd_drw has 0 polygons
2026-03-18 23:19:50 +0100: Memory Usage (466384K) : pldd_drw has 0 polygons
2026-03-18 23:19:50 +0100: Memory Usage (466384K) : next_drw has 0 polygons
2026-03-18 23:19:50 +0100: Memory Usage (466768K) : pext_drw has 0 polygons
2026-03-18 23:19:50 +0100: Memory Usage (466768K) : nexthv_drw has 0 polygons
2026-03-18 23:19:50 +0100: Memory Usage (466768K) : pexthv_drw has 0 polygons
2026-03-18 23:19:50 +0100: Memory Usage (467152K) : graphgate_drw has 0 polygons
2026-03-18 23:19:50 +0100: Memory Usage (467152K) : sinwg_drw has 0 polygons
2026-03-18 23:19:50 +0100: Memory Usage (467152K) : sinwg_filler has 0 polygons
2026-03-18 23:19:50 +0100: Memory Usage (467536K) : sinwg_nofill has 0 polygons
2026-03-18 23:19:50 +0100: Memory Usage (467536K) : mempad_drw has 0 polygons
2026-03-18 23:19:50 +0100: Memory Usage (467536K) : topvia1_drw has 0 polygons
2026-03-18 23:19:50 +0100: Memory Usage (467920K) : topmetal1_drw has 0 polygons
2026-03-18 23:19:50 +0100: Memory Usage (467920K) : topmetal1_filler has 0 polygons
2026-03-18 23:19:50 +0100: Memory Usage (467920K) : topmetal1_slit has 0 polygons
2026-03-18 23:19:50 +0100: Memory Usage (468304K) : topmetal1 has 0 polygons
2026-03-18 23:19:50 +0100: Memory Usage (468304K) : topmetal1_pin has 0 polygons
2026-03-18 23:19:50 +0100: Memory Usage (468304K) : topmetal1_mask has 0 polygons
2026-03-18 23:19:50 +0100: Memory Usage (468304K) : topmetal1_nofill has 0 polygons
2026-03-18 23:19:50 +0100: Memory Usage (468304K) : topmetal1_text has 0 polygons
2026-03-18 23:19:50 +0100: Memory Usage (468304K) : topmetal1_noqrc has 0 polygons
2026-03-18 23:19:50 +0100: Memory Usage (468688K) : topmetal1_res has 0 polygons
2026-03-18 23:19:50 +0100: Memory Usage (468688K) : topmetal1_iprobe has 0 polygons
2026-03-18 23:19:50 +0100: Memory Usage (468688K) : topmetal1_diffprb has 0 polygons
2026-03-18 23:19:50 +0100: Memory Usage (468688K) : inldpwl_drw has 0 polygons
2026-03-18 23:19:50 +0100: Memory Usage (469072K) : polyres_drw has 0 polygons
2026-03-18 23:19:50 +0100: Memory Usage (469072K) : polyres_pin has 0 polygons
2026-03-18 23:19:50 +0100: Memory Usage (469072K) : vmim_drw has 0 polygons
2026-03-18 23:19:50 +0100: Memory Usage (469456K) : nbulaycut_drw has 0 polygons
2026-03-18 23:19:50 +0100: Memory Usage (469456K) : antmetal1_drw has 0 polygons
2026-03-18 23:19:50 +0100: Memory Usage (469456K) : topvia2_drw has 0 polygons
2026-03-18 23:19:50 +0100: Memory Usage (469840K) : topmetal2_drw has 0 polygons
2026-03-18 23:19:50 +0100: Memory Usage (469840K) : topmetal2_filler has 0 polygons
2026-03-18 23:19:50 +0100: Memory Usage (469840K) : topmetal2_slit has 0 polygons
2026-03-18 23:19:51 +0100: Memory Usage (470224K) : topmetal2 has 0 polygons
2026-03-18 23:19:51 +0100: Memory Usage (470224K) : topmetal2_pin has 0 polygons
2026-03-18 23:19:51 +0100: Memory Usage (470224K) : topmetal2_mask has 0 polygons
2026-03-18 23:19:51 +0100: Memory Usage (470608K) : topmetal2_nofill has 0 polygons
2026-03-18 23:19:51 +0100: Memory Usage (470608K) : topmetal2_text has 0 polygons
2026-03-18 23:19:51 +0100: Memory Usage (470608K) : topmetal2_noqrc has 0 polygons
2026-03-18 23:19:51 +0100: Memory Usage (470608K) : topmetal2_res has 0 polygons
2026-03-18 23:19:51 +0100: Memory Usage (470608K) : topmetal2_iprobe has 0 polygons
2026-03-18 23:19:51 +0100: Memory Usage (470608K) : topmetal2_diffprb has 0 polygons
2026-03-18 23:19:51 +0100: Memory Usage (470608K) : snsring_drw has 0 polygons
2026-03-18 23:19:51 +0100: Memory Usage (470608K) : sensor_drw has 0 polygons
2026-03-18 23:19:51 +0100: Memory Usage (470608K) : snsarms_drw has 0 polygons
2026-03-18 23:19:51 +0100: Memory Usage (470608K) : snscmosvia_drw has 0 polygons
2026-03-18 23:19:51 +0100: Memory Usage (470608K) : colwind_drw has 0 polygons
2026-03-18 23:19:51 +0100: Memory Usage (470608K) : flm_drw has 0 polygons
2026-03-18 23:19:51 +0100: Memory Usage (470608K) : hafniumox_drw has 0 polygons
2026-03-18 23:19:51 +0100: Memory Usage (470608K) : memvia_drw has 0 polygons
2026-03-18 23:19:51 +0100: Memory Usage (470608K) : thinfilmres_drw has 0 polygons
2026-03-18 23:19:51 +0100: Memory Usage (470608K) : rfmem_drw has 0 polygons
2026-03-18 23:19:51 +0100: Memory Usage (470608K) : norcx_drw has 0 polygons
2026-03-18 23:19:51 +0100: Memory Usage (470608K) : norcx_m2m3 has 0 polygons
2026-03-18 23:19:51 +0100: Memory Usage (470608K) : norcx_m2m4 has 0 polygons
2026-03-18 23:19:51 +0100: Memory Usage (470608K) : norcx_m2m5 has 0 polygons
2026-03-18 23:19:51 +0100: Memory Usage (470608K) : norcx_m2tm1 has 0 polygons
2026-03-18 23:19:51 +0100: Memory Usage (470608K) : norcx_m2tm2 has 0 polygons
2026-03-18 23:19:51 +0100: Memory Usage (470608K) : norcx_m3m4 has 0 polygons
2026-03-18 23:19:51 +0100: Memory Usage (470608K) : norcx_m3m5 has 0 polygons
2026-03-18 23:19:51 +0100: Memory Usage (470608K) : norcx_m3tm1 has 0 polygons
2026-03-18 23:19:51 +0100: Memory Usage (470608K) : norcx_m3tm2 has 0 polygons
2026-03-18 23:19:51 +0100: Memory Usage (470608K) : norcx_m4m5 has 0 polygons
2026-03-18 23:19:51 +0100: Memory Usage (470608K) : norcx_m4tm1 has 0 polygons
2026-03-18 23:19:51 +0100: Memory Usage (470608K) : norcx_m4tm2 has 0 polygons
2026-03-18 23:19:51 +0100: Memory Usage (470608K) : norcx_m5tm1 has 0 polygons
2026-03-18 23:19:51 +0100: Memory Usage (470608K) : norcx_m5tm2 has 0 polygons
2026-03-18 23:19:51 +0100: Memory Usage (470608K) : norcx_tm1tm2 has 0 polygons
2026-03-18 23:19:51 +0100: Memory Usage (470608K) : norcx_m1sub has 0 polygons
2026-03-18 23:19:51 +0100: Memory Usage (470608K) : norcx_m2sub has 0 polygons
2026-03-18 23:19:51 +0100: Memory Usage (470608K) : norcx_m3sub has 0 polygons
2026-03-18 23:19:51 +0100: Memory Usage (470608K) : norcx_m4sub has 0 polygons
2026-03-18 23:19:51 +0100: Memory Usage (470608K) : norcx_m5sub has 0 polygons
2026-03-18 23:19:51 +0100: Memory Usage (470608K) : norcx_tm1sub has 0 polygons
2026-03-18 23:19:51 +0100: Memory Usage (470608K) : norcx_tm2sub has 0 polygons
2026-03-18 23:19:51 +0100: Memory Usage (470608K) : snsbotvia_drw has 0 polygons
2026-03-18 23:19:51 +0100: Memory Usage (470608K) : snstopvia_drw has 0 polygons
2026-03-18 23:19:51 +0100: Memory Usage (470608K) : deepvia_drw has 0 polygons
2026-03-18 23:19:51 +0100: Memory Usage (470608K) : fgetch_drw has 0 polygons
2026-03-18 23:19:51 +0100: Memory Usage (470608K) : ctrgat_drw has 0 polygons
2026-03-18 23:19:51 +0100: Memory Usage (470608K) : fgimp_drw has 0 polygons
2026-03-18 23:19:51 +0100: Memory Usage (470608K) : emwihv_drw has 0 polygons
2026-03-18 23:19:51 +0100: Memory Usage (470608K) : lbe_drw has 0 polygons
2026-03-18 23:19:51 +0100: Memory Usage (470608K) : alcustop_drw has 0 polygons
2026-03-18 23:19:51 +0100: Memory Usage (470608K) : nometfiller_drw has 0 polygons
2026-03-18 23:19:51 +0100: Memory Usage (470608K) : prboundary_drw has 0 polygons
2026-03-18 23:19:51 +0100: Memory Usage (470608K) : exchange0_drw has 0 polygons
2026-03-18 23:19:51 +0100: Memory Usage (470608K) : exchange0_pin has 0 polygons
2026-03-18 23:19:51 +0100: Memory Usage (470608K) : exchange0_text has 0 polygons
2026-03-18 23:19:51 +0100: Memory Usage (470608K) : exchange1_drw has 0 polygons
2026-03-18 23:19:51 +0100: Memory Usage (470608K) : exchange1_pin has 0 polygons
2026-03-18 23:19:51 +0100: Memory Usage (470608K) : exchange1_text has 0 polygons
2026-03-18 23:19:51 +0100: Memory Usage (470608K) : exchange2_drw has 0 polygons
2026-03-18 23:19:51 +0100: Memory Usage (470608K) : exchange2_pin has 0 polygons
2026-03-18 23:19:51 +0100: Memory Usage (470608K) : exchange2_text has 0 polygons
2026-03-18 23:19:51 +0100: Memory Usage (470608K) : exchange3_drw has 0 polygons
2026-03-18 23:19:51 +0100: Memory Usage (470608K) : exchange3_pin has 0 polygons
2026-03-18 23:19:51 +0100: Memory Usage (470992K) : exchange3_text has 0 polygons
2026-03-18 23:19:51 +0100: Memory Usage (470992K) : exchange4_drw has 0 polygons
2026-03-18 23:19:51 +0100: Memory Usage (470992K) : exchange4_pin has 0 polygons
2026-03-18 23:19:51 +0100: Memory Usage (470992K) : exchange4_text has 0 polygons
2026-03-18 23:19:51 +0100: Memory Usage (470992K) : isonwell_drw has 0 polygons
2026-03-18 23:19:51 +0100: Memory Usage (470992K) : Total no. of polygons in the design is 1382
2026-03-18 23:19:51 +0100: Memory Usage (470992K) : Starting base layers derivations
2026-03-18 23:19:51 +0100: Memory Usage (470992K) : Starting general LVS derivations
2026-03-18 23:19:51 +0100: Memory Usage (474560K) : Starting MOSFET DERIVATIONS
2026-03-18 23:19:51 +0100: Memory Usage (474560K) : Starting NMOS DERIVATIONS
2026-03-18 23:19:51 +0100: Memory Usage (474560K) : Starting PMOS DERIVATIONS
2026-03-18 23:19:51 +0100: Memory Usage (474560K) : Starting RF-MOSFET DERIVATIONS
2026-03-18 23:19:51 +0100: Memory Usage (474560K) : Starting RF-NMOS DERIVATIONS
2026-03-18 23:19:51 +0100: Memory Usage (474560K) : Starting RF-PMOS DERIVATIONS
2026-03-18 23:19:51 +0100: Memory Usage (474560K) : Starting BJT DERIVATIONS
2026-03-18 23:19:51 +0100: Memory Usage (474560K) : Starting NPN-BJT DERIVATIONS
2026-03-18 23:19:51 +0100: Memory Usage (474560K) : Starting PNP-BJT DERIVATIONS
2026-03-18 23:19:51 +0100: Memory Usage (474560K) : Starting DIODE DERIVATIONS
2026-03-18 23:19:51 +0100: Memory Usage (474560K) : Starting RESISTOR DERIVATIONS
2026-03-18 23:19:51 +0100: Memory Usage (474560K) : Starting CAP DERIVATIONS
2026-03-18 23:19:51 +0100: Memory Usage (474560K) : Starting ESD DERIVATIONS
2026-03-18 23:19:51 +0100: Memory Usage (474560K) : Starting Inductor DERIVATIONS
2026-03-18 23:19:51 +0100: Memory Usage (474560K) : Starting Taps DERIVATIONS
2026-03-18 23:19:51 +0100: Memory Usage (474560K) : Starting SG13G2 LVS connectivity setup
2026-03-18 23:19:51 +0100: Memory Usage (474560K) : Starting SG13G2 LVS connectivity setup (Inter-layer)
2026-03-18 23:19:51 +0100: Memory Usage (474988K) : Starting SG13G2 LVS connectivity setup (Global)
2026-03-18 23:19:51 +0100: Memory Usage (474988K) : Starting LVS MOSFET CONNECTIONS
2026-03-18 23:19:51 +0100: Memory Usage (474988K) : Starting LVS RF-MOSFET CONNECTIONS
2026-03-18 23:19:51 +0100: Memory Usage (474988K) : Starting LVS BJT CONNECTIONS
2026-03-18 23:19:51 +0100: Memory Usage (474988K) : Starting LVS DIODE CONNECTIONS
2026-03-18 23:19:51 +0100: Memory Usage (474988K) : Starting RESISTOR CONNECTIONS
2026-03-18 23:19:51 +0100: Memory Usage (474988K) : Starting LVS CAP CONNECTIONS
2026-03-18 23:19:51 +0100: Memory Usage (474988K) : Starting ESD CONNECTIONS
2026-03-18 23:19:51 +0100: Memory Usage (474988K) : Starting Inductor CONNECTIONS
2026-03-18 23:19:51 +0100: Memory Usage (474988K) : Starting LVS Taps CONNECTIONS
2026-03-18 23:19:51 +0100: Memory Usage (474988K) : Starting SG13G2 LVS DEVICES EXTRACTION
2026-03-18 23:19:51 +0100: Memory Usage (474988K) : Starting MOSFET EXTRACTION
2026-03-18 23:19:51 +0100: Memory Usage (474988K) : Starting NMOS EXTRACTION
2026-03-18 23:19:51 +0100: Memory Usage (474988K) : Extraction of NMOS-LV transistor
2026-03-18 23:19:51 +0100: Memory Usage (475432K) : Extraction of NMOS-HV transistor
2026-03-18 23:19:51 +0100: Memory Usage (475432K) : Starting PMOS EXTRACTION
2026-03-18 23:19:51 +0100: Memory Usage (475432K) : Extraction of PMOS-LV transistor
2026-03-18 23:19:51 +0100: Memory Usage (475432K) : Extraction of PMOS-HV transistor
2026-03-18 23:19:51 +0100: Memory Usage (475432K) : Starting RF-MOSFET EXTRACTION
2026-03-18 23:19:51 +0100: Memory Usage (475432K) : Extraction of RF-NMOS-LV transistor
2026-03-18 23:19:51 +0100: Memory Usage (475432K) : Extraction of RF-NMOS-HV transistor
2026-03-18 23:19:51 +0100: Memory Usage (475432K) : Extraction of RF-PMOS-LV transistor
2026-03-18 23:19:51 +0100: Memory Usage (475432K) : Extraction of RF-PMOS-HV transistor
2026-03-18 23:19:51 +0100: Memory Usage (475432K) : Starting BJT EXTRACTION
2026-03-18 23:19:51 +0100: Memory Usage (475432K) : Starting NPN-BJT EXTRACTION
2026-03-18 23:19:51 +0100: Memory Usage (475432K) : Extraction of npn13G2 BJT transistor
2026-03-18 23:19:51 +0100: Memory Usage (475432K) : Extraction of npn13G2L BJT transistor
2026-03-18 23:19:51 +0100: Memory Usage (475432K) : Extraction of npn13G2V BJT transistor
2026-03-18 23:19:51 +0100: Memory Usage (475432K) : Starting PNP-BJT EXTRACTION
2026-03-18 23:19:51 +0100: Memory Usage (475432K) : Extracting pnpMPA BJT
2026-03-18 23:19:51 +0100: Memory Usage (475432K) : Starting DIODE EXTRACTION
2026-03-18 23:19:51 +0100: Memory Usage (475432K) : Extracting dantenna diode
2026-03-18 23:19:51 +0100: Memory Usage (475432K) : Extracting dpantenna diode
2026-03-18 23:19:51 +0100: Memory Usage (475432K) : Extracting schottky_nbl1 diode
2026-03-18 23:19:51 +0100: Memory Usage (475432K) : Extracting isolbox diode
2026-03-18 23:19:51 +0100: Memory Usage (475432K) : Starting RESISTOR EXTRACTION
2026-03-18 23:19:51 +0100: Memory Usage (475432K) : Extracting rsil resistor
2026-03-18 23:19:51 +0100: Memory Usage (475432K) : Extracting rppd resistor
2026-03-18 23:19:51 +0100: Memory Usage (475432K) : Extracting rhigh resistor
2026-03-18 23:19:51 +0100: Memory Usage (475432K) : Extracting res_metal1 resistor
2026-03-18 23:19:51 +0100: Memory Usage (475432K) : Extracting res_metal2 resistor
2026-03-18 23:19:51 +0100: Memory Usage (475432K) : Extracting res_metal3 resistor
2026-03-18 23:19:51 +0100: Memory Usage (475432K) : Extracting res_metal4 resistor
2026-03-18 23:19:51 +0100: Memory Usage (475432K) : Extracting res_metal5 resistor
2026-03-18 23:19:51 +0100: Memory Usage (475432K) : Extracting res_topmetal1 resistor
2026-03-18 23:19:51 +0100: Memory Usage (475432K) : Extracting res_topmetal2 resistor
2026-03-18 23:19:51 +0100: Memory Usage (475432K) : Starting CAP EXTRACTION
2026-03-18 23:19:51 +0100: Memory Usage (475432K) : Extracting cap_cmim device
2026-03-18 23:19:51 +0100: Memory Usage (475432K) : Extracting rfcmim device
2026-03-18 23:19:51 +0100: Memory Usage (475432K) : Extracting sg13_hv_svaricap varactor
2026-03-18 23:19:51 +0100: Memory Usage (475432K) : Starting ESD EXTRACTION
2026-03-18 23:19:51 +0100: Memory Usage (475432K) : Extracting diodevdd_2kv ESD device
2026-03-18 23:19:51 +0100: Memory Usage (475432K) : Extracting diodevdd_4kv ESD device
2026-03-18 23:19:51 +0100: Memory Usage (475432K) : Extracting diodevss_2kv ESD device
2026-03-18 23:19:51 +0100: Memory Usage (475432K) : Extracting diodevss_4kv ESD device
2026-03-18 23:19:51 +0100: Memory Usage (475432K) : Extracting idiodevdd_2kv ESD device
2026-03-18 23:19:51 +0100: Memory Usage (475432K) : Extracting idiodevdd_4kv ESD device
2026-03-18 23:19:51 +0100: Memory Usage (475432K) : Extracting idiodevss_2kv ESD device
2026-03-18 23:19:51 +0100: Memory Usage (475432K) : Extracting idiodevss_4kv ESD device
2026-03-18 23:19:51 +0100: Memory Usage (475432K) : Extracting nmoscl_2 ESD device
2026-03-18 23:19:51 +0100: Memory Usage (475432K) : Extracting nmoscl_4 ESD device
2026-03-18 23:19:51 +0100: Memory Usage (475432K) : Starting Inductor EXTRACTION
2026-03-18 23:19:51 +0100: Memory Usage (475432K) : Extracting Inductor2 device
2026-03-18 23:19:51 +0100: Memory Usage (475432K) : Extracting Inductor3 device
2026-03-18 23:19:51 +0100: Memory Usage (475432K) : Starting Taps EXTRACTION
2026-03-18 23:19:51 +0100: Memory Usage (475432K) : Extracting ntap1 device
2026-03-18 23:19:51 +0100: Memory Usage (475432K) : Extracting ptap1 device
2026-03-18 23:19:51 +0100: Memory Usage (475432K) : Starting SG13G2 LVS RF MOS Model Mapping
2026-03-18 23:19:51 +0100: Memory Usage (475432K) : [layout_netlist] Apply RF MOS model mapping and rfmode parameter.
2026-03-18 23:19:51 +0100: Memory Usage (475432K) : Starting SG13G2 LVS Options Preparations
2026-03-18 23:19:51 +0100: Memory Usage (475432K) : SG13G2 LVS flow: extraction -> alignment -> option preparation -> comparison.
2026-03-18 23:19:51 +0100: Memory Usage (475432K) : Starting SG13G2 LVS Alignment
2026-03-18 23:19:51 +0100: Memory Usage (475816K) : Starting SG13G2 LVS Simplification
2026-03-18 23:19:51 +0100: Memory Usage (475816K) : [layout_netlist] simplify: ENABLED
2026-03-18 23:19:51 +0100: Memory Usage (475816K) : [layout_netlist] make_top_level_pins: SKIPPED
2026-03-18 23:19:51 +0100: Memory Usage (475816K) : [layout_netlist] combine_devices: SKIPPED
2026-03-18 23:19:51 +0100: Memory Usage (475816K) : [layout_netlist] purge: SKIPPED
2026-03-18 23:19:51 +0100: Memory Usage (475816K) : [layout_netlist] purge_nets: SKIPPED
2026-03-18 23:19:51 +0100: Memory Usage (475816K) : [schematic_netlist] simplify: ENABLED
2026-03-18 23:19:51 +0100: Memory Usage (475816K) : [schematic_netlist] make_top_level_pins: SKIPPED
2026-03-18 23:19:51 +0100: Memory Usage (475816K) : [schematic_netlist] combine_devices: SKIPPED
2026-03-18 23:19:51 +0100: Memory Usage (475816K) : [schematic_netlist] purge: SKIPPED
2026-03-18 23:19:51 +0100: Memory Usage (475816K) : [schematic_netlist] purge_nets: SKIPPED
2026-03-18 23:19:51 +0100: Memory Usage (475816K) : Starting SG13G2 LVS Comparison in strict port mode.
2026-03-18 23:19:51 +0100: Memory Usage (475816K) : flag_missing_ports enabled: missing/mislabeled top-level ports are treated as errors.
2026-03-18 23:19:51 +0100: Memory Usage (475816K) : xxxxxxxxxxxxxxxxxxxxxxxxxxxxxxxxxxxxxxxxxx
2026-03-18 23:19:51 +0100: Memory Usage (475816K) : ERROR : Netlists don't match
2026-03-18 23:19:51 +0100: Memory Usage (475816K) : xxxxxxxxxxxxxxxxxxxxxxxxxxxxxxxxxxxxxxxxxx
2026-03-18 23:19:51 +0100: Memory Usage (475816K) : LVS Total Run time 0.960275 seconds
