# Logfile created on 2026-03-16 18:48:41 +0100 by logger.rb/v1.5.3
2026-03-16 18:48:41 +0100: Memory Usage (436648K) : Starting running IHP-SG13G2 KLayout DRC runset on /foss/designs/ttihp26a-adex-neuron-ncs/klayout/tg_lv.gds
2026-03-16 18:48:41 +0100: Memory Usage (436648K) : Ruby Version for klayout: 3.2.3
2026-03-16 18:48:41 +0100: Memory Usage (437520K) : Loading database to memory is complete.
2026-03-16 18:48:41 +0100: Memory Usage (437520K) : IHP-SG13G2 KLayout DRC runset output at: /foss/designs/ttihp26a-adex-neuron-ncs/klayout/drc_run_tg_lv/tg_lv_tg_lv_main.lyrdb
2026-03-16 18:48:41 +0100: Memory Usage (437520K) : Evaluate switches.
2026-03-16 18:48:41 +0100: Memory Usage (437520K) : tables selected: main
2026-03-16 18:48:41 +0100: Memory Usage (437520K) : KLayout will use 1 thread(s) in tiling mode.
2026-03-16 18:48:41 +0100: Memory Usage (437520K) : deep mode is enabled.
2026-03-16 18:48:41 +0100: Memory Usage (437520K) : FEOL enabled: true
2026-03-16 18:48:41 +0100: Memory Usage (437520K) : BEOL enabled: true
2026-03-16 18:48:41 +0100: Memory Usage (437520K) : OFFGRID enabled: true
2026-03-16 18:48:41 +0100: Memory Usage (437520K) : PIN enabled: true
2026-03-16 18:48:41 +0100: Memory Usage (437520K) : FORBIDDEN enabled: true
2026-03-16 18:48:41 +0100: Memory Usage (437520K) : RECOMMENDED enabled: true
2026-03-16 18:48:41 +0100: Memory Usage (437520K) : PreCheck DRC enabled: false
2026-03-16 18:48:41 +0100: Memory Usage (437520K) : CONNECTIVITY_RULES enabled: true.
2026-03-16 18:48:41 +0100: Memory Usage (437520K) : Read in polygons from layers.
2026-03-16 18:48:41 +0100: Memory Usage (438748K) : activ_drw has 258 polygons
2026-03-16 18:48:41 +0100: Memory Usage (438748K) : activ_pin has 0 polygons
2026-03-16 18:48:41 +0100: Memory Usage (438748K) : activ_mask has 0 polygons
2026-03-16 18:48:41 +0100: Memory Usage (438748K) : activ_filler has 0 polygons
2026-03-16 18:48:41 +0100: Memory Usage (438748K) : activ_nofill has 0 polygons
2026-03-16 18:48:41 +0100: Memory Usage (438748K) : activ_opc has 0 polygons
2026-03-16 18:48:41 +0100: Memory Usage (438748K) : activ_iopc has 0 polygons
2026-03-16 18:48:41 +0100: Memory Usage (438748K) : activ_noqrc has 0 polygons
2026-03-16 18:48:41 +0100: Memory Usage (438748K) : biwind_drw has 0 polygons
2026-03-16 18:48:41 +0100: Memory Usage (438748K) : biwind_opc has 0 polygons
2026-03-16 18:48:41 +0100: Memory Usage (438748K) : pemwind_drw has 0 polygons
2026-03-16 18:48:41 +0100: Memory Usage (438748K) : gatpoly_drw has 108 polygons
2026-03-16 18:48:41 +0100: Memory Usage (438748K) : gatpoly_pin has 0 polygons
2026-03-16 18:48:41 +0100: Memory Usage (438748K) : gatpoly_filler has 0 polygons
2026-03-16 18:48:41 +0100: Memory Usage (438748K) : gatpoly_nofill has 0 polygons
2026-03-16 18:48:41 +0100: Memory Usage (438748K) : gatpoly_opc has 0 polygons
2026-03-16 18:48:41 +0100: Memory Usage (438748K) : gatpoly_iopc has 0 polygons
2026-03-16 18:48:41 +0100: Memory Usage (438748K) : gatpoly_noqrc has 0 polygons
2026-03-16 18:48:41 +0100: Memory Usage (438748K) : cont_drw has 300 polygons
2026-03-16 18:48:41 +0100: Memory Usage (438748K) : cont_opc has 0 polygons
2026-03-16 18:48:41 +0100: Memory Usage (438748K) : nsd_drw has 0 polygons
2026-03-16 18:48:41 +0100: Memory Usage (438748K) : nsd_block has 0 polygons
2026-03-16 18:48:41 +0100: Memory Usage (438748K) : metal1_drw has 548 polygons
2026-03-16 18:48:41 +0100: Memory Usage (438748K) : metal1_pin has 0 polygons
2026-03-16 18:48:41 +0100: Memory Usage (438748K) : metal1_mask has 0 polygons
2026-03-16 18:48:41 +0100: Memory Usage (438748K) : metal1_filler has 0 polygons
2026-03-16 18:48:41 +0100: Memory Usage (439004K) : metal1_nofill has 0 polygons
2026-03-16 18:48:41 +0100: Memory Usage (439004K) : metal1_slit has 0 polygons
2026-03-16 18:48:41 +0100: Memory Usage (439132K) : metal1_text has 0 polygons
2026-03-16 18:48:41 +0100: Memory Usage (439132K) : metal1_opc has 0 polygons
2026-03-16 18:48:41 +0100: Memory Usage (439132K) : metal1_noqrc has 0 polygons
2026-03-16 18:48:41 +0100: Memory Usage (439132K) : metal1_res has 0 polygons
2026-03-16 18:48:41 +0100: Memory Usage (439132K) : metal1_iprobe has 0 polygons
2026-03-16 18:48:41 +0100: Memory Usage (439260K) : metal1_diffprb has 0 polygons
2026-03-16 18:48:41 +0100: Memory Usage (439260K) : passiv_drw has 0 polygons
2026-03-16 18:48:41 +0100: Memory Usage (439388K) : passiv_pin has 0 polygons
2026-03-16 18:48:41 +0100: Memory Usage (439388K) : passiv_sbump has 0 polygons
2026-03-16 18:48:41 +0100: Memory Usage (439388K) : passiv_pillar has 0 polygons
2026-03-16 18:48:41 +0100: Memory Usage (439516K) : passiv_pdl has 0 polygons
2026-03-16 18:48:41 +0100: Memory Usage (439516K) : metal2_drw has 347 polygons
2026-03-16 18:48:41 +0100: Memory Usage (439644K) : metal2_pin has 3 polygons
2026-03-16 18:48:41 +0100: Memory Usage (439644K) : metal2_mask has 0 polygons
2026-03-16 18:48:41 +0100: Memory Usage (439772K) : metal2_filler has 0 polygons
2026-03-16 18:48:41 +0100: Memory Usage (439772K) : metal2_nofill has 0 polygons
2026-03-16 18:48:41 +0100: Memory Usage (439900K) : metal2_slit has 0 polygons
2026-03-16 18:48:41 +0100: Memory Usage (440028K) : metal2_text has 3 polygons
2026-03-16 18:48:41 +0100: Memory Usage (440028K) : metal2_opc has 0 polygons
2026-03-16 18:48:41 +0100: Memory Usage (440156K) : metal2_noqrc has 0 polygons
2026-03-16 18:48:41 +0100: Memory Usage (440284K) : metal2_res has 0 polygons
2026-03-16 18:48:41 +0100: Memory Usage (440284K) : metal2_iprobe has 0 polygons
2026-03-16 18:48:41 +0100: Memory Usage (440412K) : metal2_diffprb has 0 polygons
2026-03-16 18:48:41 +0100: Memory Usage (440412K) : baspoly_drw has 0 polygons
2026-03-16 18:48:41 +0100: Memory Usage (440412K) : baspoly_pin has 0 polygons
2026-03-16 18:48:41 +0100: Memory Usage (440540K) : psd_drw has 8 polygons
2026-03-16 18:48:41 +0100: Memory Usage (440540K) : nldb_drw has 0 polygons
2026-03-16 18:48:41 +0100: Memory Usage (440668K) : digibnd_drw has 0 polygons
2026-03-16 18:48:41 +0100: Memory Usage (440668K) : via1_drw has 252 polygons
2026-03-16 18:48:41 +0100: Memory Usage (440796K) : backmetal1_drw has 0 polygons
2026-03-16 18:48:41 +0100: Memory Usage (440796K) : backmetal1_pin has 0 polygons
2026-03-16 18:48:41 +0100: Memory Usage (440796K) : backmetal1_mask has 0 polygons
2026-03-16 18:48:41 +0100: Memory Usage (440924K) : backmetal1_filler has 0 polygons
2026-03-16 18:48:41 +0100: Memory Usage (440924K) : backmetal1_nofill has 0 polygons
2026-03-16 18:48:41 +0100: Memory Usage (441052K) : backmetal1_slit has 0 polygons
2026-03-16 18:48:41 +0100: Memory Usage (441052K) : backmetal1_text has 0 polygons
2026-03-16 18:48:41 +0100: Memory Usage (441180K) : backmetal1_opc has 0 polygons
2026-03-16 18:48:41 +0100: Memory Usage (441180K) : backmetal1_noqrc has 0 polygons
2026-03-16 18:48:41 +0100: Memory Usage (441180K) : backmetal1_res has 0 polygons
2026-03-16 18:48:41 +0100: Memory Usage (441308K) : backmetal1_iprobe has 0 polygons
2026-03-16 18:48:41 +0100: Memory Usage (441308K) : backmetal1_diffprb has 0 polygons
2026-03-16 18:48:41 +0100: Memory Usage (441436K) : backpassiv_drw has 0 polygons
2026-03-16 18:48:41 +0100: Memory Usage (441436K) : res_drw has 0 polygons
2026-03-16 18:48:41 +0100: Memory Usage (441564K) : sram_drw has 0 polygons
2026-03-16 18:48:41 +0100: Memory Usage (441564K) : trans_drw has 0 polygons
2026-03-16 18:48:41 +0100: Memory Usage (441564K) : ind_drw has 0 polygons
2026-03-16 18:48:41 +0100: Memory Usage (441692K) : ind_pin has 0 polygons
2026-03-16 18:48:41 +0100: Memory Usage (441820K) : ind_text has 0 polygons
2026-03-16 18:48:41 +0100: Memory Usage (441820K) : salblock_drw has 0 polygons
2026-03-16 18:48:41 +0100: Memory Usage (441948K) : via2_drw has 24 polygons
2026-03-16 18:48:41 +0100: Memory Usage (442076K) : metal3_drw has 32 polygons
2026-03-16 18:48:41 +0100: Memory Usage (442076K) : metal3_pin has 2 polygons
2026-03-16 18:48:41 +0100: Memory Usage (442076K) : metal3_mask has 0 polygons
2026-03-16 18:48:41 +0100: Memory Usage (442204K) : metal3_filler has 0 polygons
2026-03-16 18:48:41 +0100: Memory Usage (442204K) : metal3_nofill has 0 polygons
2026-03-16 18:48:41 +0100: Memory Usage (442332K) : metal3_slit has 0 polygons
2026-03-16 18:48:41 +0100: Memory Usage (442332K) : metal3_text has 2 polygons
2026-03-16 18:48:41 +0100: Memory Usage (442460K) : metal3_opc has 0 polygons
2026-03-16 18:48:41 +0100: Memory Usage (442460K) : metal3_noqrc has 0 polygons
2026-03-16 18:48:41 +0100: Memory Usage (442460K) : metal3_res has 0 polygons
2026-03-16 18:48:41 +0100: Memory Usage (442588K) : metal3_iprobe has 0 polygons
2026-03-16 18:48:41 +0100: Memory Usage (442588K) : metal3_diffprb has 0 polygons
2026-03-16 18:48:41 +0100: Memory Usage (442716K) : nwell_drw has 2 polygons
2026-03-16 18:48:41 +0100: Memory Usage (442844K) : nwell_pin has 0 polygons
2026-03-16 18:48:41 +0100: Memory Usage (442844K) : nbulay_drw has 0 polygons
2026-03-16 18:48:41 +0100: Memory Usage (442972K) : nbulay_pin has 0 polygons
2026-03-16 18:48:41 +0100: Memory Usage (442972K) : nbulay_block has 0 polygons
2026-03-16 18:48:41 +0100: Memory Usage (442972K) : emwind_drw has 0 polygons
2026-03-16 18:48:41 +0100: Memory Usage (443100K) : emwind_opc has 0 polygons
2026-03-16 18:48:41 +0100: Memory Usage (443228K) : deepco_drw has 0 polygons
2026-03-16 18:48:41 +0100: Memory Usage (443228K) : deepco_drw has 0 polygons
2026-03-16 18:48:41 +0100: Memory Usage (443356K) : mim_drw has 0 polygons
2026-03-16 18:48:41 +0100: Memory Usage (443484K) : edgeseal_drw has 0 polygons
2026-03-16 18:48:41 +0100: Memory Usage (443484K) : edgeseal_bound has 0 polygons
2026-03-16 18:48:41 +0100: Memory Usage (443484K) : substrate_drw has 0 polygons
2026-03-16 18:48:41 +0100: Memory Usage (443612K) : substrate_text has 0 polygons
2026-03-16 18:48:41 +0100: Memory Usage (443612K) : dfpad_drw has 0 polygons
2026-03-16 18:48:41 +0100: Memory Usage (443740K) : dfpad_pillar has 0 polygons
2026-03-16 18:48:41 +0100: Memory Usage (443740K) : dfpad_sbump has 0 polygons
2026-03-16 18:48:41 +0100: Memory Usage (443740K) : thickgateox_drw has 0 polygons
2026-03-16 18:48:41 +0100: Memory Usage (443868K) : pldb_drw has 0 polygons
2026-03-16 18:48:41 +0100: Memory Usage (443868K) : pwell_drw has 0 polygons
2026-03-16 18:48:41 +0100: Memory Usage (443996K) : pwell_pin has 0 polygons
2026-03-16 18:48:41 +0100: Memory Usage (443996K) : pwell_block has 0 polygons
2026-03-16 18:48:41 +0100: Memory Usage (444124K) : ic_drw has 0 polygons
2026-03-16 18:48:41 +0100: Memory Usage (444124K) : via3_drw has 0 polygons
2026-03-16 18:48:41 +0100: Memory Usage (444252K) : metal4_drw has 0 polygons
2026-03-16 18:48:41 +0100: Memory Usage (444252K) : metal4_pin has 0 polygons
2026-03-16 18:48:41 +0100: Memory Usage (444380K) : metal4_mask has 0 polygons
2026-03-16 18:48:41 +0100: Memory Usage (444380K) : metal4_filler has 0 polygons
2026-03-16 18:48:41 +0100: Memory Usage (444508K) : metal4_nofill has 0 polygons
2026-03-16 18:48:41 +0100: Memory Usage (444508K) : metal4_slit has 0 polygons
2026-03-16 18:48:41 +0100: Memory Usage (444636K) : metal4_text has 0 polygons
2026-03-16 18:48:41 +0100: Memory Usage (444636K) : metal4_opc has 0 polygons
2026-03-16 18:48:41 +0100: Memory Usage (444636K) : metal4_noqrc has 0 polygons
2026-03-16 18:48:41 +0100: Memory Usage (444764K) : metal4_res has 0 polygons
2026-03-16 18:48:41 +0100: Memory Usage (444764K) : metal4_iprobe has 0 polygons
2026-03-16 18:48:41 +0100: Memory Usage (444892K) : metal4_diffprb has 0 polygons
2026-03-16 18:48:41 +0100: Memory Usage (445020K) : heattrans_drw has 0 polygons
2026-03-16 18:48:41 +0100: Memory Usage (445020K) : heatres_drw has 0 polygons
2026-03-16 18:48:41 +0100: Memory Usage (445020K) : pempoly_drw has 0 polygons
2026-03-16 18:48:41 +0100: Memory Usage (445148K) : fbe_drw has 0 polygons
2026-03-16 18:48:41 +0100: Memory Usage (445148K) : empoly_drw has 0 polygons
2026-03-16 18:48:41 +0100: Memory Usage (445276K) : ldmos_drw has 0 polygons
2026-03-16 18:48:41 +0100: Memory Usage (445404K) : pbiwind_drw has 0 polygons
2026-03-16 18:48:41 +0100: Memory Usage (445404K) : digisub_drw has 0 polygons
2026-03-16 18:48:41 +0100: Memory Usage (445404K) : nodrc_drw has 0 polygons
2026-03-16 18:48:41 +0100: Memory Usage (445532K) : text_drw has 0 polygons
2026-03-16 18:48:41 +0100: Memory Usage (445532K) : via4_drw has 0 polygons
2026-03-16 18:48:41 +0100: Memory Usage (445660K) : metal5_drw has 0 polygons
2026-03-16 18:48:41 +0100: Memory Usage (445660K) : metal5_pin has 0 polygons
2026-03-16 18:48:41 +0100: Memory Usage (445788K) : metal5_mask has 0 polygons
2026-03-16 18:48:41 +0100: Memory Usage (445788K) : metal5_filler has 0 polygons
2026-03-16 18:48:41 +0100: Memory Usage (445788K) : metal5_nofill has 0 polygons
2026-03-16 18:48:41 +0100: Memory Usage (445916K) : metal5_slit has 0 polygons
2026-03-16 18:48:41 +0100: Memory Usage (445916K) : metal5_text has 0 polygons
2026-03-16 18:48:41 +0100: Memory Usage (446044K) : metal5_opc has 0 polygons
2026-03-16 18:48:41 +0100: Memory Usage (446044K) : metal5_noqrc has 0 polygons
2026-03-16 18:48:41 +0100: Memory Usage (446172K) : metal5_res has 0 polygons
2026-03-16 18:48:41 +0100: Memory Usage (446172K) : metal5_iprobe has 0 polygons
2026-03-16 18:48:41 +0100: Memory Usage (446172K) : metal5_diffprb has 0 polygons
2026-03-16 18:48:41 +0100: Memory Usage (446300K) : radhard_drw has 0 polygons
2026-03-16 18:48:41 +0100: Memory Usage (446428K) : memcap_drw has 0 polygons
2026-03-16 18:48:41 +0100: Memory Usage (446428K) : varicap_drw has 0 polygons
2026-03-16 18:48:41 +0100: Memory Usage (446556K) : flash_drw has 0 polygons
2026-03-16 18:48:41 +0100: Memory Usage (446684K) : intbondvia_drw has 0 polygons
2026-03-16 18:48:41 +0100: Memory Usage (446684K) : intbondmet_drw has 0 polygons
2026-03-16 18:48:41 +0100: Memory Usage (446684K) : devbondvia_drw has 0 polygons
2026-03-16 18:48:41 +0100: Memory Usage (446812K) : devbondmet_drw has 0 polygons
2026-03-16 18:48:41 +0100: Memory Usage (446940K) : devtrench_drw has 0 polygons
2026-03-16 18:48:41 +0100: Memory Usage (446940K) : redist_drw has 0 polygons
2026-03-16 18:48:41 +0100: Memory Usage (447068K) : graphbot_drw has 0 polygons
2026-03-16 18:48:41 +0100: Memory Usage (447196K) : graphtop_drw has 0 polygons
2026-03-16 18:48:41 +0100: Memory Usage (447196K) : antvia1_drw has 0 polygons
2026-03-16 18:48:41 +0100: Memory Usage (447196K) : antmetal2_drw has 0 polygons
2026-03-16 18:48:41 +0100: Memory Usage (447324K) : graphcont_drw has 0 polygons
2026-03-16 18:48:41 +0100: Memory Usage (447324K) : siwg_drw has 0 polygons
2026-03-16 18:48:41 +0100: Memory Usage (447452K) : siwg_filler has 0 polygons
2026-03-16 18:48:41 +0100: Memory Usage (447452K) : siwg_nofill has 0 polygons
2026-03-16 18:48:41 +0100: Memory Usage (447580K) : sigrating_drw has 0 polygons
2026-03-16 18:48:41 +0100: Memory Usage (447708K) : singrating_drw has 0 polygons
2026-03-16 18:48:41 +0100: Memory Usage (447708K) : graphpas_drw has 0 polygons
2026-03-16 18:48:41 +0100: Memory Usage (447708K) : emwind3_drw has 0 polygons
2026-03-16 18:48:41 +0100: Memory Usage (447836K) : emwihv3_drw has 0 polygons
2026-03-16 18:48:41 +0100: Memory Usage (447836K) : redbulay_drw has 0 polygons
2026-03-16 18:48:41 +0100: Memory Usage (447964K) : smos_drw has 0 polygons
2026-03-16 18:48:41 +0100: Memory Usage (447964K) : graphpad_drw has 0 polygons
2026-03-16 18:48:41 +0100: Memory Usage (448092K) : polimide_drw has 0 polygons
2026-03-16 18:48:41 +0100: Memory Usage (448092K) : polimide_pin has 0 polygons
2026-03-16 18:48:41 +0100: Memory Usage (448220K) : recog_drw has 0 polygons
2026-03-16 18:48:41 +0100: Memory Usage (448220K) : recog_pin has 0 polygons
2026-03-16 18:48:41 +0100: Memory Usage (448348K) : recog_esd has 0 polygons
2026-03-16 18:48:41 +0100: Memory Usage (448348K) : recog_diode has 0 polygons
2026-03-16 18:48:41 +0100: Memory Usage (448476K) : recog_tsv has 0 polygons
2026-03-16 18:48:41 +0100: Memory Usage (448476K) : recog_iprobe has 0 polygons
2026-03-16 18:48:41 +0100: Memory Usage (448476K) : recog_diffprb has 0 polygons
2026-03-16 18:48:41 +0100: Memory Usage (448604K) : recog_pillar has 0 polygons
2026-03-16 18:48:41 +0100: Memory Usage (448732K) : recog_sbump has 0 polygons
2026-03-16 18:48:41 +0100: Memory Usage (448732K) : recog_otp has 0 polygons
2026-03-16 18:48:41 +0100: Memory Usage (448732K) : recog_pdiode has 0 polygons
2026-03-16 18:48:41 +0100: Memory Usage (448860K) : recog_mom has 0 polygons
2026-03-16 18:48:41 +0100: Memory Usage (448860K) : recog_pcm has 0 polygons
2026-03-16 18:48:41 +0100: Memory Usage (448860K) : colopen_drw has 0 polygons
2026-03-16 18:48:41 +0100: Memory Usage (448860K) : graphmetal1_drw has 0 polygons
2026-03-16 18:48:41 +0100: Memory Usage (448988K) : graphmetal1_filler has 0 polygons
2026-03-16 18:48:41 +0100: Memory Usage (448988K) : graphmetal1_nofill has 0 polygons
2026-03-16 18:48:41 +0100: Memory Usage (448988K) : graphmetal1_slit has 0 polygons
2026-03-16 18:48:41 +0100: Memory Usage (449116K) : graphmetal1_opc has 0 polygons
2026-03-16 18:48:41 +0100: Memory Usage (449116K) : graphmet1l_drw has 0 polygons
2026-03-16 18:48:41 +0100: Memory Usage (449116K) : graphmet1l_filler has 0 polygons
2026-03-16 18:48:41 +0100: Memory Usage (449244K) : graphmet1l_nofill has 0 polygons
2026-03-16 18:48:41 +0100: Memory Usage (449244K) : graphmet1l_slit has 0 polygons
2026-03-16 18:48:41 +0100: Memory Usage (449244K) : graphmet1l_opc has 0 polygons
2026-03-16 18:48:41 +0100: Memory Usage (449244K) : extblock_drw has 0 polygons
2026-03-16 18:48:41 +0100: Memory Usage (449372K) : nldd_drw has 0 polygons
2026-03-16 18:48:41 +0100: Memory Usage (449372K) : pldd_drw has 0 polygons
2026-03-16 18:48:41 +0100: Memory Usage (449372K) : next_drw has 0 polygons
2026-03-16 18:48:41 +0100: Memory Usage (449500K) : pext_drw has 0 polygons
2026-03-16 18:48:41 +0100: Memory Usage (449500K) : nexthv_drw has 0 polygons
2026-03-16 18:48:41 +0100: Memory Usage (449628K) : pexthv_drw has 0 polygons
2026-03-16 18:48:41 +0100: Memory Usage (449628K) : graphgate_drw has 0 polygons
2026-03-16 18:48:41 +0100: Memory Usage (449756K) : sinwg_drw has 0 polygons
2026-03-16 18:48:41 +0100: Memory Usage (449756K) : sinwg_filler has 0 polygons
2026-03-16 18:48:41 +0100: Memory Usage (449884K) : sinwg_nofill has 0 polygons
2026-03-16 18:48:41 +0100: Memory Usage (449884K) : mempad_drw has 0 polygons
2026-03-16 18:48:41 +0100: Memory Usage (449884K) : topvia1_drw has 0 polygons
2026-03-16 18:48:41 +0100: Memory Usage (450012K) : topmetal1_drw has 0 polygons
2026-03-16 18:48:41 +0100: Memory Usage (450140K) : topmetal1_pin has 0 polygons
2026-03-16 18:48:41 +0100: Memory Usage (450140K) : topmetal1_mask has 0 polygons
2026-03-16 18:48:41 +0100: Memory Usage (450268K) : topmetal1_filler has 0 polygons
2026-03-16 18:48:41 +0100: Memory Usage (450268K) : topmetal1_nofill has 0 polygons
2026-03-16 18:48:41 +0100: Memory Usage (450268K) : topmetal1_slit has 0 polygons
2026-03-16 18:48:41 +0100: Memory Usage (450268K) : topmetal1_text has 0 polygons
2026-03-16 18:48:41 +0100: Memory Usage (450396K) : topmetal1_noqrc has 0 polygons
2026-03-16 18:48:41 +0100: Memory Usage (450396K) : topmetal1_res has 0 polygons
2026-03-16 18:48:41 +0100: Memory Usage (450396K) : topmetal1_iprobe has 0 polygons
2026-03-16 18:48:41 +0100: Memory Usage (450524K) : topmetal1_diffprb has 0 polygons
2026-03-16 18:48:41 +0100: Memory Usage (450524K) : inldpwl_drw has 0 polygons
2026-03-16 18:48:41 +0100: Memory Usage (450524K) : polyres_drw has 0 polygons
2026-03-16 18:48:41 +0100: Memory Usage (450652K) : polyres_pin has 0 polygons
2026-03-16 18:48:41 +0100: Memory Usage (450652K) : vmim_drw has 0 polygons
2026-03-16 18:48:41 +0100: Memory Usage (450652K) : nbulaycut_drw has 0 polygons
2026-03-16 18:48:41 +0100: Memory Usage (450780K) : antmetal1_drw has 0 polygons
2026-03-16 18:48:41 +0100: Memory Usage (450780K) : topvia2_drw has 0 polygons
2026-03-16 18:48:41 +0100: Memory Usage (450908K) : topmetal2_drw has 0 polygons
2026-03-16 18:48:41 +0100: Memory Usage (450908K) : topmetal2_pin has 0 polygons
2026-03-16 18:48:41 +0100: Memory Usage (450908K) : topmetal2_mask has 0 polygons
2026-03-16 18:48:41 +0100: Memory Usage (451036K) : topmetal2_filler has 0 polygons
2026-03-16 18:48:41 +0100: Memory Usage (451036K) : topmetal2_nofill has 0 polygons
2026-03-16 18:48:41 +0100: Memory Usage (451164K) : topmetal2_slit has 0 polygons
2026-03-16 18:48:41 +0100: Memory Usage (451164K) : topmetal2_text has 0 polygons
2026-03-16 18:48:41 +0100: Memory Usage (451164K) : topmetal2_noqrc has 0 polygons
2026-03-16 18:48:41 +0100: Memory Usage (451292K) : topmetal2_res has 0 polygons
2026-03-16 18:48:41 +0100: Memory Usage (451292K) : topmetal2_iprobe has 0 polygons
2026-03-16 18:48:41 +0100: Memory Usage (451420K) : topmetal2_diffprb has 0 polygons
2026-03-16 18:48:41 +0100: Memory Usage (451420K) : snsring_drw has 0 polygons
2026-03-16 18:48:41 +0100: Memory Usage (451420K) : sensor_drw has 0 polygons
2026-03-16 18:48:41 +0100: Memory Usage (451548K) : snsarms_drw has 0 polygons
2026-03-16 18:48:41 +0100: Memory Usage (451548K) : snscmosvia_drw has 0 polygons
2026-03-16 18:48:41 +0100: Memory Usage (451676K) : colwind_drw has 0 polygons
2026-03-16 18:48:41 +0100: Memory Usage (451676K) : flm_drw has 0 polygons
2026-03-16 18:48:41 +0100: Memory Usage (451804K) : hafniumox_drw has 0 polygons
2026-03-16 18:48:41 +0100: Memory Usage (451804K) : memvia_drw has 0 polygons
2026-03-16 18:48:41 +0100: Memory Usage (451804K) : thinfilmres_drw has 0 polygons
2026-03-16 18:48:41 +0100: Memory Usage (451932K) : rfmem_drw has 0 polygons
2026-03-16 18:48:41 +0100: Memory Usage (451932K) : norcx_drw has 0 polygons
2026-03-16 18:48:41 +0100: Memory Usage (452060K) : norcx_m2m3 has 0 polygons
2026-03-16 18:48:41 +0100: Memory Usage (452060K) : norcx_m2m4 has 0 polygons
2026-03-16 18:48:41 +0100: Memory Usage (452188K) : norcx_m2m5 has 0 polygons
2026-03-16 18:48:41 +0100: Memory Usage (452188K) : norcx_m2tm1 has 0 polygons
2026-03-16 18:48:41 +0100: Memory Usage (452316K) : norcx_m2tm2 has 0 polygons
2026-03-16 18:48:41 +0100: Memory Usage (452316K) : norcx_m3m4 has 0 polygons
2026-03-16 18:48:41 +0100: Memory Usage (452316K) : norcx_m3m5 has 0 polygons
2026-03-16 18:48:41 +0100: Memory Usage (452444K) : norcx_m3tm1 has 0 polygons
2026-03-16 18:48:41 +0100: Memory Usage (452444K) : norcx_m3tm2 has 0 polygons
2026-03-16 18:48:41 +0100: Memory Usage (452572K) : norcx_m4m5 has 0 polygons
2026-03-16 18:48:41 +0100: Memory Usage (452572K) : norcx_m4tm1 has 0 polygons
2026-03-16 18:48:41 +0100: Memory Usage (452700K) : norcx_m4tm2 has 0 polygons
2026-03-16 18:48:41 +0100: Memory Usage (452700K) : norcx_m5tm1 has 0 polygons
2026-03-16 18:48:41 +0100: Memory Usage (452700K) : norcx_m5tm2 has 0 polygons
2026-03-16 18:48:41 +0100: Memory Usage (452700K) : norcx_tm1tm2 has 0 polygons
2026-03-16 18:48:41 +0100: Memory Usage (452700K) : norcx_m1sub has 0 polygons
2026-03-16 18:48:41 +0100: Memory Usage (452700K) : norcx_m2sub has 0 polygons
2026-03-16 18:48:41 +0100: Memory Usage (452700K) : norcx_m3sub has 0 polygons
2026-03-16 18:48:41 +0100: Memory Usage (452828K) : norcx_m4sub has 0 polygons
2026-03-16 18:48:41 +0100: Memory Usage (452828K) : norcx_m5sub has 0 polygons
2026-03-16 18:48:41 +0100: Memory Usage (452828K) : norcx_tm1sub has 0 polygons
2026-03-16 18:48:41 +0100: Memory Usage (452956K) : norcx_tm2sub has 0 polygons
2026-03-16 18:48:41 +0100: Memory Usage (452956K) : snsbotvia_drw has 0 polygons
2026-03-16 18:48:41 +0100: Memory Usage (452956K) : snstopvia_drw has 0 polygons
2026-03-16 18:48:41 +0100: Memory Usage (453084K) : deepvia_drw has 0 polygons
2026-03-16 18:48:41 +0100: Memory Usage (453084K) : fgetch_drw has 0 polygons
2026-03-16 18:48:41 +0100: Memory Usage (453084K) : ctrgat_drw has 0 polygons
2026-03-16 18:48:41 +0100: Memory Usage (453084K) : fgimp_drw has 0 polygons
2026-03-16 18:48:41 +0100: Memory Usage (453212K) : emwihv_drw has 0 polygons
2026-03-16 18:48:41 +0100: Memory Usage (453212K) : lbe_drw has 0 polygons
2026-03-16 18:48:41 +0100: Memory Usage (453212K) : alcustop_drw has 0 polygons
2026-03-16 18:48:41 +0100: Memory Usage (453340K) : nometfiller_drw has 0 polygons
2026-03-16 18:48:41 +0100: Memory Usage (453340K) : prboundary_drw has 0 polygons
2026-03-16 18:48:41 +0100: Memory Usage (453340K) : exchange0_drw has 0 polygons
2026-03-16 18:48:41 +0100: Memory Usage (453468K) : exchange0_pin has 0 polygons
2026-03-16 18:48:41 +0100: Memory Usage (453468K) : exchange0_text has 0 polygons
2026-03-16 18:48:41 +0100: Memory Usage (453468K) : exchange1_drw has 0 polygons
2026-03-16 18:48:41 +0100: Memory Usage (453468K) : exchange1_pin has 0 polygons
2026-03-16 18:48:41 +0100: Memory Usage (453596K) : exchange1_text has 0 polygons
2026-03-16 18:48:41 +0100: Memory Usage (453596K) : exchange2_drw has 0 polygons
2026-03-16 18:48:41 +0100: Memory Usage (453596K) : exchange2_pin has 0 polygons
2026-03-16 18:48:41 +0100: Memory Usage (453724K) : exchange2_text has 0 polygons
2026-03-16 18:48:41 +0100: Memory Usage (453724K) : exchange3_drw has 0 polygons
2026-03-16 18:48:41 +0100: Memory Usage (453724K) : exchange3_pin has 0 polygons
2026-03-16 18:48:41 +0100: Memory Usage (453852K) : exchange3_text has 0 polygons
2026-03-16 18:48:41 +0100: Memory Usage (453852K) : exchange4_drw has 0 polygons
2026-03-16 18:48:41 +0100: Memory Usage (453852K) : exchange4_pin has 0 polygons
2026-03-16 18:48:41 +0100: Memory Usage (453980K) : exchange4_text has 0 polygons
2026-03-16 18:48:41 +0100: Memory Usage (453980K) : isonwell_drw has 0 polygons
2026-03-16 18:48:41 +0100: Memory Usage (453980K) : Total no. of polygons in the design is 1889
2026-03-16 18:48:41 +0100: Memory Usage (453980K) : Loaded TECH DRC rules values from /foss/pdks/ihp-sg13g2/libs.tech/klayout/python/sg13g2_pycell_lib/sg13g2_tech_mod.json
2026-03-16 18:48:41 +0100: Memory Usage (453980K) : Loaded default DRC rules values from /foss/pdks/ihp-sg13g2/libs.tech/klayout/tech/drc/rule_decks/sg13g2_tech_default.json
2026-03-16 18:48:41 +0100: Memory Usage (453980K) : The following rules values were missing in tech json and default values were used:
2026-03-16 18:48:41 +0100: Memory Usage (453980K) :   - Cnt_c_digibnd
2026-03-16 18:48:41 +0100: Memory Usage (455120K) : Total area of the design is 247.3014 um^2.
2026-03-16 18:48:41 +0100: Memory Usage (455120K) : The design dimensions are 23.62 µm * 10.47 µm.
2026-03-16 18:48:41 +0100: Memory Usage (455120K) : Starting general IHP-SG13G2 derivations.
2026-03-16 18:48:41 +0100: Memory Usage (455120K) : Starting Pwell derivations
2026-03-16 18:48:41 +0100: Memory Usage (457276K) : Starting n-Activ derivations
2026-03-16 18:48:41 +0100: Memory Usage (457404K) : Starting p-Activ derivations
2026-03-16 18:48:41 +0100: Memory Usage (457532K) : Starting ptap derivations
2026-03-16 18:48:41 +0100: Memory Usage (457532K) : Starting ntap derivations
2026-03-16 18:48:41 +0100: Memory Usage (457532K) : Starting pact FET derivations
2026-03-16 18:48:41 +0100: Memory Usage (457660K) : Starting nact FET derivations
2026-03-16 18:48:41 +0100: Memory Usage (457660K) : Starting Gate derivations
2026-03-16 18:48:41 +0100: Memory Usage (457788K) : Starting cont/contbar general derivations
2026-03-16 18:48:41 +0100: Memory Usage (457916K) : Starting pad general derivations
2026-03-16 18:48:41 +0100: Memory Usage (458300K) : Starting IHP-SG13G2 DRC connectivity related derivations.
2026-03-16 18:48:41 +0100: Memory Usage (459196K) : Starting IHP-SG13G2 DRC connectivity setup
2026-03-16 18:48:41 +0100: Memory Usage (460016K) : Starting IHP-SG13G2 DRC rules.
2026-03-16 18:48:41 +0100: Memory Usage (460016K) : Running all FEOL rules
2026-03-16 18:48:41 +0100: Memory Usage (460016K) : Running all BEOL rules
2026-03-16 18:48:41 +0100: Memory Usage (460016K) : Running all PIN rules
2026-03-16 18:48:41 +0100: Memory Usage (460016K) : Running all FORBIDDEN rules
2026-03-16 18:48:41 +0100: Memory Usage (460016K) : Starting 5.1 NWell table
2026-03-16 18:48:41 +0100: Memory Usage (460016K) : Executing rule NW.b
2026-03-16 18:48:41 +0100: Memory Usage (460676K) : Executing rule NW.b1
2026-03-16 18:48:41 +0100: Memory Usage (460932K) : Starting 5.2 PWell:block
2026-03-16 18:48:41 +0100: Memory Usage (460932K) : Executing rule PWB.e
2026-03-16 18:48:41 +0100: Memory Usage (461060K) : Executing rule PWB.e1
2026-03-16 18:48:41 +0100: Memory Usage (461188K) : Executing rule PWB.f
2026-03-16 18:48:42 +0100: Memory Usage (461316K) : Executing rule PWB.f1
2026-03-16 18:48:42 +0100: Memory Usage (461700K) : Starting 5.3 nBuLay table
2026-03-16 18:48:42 +0100: Memory Usage (461828K) : Executing rule NBL.b
2026-03-16 18:48:42 +0100: Memory Usage (461956K) : Executing rule NBL.c
2026-03-16 18:48:42 +0100: Memory Usage (461956K) : Executing rule NBL.d
2026-03-16 18:48:42 +0100: Memory Usage (461956K) : Executing rule NBL.e
2026-03-16 18:48:42 +0100: Memory Usage (461956K) : Executing rule NBL.f
2026-03-16 18:48:42 +0100: Memory Usage (461956K) : Starting 5.5. Activ table
2026-03-16 18:48:42 +0100: Memory Usage (461956K) : Executing rule Act.a
2026-03-16 18:48:42 +0100: Memory Usage (461956K) : Executing rule Act.b
2026-03-16 18:48:42 +0100: Memory Usage (462084K) : Starting 5.6 Activ:filler table
2026-03-16 18:48:42 +0100: Memory Usage (462084K) : Executing rule AFil.c1
2026-03-16 18:48:42 +0100: Memory Usage (462084K) : Executing rule AFil.c
2026-03-16 18:48:42 +0100: Memory Usage (462084K) : Executing rule AFil.d
2026-03-16 18:48:42 +0100: Memory Usage (462084K) : Executing rule AFil.e
2026-03-16 18:48:42 +0100: Memory Usage (462084K) : Executing rule AFil.j
2026-03-16 18:48:42 +0100: Memory Usage (462084K) : Starting 5.7. ThickGateOx table
2026-03-16 18:48:42 +0100: Memory Usage (462084K) : Executing rule TGO.f
2026-03-16 18:48:42 +0100: Memory Usage (462084K) : Starting 5.8. GatPoly table
2026-03-16 18:48:42 +0100: Memory Usage (462084K) : Executing rule Gat.a
2026-03-16 18:48:42 +0100: Memory Usage (462084K) : Executing rule Gat.b
2026-03-16 18:48:42 +0100: Memory Usage (462084K) : Executing rule Gat.d
2026-03-16 18:48:42 +0100: Memory Usage (462084K) : Executing rule Gat.a1
2026-03-16 18:48:42 +0100: Memory Usage (462748K) : Executing rule Gat.a2
2026-03-16 18:48:42 +0100: Memory Usage (462748K) : Executing rule Gat.g
2026-03-16 18:48:42 +0100: Memory Usage (462748K) : Starting 5.9 GatPoly:filler
2026-03-16 18:48:42 +0100: Memory Usage (462748K) : Executing rule GFil.d
2026-03-16 18:48:42 +0100: Memory Usage (462748K) : Executing rule GFil.e
2026-03-16 18:48:42 +0100: Memory Usage (462748K) : Executing rule GFil.i
2026-03-16 18:48:42 +0100: Memory Usage (462748K) : Starting 5.10 pSD table
2026-03-16 18:48:42 +0100: Memory Usage (462748K) : Executing rule pSD.c1
2026-03-16 18:48:42 +0100: Memory Usage (462748K) : Starting 5.14. Cont table
2026-03-16 18:48:42 +0100: Memory Usage (462748K) : Executing rule Cnt.a
2026-03-16 18:48:42 +0100: Memory Usage (462748K) : Executing rule Cnt.b
2026-03-16 18:48:42 +0100: Memory Usage (462748K) : Executing rule Cnt.c
2026-03-16 18:48:42 +0100: Memory Usage (462748K) : Executing rule Cnt.c
2026-03-16 18:48:42 +0100: Memory Usage (462748K) : Executing rule Cnt.d
2026-03-16 18:48:42 +0100: Memory Usage (462748K) : Executing rule Cnt.e
2026-03-16 18:48:42 +0100: Memory Usage (462748K) : Executing rule Cnt.g1
2026-03-16 18:48:42 +0100: Memory Usage (462748K) : Executing rule Cnt.g2
2026-03-16 18:48:42 +0100: Memory Usage (462748K) : Starting 5.15. ContBar table
2026-03-16 18:48:42 +0100: Memory Usage (462748K) : Executing rule CntB.b1
2026-03-16 18:48:42 +0100: Memory Usage (462748K) : Executing rule CntB.h1
2026-03-16 18:48:42 +0100: Memory Usage (462748K) : Starting 6.1.3 NPN Substrate-Tie table
2026-03-16 18:48:42 +0100: Memory Usage (462748K) : Executing rule npn13G2.bR 
2026-03-16 18:48:42 +0100: Memory Usage (462748K) : Executing rule npn13G2L.cR 
2026-03-16 18:48:42 +0100: Memory Usage (462748K) : Executing rule npn13G2V.cR 
2026-03-16 18:48:42 +0100: Memory Usage (462748K) : Starting 6.7 Schottky diode table
2026-03-16 18:48:42 +0100: Memory Usage (462748K) : Executing rule Sdiod.d
2026-03-16 18:48:42 +0100: Memory Usage (462748K) : Executing rule Sdiod.e
2026-03-16 18:48:42 +0100: Memory Usage (462748K) : Starting 7.2 Latch-up table
2026-03-16 18:48:42 +0100: Memory Usage (462748K) : Executing rule LU.b
2026-03-16 18:48:42 +0100: Memory Usage (462748K) : Starting 5.16. Metal1 table
2026-03-16 18:48:42 +0100: Memory Usage (462748K) : Executing rule M1.a
2026-03-16 18:48:42 +0100: Memory Usage (462748K) : Executing rule M1.b
2026-03-16 18:48:42 +0100: Memory Usage (463060K) : Executing rule M1.e
2026-03-16 18:48:42 +0100: Memory Usage (463060K) : Executing rule M1.f
2026-03-16 18:48:42 +0100: Memory Usage (463060K) : Executing rule M1.g
2026-03-16 18:48:42 +0100: Memory Usage (463060K) : Executing rule M1.i
2026-03-16 18:48:42 +0100: Memory Usage (463188K) : Starting 5.17 Metaln table
2026-03-16 18:48:42 +0100: Memory Usage (463188K) : Executing rule M2.a
2026-03-16 18:48:42 +0100: Memory Usage (463316K) : Executing rule M2.b
2026-03-16 18:48:42 +0100: Memory Usage (463444K) : Executing rule M2.e
2026-03-16 18:48:42 +0100: Memory Usage (463700K) : Executing rule M2.f
2026-03-16 18:48:42 +0100: Memory Usage (463828K) : Executing rule M2.g
2026-03-16 18:48:42 +0100: Memory Usage (464212K) : Executing rule M2.i
2026-03-16 18:48:42 +0100: Memory Usage (464468K) : Executing rule M3.a
2026-03-16 18:48:42 +0100: Memory Usage (464596K) : Executing rule M3.b
2026-03-16 18:48:42 +0100: Memory Usage (464852K) : Executing rule M3.e
2026-03-16 18:48:42 +0100: Memory Usage (464980K) : Executing rule M3.f
2026-03-16 18:48:42 +0100: Memory Usage (465236K) : Executing rule M3.g
2026-03-16 18:48:42 +0100: Memory Usage (465620K) : Executing rule M3.i
2026-03-16 18:48:42 +0100: Memory Usage (465876K) : Executing rule M4.a
2026-03-16 18:48:42 +0100: Memory Usage (466004K) : Executing rule M4.b
2026-03-16 18:48:42 +0100: Memory Usage (466132K) : Executing rule M4.e
2026-03-16 18:48:42 +0100: Memory Usage (466388K) : Executing rule M4.f
2026-03-16 18:48:42 +0100: Memory Usage (466644K) : Executing rule M4.g
2026-03-16 18:48:42 +0100: Memory Usage (467028K) : Executing rule M4.i
2026-03-16 18:48:42 +0100: Memory Usage (467412K) : Executing rule M5.a
2026-03-16 18:48:42 +0100: Memory Usage (467540K) : Executing rule M5.b
2026-03-16 18:48:42 +0100: Memory Usage (467668K) : Executing rule M5.e
2026-03-16 18:48:42 +0100: Memory Usage (467924K) : Executing rule M5.f
2026-03-16 18:48:42 +0100: Memory Usage (468308K) : Executing rule M5.g
2026-03-16 18:48:42 +0100: Memory Usage (468564K) : Executing rule M5.i
2026-03-16 18:48:42 +0100: Memory Usage (468948K) : Starting 5.18 Metaln:filler table
2026-03-16 18:48:42 +0100: Memory Usage (468948K) : Executing rule M1Fil.c
2026-03-16 18:48:42 +0100: Memory Usage (469076K) : Executing rule M1Fil.a2
2026-03-16 18:48:42 +0100: Memory Usage (469204K) : Executing rule M2Fil.c
2026-03-16 18:48:42 +0100: Memory Usage (469460K) : Executing rule M2Fil.a2
2026-03-16 18:48:42 +0100: Memory Usage (469588K) : Executing rule M3Fil.c
2026-03-16 18:48:42 +0100: Memory Usage (469716K) : Executing rule M3Fil.a2
2026-03-16 18:48:42 +0100: Memory Usage (469844K) : Executing rule M4Fil.c
2026-03-16 18:48:42 +0100: Memory Usage (469972K) : Executing rule M4Fil.a2
2026-03-16 18:48:42 +0100: Memory Usage (470100K) : Executing rule M5Fil.c
2026-03-16 18:48:42 +0100: Memory Usage (470228K) : Executing rule M5Fil.a2
2026-03-16 18:48:42 +0100: Memory Usage (470484K) : Starting 5.19. Via1 table
2026-03-16 18:48:42 +0100: Memory Usage (470484K) : Starting 5.19. Via1 table derivations
2026-03-16 18:48:42 +0100: Memory Usage (470484K) : Executing rule V1.a
2026-03-16 18:48:42 +0100: Memory Usage (470740K) : Executing rule V1.b
2026-03-16 18:48:42 +0100: Memory Usage (470868K) : Executing rule V1.c
2026-03-16 18:48:42 +0100: Memory Usage (470996K) : Starting 5.20. Vian table
2026-03-16 18:48:42 +0100: Memory Usage (470996K) : Executing rule V2.a
2026-03-16 18:48:42 +0100: Memory Usage (471380K) : Executing rule V2.b
2026-03-16 18:48:42 +0100: Memory Usage (471508K) : Executing rule V2.c
2026-03-16 18:48:42 +0100: Memory Usage (471508K) : Executing rule V3.a
2026-03-16 18:48:42 +0100: Memory Usage (471508K) : Executing rule V3.b
2026-03-16 18:48:42 +0100: Memory Usage (471508K) : Executing rule V3.c
2026-03-16 18:48:42 +0100: Memory Usage (471508K) : Executing rule V4.a
2026-03-16 18:48:42 +0100: Memory Usage (471508K) : Executing rule V4.b
2026-03-16 18:48:42 +0100: Memory Usage (471508K) : Executing rule V4.c
2026-03-16 18:48:42 +0100: Memory Usage (471508K) : Starting 5.21. TopVia1 table
2026-03-16 18:48:42 +0100: Memory Usage (471508K) : Executing rule TV1.a
2026-03-16 18:48:42 +0100: Memory Usage (471508K) : Executing rule TV1.b
2026-03-16 18:48:42 +0100: Memory Usage (471508K) : Executing rule TV1.c
2026-03-16 18:48:42 +0100: Memory Usage (471508K) : Executing rule TV1.d
2026-03-16 18:48:42 +0100: Memory Usage (471508K) : Starting 5.22. TopMetal1 table
2026-03-16 18:48:42 +0100: Memory Usage (471508K) : Executing rule TM1.a
2026-03-16 18:48:42 +0100: Memory Usage (471508K) : Executing rule TM1.b
2026-03-16 18:48:42 +0100: Memory Usage (471508K) : Starting 5.23 TopMetal1:filler table
2026-03-16 18:48:42 +0100: Memory Usage (471508K) : Executing rule TM1Fil.c
2026-03-16 18:48:42 +0100: Memory Usage (471508K) : Executing rule TM1Fil.a1
2026-03-16 18:48:42 +0100: Memory Usage (471508K) : Starting 5.24. TopVia2 table
2026-03-16 18:48:42 +0100: Memory Usage (471508K) : Executing rule TV2.a
2026-03-16 18:48:42 +0100: Memory Usage (471508K) : Executing rule TV2.b
2026-03-16 18:48:42 +0100: Memory Usage (471508K) : Executing rule TV2.c
2026-03-16 18:48:42 +0100: Memory Usage (471508K) : Executing rule TV2.d
2026-03-16 18:48:42 +0100: Memory Usage (471508K) : Starting 5.25. TopMetal2 table
2026-03-16 18:48:42 +0100: Memory Usage (471508K) : Executing rule TM2.a
2026-03-16 18:48:42 +0100: Memory Usage (471508K) : Executing rule TM2.b
2026-03-16 18:48:42 +0100: Memory Usage (471508K) : Executing rule TM2.bR
2026-03-16 18:48:42 +0100: Memory Usage (471508K) : Starting 5.26 TopMetal2:filler table
2026-03-16 18:48:42 +0100: Memory Usage (471508K) : Executing rule TM2Fil.c
2026-03-16 18:48:42 +0100: Memory Usage (471508K) : Executing rule TM2Fil.a1
2026-03-16 18:48:42 +0100: Memory Usage (471508K) : Starting 5.27. Passiv table
2026-03-16 18:48:42 +0100: Memory Usage (471508K) : Executing rule Pas.a
2026-03-16 18:48:42 +0100: Memory Usage (471508K) : Executing rule Pas.b
2026-03-16 18:48:42 +0100: Memory Usage (471508K) : Executing rule Pas.c
2026-03-16 18:48:42 +0100: Memory Usage (471508K) : Starting 6.9.2 Copper Pillar table
2026-03-16 18:48:42 +0100: Memory Usage (471508K) : Executing rule Padc.a
2026-03-16 18:48:42 +0100: Memory Usage (471508K) : Executing rule Padc.b
2026-03-16 18:48:42 +0100: Memory Usage (471508K) : Executing rule Padc.c
2026-03-16 18:48:42 +0100: Memory Usage (471508K) : Executing rule Padb.f
2026-03-16 18:48:42 +0100: Memory Usage (471508K) : Starting 6.9 Pad table
2026-03-16 18:48:42 +0100: Memory Usage (471508K) : Executing rule Pad.m
2026-03-16 18:48:42 +0100: Memory Usage (471508K) : Executing rule Pad.fR_M1
2026-03-16 18:48:42 +0100: Memory Usage (471508K) : Executing rule Pad.fR_M2
2026-03-16 18:48:42 +0100: Memory Usage (471508K) : Executing rule Pad.fR_M3
2026-03-16 18:48:42 +0100: Memory Usage (471508K) : Executing rule Pad.fR_M4
2026-03-16 18:48:42 +0100: Memory Usage (471508K) : Executing rule Pad.fR_M5
2026-03-16 18:48:42 +0100: Memory Usage (471508K) : Executing rule Pad.fR_TM1
2026-03-16 18:48:42 +0100: Memory Usage (471508K) : Executing rule Pad.fR_TM2
2026-03-16 18:48:42 +0100: Memory Usage (471508K) : Executing rule Pad.i
2026-03-16 18:48:42 +0100: Memory Usage (471508K) : Starting 6.9.1 Solder Bump
2026-03-16 18:48:42 +0100: Memory Usage (471508K) : Executing rule Padb.a
2026-03-16 18:48:42 +0100: Memory Usage (471508K) : Executing rule Padb.b
2026-03-16 18:48:42 +0100: Memory Usage (471508K) : Executing rule Padb.c
2026-03-16 18:48:42 +0100: Memory Usage (471508K) : Executing rule Padb.f
2026-03-16 18:48:42 +0100: Memory Usage (471508K) : Executing rule Padb.d
2026-03-16 18:48:42 +0100: Memory Usage (471508K) : Starting 6.10 Sealring table
2026-03-16 18:48:42 +0100: Memory Usage (471508K) : Executing rule Seal.l
2026-03-16 18:48:42 +0100: Memory Usage (471508K) : Executing rule Seal.n
2026-03-16 18:48:42 +0100: Memory Usage (471508K) : Executing rule seal.b_metal1
2026-03-16 18:48:42 +0100: Memory Usage (471508K) : Executing rule seal.b_metal2
2026-03-16 18:48:42 +0100: Memory Usage (471508K) : Executing rule seal.b_metal3
2026-03-16 18:48:42 +0100: Memory Usage (471508K) : Executing rule seal.b_metal4
2026-03-16 18:48:42 +0100: Memory Usage (471508K) : Executing rule seal.b_metal5
2026-03-16 18:48:42 +0100: Memory Usage (471508K) : Executing rule seal.b_topmetal1
2026-03-16 18:48:42 +0100: Memory Usage (471508K) : Executing rule seal.b_topmetal2
2026-03-16 18:48:42 +0100: Memory Usage (471508K) : Executing rule seal.b_activ
2026-03-16 18:48:42 +0100: Memory Usage (471508K) : Executing rule seal.b_psd
2026-03-16 18:48:42 +0100: Memory Usage (471508K) : Executing rule Seal.k
2026-03-16 18:48:42 +0100: Memory Usage (471508K) : Executing rule Seal.m
2026-03-16 18:48:42 +0100: Memory Usage (471508K) : Starting 6.11 MIM table
2026-03-16 18:48:42 +0100: Memory Usage (471508K) : Executing rule MIM.c
2026-03-16 18:48:42 +0100: Memory Usage (471508K) : Executing rule MIM.d
2026-03-16 18:48:42 +0100: Memory Usage (471508K) : Executing rule MIM.gR
2026-03-16 18:48:42 +0100: Memory Usage (471508K) : Starting 7.3 Metal Slits table
2026-03-16 18:48:42 +0100: Memory Usage (471508K) : Executing rule Slt.e1_M1
2026-03-16 18:48:42 +0100: Memory Usage (471508K) : Executing rule Slt.e1_M2
2026-03-16 18:48:42 +0100: Memory Usage (471508K) : Executing rule Slt.e1_M3
2026-03-16 18:48:42 +0100: Memory Usage (471508K) : Executing rule Slt.e1_M4
2026-03-16 18:48:42 +0100: Memory Usage (471508K) : Executing rule Slt.e1_M5
2026-03-16 18:48:42 +0100: Memory Usage (471508K) : Executing rule Slt.e1_TM1
2026-03-16 18:48:42 +0100: Memory Usage (471508K) : Executing rule Slt.e1_TM2
2026-03-16 18:48:42 +0100: Memory Usage (471508K) : Starting 9.1. LBE table
2026-03-16 18:48:42 +0100: Memory Usage (471508K) : Executing rule LBE.a
2026-03-16 18:48:42 +0100: Memory Usage (471508K) : Executing rule LBE.b
2026-03-16 18:48:42 +0100: Memory Usage (471508K) : Executing rule LBE.b1
2026-03-16 18:48:42 +0100: Memory Usage (471508K) : Executing rule LBE.c
2026-03-16 18:48:42 +0100: Memory Usage (471508K) : Executing rule LBE.d
2026-03-16 18:48:42 +0100: Memory Usage (471508K) : Executing rule LBE.h
2026-03-16 18:48:42 +0100: Memory Usage (471508K) : Starting 7.4. PIN table
2026-03-16 18:48:42 +0100: Memory Usage (471508K) : Executing rule Pin.a
2026-03-16 18:48:42 +0100: Memory Usage (471508K) : Executing rule Pin.b
2026-03-16 18:48:42 +0100: Memory Usage (471508K) : Executing rule Pin.e
2026-03-16 18:48:42 +0100: Memory Usage (471508K) : Executing rule Pin.f_M2
2026-03-16 18:48:42 +0100: Memory Usage (471508K) : Executing rule Pin.f_M3
2026-03-16 18:48:42 +0100: Memory Usage (471508K) : Executing rule Pin.f_M4
2026-03-16 18:48:42 +0100: Memory Usage (471508K) : Executing rule Pin.f_M5
2026-03-16 18:48:42 +0100: Memory Usage (471508K) : Executing rule Pin.g
2026-03-16 18:48:42 +0100: Memory Usage (471508K) : Executing rule Pin.h
2026-03-16 18:48:42 +0100: Memory Usage (471508K) : Starting 3.2. FORBIDDEN table
2026-03-16 18:48:42 +0100: Memory Usage (471508K) : Executing rule forbidden.biwind
2026-03-16 18:48:42 +0100: Memory Usage (471508K) : Executing rule forbidden.pemwind
2026-03-16 18:48:42 +0100: Memory Usage (471508K) : Executing rule forbidden.baspoly
2026-03-16 18:48:42 +0100: Memory Usage (471508K) : Executing rule forbidden.deepco
2026-03-16 18:48:42 +0100: Memory Usage (471508K) : Executing rule forbidden.pempoly
2026-03-16 18:48:42 +0100: Memory Usage (471508K) : Executing rule forbidden.empoly
2026-03-16 18:48:42 +0100: Memory Usage (471508K) : Executing rule forbidden.ldmos
2026-03-16 18:48:42 +0100: Memory Usage (471508K) : Executing rule forbidden.pbiwind
2026-03-16 18:48:42 +0100: Memory Usage (471508K) : Executing rule forbidden.nodrc
2026-03-16 18:48:42 +0100: Memory Usage (471508K) : Executing rule forbidden.flash
2026-03-16 18:48:42 +0100: Memory Usage (471508K) : Executing rule forbidden.colwind
2026-03-16 18:48:42 +0100: Memory Usage (471508K) : KLayout DRC run for tables 'main' completed in 0.66 seconds
