# Logfile created on 2026-03-18 23:13:08 +0100 by logger.rb/v1.5.3
2026-03-18 23:13:08 +0100: Memory Usage (441208K) : Starting running SG13G2 Klayout LVS runset on /foss/designs/ttihp26a-adex-neuron-ncs/klayout/mux.gds
2026-03-18 23:13:08 +0100: Memory Usage (441208K) : Ruby Version for klayout: 3.2.3
2026-03-18 23:13:08 +0100: Memory Usage (442056K) : Loading database to memory is complete.
2026-03-18 23:13:08 +0100: Memory Usage (442056K) : SG13G2 Klayout LVS runset output at: /foss/designs/ttihp26a-adex-neuron-ncs/klayout/lvs_run_mux21_2026_03_18_23_13_06/mux.lvsdb
2026-03-18 23:13:08 +0100: Memory Usage (442056K) : Evaluate switches.
2026-03-18 23:13:08 +0100: Memory Usage (442056K) : Extracted netlist with net names: true
2026-03-18 23:13:08 +0100: Memory Usage (442056K) : Extracted netlist with comments in details: false
2026-03-18 23:13:08 +0100: Memory Usage (442056K) : Selected NET_ONLY option: false
2026-03-18 23:13:08 +0100: Memory Usage (442056K) : Selected LAYOUT_NETLIST option: (none)
2026-03-18 23:13:08 +0100: Memory Usage (442056K) : Selected IGNORE_TOP_PORTS_MISMATCH option: 
2026-03-18 23:13:08 +0100: Memory Usage (442056K) : Selected IMPLICIT_NETS option: (none)
2026-03-18 23:13:08 +0100: Memory Usage (442056K) : Selected TOP_LVL_PINS option: false
2026-03-18 23:13:08 +0100: Memory Usage (442056K) : Selected COMBINE DEVICES option: false
2026-03-18 23:13:08 +0100: Memory Usage (442056K) : Selected PURGE option: false
2026-03-18 23:13:08 +0100: Memory Usage (442056K) : Selected PURGE_NETS option: false
2026-03-18 23:13:08 +0100: Memory Usage (442056K) : Selected SIMPLIFY option: true
2026-03-18 23:13:08 +0100: Memory Usage (442056K) : Selected SERIES_RES option: true
2026-03-18 23:13:08 +0100: Memory Usage (442056K) : Selected PARALLEL_RES option: true
2026-03-18 23:13:08 +0100: Memory Usage (442056K) : flat  mode is enabled.
2026-03-18 23:13:08 +0100: Memory Usage (442500K) : Netlist file: /foss/designs/ttihp26a-adex-neuron-ncs/klayout/mux21.spice
2026-03-18 23:13:08 +0100: Memory Usage (442500K) : LVS extracted netlist at: /foss/designs/ttihp26a-adex-neuron-ncs/klayout/lvs_run_mux21_2026_03_18_23_13_06/mux_extracted.cir
2026-03-18 23:13:08 +0100: Memory Usage (442500K) : Applying SRAM integration support.
2026-03-18 23:13:08 +0100: Memory Usage (442500K) : Starting SG13G2 LVS runset
2026-03-18 23:13:08 +0100: Memory Usage (442500K) : Read in polygons from layers.
2026-03-18 23:13:08 +0100: Memory Usage (443316K) : activ_drw has 32 polygons
2026-03-18 23:13:08 +0100: Memory Usage (443316K) : activ_filler has 0 polygons
2026-03-18 23:13:08 +0100: Memory Usage (443316K) : activ has 32 polygons
2026-03-18 23:13:08 +0100: Memory Usage (443316K) : activ_pin has 0 polygons
2026-03-18 23:13:08 +0100: Memory Usage (443316K) : activ_mask has 0 polygons
2026-03-18 23:13:08 +0100: Memory Usage (443700K) : activ_nofill has 0 polygons
2026-03-18 23:13:08 +0100: Memory Usage (443700K) : activ_OPC has 0 polygons
2026-03-18 23:13:08 +0100: Memory Usage (443700K) : activ_iOPC has 0 polygons
2026-03-18 23:13:08 +0100: Memory Usage (443700K) : activ_noqrc has 0 polygons
2026-03-18 23:13:08 +0100: Memory Usage (444084K) : biwind_drw has 0 polygons
2026-03-18 23:13:08 +0100: Memory Usage (444084K) : biwind_OPC has 0 polygons
2026-03-18 23:13:08 +0100: Memory Usage (444084K) : gatpoly_drw has 24 polygons
2026-03-18 23:13:08 +0100: Memory Usage (444084K) : gatpoly_filler has 0 polygons
2026-03-18 23:13:08 +0100: Memory Usage (444084K) : gatpoly has 24 polygons
2026-03-18 23:13:08 +0100: Memory Usage (444084K) : gatpoly_pin has 0 polygons
2026-03-18 23:13:08 +0100: Memory Usage (444084K) : gatpoly_nofill has 0 polygons
2026-03-18 23:13:08 +0100: Memory Usage (444084K) : gatpoly_OPC has 0 polygons
2026-03-18 23:13:08 +0100: Memory Usage (444468K) : gatpoly_iOPC has 0 polygons
2026-03-18 23:13:08 +0100: Memory Usage (444468K) : gatpoly_noqrc has 0 polygons
2026-03-18 23:13:08 +0100: Memory Usage (444468K) : cont_drw has 560 polygons
2026-03-18 23:13:08 +0100: Memory Usage (444468K) : cont_OPC has 0 polygons
2026-03-18 23:13:08 +0100: Memory Usage (444468K) : nsd_drw has 0 polygons
2026-03-18 23:13:08 +0100: Memory Usage (444852K) : nsd_block has 0 polygons
2026-03-18 23:13:08 +0100: Memory Usage (444852K) : metal1_drw has 80 polygons
2026-03-18 23:13:08 +0100: Memory Usage (445236K) : metal1_filler has 0 polygons
2026-03-18 23:13:08 +0100: Memory Usage (445236K) : metal1_slit has 0 polygons
2026-03-18 23:13:08 +0100: Memory Usage (445236K) : metal1 has 80 polygons
2026-03-18 23:13:08 +0100: Memory Usage (445236K) : metal1_pin has 0 polygons
2026-03-18 23:13:08 +0100: Memory Usage (445620K) : metal1_mask has 0 polygons
2026-03-18 23:13:08 +0100: Memory Usage (445620K) : metal1_nofill has 0 polygons
2026-03-18 23:13:08 +0100: Memory Usage (445620K) : metal1_text has 0 polygons
2026-03-18 23:13:08 +0100: Memory Usage (445620K) : metal1_OPC has 0 polygons
2026-03-18 23:13:08 +0100: Memory Usage (446004K) : metal1_noqrc has 0 polygons
2026-03-18 23:13:08 +0100: Memory Usage (446004K) : metal1_res has 0 polygons
2026-03-18 23:13:08 +0100: Memory Usage (446004K) : metal1_iprobe has 0 polygons
2026-03-18 23:13:08 +0100: Memory Usage (446388K) : metal1_diffprb has 0 polygons
2026-03-18 23:13:08 +0100: Memory Usage (446388K) : passiv_drw has 0 polygons
2026-03-18 23:13:08 +0100: Memory Usage (446772K) : passiv_pin has 0 polygons
2026-03-18 23:13:08 +0100: Memory Usage (446772K) : passiv_sbump has 0 polygons
2026-03-18 23:13:08 +0100: Memory Usage (446772K) : passiv_pillar has 0 polygons
2026-03-18 23:13:08 +0100: Memory Usage (447156K) : passiv_pdl has 0 polygons
2026-03-18 23:13:08 +0100: Memory Usage (447156K) : metal2_drw has 76 polygons
2026-03-18 23:13:08 +0100: Memory Usage (447156K) : metal2_filler has 0 polygons
2026-03-18 23:13:08 +0100: Memory Usage (447540K) : metal2_slit has 0 polygons
2026-03-18 23:13:08 +0100: Memory Usage (447540K) : metal2 has 76 polygons
2026-03-18 23:13:08 +0100: Memory Usage (447540K) : metal2_pin has 0 polygons
2026-03-18 23:13:08 +0100: Memory Usage (447924K) : metal2_mask has 0 polygons
2026-03-18 23:13:08 +0100: Memory Usage (447924K) : metal2_nofill has 0 polygons
2026-03-18 23:13:08 +0100: Memory Usage (447924K) : metal2_text has 0 polygons
2026-03-18 23:13:08 +0100: Memory Usage (448308K) : metal2_OPC has 0 polygons
2026-03-18 23:13:08 +0100: Memory Usage (448308K) : metal2_noqrc has 0 polygons
2026-03-18 23:13:08 +0100: Memory Usage (448308K) : metal2_res has 0 polygons
2026-03-18 23:13:08 +0100: Memory Usage (448692K) : metal2_iprobe has 0 polygons
2026-03-18 23:13:08 +0100: Memory Usage (448692K) : metal2_diffprb has 0 polygons
2026-03-18 23:13:08 +0100: Memory Usage (448692K) : baspoly_drw has 0 polygons
2026-03-18 23:13:08 +0100: Memory Usage (449076K) : baspoly_pin has 0 polygons
2026-03-18 23:13:08 +0100: Memory Usage (449076K) : psd_drw has 16 polygons
2026-03-18 23:13:08 +0100: Memory Usage (449076K) : nldb_drw has 0 polygons
2026-03-18 23:13:08 +0100: Memory Usage (449460K) : digibnd_drw has 0 polygons
2026-03-18 23:13:08 +0100: Memory Usage (449460K) : via1_drw has 460 polygons
2026-03-18 23:13:08 +0100: Memory Usage (449844K) : backmetal1_drw has 0 polygons
2026-03-18 23:13:08 +0100: Memory Usage (449844K) : backmetal1_pin has 0 polygons
2026-03-18 23:13:08 +0100: Memory Usage (449844K) : backmetal1_mask has 0 polygons
2026-03-18 23:13:08 +0100: Memory Usage (450228K) : backmetal1_filler has 0 polygons
2026-03-18 23:13:08 +0100: Memory Usage (450228K) : backmetal1_nofill has 0 polygons
2026-03-18 23:13:08 +0100: Memory Usage (450228K) : backmetal1_slit has 0 polygons
2026-03-18 23:13:08 +0100: Memory Usage (450228K) : backmetal1_text has 0 polygons
2026-03-18 23:13:08 +0100: Memory Usage (450612K) : backmetal1_OPC has 0 polygons
2026-03-18 23:13:08 +0100: Memory Usage (450612K) : backmetal1_noqrc has 0 polygons
2026-03-18 23:13:08 +0100: Memory Usage (450612K) : backmetal1_res has 0 polygons
2026-03-18 23:13:08 +0100: Memory Usage (450996K) : backmetal1_iprobe has 0 polygons
2026-03-18 23:13:08 +0100: Memory Usage (450996K) : backmetal1_diffprb has 0 polygons
2026-03-18 23:13:08 +0100: Memory Usage (451380K) : backpassiv_drw has 0 polygons
2026-03-18 23:13:08 +0100: Memory Usage (451380K) : res_drw has 0 polygons
2026-03-18 23:13:08 +0100: Memory Usage (451380K) : sram_drw has 0 polygons
2026-03-18 23:13:08 +0100: Memory Usage (451764K) : trans_drw has 0 polygons
2026-03-18 23:13:08 +0100: Memory Usage (451764K) : ind_drw has 0 polygons
2026-03-18 23:13:08 +0100: Memory Usage (451764K) : ind_pin has 0 polygons
2026-03-18 23:13:08 +0100: Memory Usage (451764K) : ind_text has 0 polygons
2026-03-18 23:13:08 +0100: Memory Usage (452148K) : salblock_drw has 0 polygons
2026-03-18 23:13:08 +0100: Memory Usage (452148K) : via2_drw has 58 polygons
2026-03-18 23:13:08 +0100: Memory Usage (452148K) : metal3_drw has 19 polygons
2026-03-18 23:13:08 +0100: Memory Usage (452148K) : metal3_filler has 0 polygons
2026-03-18 23:13:08 +0100: Memory Usage (452532K) : metal3_slit has 0 polygons
2026-03-18 23:13:08 +0100: Memory Usage (452532K) : metal3 has 19 polygons
2026-03-18 23:13:08 +0100: Memory Usage (452532K) : metal3_pin has 2 polygons
2026-03-18 23:13:08 +0100: Memory Usage (452916K) : metal3_mask has 0 polygons
2026-03-18 23:13:08 +0100: Memory Usage (452916K) : metal3_nofill has 0 polygons
2026-03-18 23:13:08 +0100: Memory Usage (452916K) : metal3_text has 2 polygons
2026-03-18 23:13:08 +0100: Memory Usage (452916K) : metal3_OPC has 0 polygons
2026-03-18 23:13:08 +0100: Memory Usage (453300K) : metal3_noqrc has 0 polygons
2026-03-18 23:13:08 +0100: Memory Usage (453300K) : metal3_res has 0 polygons
2026-03-18 23:13:08 +0100: Memory Usage (453300K) : metal3_iprobe has 0 polygons
2026-03-18 23:13:08 +0100: Memory Usage (453684K) : metal3_diffprb has 0 polygons
2026-03-18 23:13:08 +0100: Memory Usage (453684K) : nwell_drw has 2 polygons
2026-03-18 23:13:08 +0100: Memory Usage (453684K) : nwell_pin has 0 polygons
2026-03-18 23:13:08 +0100: Memory Usage (453684K) : nwell_text has 0 polygons
2026-03-18 23:13:08 +0100: Memory Usage (454068K) : nbulay_drw has 0 polygons
2026-03-18 23:13:08 +0100: Memory Usage (454068K) : nbulay_pin has 0 polygons
2026-03-18 23:13:08 +0100: Memory Usage (454068K) : nbulay_block has 0 polygons
2026-03-18 23:13:08 +0100: Memory Usage (454452K) : emwind_drw has 0 polygons
2026-03-18 23:13:08 +0100: Memory Usage (454452K) : emwind_OPC has 0 polygons
2026-03-18 23:13:08 +0100: Memory Usage (454452K) : deepco_drw has 0 polygons
2026-03-18 23:13:08 +0100: Memory Usage (454836K) : mim_drw has 0 polygons
2026-03-18 23:13:08 +0100: Memory Usage (454836K) : edgeseal_drw has 0 polygons
2026-03-18 23:13:08 +0100: Memory Usage (454836K) : substrate_drw has 0 polygons
2026-03-18 23:13:08 +0100: Memory Usage (454836K) : substrate_text has 0 polygons
2026-03-18 23:13:08 +0100: Memory Usage (455220K) : dfpad_drw has 0 polygons
2026-03-18 23:13:08 +0100: Memory Usage (455220K) : dfpad_pillar has 0 polygons
2026-03-18 23:13:08 +0100: Memory Usage (455220K) : dfpad_sbump has 0 polygons
2026-03-18 23:13:08 +0100: Memory Usage (455604K) : thickgateox_drw has 0 polygons
2026-03-18 23:13:08 +0100: Memory Usage (455604K) : pldb_drw has 0 polygons
2026-03-18 23:13:08 +0100: Memory Usage (455604K) : pwell_drw has 0 polygons
2026-03-18 23:13:08 +0100: Memory Usage (455604K) : pwell_pin has 0 polygons
2026-03-18 23:13:08 +0100: Memory Usage (455988K) : pwell_block has 0 polygons
2026-03-18 23:13:08 +0100: Memory Usage (455988K) : ic_drw has 0 polygons
2026-03-18 23:13:08 +0100: Memory Usage (455988K) : via3_drw has 34 polygons
2026-03-18 23:13:08 +0100: Memory Usage (456372K) : metal4_drw has 7 polygons
2026-03-18 23:13:08 +0100: Memory Usage (456372K) : metal4_filler has 0 polygons
2026-03-18 23:13:08 +0100: Memory Usage (456372K) : metal4_slit has 0 polygons
2026-03-18 23:13:08 +0100: Memory Usage (456756K) : metal4 has 7 polygons
2026-03-18 23:13:08 +0100: Memory Usage (456756K) : metal4_pin has 5 polygons
2026-03-18 23:13:08 +0100: Memory Usage (456756K) : metal4_mask has 0 polygons
2026-03-18 23:13:08 +0100: Memory Usage (457140K) : metal4_nofill has 0 polygons
2026-03-18 23:13:08 +0100: Memory Usage (457140K) : metal4_text has 5 polygons
2026-03-18 23:13:08 +0100: Memory Usage (457140K) : metal4_OPC has 0 polygons
2026-03-18 23:13:08 +0100: Memory Usage (457140K) : metal4_noqrc has 0 polygons
2026-03-18 23:13:08 +0100: Memory Usage (457524K) : metal4_res has 0 polygons
2026-03-18 23:13:08 +0100: Memory Usage (457524K) : metal4_iprobe has 0 polygons
2026-03-18 23:13:08 +0100: Memory Usage (457524K) : metal4_diffprb has 0 polygons
2026-03-18 23:13:08 +0100: Memory Usage (457908K) : heattrans_drw has 0 polygons
2026-03-18 23:13:08 +0100: Memory Usage (457908K) : heatres_drw has 0 polygons
2026-03-18 23:13:08 +0100: Memory Usage (457908K) : fbe_drw has 0 polygons
2026-03-18 23:13:08 +0100: Memory Usage (458292K) : empoly_drw has 0 polygons
2026-03-18 23:13:08 +0100: Memory Usage (458292K) : digisub_drw has 0 polygons
2026-03-18 23:13:08 +0100: Memory Usage (458292K) : text_drw has 0 polygons
2026-03-18 23:13:08 +0100: Memory Usage (458292K) : via4_drw has 0 polygons
2026-03-18 23:13:08 +0100: Memory Usage (458676K) : metal5_drw has 0 polygons
2026-03-18 23:13:08 +0100: Memory Usage (458676K) : metal5_filler has 0 polygons
2026-03-18 23:13:08 +0100: Memory Usage (458676K) : metal5_slit has 0 polygons
2026-03-18 23:13:08 +0100: Memory Usage (458676K) : metal5 has 0 polygons
2026-03-18 23:13:08 +0100: Memory Usage (459060K) : metal5_pin has 0 polygons
2026-03-18 23:13:08 +0100: Memory Usage (459060K) : metal5_mask has 0 polygons
2026-03-18 23:13:08 +0100: Memory Usage (459060K) : metal5_nofill has 0 polygons
2026-03-18 23:13:08 +0100: Memory Usage (459060K) : metal5_text has 0 polygons
2026-03-18 23:13:08 +0100: Memory Usage (459444K) : metal5_OPC has 0 polygons
2026-03-18 23:13:08 +0100: Memory Usage (459444K) : metal5_noqrc has 0 polygons
2026-03-18 23:13:08 +0100: Memory Usage (459444K) : metal5_res has 0 polygons
2026-03-18 23:13:08 +0100: Memory Usage (459828K) : metal5_iprobe has 0 polygons
2026-03-18 23:13:08 +0100: Memory Usage (459828K) : metal5_diffprb has 0 polygons
2026-03-18 23:13:08 +0100: Memory Usage (459828K) : radhard_drw has 0 polygons
2026-03-18 23:13:08 +0100: Memory Usage (460212K) : memcap_drw has 0 polygons
2026-03-18 23:13:08 +0100: Memory Usage (460212K) : varicap_drw has 0 polygons
2026-03-18 23:13:08 +0100: Memory Usage (460212K) : intbondvia_drw has 0 polygons
2026-03-18 23:13:08 +0100: Memory Usage (460596K) : intbondmet_drw has 0 polygons
2026-03-18 23:13:08 +0100: Memory Usage (460596K) : devbondvia_drw has 0 polygons
2026-03-18 23:13:08 +0100: Memory Usage (460596K) : devbondmet_drw has 0 polygons
2026-03-18 23:13:08 +0100: Memory Usage (460980K) : devtrench_drw has 0 polygons
2026-03-18 23:13:08 +0100: Memory Usage (460980K) : redist_drw has 0 polygons
2026-03-18 23:13:08 +0100: Memory Usage (460980K) : graphbot_drw has 0 polygons
2026-03-18 23:13:08 +0100: Memory Usage (461364K) : graphtop_drw has 0 polygons
2026-03-18 23:13:08 +0100: Memory Usage (461364K) : antvia1_drw has 0 polygons
2026-03-18 23:13:08 +0100: Memory Usage (461364K) : antmetal2_drw has 0 polygons
2026-03-18 23:13:08 +0100: Memory Usage (461364K) : graphcont_drw has 0 polygons
2026-03-18 23:13:08 +0100: Memory Usage (461364K) : siwg_drw has 0 polygons
2026-03-18 23:13:08 +0100: Memory Usage (461364K) : siwg_filler has 0 polygons
2026-03-18 23:13:08 +0100: Memory Usage (461748K) : siwg_nofill has 0 polygons
2026-03-18 23:13:08 +0100: Memory Usage (461748K) : sigrating_drw has 0 polygons
2026-03-18 23:13:08 +0100: Memory Usage (461748K) : singrating_drw has 0 polygons
2026-03-18 23:13:08 +0100: Memory Usage (462132K) : graphpas_drw has 0 polygons
2026-03-18 23:13:08 +0100: Memory Usage (462132K) : emwind3_drw has 0 polygons
2026-03-18 23:13:08 +0100: Memory Usage (462132K) : emwihv3_drw has 0 polygons
2026-03-18 23:13:08 +0100: Memory Usage (462516K) : redbulay_drw has 0 polygons
2026-03-18 23:13:08 +0100: Memory Usage (462516K) : smos_drw has 0 polygons
2026-03-18 23:13:08 +0100: Memory Usage (462516K) : graphpad_drw has 0 polygons
2026-03-18 23:13:08 +0100: Memory Usage (462900K) : polimide_drw has 0 polygons
2026-03-18 23:13:08 +0100: Memory Usage (462900K) : polimide_pin has 0 polygons
2026-03-18 23:13:08 +0100: Memory Usage (462900K) : recog_drw has 0 polygons
2026-03-18 23:13:08 +0100: Memory Usage (463284K) : recog_pin has 0 polygons
2026-03-18 23:13:08 +0100: Memory Usage (463284K) : recog_esd has 0 polygons
2026-03-18 23:13:08 +0100: Memory Usage (463284K) : recog_diode has 0 polygons
2026-03-18 23:13:08 +0100: Memory Usage (463668K) : recog_tsv has 0 polygons
2026-03-18 23:13:08 +0100: Memory Usage (463668K) : recog_iprobe has 0 polygons
2026-03-18 23:13:08 +0100: Memory Usage (463668K) : recog_diffprb has 0 polygons
2026-03-18 23:13:08 +0100: Memory Usage (464052K) : recog_pillar has 0 polygons
2026-03-18 23:13:08 +0100: Memory Usage (464052K) : recog_sbump has 0 polygons
2026-03-18 23:13:08 +0100: Memory Usage (464052K) : recog_otp has 0 polygons
2026-03-18 23:13:08 +0100: Memory Usage (464052K) : recog_pdiode has 0 polygons
2026-03-18 23:13:08 +0100: Memory Usage (464436K) : recog_mom has 0 polygons
2026-03-18 23:13:08 +0100: Memory Usage (464436K) : recog_pcm has 0 polygons
2026-03-18 23:13:08 +0100: Memory Usage (464436K) : colopen_drw has 0 polygons
2026-03-18 23:13:08 +0100: Memory Usage (464820K) : graphmetal1_drw has 0 polygons
2026-03-18 23:13:08 +0100: Memory Usage (464820K) : graphmetal1_filler has 0 polygons
2026-03-18 23:13:08 +0100: Memory Usage (464820K) : graphmetal1_nofill has 0 polygons
2026-03-18 23:13:08 +0100: Memory Usage (465204K) : graphmetal1_slit has 0 polygons
2026-03-18 23:13:08 +0100: Memory Usage (465204K) : graphmetal1_OPC has 0 polygons
2026-03-18 23:13:08 +0100: Memory Usage (465204K) : graphmet1l_drw has 0 polygons
2026-03-18 23:13:08 +0100: Memory Usage (465588K) : graphmet1l_filler has 0 polygons
2026-03-18 23:13:08 +0100: Memory Usage (465588K) : graphmet1l_nofill has 0 polygons
2026-03-18 23:13:08 +0100: Memory Usage (465588K) : graphmet1l_slit has 0 polygons
2026-03-18 23:13:08 +0100: Memory Usage (465972K) : graphmet1l_OPC has 0 polygons
2026-03-18 23:13:08 +0100: Memory Usage (465972K) : extblock_drw has 0 polygons
2026-03-18 23:13:08 +0100: Memory Usage (465972K) : nldd_drw has 0 polygons
2026-03-18 23:13:08 +0100: Memory Usage (466356K) : pldd_drw has 0 polygons
2026-03-18 23:13:08 +0100: Memory Usage (466356K) : next_drw has 0 polygons
2026-03-18 23:13:08 +0100: Memory Usage (466356K) : pext_drw has 0 polygons
2026-03-18 23:13:08 +0100: Memory Usage (466740K) : nexthv_drw has 0 polygons
2026-03-18 23:13:08 +0100: Memory Usage (466740K) : pexthv_drw has 0 polygons
2026-03-18 23:13:08 +0100: Memory Usage (466740K) : graphgate_drw has 0 polygons
2026-03-18 23:13:08 +0100: Memory Usage (466740K) : sinwg_drw has 0 polygons
2026-03-18 23:13:08 +0100: Memory Usage (467124K) : sinwg_filler has 0 polygons
2026-03-18 23:13:08 +0100: Memory Usage (467124K) : sinwg_nofill has 0 polygons
2026-03-18 23:13:08 +0100: Memory Usage (467124K) : mempad_drw has 0 polygons
2026-03-18 23:13:08 +0100: Memory Usage (467508K) : topvia1_drw has 0 polygons
2026-03-18 23:13:08 +0100: Memory Usage (467508K) : topmetal1_drw has 0 polygons
2026-03-18 23:13:08 +0100: Memory Usage (467508K) : topmetal1_filler has 0 polygons
2026-03-18 23:13:08 +0100: Memory Usage (467892K) : topmetal1_slit has 0 polygons
2026-03-18 23:13:08 +0100: Memory Usage (467892K) : topmetal1 has 0 polygons
2026-03-18 23:13:08 +0100: Memory Usage (467892K) : topmetal1_pin has 0 polygons
2026-03-18 23:13:08 +0100: Memory Usage (467892K) : topmetal1_mask has 0 polygons
2026-03-18 23:13:08 +0100: Memory Usage (467892K) : topmetal1_nofill has 0 polygons
2026-03-18 23:13:08 +0100: Memory Usage (467892K) : topmetal1_text has 0 polygons
2026-03-18 23:13:08 +0100: Memory Usage (468276K) : topmetal1_noqrc has 0 polygons
2026-03-18 23:13:08 +0100: Memory Usage (468276K) : topmetal1_res has 0 polygons
2026-03-18 23:13:08 +0100: Memory Usage (468276K) : topmetal1_iprobe has 0 polygons
2026-03-18 23:13:08 +0100: Memory Usage (468660K) : topmetal1_diffprb has 0 polygons
2026-03-18 23:13:08 +0100: Memory Usage (468660K) : inldpwl_drw has 0 polygons
2026-03-18 23:13:08 +0100: Memory Usage (468660K) : polyres_drw has 0 polygons
2026-03-18 23:13:08 +0100: Memory Usage (468660K) : polyres_pin has 0 polygons
2026-03-18 23:13:08 +0100: Memory Usage (469044K) : vmim_drw has 0 polygons
2026-03-18 23:13:08 +0100: Memory Usage (469044K) : nbulaycut_drw has 0 polygons
2026-03-18 23:13:08 +0100: Memory Usage (469044K) : antmetal1_drw has 0 polygons
2026-03-18 23:13:08 +0100: Memory Usage (469428K) : topvia2_drw has 0 polygons
2026-03-18 23:13:08 +0100: Memory Usage (469428K) : topmetal2_drw has 0 polygons
2026-03-18 23:13:08 +0100: Memory Usage (469428K) : topmetal2_filler has 0 polygons
2026-03-18 23:13:08 +0100: Memory Usage (469812K) : topmetal2_slit has 0 polygons
2026-03-18 23:13:08 +0100: Memory Usage (469812K) : topmetal2 has 0 polygons
2026-03-18 23:13:08 +0100: Memory Usage (469812K) : topmetal2_pin has 0 polygons
2026-03-18 23:13:08 +0100: Memory Usage (470196K) : topmetal2_mask has 0 polygons
2026-03-18 23:13:08 +0100: Memory Usage (470196K) : topmetal2_nofill has 0 polygons
2026-03-18 23:13:08 +0100: Memory Usage (470196K) : topmetal2_text has 0 polygons
2026-03-18 23:13:08 +0100: Memory Usage (470196K) : topmetal2_noqrc has 0 polygons
2026-03-18 23:13:08 +0100: Memory Usage (470196K) : topmetal2_res has 0 polygons
2026-03-18 23:13:08 +0100: Memory Usage (470196K) : topmetal2_iprobe has 0 polygons
2026-03-18 23:13:08 +0100: Memory Usage (470196K) : topmetal2_diffprb has 0 polygons
2026-03-18 23:13:08 +0100: Memory Usage (470196K) : snsring_drw has 0 polygons
2026-03-18 23:13:08 +0100: Memory Usage (470196K) : sensor_drw has 0 polygons
2026-03-18 23:13:08 +0100: Memory Usage (470196K) : snsarms_drw has 0 polygons
2026-03-18 23:13:08 +0100: Memory Usage (470196K) : snscmosvia_drw has 0 polygons
2026-03-18 23:13:08 +0100: Memory Usage (470196K) : colwind_drw has 0 polygons
2026-03-18 23:13:08 +0100: Memory Usage (470196K) : flm_drw has 0 polygons
2026-03-18 23:13:08 +0100: Memory Usage (470196K) : hafniumox_drw has 0 polygons
2026-03-18 23:13:08 +0100: Memory Usage (470196K) : memvia_drw has 0 polygons
2026-03-18 23:13:08 +0100: Memory Usage (470196K) : thinfilmres_drw has 0 polygons
2026-03-18 23:13:08 +0100: Memory Usage (470196K) : rfmem_drw has 0 polygons
2026-03-18 23:13:08 +0100: Memory Usage (470196K) : norcx_drw has 0 polygons
2026-03-18 23:13:08 +0100: Memory Usage (470196K) : norcx_m2m3 has 0 polygons
2026-03-18 23:13:08 +0100: Memory Usage (470196K) : norcx_m2m4 has 0 polygons
2026-03-18 23:13:08 +0100: Memory Usage (470196K) : norcx_m2m5 has 0 polygons
2026-03-18 23:13:08 +0100: Memory Usage (470196K) : norcx_m2tm1 has 0 polygons
2026-03-18 23:13:08 +0100: Memory Usage (470196K) : norcx_m2tm2 has 0 polygons
2026-03-18 23:13:08 +0100: Memory Usage (470196K) : norcx_m3m4 has 0 polygons
2026-03-18 23:13:08 +0100: Memory Usage (470196K) : norcx_m3m5 has 0 polygons
2026-03-18 23:13:08 +0100: Memory Usage (470196K) : norcx_m3tm1 has 0 polygons
2026-03-18 23:13:08 +0100: Memory Usage (470196K) : norcx_m3tm2 has 0 polygons
2026-03-18 23:13:08 +0100: Memory Usage (470196K) : norcx_m4m5 has 0 polygons
2026-03-18 23:13:08 +0100: Memory Usage (470196K) : norcx_m4tm1 has 0 polygons
2026-03-18 23:13:08 +0100: Memory Usage (470196K) : norcx_m4tm2 has 0 polygons
2026-03-18 23:13:08 +0100: Memory Usage (470196K) : norcx_m5tm1 has 0 polygons
2026-03-18 23:13:08 +0100: Memory Usage (470196K) : norcx_m5tm2 has 0 polygons
2026-03-18 23:13:08 +0100: Memory Usage (470196K) : norcx_tm1tm2 has 0 polygons
2026-03-18 23:13:08 +0100: Memory Usage (470196K) : norcx_m1sub has 0 polygons
2026-03-18 23:13:08 +0100: Memory Usage (470196K) : norcx_m2sub has 0 polygons
2026-03-18 23:13:08 +0100: Memory Usage (470196K) : norcx_m3sub has 0 polygons
2026-03-18 23:13:08 +0100: Memory Usage (470196K) : norcx_m4sub has 0 polygons
2026-03-18 23:13:08 +0100: Memory Usage (470196K) : norcx_m5sub has 0 polygons
2026-03-18 23:13:08 +0100: Memory Usage (470196K) : norcx_tm1sub has 0 polygons
2026-03-18 23:13:08 +0100: Memory Usage (470196K) : norcx_tm2sub has 0 polygons
2026-03-18 23:13:08 +0100: Memory Usage (470196K) : snsbotvia_drw has 0 polygons
2026-03-18 23:13:08 +0100: Memory Usage (470196K) : snstopvia_drw has 0 polygons
2026-03-18 23:13:08 +0100: Memory Usage (470196K) : deepvia_drw has 0 polygons
2026-03-18 23:13:08 +0100: Memory Usage (470196K) : fgetch_drw has 0 polygons
2026-03-18 23:13:08 +0100: Memory Usage (470196K) : ctrgat_drw has 0 polygons
2026-03-18 23:13:08 +0100: Memory Usage (470196K) : fgimp_drw has 0 polygons
2026-03-18 23:13:08 +0100: Memory Usage (470196K) : emwihv_drw has 0 polygons
2026-03-18 23:13:08 +0100: Memory Usage (470196K) : lbe_drw has 0 polygons
2026-03-18 23:13:08 +0100: Memory Usage (470196K) : alcustop_drw has 0 polygons
2026-03-18 23:13:08 +0100: Memory Usage (470196K) : nometfiller_drw has 0 polygons
2026-03-18 23:13:08 +0100: Memory Usage (470196K) : prboundary_drw has 0 polygons
2026-03-18 23:13:08 +0100: Memory Usage (470196K) : exchange0_drw has 0 polygons
2026-03-18 23:13:08 +0100: Memory Usage (470196K) : exchange0_pin has 0 polygons
2026-03-18 23:13:08 +0100: Memory Usage (470196K) : exchange0_text has 0 polygons
2026-03-18 23:13:08 +0100: Memory Usage (470196K) : exchange1_drw has 0 polygons
2026-03-18 23:13:08 +0100: Memory Usage (470196K) : exchange1_pin has 0 polygons
2026-03-18 23:13:08 +0100: Memory Usage (470196K) : exchange1_text has 0 polygons
2026-03-18 23:13:08 +0100: Memory Usage (470196K) : exchange2_drw has 0 polygons
2026-03-18 23:13:08 +0100: Memory Usage (470580K) : exchange2_pin has 0 polygons
2026-03-18 23:13:08 +0100: Memory Usage (470580K) : exchange2_text has 0 polygons
2026-03-18 23:13:08 +0100: Memory Usage (470580K) : exchange3_drw has 0 polygons
2026-03-18 23:13:08 +0100: Memory Usage (470580K) : exchange3_pin has 0 polygons
2026-03-18 23:13:08 +0100: Memory Usage (470580K) : exchange3_text has 0 polygons
2026-03-18 23:13:08 +0100: Memory Usage (470580K) : exchange4_drw has 0 polygons
2026-03-18 23:13:08 +0100: Memory Usage (470580K) : exchange4_pin has 0 polygons
2026-03-18 23:13:08 +0100: Memory Usage (470964K) : exchange4_text has 0 polygons
2026-03-18 23:13:08 +0100: Memory Usage (470964K) : isonwell_drw has 0 polygons
2026-03-18 23:13:08 +0100: Memory Usage (470964K) : Total no. of polygons in the design is 1382
2026-03-18 23:13:08 +0100: Memory Usage (470964K) : Starting base layers derivations
2026-03-18 23:13:08 +0100: Memory Usage (470964K) : Starting general LVS derivations
2026-03-18 23:13:08 +0100: Memory Usage (473700K) : Starting MOSFET DERIVATIONS
2026-03-18 23:13:08 +0100: Memory Usage (473700K) : Starting NMOS DERIVATIONS
2026-03-18 23:13:08 +0100: Memory Usage (473700K) : Starting PMOS DERIVATIONS
2026-03-18 23:13:08 +0100: Memory Usage (473700K) : Starting RF-MOSFET DERIVATIONS
2026-03-18 23:13:08 +0100: Memory Usage (473700K) : Starting RF-NMOS DERIVATIONS
2026-03-18 23:13:08 +0100: Memory Usage (473700K) : Starting RF-PMOS DERIVATIONS
2026-03-18 23:13:08 +0100: Memory Usage (473700K) : Starting BJT DERIVATIONS
2026-03-18 23:13:08 +0100: Memory Usage (473700K) : Starting NPN-BJT DERIVATIONS
2026-03-18 23:13:08 +0100: Memory Usage (473700K) : Starting PNP-BJT DERIVATIONS
2026-03-18 23:13:08 +0100: Memory Usage (473700K) : Starting DIODE DERIVATIONS
2026-03-18 23:13:08 +0100: Memory Usage (473700K) : Starting RESISTOR DERIVATIONS
2026-03-18 23:13:08 +0100: Memory Usage (473700K) : Starting CAP DERIVATIONS
2026-03-18 23:13:08 +0100: Memory Usage (473700K) : Starting ESD DERIVATIONS
2026-03-18 23:13:09 +0100: Memory Usage (473700K) : Starting Inductor DERIVATIONS
2026-03-18 23:13:09 +0100: Memory Usage (473700K) : Starting Taps DERIVATIONS
2026-03-18 23:13:09 +0100: Memory Usage (473700K) : Starting SG13G2 LVS connectivity setup
2026-03-18 23:13:09 +0100: Memory Usage (473700K) : Starting SG13G2 LVS connectivity setup (Inter-layer)
2026-03-18 23:13:09 +0100: Memory Usage (474132K) : Starting SG13G2 LVS connectivity setup (Global)
2026-03-18 23:13:09 +0100: Memory Usage (474132K) : Starting LVS MOSFET CONNECTIONS
2026-03-18 23:13:09 +0100: Memory Usage (474132K) : Starting LVS RF-MOSFET CONNECTIONS
2026-03-18 23:13:09 +0100: Memory Usage (474132K) : Starting LVS BJT CONNECTIONS
2026-03-18 23:13:09 +0100: Memory Usage (474132K) : Starting LVS DIODE CONNECTIONS
2026-03-18 23:13:09 +0100: Memory Usage (474132K) : Starting RESISTOR CONNECTIONS
2026-03-18 23:13:09 +0100: Memory Usage (474132K) : Starting LVS CAP CONNECTIONS
2026-03-18 23:13:09 +0100: Memory Usage (474132K) : Starting ESD CONNECTIONS
2026-03-18 23:13:09 +0100: Memory Usage (474132K) : Starting Inductor CONNECTIONS
2026-03-18 23:13:09 +0100: Memory Usage (474132K) : Starting LVS Taps CONNECTIONS
2026-03-18 23:13:09 +0100: Memory Usage (474132K) : Starting SG13G2 LVS DEVICES EXTRACTION
2026-03-18 23:13:09 +0100: Memory Usage (474132K) : Starting MOSFET EXTRACTION
2026-03-18 23:13:09 +0100: Memory Usage (474132K) : Starting NMOS EXTRACTION
2026-03-18 23:13:09 +0100: Memory Usage (474132K) : Extraction of NMOS-LV transistor
2026-03-18 23:13:09 +0100: Memory Usage (474952K) : Extraction of NMOS-HV transistor
2026-03-18 23:13:09 +0100: Memory Usage (474952K) : Starting PMOS EXTRACTION
2026-03-18 23:13:09 +0100: Memory Usage (474952K) : Extraction of PMOS-LV transistor
2026-03-18 23:13:09 +0100: Memory Usage (474952K) : Extraction of PMOS-HV transistor
2026-03-18 23:13:09 +0100: Memory Usage (474952K) : Starting RF-MOSFET EXTRACTION
2026-03-18 23:13:09 +0100: Memory Usage (474952K) : Extraction of RF-NMOS-LV transistor
2026-03-18 23:13:09 +0100: Memory Usage (474952K) : Extraction of RF-NMOS-HV transistor
2026-03-18 23:13:09 +0100: Memory Usage (474952K) : Extraction of RF-PMOS-LV transistor
2026-03-18 23:13:09 +0100: Memory Usage (474952K) : Extraction of RF-PMOS-HV transistor
2026-03-18 23:13:09 +0100: Memory Usage (474952K) : Starting BJT EXTRACTION
2026-03-18 23:13:09 +0100: Memory Usage (474952K) : Starting NPN-BJT EXTRACTION
2026-03-18 23:13:09 +0100: Memory Usage (474952K) : Extraction of npn13G2 BJT transistor
2026-03-18 23:13:09 +0100: Memory Usage (474952K) : Extraction of npn13G2L BJT transistor
2026-03-18 23:13:09 +0100: Memory Usage (474952K) : Extraction of npn13G2V BJT transistor
2026-03-18 23:13:09 +0100: Memory Usage (474952K) : Starting PNP-BJT EXTRACTION
2026-03-18 23:13:09 +0100: Memory Usage (474952K) : Extracting pnpMPA BJT
2026-03-18 23:13:09 +0100: Memory Usage (474952K) : Starting DIODE EXTRACTION
2026-03-18 23:13:09 +0100: Memory Usage (474952K) : Extracting dantenna diode
2026-03-18 23:13:09 +0100: Memory Usage (474952K) : Extracting dpantenna diode
2026-03-18 23:13:09 +0100: Memory Usage (474952K) : Extracting schottky_nbl1 diode
2026-03-18 23:13:09 +0100: Memory Usage (474952K) : Extracting isolbox diode
2026-03-18 23:13:09 +0100: Memory Usage (474952K) : Starting RESISTOR EXTRACTION
2026-03-18 23:13:09 +0100: Memory Usage (474952K) : Extracting rsil resistor
2026-03-18 23:13:09 +0100: Memory Usage (474952K) : Extracting rppd resistor
2026-03-18 23:13:09 +0100: Memory Usage (474952K) : Extracting rhigh resistor
2026-03-18 23:13:09 +0100: Memory Usage (474952K) : Extracting res_metal1 resistor
2026-03-18 23:13:09 +0100: Memory Usage (474952K) : Extracting res_metal2 resistor
2026-03-18 23:13:09 +0100: Memory Usage (474952K) : Extracting res_metal3 resistor
2026-03-18 23:13:09 +0100: Memory Usage (474952K) : Extracting res_metal4 resistor
2026-03-18 23:13:09 +0100: Memory Usage (474952K) : Extracting res_metal5 resistor
2026-03-18 23:13:09 +0100: Memory Usage (474952K) : Extracting res_topmetal1 resistor
2026-03-18 23:13:09 +0100: Memory Usage (474952K) : Extracting res_topmetal2 resistor
2026-03-18 23:13:09 +0100: Memory Usage (474952K) : Starting CAP EXTRACTION
2026-03-18 23:13:09 +0100: Memory Usage (474952K) : Extracting cap_cmim device
2026-03-18 23:13:09 +0100: Memory Usage (474952K) : Extracting rfcmim device
2026-03-18 23:13:09 +0100: Memory Usage (474952K) : Extracting sg13_hv_svaricap varactor
2026-03-18 23:13:09 +0100: Memory Usage (474952K) : Starting ESD EXTRACTION
2026-03-18 23:13:09 +0100: Memory Usage (474952K) : Extracting diodevdd_2kv ESD device
2026-03-18 23:13:09 +0100: Memory Usage (474952K) : Extracting diodevdd_4kv ESD device
2026-03-18 23:13:09 +0100: Memory Usage (474952K) : Extracting diodevss_2kv ESD device
2026-03-18 23:13:09 +0100: Memory Usage (474952K) : Extracting diodevss_4kv ESD device
2026-03-18 23:13:09 +0100: Memory Usage (474952K) : Extracting idiodevdd_2kv ESD device
2026-03-18 23:13:09 +0100: Memory Usage (474952K) : Extracting idiodevdd_4kv ESD device
2026-03-18 23:13:09 +0100: Memory Usage (474952K) : Extracting idiodevss_2kv ESD device
2026-03-18 23:13:09 +0100: Memory Usage (474952K) : Extracting idiodevss_4kv ESD device
2026-03-18 23:13:09 +0100: Memory Usage (474952K) : Extracting nmoscl_2 ESD device
2026-03-18 23:13:09 +0100: Memory Usage (474952K) : Extracting nmoscl_4 ESD device
2026-03-18 23:13:09 +0100: Memory Usage (474952K) : Starting Inductor EXTRACTION
2026-03-18 23:13:09 +0100: Memory Usage (474952K) : Extracting Inductor2 device
2026-03-18 23:13:09 +0100: Memory Usage (474952K) : Extracting Inductor3 device
2026-03-18 23:13:09 +0100: Memory Usage (474952K) : Starting Taps EXTRACTION
2026-03-18 23:13:09 +0100: Memory Usage (474952K) : Extracting ntap1 device
2026-03-18 23:13:09 +0100: Memory Usage (474952K) : Extracting ptap1 device
2026-03-18 23:13:09 +0100: Memory Usage (474952K) : Starting SG13G2 LVS RF MOS Model Mapping
2026-03-18 23:13:09 +0100: Memory Usage (475348K) : [layout_netlist] Apply RF MOS model mapping and rfmode parameter.
2026-03-18 23:13:09 +0100: Memory Usage (475348K) : Starting SG13G2 LVS Options Preparations
2026-03-18 23:13:09 +0100: Memory Usage (475348K) : SG13G2 LVS flow: extraction -> alignment -> option preparation -> comparison.
2026-03-18 23:13:09 +0100: Memory Usage (475348K) : Starting SG13G2 LVS Alignment
2026-03-18 23:13:09 +0100: Memory Usage (475348K) : Starting SG13G2 LVS Simplification
2026-03-18 23:13:09 +0100: Memory Usage (475348K) : [layout_netlist] simplify: ENABLED
2026-03-18 23:13:09 +0100: Memory Usage (475348K) : [layout_netlist] make_top_level_pins: SKIPPED
2026-03-18 23:13:09 +0100: Memory Usage (475348K) : [layout_netlist] combine_devices: SKIPPED
2026-03-18 23:13:09 +0100: Memory Usage (475348K) : [layout_netlist] purge: SKIPPED
2026-03-18 23:13:09 +0100: Memory Usage (475348K) : [layout_netlist] purge_nets: SKIPPED
2026-03-18 23:13:09 +0100: Memory Usage (475348K) : [schematic_netlist] simplify: ENABLED
2026-03-18 23:13:09 +0100: Memory Usage (475348K) : [schematic_netlist] make_top_level_pins: SKIPPED
2026-03-18 23:13:09 +0100: Memory Usage (475348K) : [schematic_netlist] combine_devices: SKIPPED
2026-03-18 23:13:09 +0100: Memory Usage (475348K) : [schematic_netlist] purge: SKIPPED
2026-03-18 23:13:09 +0100: Memory Usage (475348K) : [schematic_netlist] purge_nets: SKIPPED
2026-03-18 23:13:09 +0100: Memory Usage (475348K) : Starting SG13G2 LVS Comparison in strict port mode.
2026-03-18 23:13:09 +0100: Memory Usage (475348K) : flag_missing_ports enabled: missing/mislabeled top-level ports are treated as errors.
2026-03-18 23:13:09 +0100: Memory Usage (475348K) : xxxxxxxxxxxxxxxxxxxxxxxxxxxxxxxxxxxxxxxxxx
2026-03-18 23:13:09 +0100: Memory Usage (475348K) : ERROR : Netlists don't match
2026-03-18 23:13:09 +0100: Memory Usage (475348K) : xxxxxxxxxxxxxxxxxxxxxxxxxxxxxxxxxxxxxxxxxx
2026-03-18 23:13:09 +0100: Memory Usage (475348K) : LVS Total Run time 0.962512 seconds
