# Logfile created on 2026-03-09 18:51:43 +0100 by logger.rb/v1.5.3
2026-03-09 18:51:43 +0100: Memory Usage (426272K) : Starting running IHP-SG13G2 KLayout DRC runset on /foss/designs/ttihp26a-adex-neuron-ncs/gds/TOP_v2.klay.gds
2026-03-09 18:51:43 +0100: Memory Usage (426272K) : Ruby Version for klayout: 3.2.3
2026-03-09 18:51:43 +0100: Memory Usage (427204K) : Loading database to memory is complete.
2026-03-09 18:51:43 +0100: Memory Usage (427204K) : IHP-SG13G2 KLayout DRC runset output at: /foss/designs/ttihp26a-adex-neuron-ncs/gds/drc_run_TOP/TOP_v2.klay_TOP_main.lyrdb
2026-03-09 18:51:43 +0100: Memory Usage (427204K) : Evaluate switches.
2026-03-09 18:51:43 +0100: Memory Usage (427204K) : tables selected: main
2026-03-09 18:51:43 +0100: Memory Usage (427204K) : KLayout will use 1 thread(s) in tiling mode.
2026-03-09 18:51:43 +0100: Memory Usage (427204K) : deep mode is enabled.
2026-03-09 18:51:43 +0100: Memory Usage (427204K) : FEOL enabled: true
2026-03-09 18:51:43 +0100: Memory Usage (427204K) : BEOL enabled: true
2026-03-09 18:51:43 +0100: Memory Usage (427204K) : OFFGRID enabled: true
2026-03-09 18:51:43 +0100: Memory Usage (427204K) : PIN enabled: true
2026-03-09 18:51:43 +0100: Memory Usage (427204K) : FORBIDDEN enabled: true
2026-03-09 18:51:43 +0100: Memory Usage (427204K) : RECOMMENDED enabled: true
2026-03-09 18:51:43 +0100: Memory Usage (427204K) : PreCheck DRC enabled: false
2026-03-09 18:51:43 +0100: Memory Usage (427204K) : CONNECTIVITY_RULES enabled: true.
2026-03-09 18:51:43 +0100: Memory Usage (427204K) : Read in polygons from layers.
2026-03-09 18:51:43 +0100: Memory Usage (428412K) : activ_drw has 12 polygons
2026-03-09 18:51:43 +0100: Memory Usage (428412K) : activ_pin has 0 polygons
2026-03-09 18:51:43 +0100: Memory Usage (428412K) : activ_mask has 0 polygons
2026-03-09 18:51:43 +0100: Memory Usage (428412K) : activ_filler has 0 polygons
2026-03-09 18:51:43 +0100: Memory Usage (428412K) : activ_nofill has 0 polygons
2026-03-09 18:51:43 +0100: Memory Usage (428412K) : activ_opc has 0 polygons
2026-03-09 18:51:43 +0100: Memory Usage (428412K) : activ_iopc has 0 polygons
2026-03-09 18:51:43 +0100: Memory Usage (428412K) : activ_noqrc has 0 polygons
2026-03-09 18:51:43 +0100: Memory Usage (428412K) : biwind_drw has 0 polygons
2026-03-09 18:51:43 +0100: Memory Usage (428412K) : biwind_opc has 0 polygons
2026-03-09 18:51:43 +0100: Memory Usage (428412K) : pemwind_drw has 0 polygons
2026-03-09 18:51:43 +0100: Memory Usage (428540K) : gatpoly_drw has 8 polygons
2026-03-09 18:51:43 +0100: Memory Usage (428540K) : gatpoly_pin has 4 polygons
2026-03-09 18:51:43 +0100: Memory Usage (428540K) : gatpoly_filler has 0 polygons
2026-03-09 18:51:43 +0100: Memory Usage (428540K) : gatpoly_nofill has 0 polygons
2026-03-09 18:51:43 +0100: Memory Usage (428540K) : gatpoly_opc has 0 polygons
2026-03-09 18:51:43 +0100: Memory Usage (428540K) : gatpoly_iopc has 0 polygons
2026-03-09 18:51:43 +0100: Memory Usage (428540K) : gatpoly_noqrc has 0 polygons
2026-03-09 18:51:43 +0100: Memory Usage (428540K) : cont_drw has 24 polygons
2026-03-09 18:51:43 +0100: Memory Usage (428540K) : cont_opc has 0 polygons
2026-03-09 18:51:43 +0100: Memory Usage (428540K) : nsd_drw has 0 polygons
2026-03-09 18:51:43 +0100: Memory Usage (428540K) : nsd_block has 0 polygons
2026-03-09 18:51:43 +0100: Memory Usage (428668K) : metal1_drw has 23 polygons
2026-03-09 18:51:43 +0100: Memory Usage (428668K) : metal1_pin has 10 polygons
2026-03-09 18:51:43 +0100: Memory Usage (428668K) : metal1_mask has 0 polygons
2026-03-09 18:51:43 +0100: Memory Usage (428668K) : metal1_filler has 0 polygons
2026-03-09 18:51:43 +0100: Memory Usage (428668K) : metal1_nofill has 0 polygons
2026-03-09 18:51:43 +0100: Memory Usage (428796K) : metal1_slit has 0 polygons
2026-03-09 18:51:43 +0100: Memory Usage (429284K) : metal1_text has 6 polygons
2026-03-09 18:51:43 +0100: Memory Usage (429284K) : metal1_opc has 0 polygons
2026-03-09 18:51:43 +0100: Memory Usage (429284K) : metal1_noqrc has 0 polygons
2026-03-09 18:51:43 +0100: Memory Usage (429284K) : metal1_res has 0 polygons
2026-03-09 18:51:43 +0100: Memory Usage (429284K) : metal1_iprobe has 0 polygons
2026-03-09 18:51:43 +0100: Memory Usage (429412K) : metal1_diffprb has 0 polygons
2026-03-09 18:51:43 +0100: Memory Usage (429412K) : passiv_drw has 0 polygons
2026-03-09 18:51:43 +0100: Memory Usage (429540K) : passiv_pin has 0 polygons
2026-03-09 18:51:43 +0100: Memory Usage (429540K) : passiv_sbump has 0 polygons
2026-03-09 18:51:43 +0100: Memory Usage (429668K) : passiv_pillar has 0 polygons
2026-03-09 18:51:43 +0100: Memory Usage (429668K) : passiv_pdl has 0 polygons
2026-03-09 18:51:43 +0100: Memory Usage (429668K) : metal2_drw has 0 polygons
2026-03-09 18:51:43 +0100: Memory Usage (429796K) : metal2_pin has 0 polygons
2026-03-09 18:51:43 +0100: Memory Usage (429796K) : metal2_mask has 0 polygons
2026-03-09 18:51:43 +0100: Memory Usage (429924K) : metal2_filler has 0 polygons
2026-03-09 18:51:43 +0100: Memory Usage (429924K) : metal2_nofill has 0 polygons
2026-03-09 18:51:43 +0100: Memory Usage (430052K) : metal2_slit has 0 polygons
2026-03-09 18:51:43 +0100: Memory Usage (430052K) : metal2_text has 0 polygons
2026-03-09 18:51:43 +0100: Memory Usage (430180K) : metal2_opc has 0 polygons
2026-03-09 18:51:43 +0100: Memory Usage (430180K) : metal2_noqrc has 0 polygons
2026-03-09 18:51:43 +0100: Memory Usage (430308K) : metal2_res has 0 polygons
2026-03-09 18:51:43 +0100: Memory Usage (430308K) : metal2_iprobe has 0 polygons
2026-03-09 18:51:43 +0100: Memory Usage (430436K) : metal2_diffprb has 0 polygons
2026-03-09 18:51:43 +0100: Memory Usage (430436K) : baspoly_drw has 0 polygons
2026-03-09 18:51:43 +0100: Memory Usage (430564K) : baspoly_pin has 0 polygons
2026-03-09 18:51:43 +0100: Memory Usage (430564K) : psd_drw has 2 polygons
2026-03-09 18:51:43 +0100: Memory Usage (430564K) : nldb_drw has 0 polygons
2026-03-09 18:51:43 +0100: Memory Usage (430692K) : digibnd_drw has 0 polygons
2026-03-09 18:51:43 +0100: Memory Usage (430692K) : via1_drw has 0 polygons
2026-03-09 18:51:43 +0100: Memory Usage (430820K) : backmetal1_drw has 0 polygons
2026-03-09 18:51:43 +0100: Memory Usage (430820K) : backmetal1_pin has 0 polygons
2026-03-09 18:51:43 +0100: Memory Usage (430948K) : backmetal1_mask has 0 polygons
2026-03-09 18:51:43 +0100: Memory Usage (430948K) : backmetal1_filler has 0 polygons
2026-03-09 18:51:43 +0100: Memory Usage (430948K) : backmetal1_nofill has 0 polygons
2026-03-09 18:51:43 +0100: Memory Usage (431076K) : backmetal1_slit has 0 polygons
2026-03-09 18:51:43 +0100: Memory Usage (431076K) : backmetal1_text has 0 polygons
2026-03-09 18:51:43 +0100: Memory Usage (431204K) : backmetal1_opc has 0 polygons
2026-03-09 18:51:43 +0100: Memory Usage (431204K) : backmetal1_noqrc has 0 polygons
2026-03-09 18:51:43 +0100: Memory Usage (431332K) : backmetal1_res has 0 polygons
2026-03-09 18:51:43 +0100: Memory Usage (431332K) : backmetal1_iprobe has 0 polygons
2026-03-09 18:51:43 +0100: Memory Usage (431332K) : backmetal1_diffprb has 0 polygons
2026-03-09 18:51:43 +0100: Memory Usage (431460K) : backpassiv_drw has 0 polygons
2026-03-09 18:51:43 +0100: Memory Usage (431460K) : res_drw has 0 polygons
2026-03-09 18:51:43 +0100: Memory Usage (431588K) : sram_drw has 0 polygons
2026-03-09 18:51:43 +0100: Memory Usage (431588K) : trans_drw has 0 polygons
2026-03-09 18:51:43 +0100: Memory Usage (431716K) : ind_drw has 0 polygons
2026-03-09 18:51:43 +0100: Memory Usage (431844K) : ind_pin has 0 polygons
2026-03-09 18:51:43 +0100: Memory Usage (431844K) : ind_text has 0 polygons
2026-03-09 18:51:43 +0100: Memory Usage (431844K) : salblock_drw has 0 polygons
2026-03-09 18:51:43 +0100: Memory Usage (431972K) : via2_drw has 0 polygons
2026-03-09 18:51:43 +0100: Memory Usage (432100K) : metal3_drw has 0 polygons
2026-03-09 18:51:43 +0100: Memory Usage (432100K) : metal3_pin has 0 polygons
2026-03-09 18:51:43 +0100: Memory Usage (432228K) : metal3_mask has 0 polygons
2026-03-09 18:51:43 +0100: Memory Usage (432228K) : metal3_filler has 0 polygons
2026-03-09 18:51:43 +0100: Memory Usage (432228K) : metal3_nofill has 0 polygons
2026-03-09 18:51:43 +0100: Memory Usage (432356K) : metal3_slit has 0 polygons
2026-03-09 18:51:43 +0100: Memory Usage (432356K) : metal3_text has 0 polygons
2026-03-09 18:51:43 +0100: Memory Usage (432484K) : metal3_opc has 0 polygons
2026-03-09 18:51:43 +0100: Memory Usage (432484K) : metal3_noqrc has 0 polygons
2026-03-09 18:51:43 +0100: Memory Usage (432612K) : metal3_res has 0 polygons
2026-03-09 18:51:43 +0100: Memory Usage (432612K) : metal3_iprobe has 0 polygons
2026-03-09 18:51:43 +0100: Memory Usage (432612K) : metal3_diffprb has 0 polygons
2026-03-09 18:51:43 +0100: Memory Usage (432740K) : nwell_drw has 2 polygons
2026-03-09 18:51:43 +0100: Memory Usage (432868K) : nwell_pin has 0 polygons
2026-03-09 18:51:43 +0100: Memory Usage (432868K) : nbulay_drw has 0 polygons
2026-03-09 18:51:43 +0100: Memory Usage (432996K) : nbulay_pin has 0 polygons
2026-03-09 18:51:43 +0100: Memory Usage (432996K) : nbulay_block has 0 polygons
2026-03-09 18:51:43 +0100: Memory Usage (432996K) : emwind_drw has 0 polygons
2026-03-09 18:51:43 +0100: Memory Usage (433124K) : emwind_opc has 0 polygons
2026-03-09 18:51:43 +0100: Memory Usage (433252K) : deepco_drw has 0 polygons
2026-03-09 18:51:43 +0100: Memory Usage (433252K) : deepco_drw has 0 polygons
2026-03-09 18:51:43 +0100: Memory Usage (433380K) : mim_drw has 0 polygons
2026-03-09 18:51:43 +0100: Memory Usage (433508K) : edgeseal_drw has 0 polygons
2026-03-09 18:51:43 +0100: Memory Usage (433508K) : edgeseal_bound has 0 polygons
2026-03-09 18:51:43 +0100: Memory Usage (433508K) : substrate_drw has 2 polygons
2026-03-09 18:51:43 +0100: Memory Usage (433636K) : substrate_text has 0 polygons
2026-03-09 18:51:43 +0100: Memory Usage (433636K) : dfpad_drw has 0 polygons
2026-03-09 18:51:43 +0100: Memory Usage (433764K) : dfpad_pillar has 0 polygons
2026-03-09 18:51:43 +0100: Memory Usage (433764K) : dfpad_sbump has 0 polygons
2026-03-09 18:51:43 +0100: Memory Usage (433892K) : thickgateox_drw has 2 polygons
2026-03-09 18:51:43 +0100: Memory Usage (433892K) : pldb_drw has 0 polygons
2026-03-09 18:51:43 +0100: Memory Usage (433892K) : pwell_drw has 0 polygons
2026-03-09 18:51:43 +0100: Memory Usage (434020K) : pwell_pin has 0 polygons
2026-03-09 18:51:43 +0100: Memory Usage (434020K) : pwell_block has 0 polygons
2026-03-09 18:51:43 +0100: Memory Usage (434148K) : ic_drw has 0 polygons
2026-03-09 18:51:43 +0100: Memory Usage (434148K) : via3_drw has 0 polygons
2026-03-09 18:51:43 +0100: Memory Usage (434276K) : metal4_drw has 0 polygons
2026-03-09 18:51:43 +0100: Memory Usage (434404K) : metal4_pin has 0 polygons
2026-03-09 18:51:43 +0100: Memory Usage (434404K) : metal4_mask has 0 polygons
2026-03-09 18:51:43 +0100: Memory Usage (434404K) : metal4_filler has 0 polygons
2026-03-09 18:51:43 +0100: Memory Usage (434532K) : metal4_nofill has 0 polygons
2026-03-09 18:51:43 +0100: Memory Usage (434532K) : metal4_slit has 0 polygons
2026-03-09 18:51:43 +0100: Memory Usage (434660K) : metal4_text has 0 polygons
2026-03-09 18:51:43 +0100: Memory Usage (434660K) : metal4_opc has 0 polygons
2026-03-09 18:51:43 +0100: Memory Usage (434660K) : metal4_noqrc has 0 polygons
2026-03-09 18:51:43 +0100: Memory Usage (434788K) : metal4_res has 0 polygons
2026-03-09 18:51:43 +0100: Memory Usage (434788K) : metal4_iprobe has 0 polygons
2026-03-09 18:51:43 +0100: Memory Usage (434916K) : metal4_diffprb has 0 polygons
2026-03-09 18:51:43 +0100: Memory Usage (435044K) : heattrans_drw has 4 polygons
2026-03-09 18:51:43 +0100: Memory Usage (435044K) : heatres_drw has 0 polygons
2026-03-09 18:51:43 +0100: Memory Usage (435172K) : pempoly_drw has 0 polygons
2026-03-09 18:51:43 +0100: Memory Usage (435172K) : fbe_drw has 0 polygons
2026-03-09 18:51:43 +0100: Memory Usage (435172K) : empoly_drw has 0 polygons
2026-03-09 18:51:43 +0100: Memory Usage (435300K) : ldmos_drw has 0 polygons
2026-03-09 18:51:43 +0100: Memory Usage (435428K) : pbiwind_drw has 0 polygons
2026-03-09 18:51:43 +0100: Memory Usage (435428K) : digisub_drw has 0 polygons
2026-03-09 18:51:43 +0100: Memory Usage (435556K) : nodrc_drw has 0 polygons
2026-03-09 18:51:43 +0100: Memory Usage (435556K) : text_drw has 4 polygons
2026-03-09 18:51:43 +0100: Memory Usage (435684K) : via4_drw has 0 polygons
2026-03-09 18:51:43 +0100: Memory Usage (435684K) : metal5_drw has 0 polygons
2026-03-09 18:51:43 +0100: Memory Usage (435684K) : metal5_pin has 0 polygons
2026-03-09 18:51:43 +0100: Memory Usage (435812K) : metal5_mask has 0 polygons
2026-03-09 18:51:43 +0100: Memory Usage (435812K) : metal5_filler has 0 polygons
2026-03-09 18:51:43 +0100: Memory Usage (435940K) : metal5_nofill has 0 polygons
2026-03-09 18:51:43 +0100: Memory Usage (435940K) : metal5_slit has 0 polygons
2026-03-09 18:51:43 +0100: Memory Usage (436068K) : metal5_text has 0 polygons
2026-03-09 18:51:43 +0100: Memory Usage (436068K) : metal5_opc has 0 polygons
2026-03-09 18:51:43 +0100: Memory Usage (436068K) : metal5_noqrc has 0 polygons
2026-03-09 18:51:43 +0100: Memory Usage (436196K) : metal5_res has 0 polygons
2026-03-09 18:51:43 +0100: Memory Usage (436196K) : metal5_iprobe has 0 polygons
2026-03-09 18:51:43 +0100: Memory Usage (436324K) : metal5_diffprb has 0 polygons
2026-03-09 18:51:43 +0100: Memory Usage (436452K) : radhard_drw has 0 polygons
2026-03-09 18:51:43 +0100: Memory Usage (436452K) : memcap_drw has 0 polygons
2026-03-09 18:51:43 +0100: Memory Usage (436580K) : varicap_drw has 0 polygons
2026-03-09 18:51:43 +0100: Memory Usage (436580K) : flash_drw has 0 polygons
2026-03-09 18:51:43 +0100: Memory Usage (436708K) : intbondvia_drw has 0 polygons
2026-03-09 18:51:43 +0100: Memory Usage (436708K) : intbondmet_drw has 0 polygons
2026-03-09 18:51:43 +0100: Memory Usage (436836K) : devbondvia_drw has 0 polygons
2026-03-09 18:51:43 +0100: Memory Usage (436836K) : devbondmet_drw has 0 polygons
2026-03-09 18:51:43 +0100: Memory Usage (436964K) : devtrench_drw has 0 polygons
2026-03-09 18:51:43 +0100: Memory Usage (436964K) : redist_drw has 0 polygons
2026-03-09 18:51:43 +0100: Memory Usage (436964K) : graphbot_drw has 0 polygons
2026-03-09 18:51:43 +0100: Memory Usage (437092K) : graphtop_drw has 0 polygons
2026-03-09 18:51:43 +0100: Memory Usage (437092K) : antvia1_drw has 0 polygons
2026-03-09 18:51:43 +0100: Memory Usage (437220K) : antmetal2_drw has 0 polygons
2026-03-09 18:51:43 +0100: Memory Usage (437220K) : graphcont_drw has 0 polygons
2026-03-09 18:51:43 +0100: Memory Usage (437220K) : siwg_drw has 0 polygons
2026-03-09 18:51:43 +0100: Memory Usage (437348K) : siwg_filler has 0 polygons
2026-03-09 18:51:43 +0100: Memory Usage (437348K) : siwg_nofill has 0 polygons
2026-03-09 18:51:43 +0100: Memory Usage (437476K) : sigrating_drw has 0 polygons
2026-03-09 18:51:43 +0100: Memory Usage (437604K) : singrating_drw has 0 polygons
2026-03-09 18:51:43 +0100: Memory Usage (437604K) : graphpas_drw has 0 polygons
2026-03-09 18:51:43 +0100: Memory Usage (437732K) : emwind3_drw has 0 polygons
2026-03-09 18:51:43 +0100: Memory Usage (437732K) : emwihv3_drw has 0 polygons
2026-03-09 18:51:43 +0100: Memory Usage (437732K) : redbulay_drw has 0 polygons
2026-03-09 18:51:43 +0100: Memory Usage (437860K) : smos_drw has 0 polygons
2026-03-09 18:51:43 +0100: Memory Usage (437860K) : graphpad_drw has 0 polygons
2026-03-09 18:51:43 +0100: Memory Usage (437988K) : polimide_drw has 0 polygons
2026-03-09 18:51:43 +0100: Memory Usage (437988K) : polimide_pin has 0 polygons
2026-03-09 18:51:43 +0100: Memory Usage (438116K) : recog_drw has 0 polygons
2026-03-09 18:51:43 +0100: Memory Usage (438116K) : recog_pin has 0 polygons
2026-03-09 18:51:43 +0100: Memory Usage (438244K) : recog_esd has 0 polygons
2026-03-09 18:51:43 +0100: Memory Usage (438244K) : recog_diode has 0 polygons
2026-03-09 18:51:43 +0100: Memory Usage (438372K) : recog_tsv has 0 polygons
2026-03-09 18:51:43 +0100: Memory Usage (438372K) : recog_iprobe has 0 polygons
2026-03-09 18:51:43 +0100: Memory Usage (438500K) : recog_diffprb has 0 polygons
2026-03-09 18:51:43 +0100: Memory Usage (438500K) : recog_pillar has 0 polygons
2026-03-09 18:51:43 +0100: Memory Usage (438628K) : recog_sbump has 0 polygons
2026-03-09 18:51:43 +0100: Memory Usage (438628K) : recog_otp has 0 polygons
2026-03-09 18:51:43 +0100: Memory Usage (438628K) : recog_pdiode has 0 polygons
2026-03-09 18:51:43 +0100: Memory Usage (438756K) : recog_mom has 0 polygons
2026-03-09 18:51:43 +0100: Memory Usage (438756K) : recog_pcm has 0 polygons
2026-03-09 18:51:43 +0100: Memory Usage (438756K) : colopen_drw has 0 polygons
2026-03-09 18:51:43 +0100: Memory Usage (438884K) : graphmetal1_drw has 0 polygons
2026-03-09 18:51:43 +0100: Memory Usage (438884K) : graphmetal1_filler has 0 polygons
2026-03-09 18:51:43 +0100: Memory Usage (438884K) : graphmetal1_nofill has 0 polygons
2026-03-09 18:51:43 +0100: Memory Usage (439012K) : graphmetal1_slit has 0 polygons
2026-03-09 18:51:43 +0100: Memory Usage (439012K) : graphmetal1_opc has 0 polygons
2026-03-09 18:51:43 +0100: Memory Usage (439012K) : graphmet1l_drw has 0 polygons
2026-03-09 18:51:43 +0100: Memory Usage (439012K) : graphmet1l_filler has 0 polygons
2026-03-09 18:51:43 +0100: Memory Usage (439140K) : graphmet1l_nofill has 0 polygons
2026-03-09 18:51:43 +0100: Memory Usage (439140K) : graphmet1l_slit has 0 polygons
2026-03-09 18:51:43 +0100: Memory Usage (439140K) : graphmet1l_opc has 0 polygons
2026-03-09 18:51:43 +0100: Memory Usage (439268K) : extblock_drw has 0 polygons
2026-03-09 18:51:43 +0100: Memory Usage (439268K) : nldd_drw has 0 polygons
2026-03-09 18:51:43 +0100: Memory Usage (439268K) : pldd_drw has 0 polygons
2026-03-09 18:51:43 +0100: Memory Usage (439396K) : next_drw has 0 polygons
2026-03-09 18:51:43 +0100: Memory Usage (439396K) : pext_drw has 0 polygons
2026-03-09 18:51:43 +0100: Memory Usage (439396K) : nexthv_drw has 0 polygons
2026-03-09 18:51:43 +0100: Memory Usage (439524K) : pexthv_drw has 0 polygons
2026-03-09 18:51:43 +0100: Memory Usage (439524K) : graphgate_drw has 0 polygons
2026-03-09 18:51:43 +0100: Memory Usage (439652K) : sinwg_drw has 0 polygons
2026-03-09 18:51:43 +0100: Memory Usage (439652K) : sinwg_filler has 0 polygons
2026-03-09 18:51:43 +0100: Memory Usage (439780K) : sinwg_nofill has 0 polygons
2026-03-09 18:51:43 +0100: Memory Usage (439780K) : mempad_drw has 0 polygons
2026-03-09 18:51:43 +0100: Memory Usage (439908K) : topvia1_drw has 0 polygons
2026-03-09 18:51:43 +0100: Memory Usage (439908K) : topmetal1_drw has 0 polygons
2026-03-09 18:51:43 +0100: Memory Usage (439908K) : topmetal1_pin has 0 polygons
2026-03-09 18:51:43 +0100: Memory Usage (440036K) : topmetal1_mask has 0 polygons
2026-03-09 18:51:43 +0100: Memory Usage (440036K) : topmetal1_filler has 0 polygons
2026-03-09 18:51:43 +0100: Memory Usage (440164K) : topmetal1_nofill has 0 polygons
2026-03-09 18:51:43 +0100: Memory Usage (440164K) : topmetal1_slit has 0 polygons
2026-03-09 18:51:43 +0100: Memory Usage (440164K) : topmetal1_text has 0 polygons
2026-03-09 18:51:43 +0100: Memory Usage (440164K) : topmetal1_noqrc has 0 polygons
2026-03-09 18:51:43 +0100: Memory Usage (440292K) : topmetal1_res has 0 polygons
2026-03-09 18:51:43 +0100: Memory Usage (440292K) : topmetal1_iprobe has 0 polygons
2026-03-09 18:51:43 +0100: Memory Usage (440292K) : topmetal1_diffprb has 0 polygons
2026-03-09 18:51:43 +0100: Memory Usage (440420K) : inldpwl_drw has 0 polygons
2026-03-09 18:51:43 +0100: Memory Usage (440420K) : polyres_drw has 0 polygons
2026-03-09 18:51:43 +0100: Memory Usage (440420K) : polyres_pin has 0 polygons
2026-03-09 18:51:43 +0100: Memory Usage (440548K) : vmim_drw has 0 polygons
2026-03-09 18:51:43 +0100: Memory Usage (440548K) : nbulaycut_drw has 0 polygons
2026-03-09 18:51:43 +0100: Memory Usage (440548K) : antmetal1_drw has 0 polygons
2026-03-09 18:51:43 +0100: Memory Usage (440676K) : topvia2_drw has 0 polygons
2026-03-09 18:51:43 +0100: Memory Usage (440676K) : topmetal2_drw has 0 polygons
2026-03-09 18:51:43 +0100: Memory Usage (440804K) : topmetal2_pin has 0 polygons
2026-03-09 18:51:43 +0100: Memory Usage (440804K) : topmetal2_mask has 0 polygons
2026-03-09 18:51:43 +0100: Memory Usage (440804K) : topmetal2_filler has 0 polygons
2026-03-09 18:51:43 +0100: Memory Usage (440932K) : topmetal2_nofill has 0 polygons
2026-03-09 18:51:43 +0100: Memory Usage (440932K) : topmetal2_slit has 0 polygons
2026-03-09 18:51:43 +0100: Memory Usage (441060K) : topmetal2_text has 0 polygons
2026-03-09 18:51:43 +0100: Memory Usage (441060K) : topmetal2_noqrc has 0 polygons
2026-03-09 18:51:43 +0100: Memory Usage (441060K) : topmetal2_res has 0 polygons
2026-03-09 18:51:43 +0100: Memory Usage (441188K) : topmetal2_iprobe has 0 polygons
2026-03-09 18:51:43 +0100: Memory Usage (441188K) : topmetal2_diffprb has 0 polygons
2026-03-09 18:51:43 +0100: Memory Usage (441316K) : snsring_drw has 0 polygons
2026-03-09 18:51:43 +0100: Memory Usage (441316K) : sensor_drw has 0 polygons
2026-03-09 18:51:43 +0100: Memory Usage (441444K) : snsarms_drw has 0 polygons
2026-03-09 18:51:43 +0100: Memory Usage (441444K) : snscmosvia_drw has 0 polygons
2026-03-09 18:51:43 +0100: Memory Usage (441444K) : colwind_drw has 0 polygons
2026-03-09 18:51:43 +0100: Memory Usage (441572K) : flm_drw has 0 polygons
2026-03-09 18:51:43 +0100: Memory Usage (441572K) : hafniumox_drw has 0 polygons
2026-03-09 18:51:43 +0100: Memory Usage (441700K) : memvia_drw has 0 polygons
2026-03-09 18:51:43 +0100: Memory Usage (441700K) : thinfilmres_drw has 0 polygons
2026-03-09 18:51:43 +0100: Memory Usage (441828K) : rfmem_drw has 0 polygons
2026-03-09 18:51:43 +0100: Memory Usage (441828K) : norcx_drw has 0 polygons
2026-03-09 18:51:43 +0100: Memory Usage (441828K) : norcx_m2m3 has 0 polygons
2026-03-09 18:51:43 +0100: Memory Usage (441956K) : norcx_m2m4 has 0 polygons
2026-03-09 18:51:43 +0100: Memory Usage (441956K) : norcx_m2m5 has 0 polygons
2026-03-09 18:51:43 +0100: Memory Usage (442084K) : norcx_m2tm1 has 0 polygons
2026-03-09 18:51:43 +0100: Memory Usage (442084K) : norcx_m2tm2 has 0 polygons
2026-03-09 18:51:43 +0100: Memory Usage (442212K) : norcx_m3m4 has 0 polygons
2026-03-09 18:51:43 +0100: Memory Usage (442212K) : norcx_m3m5 has 0 polygons
2026-03-09 18:51:43 +0100: Memory Usage (442340K) : norcx_m3tm1 has 0 polygons
2026-03-09 18:51:43 +0100: Memory Usage (442340K) : norcx_m3tm2 has 0 polygons
2026-03-09 18:51:43 +0100: Memory Usage (442340K) : norcx_m4m5 has 0 polygons
2026-03-09 18:51:43 +0100: Memory Usage (442468K) : norcx_m4tm1 has 0 polygons
2026-03-09 18:51:43 +0100: Memory Usage (442468K) : norcx_m4tm2 has 0 polygons
2026-03-09 18:51:43 +0100: Memory Usage (442468K) : norcx_m5tm1 has 0 polygons
2026-03-09 18:51:43 +0100: Memory Usage (442468K) : norcx_m5tm2 has 0 polygons
2026-03-09 18:51:43 +0100: Memory Usage (442468K) : norcx_tm1tm2 has 0 polygons
2026-03-09 18:51:43 +0100: Memory Usage (442468K) : norcx_m1sub has 0 polygons
2026-03-09 18:51:43 +0100: Memory Usage (442596K) : norcx_m2sub has 0 polygons
2026-03-09 18:51:43 +0100: Memory Usage (442596K) : norcx_m3sub has 0 polygons
2026-03-09 18:51:43 +0100: Memory Usage (442596K) : norcx_m4sub has 0 polygons
2026-03-09 18:51:43 +0100: Memory Usage (442724K) : norcx_m5sub has 0 polygons
2026-03-09 18:51:43 +0100: Memory Usage (442724K) : norcx_tm1sub has 0 polygons
2026-03-09 18:51:43 +0100: Memory Usage (442724K) : norcx_tm2sub has 0 polygons
2026-03-09 18:51:43 +0100: Memory Usage (442724K) : snsbotvia_drw has 0 polygons
2026-03-09 18:51:43 +0100: Memory Usage (442852K) : snstopvia_drw has 0 polygons
2026-03-09 18:51:43 +0100: Memory Usage (442852K) : deepvia_drw has 0 polygons
2026-03-09 18:51:43 +0100: Memory Usage (442852K) : fgetch_drw has 0 polygons
2026-03-09 18:51:43 +0100: Memory Usage (442980K) : ctrgat_drw has 0 polygons
2026-03-09 18:51:43 +0100: Memory Usage (442980K) : fgimp_drw has 0 polygons
2026-03-09 18:51:43 +0100: Memory Usage (442980K) : emwihv_drw has 0 polygons
2026-03-09 18:51:43 +0100: Memory Usage (443108K) : lbe_drw has 0 polygons
2026-03-09 18:51:43 +0100: Memory Usage (443108K) : alcustop_drw has 0 polygons
2026-03-09 18:51:43 +0100: Memory Usage (443108K) : nometfiller_drw has 0 polygons
2026-03-09 18:51:43 +0100: Memory Usage (443108K) : prboundary_drw has 0 polygons
2026-03-09 18:51:43 +0100: Memory Usage (443236K) : exchange0_drw has 0 polygons
2026-03-09 18:51:43 +0100: Memory Usage (443236K) : exchange0_pin has 0 polygons
2026-03-09 18:51:43 +0100: Memory Usage (443236K) : exchange0_text has 0 polygons
2026-03-09 18:51:43 +0100: Memory Usage (443364K) : exchange1_drw has 0 polygons
2026-03-09 18:51:43 +0100: Memory Usage (443364K) : exchange1_pin has 0 polygons
2026-03-09 18:51:43 +0100: Memory Usage (443364K) : exchange1_text has 0 polygons
2026-03-09 18:51:43 +0100: Memory Usage (443492K) : exchange2_drw has 0 polygons
2026-03-09 18:51:43 +0100: Memory Usage (443492K) : exchange2_pin has 0 polygons
2026-03-09 18:51:43 +0100: Memory Usage (443492K) : exchange2_text has 0 polygons
2026-03-09 18:51:43 +0100: Memory Usage (443492K) : exchange3_drw has 0 polygons
2026-03-09 18:51:43 +0100: Memory Usage (443620K) : exchange3_pin has 0 polygons
2026-03-09 18:51:43 +0100: Memory Usage (443620K) : exchange3_text has 0 polygons
2026-03-09 18:51:43 +0100: Memory Usage (443748K) : exchange4_drw has 0 polygons
2026-03-09 18:51:43 +0100: Memory Usage (443748K) : exchange4_pin has 0 polygons
2026-03-09 18:51:43 +0100: Memory Usage (443748K) : exchange4_text has 0 polygons
2026-03-09 18:51:43 +0100: Memory Usage (443876K) : isonwell_drw has 0 polygons
2026-03-09 18:51:43 +0100: Memory Usage (443876K) : Total no. of polygons in the design is 103
2026-03-09 18:51:43 +0100: Memory Usage (443876K) : Loaded TECH DRC rules values from /foss/pdks/ihp-sg13g2/libs.tech/klayout/python/sg13g2_pycell_lib/sg13g2_tech_mod.json
2026-03-09 18:51:43 +0100: Memory Usage (443876K) : Loaded default DRC rules values from /foss/pdks/ihp-sg13g2/libs.tech/klayout/tech/drc/rule_decks/sg13g2_tech_default.json
2026-03-09 18:51:43 +0100: Memory Usage (443876K) : The following rules values were missing in tech json and default values were used:
2026-03-09 18:51:43 +0100: Memory Usage (443876K) :   - Cnt_c_digibnd
2026-03-09 18:51:43 +0100: Memory Usage (444892K) : Total area of the design is 252.0 um^2.
2026-03-09 18:51:43 +0100: Memory Usage (444892K) : The design dimensions are 12.0 µm * 21.0 µm.
2026-03-09 18:51:43 +0100: Memory Usage (444892K) : Starting general IHP-SG13G2 derivations.
2026-03-09 18:51:43 +0100: Memory Usage (444892K) : Starting Pwell derivations
2026-03-09 18:51:43 +0100: Memory Usage (447176K) : Starting n-Activ derivations
2026-03-09 18:51:43 +0100: Memory Usage (447304K) : Starting p-Activ derivations
2026-03-09 18:51:43 +0100: Memory Usage (447432K) : Starting ptap derivations
2026-03-09 18:51:43 +0100: Memory Usage (447560K) : Starting ntap derivations
2026-03-09 18:51:43 +0100: Memory Usage (447560K) : Starting pact FET derivations
2026-03-09 18:51:43 +0100: Memory Usage (447688K) : Starting nact FET derivations
2026-03-09 18:51:43 +0100: Memory Usage (447688K) : Starting Gate derivations
2026-03-09 18:51:43 +0100: Memory Usage (447816K) : Starting cont/contbar general derivations
2026-03-09 18:51:43 +0100: Memory Usage (447944K) : Starting pad general derivations
2026-03-09 18:51:43 +0100: Memory Usage (448200K) : Starting IHP-SG13G2 DRC connectivity related derivations.
2026-03-09 18:51:43 +0100: Memory Usage (449224K) : Starting IHP-SG13G2 DRC connectivity setup
2026-03-09 18:51:43 +0100: Memory Usage (449664K) : Starting IHP-SG13G2 DRC rules.
2026-03-09 18:51:43 +0100: Memory Usage (449664K) : Running all FEOL rules
2026-03-09 18:51:43 +0100: Memory Usage (449664K) : Running all BEOL rules
2026-03-09 18:51:43 +0100: Memory Usage (449664K) : Running all PIN rules
2026-03-09 18:51:43 +0100: Memory Usage (449664K) : Running all FORBIDDEN rules
2026-03-09 18:51:43 +0100: Memory Usage (449664K) : Starting 5.1 NWell table
2026-03-09 18:51:43 +0100: Memory Usage (449664K) : Executing rule NW.b
2026-03-09 18:51:43 +0100: Memory Usage (450104K) : Executing rule NW.b1
2026-03-09 18:51:43 +0100: Memory Usage (450360K) : Starting 5.2 PWell:block
2026-03-09 18:51:43 +0100: Memory Usage (450360K) : Executing rule PWB.e
2026-03-09 18:51:43 +0100: Memory Usage (450616K) : Executing rule PWB.e1
2026-03-09 18:51:43 +0100: Memory Usage (450744K) : Executing rule PWB.f
2026-03-09 18:51:43 +0100: Memory Usage (450872K) : Executing rule PWB.f1
2026-03-09 18:51:43 +0100: Memory Usage (451384K) : Starting 5.3 nBuLay table
2026-03-09 18:51:43 +0100: Memory Usage (451640K) : Executing rule NBL.b
2026-03-09 18:51:43 +0100: Memory Usage (451640K) : Executing rule NBL.c
2026-03-09 18:51:43 +0100: Memory Usage (451640K) : Executing rule NBL.d
2026-03-09 18:51:43 +0100: Memory Usage (451640K) : Executing rule NBL.e
2026-03-09 18:51:43 +0100: Memory Usage (451640K) : Executing rule NBL.f
2026-03-09 18:51:43 +0100: Memory Usage (451640K) : Starting 5.5. Activ table
2026-03-09 18:51:43 +0100: Memory Usage (451640K) : Executing rule Act.a
2026-03-09 18:51:43 +0100: Memory Usage (451640K) : Executing rule Act.b
2026-03-09 18:51:43 +0100: Memory Usage (451828K) : Starting 5.6 Activ:filler table
2026-03-09 18:51:43 +0100: Memory Usage (451828K) : Executing rule AFil.c1
2026-03-09 18:51:43 +0100: Memory Usage (451828K) : Executing rule AFil.c
2026-03-09 18:51:43 +0100: Memory Usage (451828K) : Executing rule AFil.d
2026-03-09 18:51:43 +0100: Memory Usage (451828K) : Executing rule AFil.e
2026-03-09 18:51:43 +0100: Memory Usage (451828K) : Executing rule AFil.j
2026-03-09 18:51:43 +0100: Memory Usage (451828K) : Starting 5.7. ThickGateOx table
2026-03-09 18:51:43 +0100: Memory Usage (451828K) : Executing rule TGO.f
2026-03-09 18:51:43 +0100: Memory Usage (451828K) : Starting 5.8. GatPoly table
2026-03-09 18:51:43 +0100: Memory Usage (451828K) : Executing rule Gat.a
2026-03-09 18:51:43 +0100: Memory Usage (451828K) : Executing rule Gat.b
2026-03-09 18:51:43 +0100: Memory Usage (451828K) : Executing rule Gat.d
2026-03-09 18:51:43 +0100: Memory Usage (451828K) : Executing rule Gat.a1
2026-03-09 18:51:43 +0100: Memory Usage (452140K) : Executing rule Gat.a2
2026-03-09 18:51:43 +0100: Memory Usage (452456K) : Executing rule Gat.g
2026-03-09 18:51:43 +0100: Memory Usage (452456K) : Starting 5.9 GatPoly:filler
2026-03-09 18:51:43 +0100: Memory Usage (452456K) : Executing rule GFil.d
2026-03-09 18:51:43 +0100: Memory Usage (452456K) : Executing rule GFil.e
2026-03-09 18:51:43 +0100: Memory Usage (452456K) : Executing rule GFil.i
2026-03-09 18:51:43 +0100: Memory Usage (452456K) : Starting 5.10 pSD table
2026-03-09 18:51:43 +0100: Memory Usage (452456K) : Executing rule pSD.c1
2026-03-09 18:51:43 +0100: Memory Usage (452456K) : Starting 5.14. Cont table
2026-03-09 18:51:43 +0100: Memory Usage (452456K) : Executing rule Cnt.a
2026-03-09 18:51:43 +0100: Memory Usage (452456K) : Executing rule Cnt.b
2026-03-09 18:51:43 +0100: Memory Usage (452456K) : Executing rule Cnt.c
2026-03-09 18:51:43 +0100: Memory Usage (452456K) : Executing rule Cnt.c
2026-03-09 18:51:43 +0100: Memory Usage (452456K) : Executing rule Cnt.d
2026-03-09 18:51:43 +0100: Memory Usage (452456K) : Executing rule Cnt.e
2026-03-09 18:51:43 +0100: Memory Usage (452456K) : Executing rule Cnt.g1
2026-03-09 18:51:43 +0100: Memory Usage (452456K) : Executing rule Cnt.g2
2026-03-09 18:51:43 +0100: Memory Usage (452456K) : Starting 5.15. ContBar table
2026-03-09 18:51:43 +0100: Memory Usage (452456K) : Executing rule CntB.b1
2026-03-09 18:51:43 +0100: Memory Usage (452456K) : Executing rule CntB.h1
2026-03-09 18:51:43 +0100: Memory Usage (452456K) : Starting 6.1.3 NPN Substrate-Tie table
2026-03-09 18:51:43 +0100: Memory Usage (452456K) : Executing rule npn13G2.bR 
2026-03-09 18:51:43 +0100: Memory Usage (452456K) : Executing rule npn13G2L.cR 
2026-03-09 18:51:43 +0100: Memory Usage (452456K) : Executing rule npn13G2V.cR 
2026-03-09 18:51:43 +0100: Memory Usage (452456K) : Starting 6.7 Schottky diode table
2026-03-09 18:51:43 +0100: Memory Usage (452456K) : Executing rule Sdiod.d
2026-03-09 18:51:43 +0100: Memory Usage (452456K) : Executing rule Sdiod.e
2026-03-09 18:51:43 +0100: Memory Usage (452456K) : Starting 7.2 Latch-up table
2026-03-09 18:51:43 +0100: Memory Usage (452456K) : Executing rule LU.b
2026-03-09 18:51:43 +0100: Memory Usage (452456K) : Starting 5.16. Metal1 table
2026-03-09 18:51:43 +0100: Memory Usage (452456K) : Executing rule M1.a
2026-03-09 18:51:43 +0100: Memory Usage (452456K) : Executing rule M1.b
2026-03-09 18:51:43 +0100: Memory Usage (452456K) : Executing rule M1.e
2026-03-09 18:51:43 +0100: Memory Usage (452456K) : Executing rule M1.f
2026-03-09 18:51:43 +0100: Memory Usage (452456K) : Executing rule M1.g
2026-03-09 18:51:43 +0100: Memory Usage (452456K) : Executing rule M1.i
2026-03-09 18:51:43 +0100: Memory Usage (452584K) : Starting 5.17 Metaln table
2026-03-09 18:51:43 +0100: Memory Usage (452584K) : Executing rule M2.a
2026-03-09 18:51:43 +0100: Memory Usage (452712K) : Executing rule M2.b
2026-03-09 18:51:43 +0100: Memory Usage (452712K) : Executing rule M2.e
2026-03-09 18:51:43 +0100: Memory Usage (452968K) : Executing rule M2.f
2026-03-09 18:51:43 +0100: Memory Usage (453224K) : Executing rule M2.g
2026-03-09 18:51:43 +0100: Memory Usage (453480K) : Executing rule M2.i
2026-03-09 18:51:43 +0100: Memory Usage (453864K) : Executing rule M3.a
2026-03-09 18:51:43 +0100: Memory Usage (453992K) : Executing rule M3.b
2026-03-09 18:51:43 +0100: Memory Usage (454120K) : Executing rule M3.e
2026-03-09 18:51:43 +0100: Memory Usage (454376K) : Executing rule M3.f
2026-03-09 18:51:43 +0100: Memory Usage (454632K) : Executing rule M3.g
2026-03-09 18:51:43 +0100: Memory Usage (454888K) : Executing rule M3.i
2026-03-09 18:51:43 +0100: Memory Usage (455272K) : Executing rule M4.a
2026-03-09 18:51:43 +0100: Memory Usage (455272K) : Executing rule M4.b
2026-03-09 18:51:43 +0100: Memory Usage (455400K) : Executing rule M4.e
2026-03-09 18:51:43 +0100: Memory Usage (455656K) : Executing rule M4.f
2026-03-09 18:51:43 +0100: Memory Usage (455912K) : Executing rule M4.g
2026-03-09 18:51:43 +0100: Memory Usage (456296K) : Executing rule M4.i
2026-03-09 18:51:43 +0100: Memory Usage (456680K) : Executing rule M5.a
2026-03-09 18:51:43 +0100: Memory Usage (456808K) : Executing rule M5.b
2026-03-09 18:51:43 +0100: Memory Usage (456936K) : Executing rule M5.e
2026-03-09 18:51:43 +0100: Memory Usage (457192K) : Executing rule M5.f
2026-03-09 18:51:43 +0100: Memory Usage (457576K) : Executing rule M5.g
2026-03-09 18:51:43 +0100: Memory Usage (457832K) : Executing rule M5.i
2026-03-09 18:51:43 +0100: Memory Usage (458216K) : Starting 5.18 Metaln:filler table
2026-03-09 18:51:43 +0100: Memory Usage (458216K) : Executing rule M1Fil.c
2026-03-09 18:51:43 +0100: Memory Usage (458344K) : Executing rule M1Fil.a2
2026-03-09 18:51:43 +0100: Memory Usage (458472K) : Executing rule M2Fil.c
2026-03-09 18:51:43 +0100: Memory Usage (458728K) : Executing rule M2Fil.a2
2026-03-09 18:51:43 +0100: Memory Usage (458856K) : Executing rule M3Fil.c
2026-03-09 18:51:43 +0100: Memory Usage (458984K) : Executing rule M3Fil.a2
2026-03-09 18:51:43 +0100: Memory Usage (459112K) : Executing rule M4Fil.c
2026-03-09 18:51:43 +0100: Memory Usage (459240K) : Executing rule M4Fil.a2
2026-03-09 18:51:43 +0100: Memory Usage (459368K) : Executing rule M5Fil.c
2026-03-09 18:51:43 +0100: Memory Usage (459496K) : Executing rule M5Fil.a2
2026-03-09 18:51:43 +0100: Memory Usage (459624K) : Starting 5.19. Via1 table
2026-03-09 18:51:43 +0100: Memory Usage (459624K) : Starting 5.19. Via1 table derivations
2026-03-09 18:51:43 +0100: Memory Usage (459752K) : Executing rule V1.a
2026-03-09 18:51:43 +0100: Memory Usage (460008K) : Executing rule V1.b
2026-03-09 18:51:43 +0100: Memory Usage (460008K) : Executing rule V1.c
2026-03-09 18:51:43 +0100: Memory Usage (460264K) : Starting 5.20. Vian table
2026-03-09 18:51:43 +0100: Memory Usage (460264K) : Executing rule V2.a
2026-03-09 18:51:43 +0100: Memory Usage (460648K) : Executing rule V2.b
2026-03-09 18:51:43 +0100: Memory Usage (460776K) : Executing rule V2.c
2026-03-09 18:51:43 +0100: Memory Usage (460904K) : Executing rule V3.a
2026-03-09 18:51:43 +0100: Memory Usage (460904K) : Executing rule V3.b
2026-03-09 18:51:43 +0100: Memory Usage (460904K) : Executing rule V3.c
2026-03-09 18:51:43 +0100: Memory Usage (460904K) : Executing rule V4.a
2026-03-09 18:51:43 +0100: Memory Usage (460904K) : Executing rule V4.b
2026-03-09 18:51:43 +0100: Memory Usage (460904K) : Executing rule V4.c
2026-03-09 18:51:43 +0100: Memory Usage (460904K) : Starting 5.21. TopVia1 table
2026-03-09 18:51:43 +0100: Memory Usage (460904K) : Executing rule TV1.a
2026-03-09 18:51:43 +0100: Memory Usage (460904K) : Executing rule TV1.b
2026-03-09 18:51:43 +0100: Memory Usage (460904K) : Executing rule TV1.c
2026-03-09 18:51:43 +0100: Memory Usage (460904K) : Executing rule TV1.d
2026-03-09 18:51:43 +0100: Memory Usage (460904K) : Starting 5.22. TopMetal1 table
2026-03-09 18:51:43 +0100: Memory Usage (460904K) : Executing rule TM1.a
2026-03-09 18:51:43 +0100: Memory Usage (460904K) : Executing rule TM1.b
2026-03-09 18:51:43 +0100: Memory Usage (460904K) : Starting 5.23 TopMetal1:filler table
2026-03-09 18:51:43 +0100: Memory Usage (460904K) : Executing rule TM1Fil.c
2026-03-09 18:51:43 +0100: Memory Usage (460904K) : Executing rule TM1Fil.a1
2026-03-09 18:51:43 +0100: Memory Usage (460904K) : Starting 5.24. TopVia2 table
2026-03-09 18:51:43 +0100: Memory Usage (460904K) : Executing rule TV2.a
2026-03-09 18:51:43 +0100: Memory Usage (460904K) : Executing rule TV2.b
2026-03-09 18:51:43 +0100: Memory Usage (460904K) : Executing rule TV2.c
2026-03-09 18:51:43 +0100: Memory Usage (460904K) : Executing rule TV2.d
2026-03-09 18:51:43 +0100: Memory Usage (460904K) : Starting 5.25. TopMetal2 table
2026-03-09 18:51:43 +0100: Memory Usage (460904K) : Executing rule TM2.a
2026-03-09 18:51:43 +0100: Memory Usage (460904K) : Executing rule TM2.b
2026-03-09 18:51:43 +0100: Memory Usage (460904K) : Executing rule TM2.bR
2026-03-09 18:51:43 +0100: Memory Usage (460904K) : Starting 5.26 TopMetal2:filler table
2026-03-09 18:51:43 +0100: Memory Usage (460904K) : Executing rule TM2Fil.c
2026-03-09 18:51:43 +0100: Memory Usage (460904K) : Executing rule TM2Fil.a1
2026-03-09 18:51:43 +0100: Memory Usage (460904K) : Starting 5.27. Passiv table
2026-03-09 18:51:43 +0100: Memory Usage (460904K) : Executing rule Pas.a
2026-03-09 18:51:43 +0100: Memory Usage (460904K) : Executing rule Pas.b
2026-03-09 18:51:43 +0100: Memory Usage (460904K) : Executing rule Pas.c
2026-03-09 18:51:43 +0100: Memory Usage (460904K) : Starting 6.9.2 Copper Pillar table
2026-03-09 18:51:43 +0100: Memory Usage (460904K) : Executing rule Padc.a
2026-03-09 18:51:43 +0100: Memory Usage (460904K) : Executing rule Padc.b
2026-03-09 18:51:43 +0100: Memory Usage (460904K) : Executing rule Padc.c
2026-03-09 18:51:43 +0100: Memory Usage (460904K) : Executing rule Padb.f
2026-03-09 18:51:43 +0100: Memory Usage (460904K) : Starting 6.9 Pad table
2026-03-09 18:51:43 +0100: Memory Usage (460904K) : Executing rule Pad.m
2026-03-09 18:51:43 +0100: Memory Usage (460904K) : Executing rule Pad.fR_M1
2026-03-09 18:51:43 +0100: Memory Usage (460904K) : Executing rule Pad.fR_M2
2026-03-09 18:51:43 +0100: Memory Usage (460904K) : Executing rule Pad.fR_M3
2026-03-09 18:51:43 +0100: Memory Usage (460904K) : Executing rule Pad.fR_M4
2026-03-09 18:51:43 +0100: Memory Usage (460904K) : Executing rule Pad.fR_M5
2026-03-09 18:51:43 +0100: Memory Usage (460904K) : Executing rule Pad.fR_TM1
2026-03-09 18:51:43 +0100: Memory Usage (460904K) : Executing rule Pad.fR_TM2
2026-03-09 18:51:43 +0100: Memory Usage (460904K) : Executing rule Pad.i
2026-03-09 18:51:43 +0100: Memory Usage (460904K) : Starting 6.9.1 Solder Bump
2026-03-09 18:51:43 +0100: Memory Usage (460904K) : Executing rule Padb.a
2026-03-09 18:51:43 +0100: Memory Usage (460904K) : Executing rule Padb.b
2026-03-09 18:51:43 +0100: Memory Usage (460904K) : Executing rule Padb.c
2026-03-09 18:51:43 +0100: Memory Usage (460904K) : Executing rule Padb.f
2026-03-09 18:51:43 +0100: Memory Usage (460904K) : Executing rule Padb.d
2026-03-09 18:51:43 +0100: Memory Usage (460904K) : Starting 6.10 Sealring table
2026-03-09 18:51:43 +0100: Memory Usage (460904K) : Executing rule Seal.l
2026-03-09 18:51:43 +0100: Memory Usage (460904K) : Executing rule Seal.n
2026-03-09 18:51:43 +0100: Memory Usage (460904K) : Executing rule seal.b_metal1
2026-03-09 18:51:43 +0100: Memory Usage (460904K) : Executing rule seal.b_metal2
2026-03-09 18:51:43 +0100: Memory Usage (460904K) : Executing rule seal.b_metal3
2026-03-09 18:51:43 +0100: Memory Usage (460904K) : Executing rule seal.b_metal4
2026-03-09 18:51:43 +0100: Memory Usage (460904K) : Executing rule seal.b_metal5
2026-03-09 18:51:43 +0100: Memory Usage (460904K) : Executing rule seal.b_topmetal1
2026-03-09 18:51:43 +0100: Memory Usage (460904K) : Executing rule seal.b_topmetal2
2026-03-09 18:51:43 +0100: Memory Usage (460904K) : Executing rule seal.b_activ
2026-03-09 18:51:43 +0100: Memory Usage (460904K) : Executing rule seal.b_psd
2026-03-09 18:51:43 +0100: Memory Usage (460904K) : Executing rule Seal.k
2026-03-09 18:51:43 +0100: Memory Usage (460904K) : Executing rule Seal.m
2026-03-09 18:51:43 +0100: Memory Usage (460904K) : Starting 6.11 MIM table
2026-03-09 18:51:43 +0100: Memory Usage (460904K) : Executing rule MIM.c
2026-03-09 18:51:43 +0100: Memory Usage (460904K) : Executing rule MIM.d
2026-03-09 18:51:43 +0100: Memory Usage (460904K) : Executing rule MIM.gR
2026-03-09 18:51:43 +0100: Memory Usage (460904K) : Starting 7.3 Metal Slits table
2026-03-09 18:51:43 +0100: Memory Usage (460904K) : Executing rule Slt.e1_M1
2026-03-09 18:51:43 +0100: Memory Usage (460904K) : Executing rule Slt.e1_M2
2026-03-09 18:51:43 +0100: Memory Usage (460904K) : Executing rule Slt.e1_M3
2026-03-09 18:51:43 +0100: Memory Usage (460904K) : Executing rule Slt.e1_M4
2026-03-09 18:51:43 +0100: Memory Usage (460904K) : Executing rule Slt.e1_M5
2026-03-09 18:51:43 +0100: Memory Usage (460904K) : Executing rule Slt.e1_TM1
2026-03-09 18:51:43 +0100: Memory Usage (460904K) : Executing rule Slt.e1_TM2
2026-03-09 18:51:43 +0100: Memory Usage (460904K) : Starting 9.1. LBE table
2026-03-09 18:51:43 +0100: Memory Usage (460904K) : Executing rule LBE.a
2026-03-09 18:51:43 +0100: Memory Usage (460904K) : Executing rule LBE.b
2026-03-09 18:51:43 +0100: Memory Usage (460904K) : Executing rule LBE.b1
2026-03-09 18:51:43 +0100: Memory Usage (460904K) : Executing rule LBE.c
2026-03-09 18:51:43 +0100: Memory Usage (460904K) : Executing rule LBE.d
2026-03-09 18:51:43 +0100: Memory Usage (460904K) : Executing rule LBE.h
2026-03-09 18:51:43 +0100: Memory Usage (460904K) : Starting 7.4. PIN table
2026-03-09 18:51:43 +0100: Memory Usage (460904K) : Executing rule Pin.a
2026-03-09 18:51:43 +0100: Memory Usage (460904K) : Executing rule Pin.b
2026-03-09 18:51:43 +0100: Memory Usage (460904K) : Executing rule Pin.e
2026-03-09 18:51:43 +0100: Memory Usage (460904K) : Executing rule Pin.f_M2
2026-03-09 18:51:43 +0100: Memory Usage (460904K) : Executing rule Pin.f_M3
2026-03-09 18:51:43 +0100: Memory Usage (460904K) : Executing rule Pin.f_M4
2026-03-09 18:51:43 +0100: Memory Usage (460904K) : Executing rule Pin.f_M5
2026-03-09 18:51:43 +0100: Memory Usage (460904K) : Executing rule Pin.g
2026-03-09 18:51:43 +0100: Memory Usage (460904K) : Executing rule Pin.h
2026-03-09 18:51:43 +0100: Memory Usage (460904K) : Starting 3.2. FORBIDDEN table
2026-03-09 18:51:43 +0100: Memory Usage (460904K) : Executing rule forbidden.biwind
2026-03-09 18:51:43 +0100: Memory Usage (460904K) : Executing rule forbidden.pemwind
2026-03-09 18:51:43 +0100: Memory Usage (460904K) : Executing rule forbidden.baspoly
2026-03-09 18:51:43 +0100: Memory Usage (460904K) : Executing rule forbidden.deepco
2026-03-09 18:51:43 +0100: Memory Usage (460904K) : Executing rule forbidden.pempoly
2026-03-09 18:51:43 +0100: Memory Usage (460904K) : Executing rule forbidden.empoly
2026-03-09 18:51:43 +0100: Memory Usage (460904K) : Executing rule forbidden.ldmos
2026-03-09 18:51:43 +0100: Memory Usage (460904K) : Executing rule forbidden.pbiwind
2026-03-09 18:51:43 +0100: Memory Usage (460904K) : Executing rule forbidden.nodrc
2026-03-09 18:51:43 +0100: Memory Usage (460904K) : Executing rule forbidden.flash
2026-03-09 18:51:43 +0100: Memory Usage (460904K) : Executing rule forbidden.colwind
2026-03-09 18:51:43 +0100: Memory Usage (460904K) : KLayout DRC run for tables 'main' completed in 0.53 seconds
