# Logfile created on 2026-03-19 07:52:21 +0100 by logger.rb/v1.5.3
2026-03-19 07:52:21 +0100: Memory Usage (440660K) : Starting running SG13G2 Klayout LVS runset on /foss/designs/ttihp26a-adex-neuron-ncs/klayout/mux.gds
2026-03-19 07:52:21 +0100: Memory Usage (440660K) : Ruby Version for klayout: 3.2.3
2026-03-19 07:52:21 +0100: Memory Usage (441916K) : Loading database to memory is complete.
2026-03-19 07:52:21 +0100: Memory Usage (441916K) : SG13G2 Klayout LVS runset output at: /foss/designs/ttihp26a-adex-neuron-ncs/klayout/lvs_run_mux21_2026_03_19_07_52_19/mux.lvsdb
2026-03-19 07:52:21 +0100: Memory Usage (441916K) : Evaluate switches.
2026-03-19 07:52:21 +0100: Memory Usage (441916K) : Extracted netlist with net names: true
2026-03-19 07:52:21 +0100: Memory Usage (441916K) : Extracted netlist with comments in details: false
2026-03-19 07:52:21 +0100: Memory Usage (441916K) : Selected NET_ONLY option: false
2026-03-19 07:52:21 +0100: Memory Usage (441916K) : Selected LAYOUT_NETLIST option: (none)
2026-03-19 07:52:21 +0100: Memory Usage (441916K) : Selected IGNORE_TOP_PORTS_MISMATCH option: 
2026-03-19 07:52:21 +0100: Memory Usage (441916K) : Selected IMPLICIT_NETS option: (none)
2026-03-19 07:52:21 +0100: Memory Usage (441916K) : Selected TOP_LVL_PINS option: false
2026-03-19 07:52:21 +0100: Memory Usage (441916K) : Selected COMBINE DEVICES option: false
2026-03-19 07:52:21 +0100: Memory Usage (441916K) : Selected PURGE option: false
2026-03-19 07:52:21 +0100: Memory Usage (441916K) : Selected PURGE_NETS option: false
2026-03-19 07:52:21 +0100: Memory Usage (441916K) : Selected SIMPLIFY option: true
2026-03-19 07:52:21 +0100: Memory Usage (441916K) : Selected SERIES_RES option: true
2026-03-19 07:52:21 +0100: Memory Usage (441916K) : Selected PARALLEL_RES option: true
2026-03-19 07:52:21 +0100: Memory Usage (441916K) : flat  mode is enabled.
2026-03-19 07:52:21 +0100: Memory Usage (441916K) : Netlist file: /foss/designs/ttihp26a-adex-neuron-ncs/xschem/simulation/mux21.spice
2026-03-19 07:52:21 +0100: Memory Usage (441916K) : LVS extracted netlist at: /foss/designs/ttihp26a-adex-neuron-ncs/klayout/lvs_run_mux21_2026_03_19_07_52_19/mux_extracted.cir
2026-03-19 07:52:21 +0100: Memory Usage (441916K) : Applying SRAM integration support.
2026-03-19 07:52:21 +0100: Memory Usage (441916K) : Starting SG13G2 LVS runset
2026-03-19 07:52:21 +0100: Memory Usage (441916K) : Read in polygons from layers.
2026-03-19 07:52:21 +0100: Memory Usage (443144K) : activ_drw has 32 polygons
2026-03-19 07:52:21 +0100: Memory Usage (443144K) : activ_filler has 0 polygons
2026-03-19 07:52:21 +0100: Memory Usage (443144K) : activ has 32 polygons
2026-03-19 07:52:21 +0100: Memory Usage (443144K) : activ_pin has 0 polygons
2026-03-19 07:52:21 +0100: Memory Usage (443144K) : activ_mask has 0 polygons
2026-03-19 07:52:21 +0100: Memory Usage (443144K) : activ_nofill has 0 polygons
2026-03-19 07:52:21 +0100: Memory Usage (443144K) : activ_OPC has 0 polygons
2026-03-19 07:52:21 +0100: Memory Usage (443144K) : activ_iOPC has 0 polygons
2026-03-19 07:52:21 +0100: Memory Usage (443144K) : activ_noqrc has 0 polygons
2026-03-19 07:52:21 +0100: Memory Usage (443144K) : biwind_drw has 0 polygons
2026-03-19 07:52:21 +0100: Memory Usage (443144K) : biwind_OPC has 0 polygons
2026-03-19 07:52:21 +0100: Memory Usage (443144K) : gatpoly_drw has 24 polygons
2026-03-19 07:52:21 +0100: Memory Usage (443144K) : gatpoly_filler has 0 polygons
2026-03-19 07:52:21 +0100: Memory Usage (443144K) : gatpoly has 24 polygons
2026-03-19 07:52:21 +0100: Memory Usage (443528K) : gatpoly_pin has 0 polygons
2026-03-19 07:52:21 +0100: Memory Usage (443528K) : gatpoly_nofill has 0 polygons
2026-03-19 07:52:21 +0100: Memory Usage (443528K) : gatpoly_OPC has 0 polygons
2026-03-19 07:52:21 +0100: Memory Usage (443912K) : gatpoly_iOPC has 0 polygons
2026-03-19 07:52:21 +0100: Memory Usage (443912K) : gatpoly_noqrc has 0 polygons
2026-03-19 07:52:21 +0100: Memory Usage (444296K) : cont_drw has 560 polygons
2026-03-19 07:52:21 +0100: Memory Usage (444296K) : cont_OPC has 0 polygons
2026-03-19 07:52:21 +0100: Memory Usage (444296K) : nsd_drw has 0 polygons
2026-03-19 07:52:21 +0100: Memory Usage (444296K) : nsd_block has 0 polygons
2026-03-19 07:52:21 +0100: Memory Usage (444680K) : metal1_drw has 80 polygons
2026-03-19 07:52:21 +0100: Memory Usage (444680K) : metal1_filler has 0 polygons
2026-03-19 07:52:21 +0100: Memory Usage (445064K) : metal1_slit has 0 polygons
2026-03-19 07:52:21 +0100: Memory Usage (445064K) : metal1 has 80 polygons
2026-03-19 07:52:21 +0100: Memory Usage (445064K) : metal1_pin has 0 polygons
2026-03-19 07:52:21 +0100: Memory Usage (445064K) : metal1_mask has 0 polygons
2026-03-19 07:52:21 +0100: Memory Usage (445448K) : metal1_nofill has 0 polygons
2026-03-19 07:52:21 +0100: Memory Usage (445448K) : metal1_text has 0 polygons
2026-03-19 07:52:21 +0100: Memory Usage (445448K) : metal1_OPC has 0 polygons
2026-03-19 07:52:21 +0100: Memory Usage (445832K) : metal1_noqrc has 0 polygons
2026-03-19 07:52:21 +0100: Memory Usage (445832K) : metal1_res has 0 polygons
2026-03-19 07:52:21 +0100: Memory Usage (445832K) : metal1_iprobe has 0 polygons
2026-03-19 07:52:21 +0100: Memory Usage (446216K) : metal1_diffprb has 0 polygons
2026-03-19 07:52:21 +0100: Memory Usage (446216K) : passiv_drw has 0 polygons
2026-03-19 07:52:21 +0100: Memory Usage (446216K) : passiv_pin has 0 polygons
2026-03-19 07:52:21 +0100: Memory Usage (446600K) : passiv_sbump has 0 polygons
2026-03-19 07:52:21 +0100: Memory Usage (446600K) : passiv_pillar has 0 polygons
2026-03-19 07:52:21 +0100: Memory Usage (446600K) : passiv_pdl has 0 polygons
2026-03-19 07:52:21 +0100: Memory Usage (446984K) : metal2_drw has 76 polygons
2026-03-19 07:52:21 +0100: Memory Usage (446984K) : metal2_filler has 0 polygons
2026-03-19 07:52:21 +0100: Memory Usage (446984K) : metal2_slit has 0 polygons
2026-03-19 07:52:21 +0100: Memory Usage (447368K) : metal2 has 76 polygons
2026-03-19 07:52:21 +0100: Memory Usage (447368K) : metal2_pin has 0 polygons
2026-03-19 07:52:21 +0100: Memory Usage (447368K) : metal2_mask has 0 polygons
2026-03-19 07:52:21 +0100: Memory Usage (447752K) : metal2_nofill has 0 polygons
2026-03-19 07:52:21 +0100: Memory Usage (448136K) : metal2_text has 0 polygons
2026-03-19 07:52:21 +0100: Memory Usage (448136K) : metal2_OPC has 0 polygons
2026-03-19 07:52:21 +0100: Memory Usage (448136K) : metal2_noqrc has 0 polygons
2026-03-19 07:52:21 +0100: Memory Usage (448520K) : metal2_res has 0 polygons
2026-03-19 07:52:21 +0100: Memory Usage (448520K) : metal2_iprobe has 0 polygons
2026-03-19 07:52:21 +0100: Memory Usage (448520K) : metal2_diffprb has 0 polygons
2026-03-19 07:52:21 +0100: Memory Usage (448904K) : baspoly_drw has 0 polygons
2026-03-19 07:52:21 +0100: Memory Usage (448904K) : baspoly_pin has 0 polygons
2026-03-19 07:52:21 +0100: Memory Usage (448904K) : psd_drw has 16 polygons
2026-03-19 07:52:21 +0100: Memory Usage (449288K) : nldb_drw has 0 polygons
2026-03-19 07:52:21 +0100: Memory Usage (449288K) : digibnd_drw has 0 polygons
2026-03-19 07:52:21 +0100: Memory Usage (449288K) : via1_drw has 460 polygons
2026-03-19 07:52:21 +0100: Memory Usage (449672K) : backmetal1_drw has 0 polygons
2026-03-19 07:52:21 +0100: Memory Usage (449672K) : backmetal1_pin has 0 polygons
2026-03-19 07:52:21 +0100: Memory Usage (449672K) : backmetal1_mask has 0 polygons
2026-03-19 07:52:21 +0100: Memory Usage (449672K) : backmetal1_filler has 0 polygons
2026-03-19 07:52:21 +0100: Memory Usage (450056K) : backmetal1_nofill has 0 polygons
2026-03-19 07:52:21 +0100: Memory Usage (450056K) : backmetal1_slit has 0 polygons
2026-03-19 07:52:21 +0100: Memory Usage (450056K) : backmetal1_text has 0 polygons
2026-03-19 07:52:21 +0100: Memory Usage (450056K) : backmetal1_OPC has 0 polygons
2026-03-19 07:52:21 +0100: Memory Usage (450440K) : backmetal1_noqrc has 0 polygons
2026-03-19 07:52:21 +0100: Memory Usage (450440K) : backmetal1_res has 0 polygons
2026-03-19 07:52:21 +0100: Memory Usage (450440K) : backmetal1_iprobe has 0 polygons
2026-03-19 07:52:21 +0100: Memory Usage (450440K) : backmetal1_diffprb has 0 polygons
2026-03-19 07:52:21 +0100: Memory Usage (450440K) : backpassiv_drw has 0 polygons
2026-03-19 07:52:21 +0100: Memory Usage (450824K) : res_drw has 0 polygons
2026-03-19 07:52:21 +0100: Memory Usage (450824K) : sram_drw has 0 polygons
2026-03-19 07:52:21 +0100: Memory Usage (450824K) : trans_drw has 0 polygons
2026-03-19 07:52:21 +0100: Memory Usage (451208K) : ind_drw has 0 polygons
2026-03-19 07:52:21 +0100: Memory Usage (451208K) : ind_pin has 0 polygons
2026-03-19 07:52:21 +0100: Memory Usage (451208K) : ind_text has 0 polygons
2026-03-19 07:52:21 +0100: Memory Usage (451208K) : salblock_drw has 0 polygons
2026-03-19 07:52:21 +0100: Memory Usage (451208K) : via2_drw has 60 polygons
2026-03-19 07:52:21 +0100: Memory Usage (451208K) : metal3_drw has 20 polygons
2026-03-19 07:52:21 +0100: Memory Usage (451592K) : metal3_filler has 0 polygons
2026-03-19 07:52:21 +0100: Memory Usage (451592K) : metal3_slit has 0 polygons
2026-03-19 07:52:21 +0100: Memory Usage (451976K) : metal3 has 20 polygons
2026-03-19 07:52:21 +0100: Memory Usage (451976K) : metal3_pin has 2 polygons
2026-03-19 07:52:21 +0100: Memory Usage (451976K) : metal3_mask has 0 polygons
2026-03-19 07:52:21 +0100: Memory Usage (452360K) : metal3_nofill has 0 polygons
2026-03-19 07:52:21 +0100: Memory Usage (452360K) : metal3_text has 2 polygons
2026-03-19 07:52:21 +0100: Memory Usage (452360K) : metal3_OPC has 0 polygons
2026-03-19 07:52:21 +0100: Memory Usage (452360K) : metal3_noqrc has 0 polygons
2026-03-19 07:52:21 +0100: Memory Usage (452744K) : metal3_res has 0 polygons
2026-03-19 07:52:21 +0100: Memory Usage (452744K) : metal3_iprobe has 0 polygons
2026-03-19 07:52:21 +0100: Memory Usage (452744K) : metal3_diffprb has 0 polygons
2026-03-19 07:52:21 +0100: Memory Usage (453128K) : nwell_drw has 2 polygons
2026-03-19 07:52:21 +0100: Memory Usage (453128K) : nwell_pin has 0 polygons
2026-03-19 07:52:21 +0100: Memory Usage (453128K) : nwell_text has 0 polygons
2026-03-19 07:52:21 +0100: Memory Usage (453128K) : nbulay_drw has 0 polygons
2026-03-19 07:52:21 +0100: Memory Usage (453512K) : nbulay_pin has 0 polygons
2026-03-19 07:52:21 +0100: Memory Usage (453512K) : nbulay_block has 0 polygons
2026-03-19 07:52:21 +0100: Memory Usage (453512K) : emwind_drw has 0 polygons
2026-03-19 07:52:21 +0100: Memory Usage (453896K) : emwind_OPC has 0 polygons
2026-03-19 07:52:21 +0100: Memory Usage (453896K) : deepco_drw has 0 polygons
2026-03-19 07:52:21 +0100: Memory Usage (453896K) : mim_drw has 0 polygons
2026-03-19 07:52:21 +0100: Memory Usage (454280K) : edgeseal_drw has 0 polygons
2026-03-19 07:52:21 +0100: Memory Usage (454280K) : substrate_drw has 0 polygons
2026-03-19 07:52:21 +0100: Memory Usage (454280K) : substrate_text has 0 polygons
2026-03-19 07:52:21 +0100: Memory Usage (454280K) : dfpad_drw has 0 polygons
2026-03-19 07:52:21 +0100: Memory Usage (454664K) : dfpad_pillar has 0 polygons
2026-03-19 07:52:21 +0100: Memory Usage (454664K) : dfpad_sbump has 0 polygons
2026-03-19 07:52:21 +0100: Memory Usage (454664K) : thickgateox_drw has 0 polygons
2026-03-19 07:52:21 +0100: Memory Usage (455048K) : pldb_drw has 0 polygons
2026-03-19 07:52:21 +0100: Memory Usage (455048K) : pwell_drw has 0 polygons
2026-03-19 07:52:21 +0100: Memory Usage (455048K) : pwell_pin has 0 polygons
2026-03-19 07:52:21 +0100: Memory Usage (455432K) : pwell_block has 0 polygons
2026-03-19 07:52:21 +0100: Memory Usage (455432K) : ic_drw has 0 polygons
2026-03-19 07:52:21 +0100: Memory Usage (455432K) : via3_drw has 36 polygons
2026-03-19 07:52:21 +0100: Memory Usage (455816K) : metal4_drw has 7 polygons
2026-03-19 07:52:21 +0100: Memory Usage (455816K) : metal4_filler has 0 polygons
2026-03-19 07:52:21 +0100: Memory Usage (455816K) : metal4_slit has 0 polygons
2026-03-19 07:52:21 +0100: Memory Usage (456200K) : metal4 has 7 polygons
2026-03-19 07:52:21 +0100: Memory Usage (456200K) : metal4_pin has 5 polygons
2026-03-19 07:52:21 +0100: Memory Usage (456200K) : metal4_mask has 0 polygons
2026-03-19 07:52:21 +0100: Memory Usage (456200K) : metal4_nofill has 0 polygons
2026-03-19 07:52:21 +0100: Memory Usage (456584K) : metal4_text has 5 polygons
2026-03-19 07:52:21 +0100: Memory Usage (456584K) : metal4_OPC has 0 polygons
2026-03-19 07:52:21 +0100: Memory Usage (456584K) : metal4_noqrc has 0 polygons
2026-03-19 07:52:21 +0100: Memory Usage (456968K) : metal4_res has 0 polygons
2026-03-19 07:52:21 +0100: Memory Usage (456968K) : metal4_iprobe has 0 polygons
2026-03-19 07:52:21 +0100: Memory Usage (456968K) : metal4_diffprb has 0 polygons
2026-03-19 07:52:21 +0100: Memory Usage (457352K) : heattrans_drw has 0 polygons
2026-03-19 07:52:21 +0100: Memory Usage (457352K) : heatres_drw has 0 polygons
2026-03-19 07:52:21 +0100: Memory Usage (457352K) : fbe_drw has 0 polygons
2026-03-19 07:52:21 +0100: Memory Usage (457352K) : empoly_drw has 0 polygons
2026-03-19 07:52:21 +0100: Memory Usage (457736K) : digisub_drw has 0 polygons
2026-03-19 07:52:21 +0100: Memory Usage (457736K) : text_drw has 0 polygons
2026-03-19 07:52:21 +0100: Memory Usage (457736K) : via4_drw has 0 polygons
2026-03-19 07:52:21 +0100: Memory Usage (457736K) : metal5_drw has 0 polygons
2026-03-19 07:52:21 +0100: Memory Usage (458120K) : metal5_filler has 0 polygons
2026-03-19 07:52:21 +0100: Memory Usage (458120K) : metal5_slit has 0 polygons
2026-03-19 07:52:21 +0100: Memory Usage (458120K) : metal5 has 0 polygons
2026-03-19 07:52:21 +0100: Memory Usage (458504K) : metal5_pin has 0 polygons
2026-03-19 07:52:21 +0100: Memory Usage (458504K) : metal5_mask has 0 polygons
2026-03-19 07:52:21 +0100: Memory Usage (458504K) : metal5_nofill has 0 polygons
2026-03-19 07:52:21 +0100: Memory Usage (458504K) : metal5_text has 0 polygons
2026-03-19 07:52:21 +0100: Memory Usage (458888K) : metal5_OPC has 0 polygons
2026-03-19 07:52:21 +0100: Memory Usage (458888K) : metal5_noqrc has 0 polygons
2026-03-19 07:52:21 +0100: Memory Usage (458888K) : metal5_res has 0 polygons
2026-03-19 07:52:21 +0100: Memory Usage (459272K) : metal5_iprobe has 0 polygons
2026-03-19 07:52:21 +0100: Memory Usage (459272K) : metal5_diffprb has 0 polygons
2026-03-19 07:52:21 +0100: Memory Usage (459272K) : radhard_drw has 0 polygons
2026-03-19 07:52:21 +0100: Memory Usage (459656K) : memcap_drw has 0 polygons
2026-03-19 07:52:21 +0100: Memory Usage (459656K) : varicap_drw has 0 polygons
2026-03-19 07:52:21 +0100: Memory Usage (459656K) : intbondvia_drw has 0 polygons
2026-03-19 07:52:21 +0100: Memory Usage (460040K) : intbondmet_drw has 0 polygons
2026-03-19 07:52:21 +0100: Memory Usage (460040K) : devbondvia_drw has 0 polygons
2026-03-19 07:52:21 +0100: Memory Usage (460040K) : devbondmet_drw has 0 polygons
2026-03-19 07:52:21 +0100: Memory Usage (460040K) : devtrench_drw has 0 polygons
2026-03-19 07:52:21 +0100: Memory Usage (460424K) : redist_drw has 0 polygons
2026-03-19 07:52:21 +0100: Memory Usage (460424K) : graphbot_drw has 0 polygons
2026-03-19 07:52:21 +0100: Memory Usage (460424K) : graphtop_drw has 0 polygons
2026-03-19 07:52:21 +0100: Memory Usage (460808K) : antvia1_drw has 0 polygons
2026-03-19 07:52:21 +0100: Memory Usage (460808K) : antmetal2_drw has 0 polygons
2026-03-19 07:52:21 +0100: Memory Usage (460808K) : graphcont_drw has 0 polygons
2026-03-19 07:52:21 +0100: Memory Usage (460808K) : siwg_drw has 0 polygons
2026-03-19 07:52:21 +0100: Memory Usage (460808K) : siwg_filler has 0 polygons
2026-03-19 07:52:21 +0100: Memory Usage (461192K) : siwg_nofill has 0 polygons
2026-03-19 07:52:21 +0100: Memory Usage (461192K) : sigrating_drw has 0 polygons
2026-03-19 07:52:21 +0100: Memory Usage (461192K) : singrating_drw has 0 polygons
2026-03-19 07:52:21 +0100: Memory Usage (461576K) : graphpas_drw has 0 polygons
2026-03-19 07:52:21 +0100: Memory Usage (461576K) : emwind3_drw has 0 polygons
2026-03-19 07:52:21 +0100: Memory Usage (461576K) : emwihv3_drw has 0 polygons
2026-03-19 07:52:21 +0100: Memory Usage (461960K) : redbulay_drw has 0 polygons
2026-03-19 07:52:21 +0100: Memory Usage (461960K) : smos_drw has 0 polygons
2026-03-19 07:52:21 +0100: Memory Usage (461960K) : graphpad_drw has 0 polygons
2026-03-19 07:52:21 +0100: Memory Usage (462344K) : polimide_drw has 0 polygons
2026-03-19 07:52:21 +0100: Memory Usage (462344K) : polimide_pin has 0 polygons
2026-03-19 07:52:21 +0100: Memory Usage (462344K) : recog_drw has 0 polygons
2026-03-19 07:52:21 +0100: Memory Usage (462344K) : recog_pin has 0 polygons
2026-03-19 07:52:21 +0100: Memory Usage (462728K) : recog_esd has 0 polygons
2026-03-19 07:52:21 +0100: Memory Usage (462728K) : recog_diode has 0 polygons
2026-03-19 07:52:21 +0100: Memory Usage (462728K) : recog_tsv has 0 polygons
2026-03-19 07:52:21 +0100: Memory Usage (462728K) : recog_iprobe has 0 polygons
2026-03-19 07:52:21 +0100: Memory Usage (463112K) : recog_diffprb has 0 polygons
2026-03-19 07:52:21 +0100: Memory Usage (463112K) : recog_pillar has 0 polygons
2026-03-19 07:52:21 +0100: Memory Usage (463112K) : recog_sbump has 0 polygons
2026-03-19 07:52:21 +0100: Memory Usage (463496K) : recog_otp has 0 polygons
2026-03-19 07:52:21 +0100: Memory Usage (463496K) : recog_pdiode has 0 polygons
2026-03-19 07:52:21 +0100: Memory Usage (463496K) : recog_mom has 0 polygons
2026-03-19 07:52:21 +0100: Memory Usage (463880K) : recog_pcm has 0 polygons
2026-03-19 07:52:21 +0100: Memory Usage (463880K) : colopen_drw has 0 polygons
2026-03-19 07:52:21 +0100: Memory Usage (463880K) : graphmetal1_drw has 0 polygons
2026-03-19 07:52:21 +0100: Memory Usage (464264K) : graphmetal1_filler has 0 polygons
2026-03-19 07:52:21 +0100: Memory Usage (464264K) : graphmetal1_nofill has 0 polygons
2026-03-19 07:52:21 +0100: Memory Usage (464264K) : graphmetal1_slit has 0 polygons
2026-03-19 07:52:21 +0100: Memory Usage (464648K) : graphmetal1_OPC has 0 polygons
2026-03-19 07:52:21 +0100: Memory Usage (464648K) : graphmet1l_drw has 0 polygons
2026-03-19 07:52:21 +0100: Memory Usage (464648K) : graphmet1l_filler has 0 polygons
2026-03-19 07:52:21 +0100: Memory Usage (465032K) : graphmet1l_nofill has 0 polygons
2026-03-19 07:52:21 +0100: Memory Usage (465032K) : graphmet1l_slit has 0 polygons
2026-03-19 07:52:21 +0100: Memory Usage (465032K) : graphmet1l_OPC has 0 polygons
2026-03-19 07:52:21 +0100: Memory Usage (465032K) : extblock_drw has 0 polygons
2026-03-19 07:52:21 +0100: Memory Usage (465416K) : nldd_drw has 0 polygons
2026-03-19 07:52:21 +0100: Memory Usage (465416K) : pldd_drw has 0 polygons
2026-03-19 07:52:21 +0100: Memory Usage (465416K) : next_drw has 0 polygons
2026-03-19 07:52:21 +0100: Memory Usage (465800K) : pext_drw has 0 polygons
2026-03-19 07:52:21 +0100: Memory Usage (465800K) : nexthv_drw has 0 polygons
2026-03-19 07:52:21 +0100: Memory Usage (465800K) : pexthv_drw has 0 polygons
2026-03-19 07:52:21 +0100: Memory Usage (466184K) : graphgate_drw has 0 polygons
2026-03-19 07:52:21 +0100: Memory Usage (466184K) : sinwg_drw has 0 polygons
2026-03-19 07:52:21 +0100: Memory Usage (466184K) : sinwg_filler has 0 polygons
2026-03-19 07:52:21 +0100: Memory Usage (466568K) : sinwg_nofill has 0 polygons
2026-03-19 07:52:21 +0100: Memory Usage (466568K) : mempad_drw has 0 polygons
2026-03-19 07:52:21 +0100: Memory Usage (466568K) : topvia1_drw has 0 polygons
2026-03-19 07:52:21 +0100: Memory Usage (466952K) : topmetal1_drw has 0 polygons
2026-03-19 07:52:21 +0100: Memory Usage (466952K) : topmetal1_filler has 0 polygons
2026-03-19 07:52:21 +0100: Memory Usage (466952K) : topmetal1_slit has 0 polygons
2026-03-19 07:52:21 +0100: Memory Usage (467336K) : topmetal1 has 0 polygons
2026-03-19 07:52:21 +0100: Memory Usage (467336K) : topmetal1_pin has 0 polygons
2026-03-19 07:52:21 +0100: Memory Usage (467336K) : topmetal1_mask has 0 polygons
2026-03-19 07:52:21 +0100: Memory Usage (467336K) : topmetal1_nofill has 0 polygons
2026-03-19 07:52:21 +0100: Memory Usage (467336K) : topmetal1_text has 0 polygons
2026-03-19 07:52:21 +0100: Memory Usage (467336K) : topmetal1_noqrc has 0 polygons
2026-03-19 07:52:21 +0100: Memory Usage (467336K) : topmetal1_res has 0 polygons
2026-03-19 07:52:21 +0100: Memory Usage (467720K) : topmetal1_iprobe has 0 polygons
2026-03-19 07:52:21 +0100: Memory Usage (467720K) : topmetal1_diffprb has 0 polygons
2026-03-19 07:52:21 +0100: Memory Usage (467720K) : inldpwl_drw has 0 polygons
2026-03-19 07:52:21 +0100: Memory Usage (468104K) : polyres_drw has 0 polygons
2026-03-19 07:52:21 +0100: Memory Usage (468104K) : polyres_pin has 0 polygons
2026-03-19 07:52:21 +0100: Memory Usage (468104K) : vmim_drw has 0 polygons
2026-03-19 07:52:21 +0100: Memory Usage (468488K) : nbulaycut_drw has 0 polygons
2026-03-19 07:52:21 +0100: Memory Usage (468488K) : antmetal1_drw has 0 polygons
2026-03-19 07:52:21 +0100: Memory Usage (468488K) : topvia2_drw has 0 polygons
2026-03-19 07:52:21 +0100: Memory Usage (468872K) : topmetal2_drw has 0 polygons
2026-03-19 07:52:21 +0100: Memory Usage (468872K) : topmetal2_filler has 0 polygons
2026-03-19 07:52:21 +0100: Memory Usage (468872K) : topmetal2_slit has 0 polygons
2026-03-19 07:52:21 +0100: Memory Usage (469256K) : topmetal2 has 0 polygons
2026-03-19 07:52:21 +0100: Memory Usage (469256K) : topmetal2_pin has 0 polygons
2026-03-19 07:52:21 +0100: Memory Usage (469256K) : topmetal2_mask has 0 polygons
2026-03-19 07:52:21 +0100: Memory Usage (469256K) : topmetal2_nofill has 0 polygons
2026-03-19 07:52:21 +0100: Memory Usage (469640K) : topmetal2_text has 0 polygons
2026-03-19 07:52:21 +0100: Memory Usage (469640K) : topmetal2_noqrc has 0 polygons
2026-03-19 07:52:21 +0100: Memory Usage (469640K) : topmetal2_res has 0 polygons
2026-03-19 07:52:21 +0100: Memory Usage (469640K) : topmetal2_iprobe has 0 polygons
2026-03-19 07:52:21 +0100: Memory Usage (469640K) : topmetal2_diffprb has 0 polygons
2026-03-19 07:52:21 +0100: Memory Usage (469640K) : snsring_drw has 0 polygons
2026-03-19 07:52:21 +0100: Memory Usage (469640K) : sensor_drw has 0 polygons
2026-03-19 07:52:21 +0100: Memory Usage (469640K) : snsarms_drw has 0 polygons
2026-03-19 07:52:21 +0100: Memory Usage (469640K) : snscmosvia_drw has 0 polygons
2026-03-19 07:52:21 +0100: Memory Usage (469640K) : colwind_drw has 0 polygons
2026-03-19 07:52:21 +0100: Memory Usage (469640K) : flm_drw has 0 polygons
2026-03-19 07:52:21 +0100: Memory Usage (469640K) : hafniumox_drw has 0 polygons
2026-03-19 07:52:21 +0100: Memory Usage (469640K) : memvia_drw has 0 polygons
2026-03-19 07:52:21 +0100: Memory Usage (469640K) : thinfilmres_drw has 0 polygons
2026-03-19 07:52:21 +0100: Memory Usage (469640K) : rfmem_drw has 0 polygons
2026-03-19 07:52:21 +0100: Memory Usage (469640K) : norcx_drw has 0 polygons
2026-03-19 07:52:21 +0100: Memory Usage (469640K) : norcx_m2m3 has 0 polygons
2026-03-19 07:52:21 +0100: Memory Usage (469640K) : norcx_m2m4 has 0 polygons
2026-03-19 07:52:21 +0100: Memory Usage (469640K) : norcx_m2m5 has 0 polygons
2026-03-19 07:52:21 +0100: Memory Usage (469640K) : norcx_m2tm1 has 0 polygons
2026-03-19 07:52:21 +0100: Memory Usage (469640K) : norcx_m2tm2 has 0 polygons
2026-03-19 07:52:21 +0100: Memory Usage (469640K) : norcx_m3m4 has 0 polygons
2026-03-19 07:52:21 +0100: Memory Usage (469640K) : norcx_m3m5 has 0 polygons
2026-03-19 07:52:21 +0100: Memory Usage (469640K) : norcx_m3tm1 has 0 polygons
2026-03-19 07:52:21 +0100: Memory Usage (469640K) : norcx_m3tm2 has 0 polygons
2026-03-19 07:52:21 +0100: Memory Usage (469640K) : norcx_m4m5 has 0 polygons
2026-03-19 07:52:21 +0100: Memory Usage (469640K) : norcx_m4tm1 has 0 polygons
2026-03-19 07:52:21 +0100: Memory Usage (469640K) : norcx_m4tm2 has 0 polygons
2026-03-19 07:52:21 +0100: Memory Usage (469640K) : norcx_m5tm1 has 0 polygons
2026-03-19 07:52:21 +0100: Memory Usage (469640K) : norcx_m5tm2 has 0 polygons
2026-03-19 07:52:21 +0100: Memory Usage (469640K) : norcx_tm1tm2 has 0 polygons
2026-03-19 07:52:21 +0100: Memory Usage (469640K) : norcx_m1sub has 0 polygons
2026-03-19 07:52:21 +0100: Memory Usage (469640K) : norcx_m2sub has 0 polygons
2026-03-19 07:52:21 +0100: Memory Usage (469640K) : norcx_m3sub has 0 polygons
2026-03-19 07:52:21 +0100: Memory Usage (469640K) : norcx_m4sub has 0 polygons
2026-03-19 07:52:21 +0100: Memory Usage (469640K) : norcx_m5sub has 0 polygons
2026-03-19 07:52:21 +0100: Memory Usage (469640K) : norcx_tm1sub has 0 polygons
2026-03-19 07:52:21 +0100: Memory Usage (469640K) : norcx_tm2sub has 0 polygons
2026-03-19 07:52:21 +0100: Memory Usage (469640K) : snsbotvia_drw has 0 polygons
2026-03-19 07:52:21 +0100: Memory Usage (469640K) : snstopvia_drw has 0 polygons
2026-03-19 07:52:21 +0100: Memory Usage (469640K) : deepvia_drw has 0 polygons
2026-03-19 07:52:21 +0100: Memory Usage (469640K) : fgetch_drw has 0 polygons
2026-03-19 07:52:21 +0100: Memory Usage (469640K) : ctrgat_drw has 0 polygons
2026-03-19 07:52:21 +0100: Memory Usage (469640K) : fgimp_drw has 0 polygons
2026-03-19 07:52:21 +0100: Memory Usage (469640K) : emwihv_drw has 0 polygons
2026-03-19 07:52:21 +0100: Memory Usage (469640K) : lbe_drw has 0 polygons
2026-03-19 07:52:21 +0100: Memory Usage (469640K) : alcustop_drw has 0 polygons
2026-03-19 07:52:21 +0100: Memory Usage (469640K) : nometfiller_drw has 0 polygons
2026-03-19 07:52:21 +0100: Memory Usage (469640K) : prboundary_drw has 0 polygons
2026-03-19 07:52:21 +0100: Memory Usage (469640K) : exchange0_drw has 0 polygons
2026-03-19 07:52:21 +0100: Memory Usage (469640K) : exchange0_pin has 0 polygons
2026-03-19 07:52:21 +0100: Memory Usage (469640K) : exchange0_text has 0 polygons
2026-03-19 07:52:21 +0100: Memory Usage (469640K) : exchange1_drw has 0 polygons
2026-03-19 07:52:21 +0100: Memory Usage (469640K) : exchange1_pin has 0 polygons
2026-03-19 07:52:21 +0100: Memory Usage (469640K) : exchange1_text has 0 polygons
2026-03-19 07:52:21 +0100: Memory Usage (469640K) : exchange2_drw has 0 polygons
2026-03-19 07:52:21 +0100: Memory Usage (469640K) : exchange2_pin has 0 polygons
2026-03-19 07:52:21 +0100: Memory Usage (469640K) : exchange2_text has 0 polygons
2026-03-19 07:52:21 +0100: Memory Usage (469640K) : exchange3_drw has 0 polygons
2026-03-19 07:52:21 +0100: Memory Usage (469640K) : exchange3_pin has 0 polygons
2026-03-19 07:52:21 +0100: Memory Usage (469640K) : exchange3_text has 0 polygons
2026-03-19 07:52:21 +0100: Memory Usage (470024K) : exchange4_drw has 0 polygons
2026-03-19 07:52:21 +0100: Memory Usage (470024K) : exchange4_pin has 0 polygons
2026-03-19 07:52:21 +0100: Memory Usage (470024K) : exchange4_text has 0 polygons
2026-03-19 07:52:21 +0100: Memory Usage (470408K) : isonwell_drw has 0 polygons
2026-03-19 07:52:21 +0100: Memory Usage (470408K) : Total no. of polygons in the design is 1387
2026-03-19 07:52:21 +0100: Memory Usage (470408K) : Starting base layers derivations
2026-03-19 07:52:21 +0100: Memory Usage (470408K) : Starting general LVS derivations
2026-03-19 07:52:21 +0100: Memory Usage (473184K) : Starting MOSFET DERIVATIONS
2026-03-19 07:52:21 +0100: Memory Usage (473184K) : Starting NMOS DERIVATIONS
2026-03-19 07:52:21 +0100: Memory Usage (473184K) : Starting PMOS DERIVATIONS
2026-03-19 07:52:21 +0100: Memory Usage (473184K) : Starting RF-MOSFET DERIVATIONS
2026-03-19 07:52:21 +0100: Memory Usage (473184K) : Starting RF-NMOS DERIVATIONS
2026-03-19 07:52:21 +0100: Memory Usage (473184K) : Starting RF-PMOS DERIVATIONS
2026-03-19 07:52:21 +0100: Memory Usage (473184K) : Starting BJT DERIVATIONS
2026-03-19 07:52:21 +0100: Memory Usage (473184K) : Starting NPN-BJT DERIVATIONS
2026-03-19 07:52:22 +0100: Memory Usage (473184K) : Starting PNP-BJT DERIVATIONS
2026-03-19 07:52:22 +0100: Memory Usage (473184K) : Starting DIODE DERIVATIONS
2026-03-19 07:52:22 +0100: Memory Usage (473184K) : Starting RESISTOR DERIVATIONS
2026-03-19 07:52:22 +0100: Memory Usage (473184K) : Starting CAP DERIVATIONS
2026-03-19 07:52:22 +0100: Memory Usage (473184K) : Starting ESD DERIVATIONS
2026-03-19 07:52:22 +0100: Memory Usage (473184K) : Starting Inductor DERIVATIONS
2026-03-19 07:52:22 +0100: Memory Usage (473184K) : Starting Taps DERIVATIONS
2026-03-19 07:52:22 +0100: Memory Usage (473184K) : Starting SG13G2 LVS connectivity setup
2026-03-19 07:52:22 +0100: Memory Usage (473184K) : Starting SG13G2 LVS connectivity setup (Inter-layer)
2026-03-19 07:52:22 +0100: Memory Usage (473624K) : Starting SG13G2 LVS connectivity setup (Global)
2026-03-19 07:52:22 +0100: Memory Usage (473624K) : Starting LVS MOSFET CONNECTIONS
2026-03-19 07:52:22 +0100: Memory Usage (473624K) : Starting LVS RF-MOSFET CONNECTIONS
2026-03-19 07:52:22 +0100: Memory Usage (473624K) : Starting LVS BJT CONNECTIONS
2026-03-19 07:52:22 +0100: Memory Usage (473624K) : Starting LVS DIODE CONNECTIONS
2026-03-19 07:52:22 +0100: Memory Usage (473624K) : Starting RESISTOR CONNECTIONS
2026-03-19 07:52:22 +0100: Memory Usage (473624K) : Starting LVS CAP CONNECTIONS
2026-03-19 07:52:22 +0100: Memory Usage (473624K) : Starting ESD CONNECTIONS
2026-03-19 07:52:22 +0100: Memory Usage (473624K) : Starting Inductor CONNECTIONS
2026-03-19 07:52:22 +0100: Memory Usage (473624K) : Starting LVS Taps CONNECTIONS
2026-03-19 07:52:22 +0100: Memory Usage (473624K) : Starting SG13G2 LVS DEVICES EXTRACTION
2026-03-19 07:52:22 +0100: Memory Usage (473624K) : Starting MOSFET EXTRACTION
2026-03-19 07:52:22 +0100: Memory Usage (473624K) : Starting NMOS EXTRACTION
2026-03-19 07:52:22 +0100: Memory Usage (473624K) : Extraction of NMOS-LV transistor
2026-03-19 07:52:22 +0100: Memory Usage (474052K) : Extraction of NMOS-HV transistor
2026-03-19 07:52:22 +0100: Memory Usage (474448K) : Starting PMOS EXTRACTION
2026-03-19 07:52:22 +0100: Memory Usage (474448K) : Extraction of PMOS-LV transistor
2026-03-19 07:52:22 +0100: Memory Usage (474448K) : Extraction of PMOS-HV transistor
2026-03-19 07:52:22 +0100: Memory Usage (474448K) : Starting RF-MOSFET EXTRACTION
2026-03-19 07:52:22 +0100: Memory Usage (474448K) : Extraction of RF-NMOS-LV transistor
2026-03-19 07:52:22 +0100: Memory Usage (474448K) : Extraction of RF-NMOS-HV transistor
2026-03-19 07:52:22 +0100: Memory Usage (474448K) : Extraction of RF-PMOS-LV transistor
2026-03-19 07:52:22 +0100: Memory Usage (474448K) : Extraction of RF-PMOS-HV transistor
2026-03-19 07:52:22 +0100: Memory Usage (474448K) : Starting BJT EXTRACTION
2026-03-19 07:52:22 +0100: Memory Usage (474448K) : Starting NPN-BJT EXTRACTION
2026-03-19 07:52:22 +0100: Memory Usage (474448K) : Extraction of npn13G2 BJT transistor
2026-03-19 07:52:22 +0100: Memory Usage (474448K) : Extraction of npn13G2L BJT transistor
2026-03-19 07:52:22 +0100: Memory Usage (474448K) : Extraction of npn13G2V BJT transistor
2026-03-19 07:52:22 +0100: Memory Usage (474448K) : Starting PNP-BJT EXTRACTION
2026-03-19 07:52:22 +0100: Memory Usage (474448K) : Extracting pnpMPA BJT
2026-03-19 07:52:22 +0100: Memory Usage (474448K) : Starting DIODE EXTRACTION
2026-03-19 07:52:22 +0100: Memory Usage (474448K) : Extracting dantenna diode
2026-03-19 07:52:22 +0100: Memory Usage (474448K) : Extracting dpantenna diode
2026-03-19 07:52:22 +0100: Memory Usage (474448K) : Extracting schottky_nbl1 diode
2026-03-19 07:52:22 +0100: Memory Usage (474448K) : Extracting isolbox diode
2026-03-19 07:52:22 +0100: Memory Usage (474448K) : Starting RESISTOR EXTRACTION
2026-03-19 07:52:22 +0100: Memory Usage (474448K) : Extracting rsil resistor
2026-03-19 07:52:22 +0100: Memory Usage (474448K) : Extracting rppd resistor
2026-03-19 07:52:22 +0100: Memory Usage (474448K) : Extracting rhigh resistor
2026-03-19 07:52:22 +0100: Memory Usage (474448K) : Extracting res_metal1 resistor
2026-03-19 07:52:22 +0100: Memory Usage (474448K) : Extracting res_metal2 resistor
2026-03-19 07:52:22 +0100: Memory Usage (474448K) : Extracting res_metal3 resistor
2026-03-19 07:52:22 +0100: Memory Usage (474448K) : Extracting res_metal4 resistor
2026-03-19 07:52:22 +0100: Memory Usage (474448K) : Extracting res_metal5 resistor
2026-03-19 07:52:22 +0100: Memory Usage (474448K) : Extracting res_topmetal1 resistor
2026-03-19 07:52:22 +0100: Memory Usage (474448K) : Extracting res_topmetal2 resistor
2026-03-19 07:52:22 +0100: Memory Usage (474448K) : Starting CAP EXTRACTION
2026-03-19 07:52:22 +0100: Memory Usage (474448K) : Extracting cap_cmim device
2026-03-19 07:52:22 +0100: Memory Usage (474448K) : Extracting rfcmim device
2026-03-19 07:52:22 +0100: Memory Usage (474448K) : Extracting sg13_hv_svaricap varactor
2026-03-19 07:52:22 +0100: Memory Usage (474448K) : Starting ESD EXTRACTION
2026-03-19 07:52:22 +0100: Memory Usage (474448K) : Extracting diodevdd_2kv ESD device
2026-03-19 07:52:22 +0100: Memory Usage (474448K) : Extracting diodevdd_4kv ESD device
2026-03-19 07:52:22 +0100: Memory Usage (474448K) : Extracting diodevss_2kv ESD device
2026-03-19 07:52:22 +0100: Memory Usage (474448K) : Extracting diodevss_4kv ESD device
2026-03-19 07:52:22 +0100: Memory Usage (474448K) : Extracting idiodevdd_2kv ESD device
2026-03-19 07:52:22 +0100: Memory Usage (474448K) : Extracting idiodevdd_4kv ESD device
2026-03-19 07:52:22 +0100: Memory Usage (474448K) : Extracting idiodevss_2kv ESD device
2026-03-19 07:52:22 +0100: Memory Usage (474448K) : Extracting idiodevss_4kv ESD device
2026-03-19 07:52:22 +0100: Memory Usage (474448K) : Extracting nmoscl_2 ESD device
2026-03-19 07:52:22 +0100: Memory Usage (474448K) : Extracting nmoscl_4 ESD device
2026-03-19 07:52:22 +0100: Memory Usage (474448K) : Starting Inductor EXTRACTION
2026-03-19 07:52:22 +0100: Memory Usage (474448K) : Extracting Inductor2 device
2026-03-19 07:52:22 +0100: Memory Usage (474448K) : Extracting Inductor3 device
2026-03-19 07:52:22 +0100: Memory Usage (474448K) : Starting Taps EXTRACTION
2026-03-19 07:52:22 +0100: Memory Usage (474448K) : Extracting ntap1 device
2026-03-19 07:52:22 +0100: Memory Usage (474448K) : Extracting ptap1 device
2026-03-19 07:52:22 +0100: Memory Usage (474448K) : Starting SG13G2 LVS RF MOS Model Mapping
2026-03-19 07:52:22 +0100: Memory Usage (474448K) : [layout_netlist] Apply RF MOS model mapping and rfmode parameter.
2026-03-19 07:52:22 +0100: Memory Usage (474448K) : Starting SG13G2 LVS Options Preparations
2026-03-19 07:52:22 +0100: Memory Usage (474448K) : SG13G2 LVS flow: extraction -> alignment -> option preparation -> comparison.
2026-03-19 07:52:22 +0100: Memory Usage (474448K) : Starting SG13G2 LVS Alignment
2026-03-19 07:52:22 +0100: Memory Usage (474448K) : Starting SG13G2 LVS Simplification
2026-03-19 07:52:22 +0100: Memory Usage (474448K) : [layout_netlist] simplify: ENABLED
2026-03-19 07:52:22 +0100: Memory Usage (474448K) : [layout_netlist] make_top_level_pins: SKIPPED
2026-03-19 07:52:22 +0100: Memory Usage (474448K) : [layout_netlist] combine_devices: SKIPPED
2026-03-19 07:52:22 +0100: Memory Usage (474448K) : [layout_netlist] purge: SKIPPED
2026-03-19 07:52:22 +0100: Memory Usage (474448K) : [layout_netlist] purge_nets: SKIPPED
2026-03-19 07:52:22 +0100: Memory Usage (474448K) : [schematic_netlist] simplify: ENABLED
2026-03-19 07:52:22 +0100: Memory Usage (474448K) : [schematic_netlist] make_top_level_pins: SKIPPED
2026-03-19 07:52:22 +0100: Memory Usage (474448K) : [schematic_netlist] combine_devices: SKIPPED
2026-03-19 07:52:22 +0100: Memory Usage (474448K) : [schematic_netlist] purge: SKIPPED
2026-03-19 07:52:22 +0100: Memory Usage (474448K) : [schematic_netlist] purge_nets: SKIPPED
2026-03-19 07:52:22 +0100: Memory Usage (474448K) : Starting SG13G2 LVS Comparison in strict port mode.
2026-03-19 07:52:22 +0100: Memory Usage (474448K) : flag_missing_ports enabled: missing/mislabeled top-level ports are treated as errors.
2026-03-19 07:52:22 +0100: Memory Usage (474848K) : xxxxxxxxxxxxxxxxxxxxxxxxxxxxxxxxxxxxxxxxxx
2026-03-19 07:52:22 +0100: Memory Usage (474848K) : ERROR : Netlists don't match
2026-03-19 07:52:22 +0100: Memory Usage (474848K) : xxxxxxxxxxxxxxxxxxxxxxxxxxxxxxxxxxxxxxxxxx
2026-03-19 07:52:22 +0100: Memory Usage (474848K) : LVS Total Run time 0.971363 seconds
