# Logfile created on 2026-03-18 22:44:40 +0100 by logger.rb/v1.5.3
2026-03-18 22:44:40 +0100: Memory Usage (439916K) : Starting running SG13G2 Klayout LVS runset on /foss/designs/ttihp26a-adex-neuron-ncs/klayout/mux.gds
2026-03-18 22:44:40 +0100: Memory Usage (439916K) : Ruby Version for klayout: 3.2.3
2026-03-18 22:44:40 +0100: Memory Usage (441160K) : Loading database to memory is complete.
2026-03-18 22:44:40 +0100: Memory Usage (441160K) : SG13G2 Klayout LVS runset output at: /foss/designs/ttihp26a-adex-neuron-ncs/klayout/lvs_run_mux21_2026_03_18_22_44_38/mux.lvsdb
2026-03-18 22:44:40 +0100: Memory Usage (441160K) : Evaluate switches.
2026-03-18 22:44:40 +0100: Memory Usage (441160K) : Extracted netlist with net names: true
2026-03-18 22:44:40 +0100: Memory Usage (441160K) : Extracted netlist with comments in details: false
2026-03-18 22:44:40 +0100: Memory Usage (441160K) : Selected NET_ONLY option: false
2026-03-18 22:44:40 +0100: Memory Usage (441160K) : Selected LAYOUT_NETLIST option: (none)
2026-03-18 22:44:40 +0100: Memory Usage (441160K) : Selected IGNORE_TOP_PORTS_MISMATCH option: 
2026-03-18 22:44:40 +0100: Memory Usage (441160K) : Selected IMPLICIT_NETS option: (none)
2026-03-18 22:44:40 +0100: Memory Usage (441160K) : Selected TOP_LVL_PINS option: false
2026-03-18 22:44:40 +0100: Memory Usage (441160K) : Selected COMBINE DEVICES option: false
2026-03-18 22:44:40 +0100: Memory Usage (441160K) : Selected PURGE option: false
2026-03-18 22:44:40 +0100: Memory Usage (441160K) : Selected PURGE_NETS option: false
2026-03-18 22:44:40 +0100: Memory Usage (441160K) : Selected SIMPLIFY option: true
2026-03-18 22:44:40 +0100: Memory Usage (441160K) : Selected SERIES_RES option: true
2026-03-18 22:44:40 +0100: Memory Usage (441160K) : Selected PARALLEL_RES option: true
2026-03-18 22:44:40 +0100: Memory Usage (441160K) : flat  mode is enabled.
2026-03-18 22:44:40 +0100: Memory Usage (441544K) : Netlist file: /foss/designs/ttihp26a-adex-neuron-ncs/klayout/mux21.spice
2026-03-18 22:44:40 +0100: Memory Usage (441544K) : LVS extracted netlist at: /foss/designs/ttihp26a-adex-neuron-ncs/klayout/lvs_run_mux21_2026_03_18_22_44_38/mux_extracted.cir
2026-03-18 22:44:40 +0100: Memory Usage (441544K) : Applying SRAM integration support.
2026-03-18 22:44:40 +0100: Memory Usage (441544K) : Starting SG13G2 LVS runset
2026-03-18 22:44:40 +0100: Memory Usage (441544K) : Read in polygons from layers.
2026-03-18 22:44:40 +0100: Memory Usage (442340K) : activ_drw has 32 polygons
2026-03-18 22:44:40 +0100: Memory Usage (442340K) : activ_filler has 0 polygons
2026-03-18 22:44:40 +0100: Memory Usage (442340K) : activ has 32 polygons
2026-03-18 22:44:40 +0100: Memory Usage (442724K) : activ_pin has 0 polygons
2026-03-18 22:44:40 +0100: Memory Usage (442724K) : activ_mask has 0 polygons
2026-03-18 22:44:40 +0100: Memory Usage (442724K) : activ_nofill has 0 polygons
2026-03-18 22:44:40 +0100: Memory Usage (442724K) : activ_OPC has 0 polygons
2026-03-18 22:44:40 +0100: Memory Usage (443108K) : activ_iOPC has 0 polygons
2026-03-18 22:44:40 +0100: Memory Usage (443108K) : activ_noqrc has 0 polygons
2026-03-18 22:44:40 +0100: Memory Usage (443108K) : biwind_drw has 0 polygons
2026-03-18 22:44:40 +0100: Memory Usage (443108K) : biwind_OPC has 0 polygons
2026-03-18 22:44:40 +0100: Memory Usage (443108K) : gatpoly_drw has 24 polygons
2026-03-18 22:44:40 +0100: Memory Usage (443108K) : gatpoly_filler has 0 polygons
2026-03-18 22:44:40 +0100: Memory Usage (443108K) : gatpoly has 24 polygons
2026-03-18 22:44:40 +0100: Memory Usage (443108K) : gatpoly_pin has 0 polygons
2026-03-18 22:44:40 +0100: Memory Usage (443108K) : gatpoly_nofill has 0 polygons
2026-03-18 22:44:40 +0100: Memory Usage (443108K) : gatpoly_OPC has 0 polygons
2026-03-18 22:44:40 +0100: Memory Usage (443492K) : gatpoly_iOPC has 0 polygons
2026-03-18 22:44:40 +0100: Memory Usage (443492K) : gatpoly_noqrc has 0 polygons
2026-03-18 22:44:40 +0100: Memory Usage (443492K) : cont_drw has 560 polygons
2026-03-18 22:44:40 +0100: Memory Usage (443876K) : cont_OPC has 0 polygons
2026-03-18 22:44:40 +0100: Memory Usage (443876K) : nsd_drw has 0 polygons
2026-03-18 22:44:40 +0100: Memory Usage (443876K) : nsd_block has 0 polygons
2026-03-18 22:44:40 +0100: Memory Usage (443876K) : metal1_drw has 80 polygons
2026-03-18 22:44:40 +0100: Memory Usage (444260K) : metal1_filler has 0 polygons
2026-03-18 22:44:40 +0100: Memory Usage (444260K) : metal1_slit has 0 polygons
2026-03-18 22:44:40 +0100: Memory Usage (444260K) : metal1 has 80 polygons
2026-03-18 22:44:40 +0100: Memory Usage (444644K) : metal1_pin has 0 polygons
2026-03-18 22:44:40 +0100: Memory Usage (444644K) : metal1_mask has 0 polygons
2026-03-18 22:44:40 +0100: Memory Usage (444644K) : metal1_nofill has 0 polygons
2026-03-18 22:44:40 +0100: Memory Usage (445028K) : metal1_text has 0 polygons
2026-03-18 22:44:40 +0100: Memory Usage (445028K) : metal1_OPC has 0 polygons
2026-03-18 22:44:40 +0100: Memory Usage (445028K) : metal1_noqrc has 0 polygons
2026-03-18 22:44:40 +0100: Memory Usage (445028K) : metal1_res has 0 polygons
2026-03-18 22:44:40 +0100: Memory Usage (445412K) : metal1_iprobe has 0 polygons
2026-03-18 22:44:40 +0100: Memory Usage (445412K) : metal1_diffprb has 0 polygons
2026-03-18 22:44:40 +0100: Memory Usage (445796K) : passiv_drw has 0 polygons
2026-03-18 22:44:40 +0100: Memory Usage (445796K) : passiv_pin has 0 polygons
2026-03-18 22:44:40 +0100: Memory Usage (445796K) : passiv_sbump has 0 polygons
2026-03-18 22:44:40 +0100: Memory Usage (446180K) : passiv_pillar has 0 polygons
2026-03-18 22:44:40 +0100: Memory Usage (446180K) : passiv_pdl has 0 polygons
2026-03-18 22:44:40 +0100: Memory Usage (446180K) : metal2_drw has 76 polygons
2026-03-18 22:44:40 +0100: Memory Usage (446564K) : metal2_filler has 0 polygons
2026-03-18 22:44:40 +0100: Memory Usage (446564K) : metal2_slit has 0 polygons
2026-03-18 22:44:40 +0100: Memory Usage (446564K) : metal2 has 76 polygons
2026-03-18 22:44:40 +0100: Memory Usage (446948K) : metal2_pin has 0 polygons
2026-03-18 22:44:40 +0100: Memory Usage (446948K) : metal2_mask has 0 polygons
2026-03-18 22:44:40 +0100: Memory Usage (446948K) : metal2_nofill has 0 polygons
2026-03-18 22:44:40 +0100: Memory Usage (447332K) : metal2_text has 0 polygons
2026-03-18 22:44:40 +0100: Memory Usage (447332K) : metal2_OPC has 0 polygons
2026-03-18 22:44:40 +0100: Memory Usage (447332K) : metal2_noqrc has 0 polygons
2026-03-18 22:44:40 +0100: Memory Usage (447716K) : metal2_res has 0 polygons
2026-03-18 22:44:40 +0100: Memory Usage (447716K) : metal2_iprobe has 0 polygons
2026-03-18 22:44:40 +0100: Memory Usage (447716K) : metal2_diffprb has 0 polygons
2026-03-18 22:44:40 +0100: Memory Usage (448100K) : baspoly_drw has 0 polygons
2026-03-18 22:44:40 +0100: Memory Usage (448100K) : baspoly_pin has 0 polygons
2026-03-18 22:44:40 +0100: Memory Usage (448100K) : psd_drw has 16 polygons
2026-03-18 22:44:40 +0100: Memory Usage (448484K) : nldb_drw has 0 polygons
2026-03-18 22:44:40 +0100: Memory Usage (448484K) : digibnd_drw has 0 polygons
2026-03-18 22:44:40 +0100: Memory Usage (448484K) : via1_drw has 460 polygons
2026-03-18 22:44:40 +0100: Memory Usage (448868K) : backmetal1_drw has 0 polygons
2026-03-18 22:44:40 +0100: Memory Usage (448868K) : backmetal1_pin has 0 polygons
2026-03-18 22:44:40 +0100: Memory Usage (449252K) : backmetal1_mask has 0 polygons
2026-03-18 22:44:40 +0100: Memory Usage (449252K) : backmetal1_filler has 0 polygons
2026-03-18 22:44:40 +0100: Memory Usage (449252K) : backmetal1_nofill has 0 polygons
2026-03-18 22:44:40 +0100: Memory Usage (449636K) : backmetal1_slit has 0 polygons
2026-03-18 22:44:40 +0100: Memory Usage (449636K) : backmetal1_text has 0 polygons
2026-03-18 22:44:40 +0100: Memory Usage (449636K) : backmetal1_OPC has 0 polygons
2026-03-18 22:44:40 +0100: Memory Usage (449636K) : backmetal1_noqrc has 0 polygons
2026-03-18 22:44:40 +0100: Memory Usage (450020K) : backmetal1_res has 0 polygons
2026-03-18 22:44:40 +0100: Memory Usage (450020K) : backmetal1_iprobe has 0 polygons
2026-03-18 22:44:40 +0100: Memory Usage (450404K) : backmetal1_diffprb has 0 polygons
2026-03-18 22:44:40 +0100: Memory Usage (450404K) : backpassiv_drw has 0 polygons
2026-03-18 22:44:40 +0100: Memory Usage (450404K) : res_drw has 0 polygons
2026-03-18 22:44:40 +0100: Memory Usage (450788K) : sram_drw has 0 polygons
2026-03-18 22:44:40 +0100: Memory Usage (450788K) : trans_drw has 0 polygons
2026-03-18 22:44:40 +0100: Memory Usage (450788K) : ind_drw has 0 polygons
2026-03-18 22:44:40 +0100: Memory Usage (451172K) : ind_pin has 0 polygons
2026-03-18 22:44:40 +0100: Memory Usage (451172K) : ind_text has 0 polygons
2026-03-18 22:44:40 +0100: Memory Usage (451172K) : salblock_drw has 0 polygons
2026-03-18 22:44:40 +0100: Memory Usage (451172K) : via2_drw has 58 polygons
2026-03-18 22:44:40 +0100: Memory Usage (451556K) : metal3_drw has 19 polygons
2026-03-18 22:44:40 +0100: Memory Usage (451556K) : metal3_filler has 0 polygons
2026-03-18 22:44:40 +0100: Memory Usage (451940K) : metal3_slit has 0 polygons
2026-03-18 22:44:40 +0100: Memory Usage (451940K) : metal3 has 19 polygons
2026-03-18 22:44:40 +0100: Memory Usage (451940K) : metal3_pin has 2 polygons
2026-03-18 22:44:40 +0100: Memory Usage (452324K) : metal3_mask has 0 polygons
2026-03-18 22:44:40 +0100: Memory Usage (452324K) : metal3_nofill has 0 polygons
2026-03-18 22:44:40 +0100: Memory Usage (452324K) : metal3_text has 2 polygons
2026-03-18 22:44:40 +0100: Memory Usage (452324K) : metal3_OPC has 0 polygons
2026-03-18 22:44:40 +0100: Memory Usage (452324K) : metal3_noqrc has 0 polygons
2026-03-18 22:44:40 +0100: Memory Usage (452708K) : metal3_res has 0 polygons
2026-03-18 22:44:40 +0100: Memory Usage (452708K) : metal3_iprobe has 0 polygons
2026-03-18 22:44:40 +0100: Memory Usage (452708K) : metal3_diffprb has 0 polygons
2026-03-18 22:44:40 +0100: Memory Usage (453092K) : nwell_drw has 2 polygons
2026-03-18 22:44:40 +0100: Memory Usage (453092K) : nwell_pin has 0 polygons
2026-03-18 22:44:40 +0100: Memory Usage (453092K) : nwell_text has 0 polygons
2026-03-18 22:44:40 +0100: Memory Usage (453092K) : nbulay_drw has 0 polygons
2026-03-18 22:44:40 +0100: Memory Usage (453476K) : nbulay_pin has 0 polygons
2026-03-18 22:44:40 +0100: Memory Usage (453476K) : nbulay_block has 0 polygons
2026-03-18 22:44:40 +0100: Memory Usage (453476K) : emwind_drw has 0 polygons
2026-03-18 22:44:40 +0100: Memory Usage (453860K) : emwind_OPC has 0 polygons
2026-03-18 22:44:40 +0100: Memory Usage (453860K) : deepco_drw has 0 polygons
2026-03-18 22:44:40 +0100: Memory Usage (453860K) : mim_drw has 0 polygons
2026-03-18 22:44:40 +0100: Memory Usage (454244K) : edgeseal_drw has 0 polygons
2026-03-18 22:44:40 +0100: Memory Usage (454244K) : substrate_drw has 0 polygons
2026-03-18 22:44:40 +0100: Memory Usage (454244K) : substrate_text has 0 polygons
2026-03-18 22:44:40 +0100: Memory Usage (454244K) : dfpad_drw has 0 polygons
2026-03-18 22:44:40 +0100: Memory Usage (454628K) : dfpad_pillar has 0 polygons
2026-03-18 22:44:40 +0100: Memory Usage (454628K) : dfpad_sbump has 0 polygons
2026-03-18 22:44:40 +0100: Memory Usage (454628K) : thickgateox_drw has 0 polygons
2026-03-18 22:44:40 +0100: Memory Usage (455012K) : pldb_drw has 0 polygons
2026-03-18 22:44:40 +0100: Memory Usage (455012K) : pwell_drw has 0 polygons
2026-03-18 22:44:40 +0100: Memory Usage (455012K) : pwell_pin has 0 polygons
2026-03-18 22:44:40 +0100: Memory Usage (455396K) : pwell_block has 0 polygons
2026-03-18 22:44:40 +0100: Memory Usage (455396K) : ic_drw has 0 polygons
2026-03-18 22:44:40 +0100: Memory Usage (455396K) : via3_drw has 34 polygons
2026-03-18 22:44:40 +0100: Memory Usage (455780K) : metal4_drw has 7 polygons
2026-03-18 22:44:40 +0100: Memory Usage (455780K) : metal4_filler has 0 polygons
2026-03-18 22:44:40 +0100: Memory Usage (455780K) : metal4_slit has 0 polygons
2026-03-18 22:44:40 +0100: Memory Usage (456164K) : metal4 has 7 polygons
2026-03-18 22:44:40 +0100: Memory Usage (456164K) : metal4_pin has 5 polygons
2026-03-18 22:44:40 +0100: Memory Usage (456164K) : metal4_mask has 0 polygons
2026-03-18 22:44:40 +0100: Memory Usage (456548K) : metal4_nofill has 0 polygons
2026-03-18 22:44:40 +0100: Memory Usage (456548K) : metal4_text has 5 polygons
2026-03-18 22:44:40 +0100: Memory Usage (456548K) : metal4_OPC has 0 polygons
2026-03-18 22:44:40 +0100: Memory Usage (456548K) : metal4_noqrc has 0 polygons
2026-03-18 22:44:40 +0100: Memory Usage (456932K) : metal4_res has 0 polygons
2026-03-18 22:44:40 +0100: Memory Usage (456932K) : metal4_iprobe has 0 polygons
2026-03-18 22:44:40 +0100: Memory Usage (456932K) : metal4_diffprb has 0 polygons
2026-03-18 22:44:40 +0100: Memory Usage (457316K) : heattrans_drw has 0 polygons
2026-03-18 22:44:40 +0100: Memory Usage (457316K) : heatres_drw has 0 polygons
2026-03-18 22:44:40 +0100: Memory Usage (457316K) : fbe_drw has 0 polygons
2026-03-18 22:44:40 +0100: Memory Usage (457700K) : empoly_drw has 0 polygons
2026-03-18 22:44:40 +0100: Memory Usage (457700K) : digisub_drw has 0 polygons
2026-03-18 22:44:40 +0100: Memory Usage (457700K) : text_drw has 0 polygons
2026-03-18 22:44:40 +0100: Memory Usage (457700K) : via4_drw has 0 polygons
2026-03-18 22:44:40 +0100: Memory Usage (457700K) : metal5_drw has 0 polygons
2026-03-18 22:44:40 +0100: Memory Usage (458084K) : metal5_filler has 0 polygons
2026-03-18 22:44:40 +0100: Memory Usage (458084K) : metal5_slit has 0 polygons
2026-03-18 22:44:40 +0100: Memory Usage (458084K) : metal5 has 0 polygons
2026-03-18 22:44:40 +0100: Memory Usage (458468K) : metal5_pin has 0 polygons
2026-03-18 22:44:40 +0100: Memory Usage (458468K) : metal5_mask has 0 polygons
2026-03-18 22:44:40 +0100: Memory Usage (458468K) : metal5_nofill has 0 polygons
2026-03-18 22:44:40 +0100: Memory Usage (458468K) : metal5_text has 0 polygons
2026-03-18 22:44:40 +0100: Memory Usage (458852K) : metal5_OPC has 0 polygons
2026-03-18 22:44:40 +0100: Memory Usage (458852K) : metal5_noqrc has 0 polygons
2026-03-18 22:44:40 +0100: Memory Usage (458852K) : metal5_res has 0 polygons
2026-03-18 22:44:40 +0100: Memory Usage (459236K) : metal5_iprobe has 0 polygons
2026-03-18 22:44:40 +0100: Memory Usage (459236K) : metal5_diffprb has 0 polygons
2026-03-18 22:44:40 +0100: Memory Usage (459236K) : radhard_drw has 0 polygons
2026-03-18 22:44:40 +0100: Memory Usage (459620K) : memcap_drw has 0 polygons
2026-03-18 22:44:40 +0100: Memory Usage (459620K) : varicap_drw has 0 polygons
2026-03-18 22:44:40 +0100: Memory Usage (459620K) : intbondvia_drw has 0 polygons
2026-03-18 22:44:40 +0100: Memory Usage (460004K) : intbondmet_drw has 0 polygons
2026-03-18 22:44:40 +0100: Memory Usage (460004K) : devbondvia_drw has 0 polygons
2026-03-18 22:44:40 +0100: Memory Usage (460004K) : devbondmet_drw has 0 polygons
2026-03-18 22:44:40 +0100: Memory Usage (460388K) : devtrench_drw has 0 polygons
2026-03-18 22:44:40 +0100: Memory Usage (460388K) : redist_drw has 0 polygons
2026-03-18 22:44:40 +0100: Memory Usage (460388K) : graphbot_drw has 0 polygons
2026-03-18 22:44:40 +0100: Memory Usage (460388K) : graphtop_drw has 0 polygons
2026-03-18 22:44:40 +0100: Memory Usage (460388K) : antvia1_drw has 0 polygons
2026-03-18 22:44:40 +0100: Memory Usage (460388K) : antmetal2_drw has 0 polygons
2026-03-18 22:44:40 +0100: Memory Usage (460772K) : graphcont_drw has 0 polygons
2026-03-18 22:44:40 +0100: Memory Usage (460772K) : siwg_drw has 0 polygons
2026-03-18 22:44:40 +0100: Memory Usage (460772K) : siwg_filler has 0 polygons
2026-03-18 22:44:40 +0100: Memory Usage (461156K) : siwg_nofill has 0 polygons
2026-03-18 22:44:40 +0100: Memory Usage (461156K) : sigrating_drw has 0 polygons
2026-03-18 22:44:40 +0100: Memory Usage (461156K) : singrating_drw has 0 polygons
2026-03-18 22:44:40 +0100: Memory Usage (461540K) : graphpas_drw has 0 polygons
2026-03-18 22:44:40 +0100: Memory Usage (461540K) : emwind3_drw has 0 polygons
2026-03-18 22:44:40 +0100: Memory Usage (461540K) : emwihv3_drw has 0 polygons
2026-03-18 22:44:40 +0100: Memory Usage (461540K) : redbulay_drw has 0 polygons
2026-03-18 22:44:40 +0100: Memory Usage (461540K) : smos_drw has 0 polygons
2026-03-18 22:44:40 +0100: Memory Usage (461540K) : graphpad_drw has 0 polygons
2026-03-18 22:44:40 +0100: Memory Usage (461540K) : polimide_drw has 0 polygons
2026-03-18 22:44:40 +0100: Memory Usage (461540K) : polimide_pin has 0 polygons
2026-03-18 22:44:40 +0100: Memory Usage (461924K) : recog_drw has 0 polygons
2026-03-18 22:44:40 +0100: Memory Usage (461924K) : recog_pin has 0 polygons
2026-03-18 22:44:40 +0100: Memory Usage (461924K) : recog_esd has 0 polygons
2026-03-18 22:44:40 +0100: Memory Usage (461924K) : recog_diode has 0 polygons
2026-03-18 22:44:40 +0100: Memory Usage (462308K) : recog_tsv has 0 polygons
2026-03-18 22:44:40 +0100: Memory Usage (462308K) : recog_iprobe has 0 polygons
2026-03-18 22:44:40 +0100: Memory Usage (462308K) : recog_diffprb has 0 polygons
2026-03-18 22:44:40 +0100: Memory Usage (462692K) : recog_pillar has 0 polygons
2026-03-18 22:44:40 +0100: Memory Usage (462692K) : recog_sbump has 0 polygons
2026-03-18 22:44:40 +0100: Memory Usage (462692K) : recog_otp has 0 polygons
2026-03-18 22:44:40 +0100: Memory Usage (463076K) : recog_pdiode has 0 polygons
2026-03-18 22:44:40 +0100: Memory Usage (463076K) : recog_mom has 0 polygons
2026-03-18 22:44:40 +0100: Memory Usage (463076K) : recog_pcm has 0 polygons
2026-03-18 22:44:40 +0100: Memory Usage (463076K) : colopen_drw has 0 polygons
2026-03-18 22:44:40 +0100: Memory Usage (463460K) : graphmetal1_drw has 0 polygons
2026-03-18 22:44:40 +0100: Memory Usage (463460K) : graphmetal1_filler has 0 polygons
2026-03-18 22:44:40 +0100: Memory Usage (463460K) : graphmetal1_nofill has 0 polygons
2026-03-18 22:44:40 +0100: Memory Usage (463844K) : graphmetal1_slit has 0 polygons
2026-03-18 22:44:40 +0100: Memory Usage (463844K) : graphmetal1_OPC has 0 polygons
2026-03-18 22:44:40 +0100: Memory Usage (463844K) : graphmet1l_drw has 0 polygons
2026-03-18 22:44:40 +0100: Memory Usage (464228K) : graphmet1l_filler has 0 polygons
2026-03-18 22:44:40 +0100: Memory Usage (464228K) : graphmet1l_nofill has 0 polygons
2026-03-18 22:44:40 +0100: Memory Usage (464228K) : graphmet1l_slit has 0 polygons
2026-03-18 22:44:40 +0100: Memory Usage (464612K) : graphmet1l_OPC has 0 polygons
2026-03-18 22:44:40 +0100: Memory Usage (464612K) : extblock_drw has 0 polygons
2026-03-18 22:44:40 +0100: Memory Usage (464612K) : nldd_drw has 0 polygons
2026-03-18 22:44:40 +0100: Memory Usage (464996K) : pldd_drw has 0 polygons
2026-03-18 22:44:40 +0100: Memory Usage (464996K) : next_drw has 0 polygons
2026-03-18 22:44:40 +0100: Memory Usage (464996K) : pext_drw has 0 polygons
2026-03-18 22:44:40 +0100: Memory Usage (465380K) : nexthv_drw has 0 polygons
2026-03-18 22:44:40 +0100: Memory Usage (465380K) : pexthv_drw has 0 polygons
2026-03-18 22:44:40 +0100: Memory Usage (465380K) : graphgate_drw has 0 polygons
2026-03-18 22:44:40 +0100: Memory Usage (465380K) : sinwg_drw has 0 polygons
2026-03-18 22:44:40 +0100: Memory Usage (465764K) : sinwg_filler has 0 polygons
2026-03-18 22:44:40 +0100: Memory Usage (465764K) : sinwg_nofill has 0 polygons
2026-03-18 22:44:40 +0100: Memory Usage (465764K) : mempad_drw has 0 polygons
2026-03-18 22:44:40 +0100: Memory Usage (466148K) : topvia1_drw has 0 polygons
2026-03-18 22:44:40 +0100: Memory Usage (466148K) : topmetal1_drw has 0 polygons
2026-03-18 22:44:40 +0100: Memory Usage (466148K) : topmetal1_filler has 0 polygons
2026-03-18 22:44:40 +0100: Memory Usage (466532K) : topmetal1_slit has 0 polygons
2026-03-18 22:44:40 +0100: Memory Usage (466532K) : topmetal1 has 0 polygons
2026-03-18 22:44:40 +0100: Memory Usage (466532K) : topmetal1_pin has 0 polygons
2026-03-18 22:44:40 +0100: Memory Usage (466532K) : topmetal1_mask has 0 polygons
2026-03-18 22:44:40 +0100: Memory Usage (466532K) : topmetal1_nofill has 0 polygons
2026-03-18 22:44:40 +0100: Memory Usage (466532K) : topmetal1_text has 0 polygons
2026-03-18 22:44:40 +0100: Memory Usage (466916K) : topmetal1_noqrc has 0 polygons
2026-03-18 22:44:40 +0100: Memory Usage (466916K) : topmetal1_res has 0 polygons
2026-03-18 22:44:40 +0100: Memory Usage (466916K) : topmetal1_iprobe has 0 polygons
2026-03-18 22:44:40 +0100: Memory Usage (467300K) : topmetal1_diffprb has 0 polygons
2026-03-18 22:44:40 +0100: Memory Usage (467300K) : inldpwl_drw has 0 polygons
2026-03-18 22:44:40 +0100: Memory Usage (467300K) : polyres_drw has 0 polygons
2026-03-18 22:44:40 +0100: Memory Usage (467300K) : polyres_pin has 0 polygons
2026-03-18 22:44:40 +0100: Memory Usage (467300K) : vmim_drw has 0 polygons
2026-03-18 22:44:40 +0100: Memory Usage (467300K) : nbulaycut_drw has 0 polygons
2026-03-18 22:44:40 +0100: Memory Usage (467300K) : antmetal1_drw has 0 polygons
2026-03-18 22:44:40 +0100: Memory Usage (467684K) : topvia2_drw has 0 polygons
2026-03-18 22:44:40 +0100: Memory Usage (467684K) : topmetal2_drw has 0 polygons
2026-03-18 22:44:40 +0100: Memory Usage (467684K) : topmetal2_filler has 0 polygons
2026-03-18 22:44:40 +0100: Memory Usage (467684K) : topmetal2_slit has 0 polygons
2026-03-18 22:44:40 +0100: Memory Usage (467684K) : topmetal2 has 0 polygons
2026-03-18 22:44:40 +0100: Memory Usage (468068K) : topmetal2_pin has 0 polygons
2026-03-18 22:44:40 +0100: Memory Usage (468452K) : topmetal2_mask has 0 polygons
2026-03-18 22:44:40 +0100: Memory Usage (468452K) : topmetal2_nofill has 0 polygons
2026-03-18 22:44:40 +0100: Memory Usage (468452K) : topmetal2_text has 0 polygons
2026-03-18 22:44:40 +0100: Memory Usage (468452K) : topmetal2_noqrc has 0 polygons
2026-03-18 22:44:40 +0100: Memory Usage (468452K) : topmetal2_res has 0 polygons
2026-03-18 22:44:40 +0100: Memory Usage (468452K) : topmetal2_iprobe has 0 polygons
2026-03-18 22:44:40 +0100: Memory Usage (468452K) : topmetal2_diffprb has 0 polygons
2026-03-18 22:44:40 +0100: Memory Usage (468452K) : snsring_drw has 0 polygons
2026-03-18 22:44:40 +0100: Memory Usage (468452K) : sensor_drw has 0 polygons
2026-03-18 22:44:40 +0100: Memory Usage (468452K) : snsarms_drw has 0 polygons
2026-03-18 22:44:40 +0100: Memory Usage (468452K) : snscmosvia_drw has 0 polygons
2026-03-18 22:44:40 +0100: Memory Usage (468452K) : colwind_drw has 0 polygons
2026-03-18 22:44:40 +0100: Memory Usage (468452K) : flm_drw has 0 polygons
2026-03-18 22:44:40 +0100: Memory Usage (468452K) : hafniumox_drw has 0 polygons
2026-03-18 22:44:40 +0100: Memory Usage (468452K) : memvia_drw has 0 polygons
2026-03-18 22:44:40 +0100: Memory Usage (468452K) : thinfilmres_drw has 0 polygons
2026-03-18 22:44:40 +0100: Memory Usage (468452K) : rfmem_drw has 0 polygons
2026-03-18 22:44:40 +0100: Memory Usage (468452K) : norcx_drw has 0 polygons
2026-03-18 22:44:40 +0100: Memory Usage (468452K) : norcx_m2m3 has 0 polygons
2026-03-18 22:44:40 +0100: Memory Usage (468452K) : norcx_m2m4 has 0 polygons
2026-03-18 22:44:40 +0100: Memory Usage (468452K) : norcx_m2m5 has 0 polygons
2026-03-18 22:44:40 +0100: Memory Usage (468452K) : norcx_m2tm1 has 0 polygons
2026-03-18 22:44:40 +0100: Memory Usage (468452K) : norcx_m2tm2 has 0 polygons
2026-03-18 22:44:40 +0100: Memory Usage (468452K) : norcx_m3m4 has 0 polygons
2026-03-18 22:44:40 +0100: Memory Usage (468452K) : norcx_m3m5 has 0 polygons
2026-03-18 22:44:40 +0100: Memory Usage (468452K) : norcx_m3tm1 has 0 polygons
2026-03-18 22:44:40 +0100: Memory Usage (468452K) : norcx_m3tm2 has 0 polygons
2026-03-18 22:44:40 +0100: Memory Usage (468452K) : norcx_m4m5 has 0 polygons
2026-03-18 22:44:40 +0100: Memory Usage (468452K) : norcx_m4tm1 has 0 polygons
2026-03-18 22:44:40 +0100: Memory Usage (468452K) : norcx_m4tm2 has 0 polygons
2026-03-18 22:44:40 +0100: Memory Usage (468452K) : norcx_m5tm1 has 0 polygons
2026-03-18 22:44:40 +0100: Memory Usage (468452K) : norcx_m5tm2 has 0 polygons
2026-03-18 22:44:40 +0100: Memory Usage (468452K) : norcx_tm1tm2 has 0 polygons
2026-03-18 22:44:40 +0100: Memory Usage (468452K) : norcx_m1sub has 0 polygons
2026-03-18 22:44:40 +0100: Memory Usage (468452K) : norcx_m2sub has 0 polygons
2026-03-18 22:44:40 +0100: Memory Usage (468452K) : norcx_m3sub has 0 polygons
2026-03-18 22:44:40 +0100: Memory Usage (468452K) : norcx_m4sub has 0 polygons
2026-03-18 22:44:40 +0100: Memory Usage (468452K) : norcx_m5sub has 0 polygons
2026-03-18 22:44:40 +0100: Memory Usage (468452K) : norcx_tm1sub has 0 polygons
2026-03-18 22:44:40 +0100: Memory Usage (468452K) : norcx_tm2sub has 0 polygons
2026-03-18 22:44:40 +0100: Memory Usage (468452K) : snsbotvia_drw has 0 polygons
2026-03-18 22:44:40 +0100: Memory Usage (468452K) : snstopvia_drw has 0 polygons
2026-03-18 22:44:40 +0100: Memory Usage (468452K) : deepvia_drw has 0 polygons
2026-03-18 22:44:40 +0100: Memory Usage (468452K) : fgetch_drw has 0 polygons
2026-03-18 22:44:40 +0100: Memory Usage (468452K) : ctrgat_drw has 0 polygons
2026-03-18 22:44:40 +0100: Memory Usage (468452K) : fgimp_drw has 0 polygons
2026-03-18 22:44:40 +0100: Memory Usage (468452K) : emwihv_drw has 0 polygons
2026-03-18 22:44:40 +0100: Memory Usage (468452K) : lbe_drw has 0 polygons
2026-03-18 22:44:40 +0100: Memory Usage (468452K) : alcustop_drw has 0 polygons
2026-03-18 22:44:40 +0100: Memory Usage (468452K) : nometfiller_drw has 0 polygons
2026-03-18 22:44:40 +0100: Memory Usage (468452K) : prboundary_drw has 0 polygons
2026-03-18 22:44:40 +0100: Memory Usage (468452K) : exchange0_drw has 0 polygons
2026-03-18 22:44:40 +0100: Memory Usage (468452K) : exchange0_pin has 0 polygons
2026-03-18 22:44:40 +0100: Memory Usage (468452K) : exchange0_text has 0 polygons
2026-03-18 22:44:40 +0100: Memory Usage (468452K) : exchange1_drw has 0 polygons
2026-03-18 22:44:40 +0100: Memory Usage (468452K) : exchange1_pin has 0 polygons
2026-03-18 22:44:40 +0100: Memory Usage (468452K) : exchange1_text has 0 polygons
2026-03-18 22:44:40 +0100: Memory Usage (468452K) : exchange2_drw has 0 polygons
2026-03-18 22:44:40 +0100: Memory Usage (468452K) : exchange2_pin has 0 polygons
2026-03-18 22:44:40 +0100: Memory Usage (468452K) : exchange2_text has 0 polygons
2026-03-18 22:44:40 +0100: Memory Usage (468836K) : exchange3_drw has 0 polygons
2026-03-18 22:44:40 +0100: Memory Usage (468836K) : exchange3_pin has 0 polygons
2026-03-18 22:44:40 +0100: Memory Usage (468836K) : exchange3_text has 0 polygons
2026-03-18 22:44:40 +0100: Memory Usage (468836K) : exchange4_drw has 0 polygons
2026-03-18 22:44:40 +0100: Memory Usage (469220K) : exchange4_pin has 0 polygons
2026-03-18 22:44:40 +0100: Memory Usage (469220K) : exchange4_text has 0 polygons
2026-03-18 22:44:40 +0100: Memory Usage (469220K) : isonwell_drw has 0 polygons
2026-03-18 22:44:40 +0100: Memory Usage (469220K) : Total no. of polygons in the design is 1382
2026-03-18 22:44:40 +0100: Memory Usage (469220K) : Starting base layers derivations
2026-03-18 22:44:40 +0100: Memory Usage (469220K) : Starting general LVS derivations
2026-03-18 22:44:40 +0100: Memory Usage (471952K) : Starting MOSFET DERIVATIONS
2026-03-18 22:44:40 +0100: Memory Usage (471952K) : Starting NMOS DERIVATIONS
2026-03-18 22:44:40 +0100: Memory Usage (471952K) : Starting PMOS DERIVATIONS
2026-03-18 22:44:40 +0100: Memory Usage (471952K) : Starting RF-MOSFET DERIVATIONS
2026-03-18 22:44:40 +0100: Memory Usage (471952K) : Starting RF-NMOS DERIVATIONS
2026-03-18 22:44:40 +0100: Memory Usage (471952K) : Starting RF-PMOS DERIVATIONS
2026-03-18 22:44:40 +0100: Memory Usage (471952K) : Starting BJT DERIVATIONS
2026-03-18 22:44:40 +0100: Memory Usage (471952K) : Starting NPN-BJT DERIVATIONS
2026-03-18 22:44:40 +0100: Memory Usage (471952K) : Starting PNP-BJT DERIVATIONS
2026-03-18 22:44:40 +0100: Memory Usage (471952K) : Starting DIODE DERIVATIONS
2026-03-18 22:44:41 +0100: Memory Usage (471952K) : Starting RESISTOR DERIVATIONS
2026-03-18 22:44:41 +0100: Memory Usage (471952K) : Starting CAP DERIVATIONS
2026-03-18 22:44:41 +0100: Memory Usage (471952K) : Starting ESD DERIVATIONS
2026-03-18 22:44:41 +0100: Memory Usage (471952K) : Starting Inductor DERIVATIONS
2026-03-18 22:44:41 +0100: Memory Usage (471952K) : Starting Taps DERIVATIONS
2026-03-18 22:44:41 +0100: Memory Usage (471952K) : Starting SG13G2 LVS connectivity setup
2026-03-18 22:44:41 +0100: Memory Usage (471952K) : Starting SG13G2 LVS connectivity setup (Inter-layer)
2026-03-18 22:44:41 +0100: Memory Usage (472824K) : Starting SG13G2 LVS connectivity setup (Global)
2026-03-18 22:44:41 +0100: Memory Usage (472824K) : Starting LVS MOSFET CONNECTIONS
2026-03-18 22:44:41 +0100: Memory Usage (472824K) : Starting LVS RF-MOSFET CONNECTIONS
2026-03-18 22:44:41 +0100: Memory Usage (472824K) : Starting LVS BJT CONNECTIONS
2026-03-18 22:44:41 +0100: Memory Usage (472824K) : Starting LVS DIODE CONNECTIONS
2026-03-18 22:44:41 +0100: Memory Usage (472824K) : Starting RESISTOR CONNECTIONS
2026-03-18 22:44:41 +0100: Memory Usage (472824K) : Starting LVS CAP CONNECTIONS
2026-03-18 22:44:41 +0100: Memory Usage (472824K) : Starting ESD CONNECTIONS
2026-03-18 22:44:41 +0100: Memory Usage (472824K) : Starting Inductor CONNECTIONS
2026-03-18 22:44:41 +0100: Memory Usage (472824K) : Starting LVS Taps CONNECTIONS
2026-03-18 22:44:41 +0100: Memory Usage (472824K) : Starting SG13G2 LVS DEVICES EXTRACTION
2026-03-18 22:44:41 +0100: Memory Usage (472824K) : Starting MOSFET EXTRACTION
2026-03-18 22:44:41 +0100: Memory Usage (472824K) : Starting NMOS EXTRACTION
2026-03-18 22:44:41 +0100: Memory Usage (472824K) : Extraction of NMOS-LV transistor
2026-03-18 22:44:41 +0100: Memory Usage (473264K) : Extraction of NMOS-HV transistor
2026-03-18 22:44:41 +0100: Memory Usage (473264K) : Starting PMOS EXTRACTION
2026-03-18 22:44:41 +0100: Memory Usage (473264K) : Extraction of PMOS-LV transistor
2026-03-18 22:44:41 +0100: Memory Usage (473264K) : Extraction of PMOS-HV transistor
2026-03-18 22:44:41 +0100: Memory Usage (473264K) : Starting RF-MOSFET EXTRACTION
2026-03-18 22:44:41 +0100: Memory Usage (473264K) : Extraction of RF-NMOS-LV transistor
2026-03-18 22:44:41 +0100: Memory Usage (473264K) : Extraction of RF-NMOS-HV transistor
2026-03-18 22:44:41 +0100: Memory Usage (473264K) : Extraction of RF-PMOS-LV transistor
2026-03-18 22:44:41 +0100: Memory Usage (473264K) : Extraction of RF-PMOS-HV transistor
2026-03-18 22:44:41 +0100: Memory Usage (473264K) : Starting BJT EXTRACTION
2026-03-18 22:44:41 +0100: Memory Usage (473264K) : Starting NPN-BJT EXTRACTION
2026-03-18 22:44:41 +0100: Memory Usage (473264K) : Extraction of npn13G2 BJT transistor
2026-03-18 22:44:41 +0100: Memory Usage (473264K) : Extraction of npn13G2L BJT transistor
2026-03-18 22:44:41 +0100: Memory Usage (473264K) : Extraction of npn13G2V BJT transistor
2026-03-18 22:44:41 +0100: Memory Usage (473264K) : Starting PNP-BJT EXTRACTION
2026-03-18 22:44:41 +0100: Memory Usage (473264K) : Extracting pnpMPA BJT
2026-03-18 22:44:41 +0100: Memory Usage (473264K) : Starting DIODE EXTRACTION
2026-03-18 22:44:41 +0100: Memory Usage (473264K) : Extracting dantenna diode
2026-03-18 22:44:41 +0100: Memory Usage (473264K) : Extracting dpantenna diode
2026-03-18 22:44:41 +0100: Memory Usage (473264K) : Extracting schottky_nbl1 diode
2026-03-18 22:44:41 +0100: Memory Usage (473264K) : Extracting isolbox diode
2026-03-18 22:44:41 +0100: Memory Usage (473264K) : Starting RESISTOR EXTRACTION
2026-03-18 22:44:41 +0100: Memory Usage (473264K) : Extracting rsil resistor
2026-03-18 22:44:41 +0100: Memory Usage (473264K) : Extracting rppd resistor
2026-03-18 22:44:41 +0100: Memory Usage (473264K) : Extracting rhigh resistor
2026-03-18 22:44:41 +0100: Memory Usage (473264K) : Extracting res_metal1 resistor
2026-03-18 22:44:41 +0100: Memory Usage (473264K) : Extracting res_metal2 resistor
2026-03-18 22:44:41 +0100: Memory Usage (473264K) : Extracting res_metal3 resistor
2026-03-18 22:44:41 +0100: Memory Usage (473264K) : Extracting res_metal4 resistor
2026-03-18 22:44:41 +0100: Memory Usage (473264K) : Extracting res_metal5 resistor
2026-03-18 22:44:41 +0100: Memory Usage (473264K) : Extracting res_topmetal1 resistor
2026-03-18 22:44:41 +0100: Memory Usage (473264K) : Extracting res_topmetal2 resistor
2026-03-18 22:44:41 +0100: Memory Usage (473264K) : Starting CAP EXTRACTION
2026-03-18 22:44:41 +0100: Memory Usage (473264K) : Extracting cap_cmim device
2026-03-18 22:44:41 +0100: Memory Usage (473264K) : Extracting rfcmim device
2026-03-18 22:44:41 +0100: Memory Usage (473264K) : Extracting sg13_hv_svaricap varactor
2026-03-18 22:44:41 +0100: Memory Usage (473264K) : Starting ESD EXTRACTION
2026-03-18 22:44:41 +0100: Memory Usage (473264K) : Extracting diodevdd_2kv ESD device
2026-03-18 22:44:41 +0100: Memory Usage (473264K) : Extracting diodevdd_4kv ESD device
2026-03-18 22:44:41 +0100: Memory Usage (473264K) : Extracting diodevss_2kv ESD device
2026-03-18 22:44:41 +0100: Memory Usage (473264K) : Extracting diodevss_4kv ESD device
2026-03-18 22:44:41 +0100: Memory Usage (473264K) : Extracting idiodevdd_2kv ESD device
2026-03-18 22:44:41 +0100: Memory Usage (473264K) : Extracting idiodevdd_4kv ESD device
2026-03-18 22:44:41 +0100: Memory Usage (473264K) : Extracting idiodevss_2kv ESD device
2026-03-18 22:44:41 +0100: Memory Usage (473264K) : Extracting idiodevss_4kv ESD device
2026-03-18 22:44:41 +0100: Memory Usage (473264K) : Extracting nmoscl_2 ESD device
2026-03-18 22:44:41 +0100: Memory Usage (473264K) : Extracting nmoscl_4 ESD device
2026-03-18 22:44:41 +0100: Memory Usage (473264K) : Starting Inductor EXTRACTION
2026-03-18 22:44:41 +0100: Memory Usage (473264K) : Extracting Inductor2 device
2026-03-18 22:44:41 +0100: Memory Usage (473264K) : Extracting Inductor3 device
2026-03-18 22:44:41 +0100: Memory Usage (473264K) : Starting Taps EXTRACTION
2026-03-18 22:44:41 +0100: Memory Usage (473264K) : Extracting ntap1 device
2026-03-18 22:44:41 +0100: Memory Usage (473264K) : Extracting ptap1 device
2026-03-18 22:44:41 +0100: Memory Usage (473264K) : Starting SG13G2 LVS RF MOS Model Mapping
2026-03-18 22:44:41 +0100: Memory Usage (473648K) : [layout_netlist] Apply RF MOS model mapping and rfmode parameter.
2026-03-18 22:44:41 +0100: Memory Usage (473648K) : Starting SG13G2 LVS Options Preparations
2026-03-18 22:44:41 +0100: Memory Usage (473648K) : SG13G2 LVS flow: extraction -> alignment -> option preparation -> comparison.
2026-03-18 22:44:41 +0100: Memory Usage (473648K) : Starting SG13G2 LVS Alignment
2026-03-18 22:44:41 +0100: Memory Usage (473648K) : Starting SG13G2 LVS Simplification
2026-03-18 22:44:41 +0100: Memory Usage (473648K) : [layout_netlist] simplify: ENABLED
2026-03-18 22:44:41 +0100: Memory Usage (473648K) : [layout_netlist] make_top_level_pins: SKIPPED
2026-03-18 22:44:41 +0100: Memory Usage (473648K) : [layout_netlist] combine_devices: SKIPPED
2026-03-18 22:44:41 +0100: Memory Usage (473648K) : [layout_netlist] purge: SKIPPED
2026-03-18 22:44:41 +0100: Memory Usage (473648K) : [layout_netlist] purge_nets: SKIPPED
2026-03-18 22:44:41 +0100: Memory Usage (473648K) : [schematic_netlist] simplify: ENABLED
2026-03-18 22:44:41 +0100: Memory Usage (473648K) : [schematic_netlist] make_top_level_pins: SKIPPED
2026-03-18 22:44:41 +0100: Memory Usage (473648K) : [schematic_netlist] combine_devices: SKIPPED
2026-03-18 22:44:41 +0100: Memory Usage (473648K) : [schematic_netlist] purge: SKIPPED
2026-03-18 22:44:41 +0100: Memory Usage (473648K) : [schematic_netlist] purge_nets: SKIPPED
2026-03-18 22:44:41 +0100: Memory Usage (473648K) : Starting SG13G2 LVS Comparison in strict port mode.
2026-03-18 22:44:41 +0100: Memory Usage (473648K) : flag_missing_ports enabled: missing/mislabeled top-level ports are treated as errors.
2026-03-18 22:44:41 +0100: Memory Usage (473648K) : xxxxxxxxxxxxxxxxxxxxxxxxxxxxxxxxxxxxxxxxxx
2026-03-18 22:44:41 +0100: Memory Usage (473648K) : ERROR : Netlists don't match
2026-03-18 22:44:41 +0100: Memory Usage (473648K) : xxxxxxxxxxxxxxxxxxxxxxxxxxxxxxxxxxxxxxxxxx
2026-03-18 22:44:41 +0100: Memory Usage (473648K) : LVS Total Run time 1.000152 seconds
