# Logfile created on 2026-03-19 00:48:37 +0100 by logger.rb/v1.5.3
2026-03-19 00:48:37 +0100: Memory Usage (426276K) : Starting running IHP-SG13G2 KLayout DRC runset on /foss/designs/ttihp26a-adex-neuron-ncs/gds/neuron_noahp_BK.klay.gds
2026-03-19 00:48:37 +0100: Memory Usage (426276K) : Ruby Version for klayout: 3.2.3
2026-03-19 00:48:37 +0100: Memory Usage (427584K) : Loading database to memory is complete.
2026-03-19 00:48:37 +0100: Memory Usage (427584K) : IHP-SG13G2 KLayout DRC runset output at: /foss/designs/ttihp26a-adex-neuron-ncs/drc_run_neuron_noahp/neuron_noahp_BK.klay_neuron_noahp_main.lyrdb
2026-03-19 00:48:37 +0100: Memory Usage (427584K) : Evaluate switches.
2026-03-19 00:48:37 +0100: Memory Usage (427584K) : tables selected: main
2026-03-19 00:48:37 +0100: Memory Usage (427584K) : KLayout will use 1 thread(s) in tiling mode.
2026-03-19 00:48:37 +0100: Memory Usage (427584K) : deep mode is enabled.
2026-03-19 00:48:37 +0100: Memory Usage (427584K) : FEOL enabled: true
2026-03-19 00:48:37 +0100: Memory Usage (427712K) : BEOL enabled: true
2026-03-19 00:48:37 +0100: Memory Usage (427712K) : OFFGRID enabled: true
2026-03-19 00:48:37 +0100: Memory Usage (427712K) : PIN enabled: true
2026-03-19 00:48:37 +0100: Memory Usage (427712K) : FORBIDDEN enabled: true
2026-03-19 00:48:37 +0100: Memory Usage (427712K) : RECOMMENDED enabled: true
2026-03-19 00:48:37 +0100: Memory Usage (427712K) : PreCheck DRC enabled: false
2026-03-19 00:48:37 +0100: Memory Usage (427712K) : CONNECTIVITY_RULES enabled: true.
2026-03-19 00:48:37 +0100: Memory Usage (427712K) : Read in polygons from layers.
2026-03-19 00:48:37 +0100: Memory Usage (429100K) : activ_drw has 405 polygons
2026-03-19 00:48:37 +0100: Memory Usage (429100K) : activ_pin has 0 polygons
2026-03-19 00:48:37 +0100: Memory Usage (429100K) : activ_mask has 0 polygons
2026-03-19 00:48:37 +0100: Memory Usage (429100K) : activ_filler has 0 polygons
2026-03-19 00:48:37 +0100: Memory Usage (429100K) : activ_nofill has 0 polygons
2026-03-19 00:48:37 +0100: Memory Usage (429100K) : activ_opc has 0 polygons
2026-03-19 00:48:37 +0100: Memory Usage (429100K) : activ_iopc has 0 polygons
2026-03-19 00:48:37 +0100: Memory Usage (429100K) : activ_noqrc has 0 polygons
2026-03-19 00:48:37 +0100: Memory Usage (429100K) : biwind_drw has 0 polygons
2026-03-19 00:48:37 +0100: Memory Usage (429100K) : biwind_opc has 0 polygons
2026-03-19 00:48:37 +0100: Memory Usage (429100K) : pemwind_drw has 0 polygons
2026-03-19 00:48:37 +0100: Memory Usage (429100K) : gatpoly_drw has 372 polygons
2026-03-19 00:48:37 +0100: Memory Usage (429100K) : gatpoly_pin has 93 polygons
2026-03-19 00:48:37 +0100: Memory Usage (429100K) : gatpoly_filler has 0 polygons
2026-03-19 00:48:37 +0100: Memory Usage (429100K) : gatpoly_nofill has 0 polygons
2026-03-19 00:48:37 +0100: Memory Usage (429100K) : gatpoly_opc has 0 polygons
2026-03-19 00:48:37 +0100: Memory Usage (429100K) : gatpoly_iopc has 0 polygons
2026-03-19 00:48:37 +0100: Memory Usage (429100K) : gatpoly_noqrc has 0 polygons
2026-03-19 00:48:37 +0100: Memory Usage (429100K) : cont_drw has 2892 polygons
2026-03-19 00:48:37 +0100: Memory Usage (429356K) : cont_opc has 0 polygons
2026-03-19 00:48:37 +0100: Memory Usage (429356K) : nsd_drw has 0 polygons
2026-03-19 00:48:37 +0100: Memory Usage (429356K) : nsd_block has 0 polygons
2026-03-19 00:48:37 +0100: Memory Usage (429540K) : metal1_drw has 1036 polygons
2026-03-19 00:48:37 +0100: Memory Usage (429668K) : metal1_pin has 198 polygons
2026-03-19 00:48:37 +0100: Memory Usage (429668K) : metal1_mask has 0 polygons
2026-03-19 00:48:37 +0100: Memory Usage (429796K) : metal1_filler has 0 polygons
2026-03-19 00:48:37 +0100: Memory Usage (429796K) : metal1_nofill has 0 polygons
2026-03-19 00:48:37 +0100: Memory Usage (429924K) : metal1_slit has 0 polygons
2026-03-19 00:48:37 +0100: Memory Usage (430108K) : metal1_text has 0 polygons
2026-03-19 00:48:37 +0100: Memory Usage (430236K) : metal1_opc has 0 polygons
2026-03-19 00:48:37 +0100: Memory Usage (430236K) : metal1_noqrc has 0 polygons
2026-03-19 00:48:37 +0100: Memory Usage (430236K) : metal1_res has 0 polygons
2026-03-19 00:48:37 +0100: Memory Usage (430364K) : metal1_iprobe has 0 polygons
2026-03-19 00:48:37 +0100: Memory Usage (430364K) : metal1_diffprb has 0 polygons
2026-03-19 00:48:37 +0100: Memory Usage (430492K) : passiv_drw has 0 polygons
2026-03-19 00:48:37 +0100: Memory Usage (430492K) : passiv_pin has 0 polygons
2026-03-19 00:48:37 +0100: Memory Usage (430620K) : passiv_sbump has 0 polygons
2026-03-19 00:48:37 +0100: Memory Usage (430620K) : passiv_pillar has 0 polygons
2026-03-19 00:48:37 +0100: Memory Usage (430620K) : passiv_pdl has 0 polygons
2026-03-19 00:48:37 +0100: Memory Usage (430748K) : metal2_drw has 485 polygons
2026-03-19 00:48:37 +0100: Memory Usage (430748K) : metal2_pin has 0 polygons
2026-03-19 00:48:37 +0100: Memory Usage (430876K) : metal2_mask has 0 polygons
2026-03-19 00:48:37 +0100: Memory Usage (430876K) : metal2_filler has 0 polygons
2026-03-19 00:48:37 +0100: Memory Usage (431004K) : metal2_nofill has 0 polygons
2026-03-19 00:48:37 +0100: Memory Usage (431004K) : metal2_slit has 0 polygons
2026-03-19 00:48:37 +0100: Memory Usage (431132K) : metal2_text has 0 polygons
2026-03-19 00:48:37 +0100: Memory Usage (431132K) : metal2_opc has 0 polygons
2026-03-19 00:48:37 +0100: Memory Usage (431132K) : metal2_noqrc has 0 polygons
2026-03-19 00:48:37 +0100: Memory Usage (431260K) : metal2_res has 0 polygons
2026-03-19 00:48:37 +0100: Memory Usage (431388K) : metal2_iprobe has 0 polygons
2026-03-19 00:48:37 +0100: Memory Usage (431388K) : metal2_diffprb has 0 polygons
2026-03-19 00:48:37 +0100: Memory Usage (431516K) : baspoly_drw has 0 polygons
2026-03-19 00:48:37 +0100: Memory Usage (431516K) : baspoly_pin has 0 polygons
2026-03-19 00:48:37 +0100: Memory Usage (431516K) : psd_drw has 67 polygons
2026-03-19 00:48:37 +0100: Memory Usage (431644K) : nldb_drw has 0 polygons
2026-03-19 00:48:37 +0100: Memory Usage (431644K) : digibnd_drw has 0 polygons
2026-03-19 00:48:37 +0100: Memory Usage (431772K) : via1_drw has 563 polygons
2026-03-19 00:48:37 +0100: Memory Usage (431772K) : backmetal1_drw has 0 polygons
2026-03-19 00:48:37 +0100: Memory Usage (431900K) : backmetal1_pin has 0 polygons
2026-03-19 00:48:37 +0100: Memory Usage (431900K) : backmetal1_mask has 0 polygons
2026-03-19 00:48:37 +0100: Memory Usage (432028K) : backmetal1_filler has 0 polygons
2026-03-19 00:48:37 +0100: Memory Usage (432028K) : backmetal1_nofill has 0 polygons
2026-03-19 00:48:37 +0100: Memory Usage (432028K) : backmetal1_slit has 0 polygons
2026-03-19 00:48:37 +0100: Memory Usage (432156K) : backmetal1_text has 0 polygons
2026-03-19 00:48:37 +0100: Memory Usage (432156K) : backmetal1_opc has 0 polygons
2026-03-19 00:48:37 +0100: Memory Usage (432284K) : backmetal1_noqrc has 0 polygons
2026-03-19 00:48:37 +0100: Memory Usage (432284K) : backmetal1_res has 0 polygons
2026-03-19 00:48:37 +0100: Memory Usage (432412K) : backmetal1_iprobe has 0 polygons
2026-03-19 00:48:37 +0100: Memory Usage (432412K) : backmetal1_diffprb has 0 polygons
2026-03-19 00:48:37 +0100: Memory Usage (432412K) : backpassiv_drw has 0 polygons
2026-03-19 00:48:37 +0100: Memory Usage (432540K) : res_drw has 0 polygons
2026-03-19 00:48:37 +0100: Memory Usage (432540K) : sram_drw has 0 polygons
2026-03-19 00:48:37 +0100: Memory Usage (432668K) : trans_drw has 0 polygons
2026-03-19 00:48:37 +0100: Memory Usage (432668K) : ind_drw has 0 polygons
2026-03-19 00:48:37 +0100: Memory Usage (432796K) : ind_pin has 0 polygons
2026-03-19 00:48:37 +0100: Memory Usage (432796K) : ind_text has 0 polygons
2026-03-19 00:48:37 +0100: Memory Usage (432924K) : salblock_drw has 0 polygons
2026-03-19 00:48:37 +0100: Memory Usage (432924K) : via2_drw has 283 polygons
2026-03-19 00:48:37 +0100: Memory Usage (433052K) : metal3_drw has 167 polygons
2026-03-19 00:48:37 +0100: Memory Usage (433180K) : metal3_pin has 22 polygons
2026-03-19 00:48:37 +0100: Memory Usage (433180K) : metal3_mask has 0 polygons
2026-03-19 00:48:37 +0100: Memory Usage (433308K) : metal3_filler has 0 polygons
2026-03-19 00:48:37 +0100: Memory Usage (433308K) : metal3_nofill has 0 polygons
2026-03-19 00:48:37 +0100: Memory Usage (433308K) : metal3_slit has 0 polygons
2026-03-19 00:48:37 +0100: Memory Usage (433564K) : metal3_text has 23 polygons
2026-03-19 00:48:37 +0100: Memory Usage (433564K) : metal3_opc has 0 polygons
2026-03-19 00:48:37 +0100: Memory Usage (433692K) : metal3_noqrc has 0 polygons
2026-03-19 00:48:37 +0100: Memory Usage (433692K) : metal3_res has 0 polygons
2026-03-19 00:48:37 +0100: Memory Usage (433820K) : metal3_iprobe has 0 polygons
2026-03-19 00:48:37 +0100: Memory Usage (433820K) : metal3_diffprb has 0 polygons
2026-03-19 00:48:37 +0100: Memory Usage (433948K) : nwell_drw has 62 polygons
2026-03-19 00:48:37 +0100: Memory Usage (433948K) : nwell_pin has 5 polygons
2026-03-19 00:48:37 +0100: Memory Usage (434076K) : nbulay_drw has 26 polygons
2026-03-19 00:48:37 +0100: Memory Usage (434076K) : nbulay_pin has 0 polygons
2026-03-19 00:48:37 +0100: Memory Usage (434204K) : nbulay_block has 0 polygons
2026-03-19 00:48:37 +0100: Memory Usage (434204K) : emwind_drw has 0 polygons
2026-03-19 00:48:37 +0100: Memory Usage (434332K) : emwind_opc has 0 polygons
2026-03-19 00:48:37 +0100: Memory Usage (434460K) : deepco_drw has 0 polygons
2026-03-19 00:48:37 +0100: Memory Usage (434460K) : deepco_drw has 0 polygons
2026-03-19 00:48:37 +0100: Memory Usage (434460K) : mim_drw has 2 polygons
2026-03-19 00:48:37 +0100: Memory Usage (434588K) : edgeseal_drw has 0 polygons
2026-03-19 00:48:37 +0100: Memory Usage (434716K) : edgeseal_bound has 0 polygons
2026-03-19 00:48:37 +0100: Memory Usage (434716K) : substrate_drw has 67 polygons
2026-03-19 00:48:37 +0100: Memory Usage (434844K) : substrate_text has 0 polygons
2026-03-19 00:48:37 +0100: Memory Usage (434844K) : dfpad_drw has 0 polygons
2026-03-19 00:48:37 +0100: Memory Usage (434972K) : dfpad_pillar has 0 polygons
2026-03-19 00:48:37 +0100: Memory Usage (434972K) : dfpad_sbump has 0 polygons
2026-03-19 00:48:37 +0100: Memory Usage (434972K) : thickgateox_drw has 101 polygons
2026-03-19 00:48:37 +0100: Memory Usage (435100K) : pldb_drw has 0 polygons
2026-03-19 00:48:37 +0100: Memory Usage (435100K) : pwell_drw has 0 polygons
2026-03-19 00:48:37 +0100: Memory Usage (435228K) : pwell_pin has 0 polygons
2026-03-19 00:48:37 +0100: Memory Usage (435228K) : pwell_block has 0 polygons
2026-03-19 00:48:37 +0100: Memory Usage (435356K) : ic_drw has 0 polygons
2026-03-19 00:48:37 +0100: Memory Usage (435356K) : via3_drw has 108 polygons
2026-03-19 00:48:37 +0100: Memory Usage (435484K) : metal4_drw has 29 polygons
2026-03-19 00:48:37 +0100: Memory Usage (435484K) : metal4_pin has 2 polygons
2026-03-19 00:48:37 +0100: Memory Usage (435612K) : metal4_mask has 0 polygons
2026-03-19 00:48:37 +0100: Memory Usage (435612K) : metal4_filler has 0 polygons
2026-03-19 00:48:37 +0100: Memory Usage (435740K) : metal4_nofill has 0 polygons
2026-03-19 00:48:37 +0100: Memory Usage (435740K) : metal4_slit has 0 polygons
2026-03-19 00:48:37 +0100: Memory Usage (435740K) : metal4_text has 2 polygons
2026-03-19 00:48:38 +0100: Memory Usage (435868K) : metal4_opc has 0 polygons
2026-03-19 00:48:38 +0100: Memory Usage (435868K) : metal4_noqrc has 0 polygons
2026-03-19 00:48:38 +0100: Memory Usage (435996K) : metal4_res has 0 polygons
2026-03-19 00:48:38 +0100: Memory Usage (435996K) : metal4_iprobe has 0 polygons
2026-03-19 00:48:38 +0100: Memory Usage (436124K) : metal4_diffprb has 0 polygons
2026-03-19 00:48:38 +0100: Memory Usage (436252K) : heattrans_drw has 176 polygons
2026-03-19 00:48:38 +0100: Memory Usage (436252K) : heatres_drw has 0 polygons
2026-03-19 00:48:38 +0100: Memory Usage (436380K) : pempoly_drw has 0 polygons
2026-03-19 00:48:38 +0100: Memory Usage (436380K) : fbe_drw has 0 polygons
2026-03-19 00:48:38 +0100: Memory Usage (436380K) : empoly_drw has 0 polygons
2026-03-19 00:48:38 +0100: Memory Usage (436508K) : ldmos_drw has 0 polygons
2026-03-19 00:48:38 +0100: Memory Usage (436636K) : pbiwind_drw has 0 polygons
2026-03-19 00:48:38 +0100: Memory Usage (436636K) : digisub_drw has 0 polygons
2026-03-19 00:48:38 +0100: Memory Usage (436764K) : nodrc_drw has 0 polygons
2026-03-19 00:48:38 +0100: Memory Usage (436764K) : text_drw has 105 polygons
2026-03-19 00:48:38 +0100: Memory Usage (436764K) : via4_drw has 96 polygons
2026-03-19 00:48:38 +0100: Memory Usage (436892K) : metal5_drw has 42 polygons
2026-03-19 00:48:38 +0100: Memory Usage (436892K) : metal5_pin has 0 polygons
2026-03-19 00:48:38 +0100: Memory Usage (437020K) : metal5_mask has 0 polygons
2026-03-19 00:48:38 +0100: Memory Usage (437020K) : metal5_filler has 0 polygons
2026-03-19 00:48:38 +0100: Memory Usage (437148K) : metal5_nofill has 0 polygons
2026-03-19 00:48:38 +0100: Memory Usage (437148K) : metal5_slit has 0 polygons
2026-03-19 00:48:38 +0100: Memory Usage (437276K) : metal5_text has 0 polygons
2026-03-19 00:48:38 +0100: Memory Usage (437276K) : metal5_opc has 0 polygons
2026-03-19 00:48:38 +0100: Memory Usage (437276K) : metal5_noqrc has 0 polygons
2026-03-19 00:48:38 +0100: Memory Usage (437404K) : metal5_res has 0 polygons
2026-03-19 00:48:38 +0100: Memory Usage (437404K) : metal5_iprobe has 0 polygons
2026-03-19 00:48:38 +0100: Memory Usage (437532K) : metal5_diffprb has 0 polygons
2026-03-19 00:48:38 +0100: Memory Usage (437660K) : radhard_drw has 0 polygons
2026-03-19 00:48:38 +0100: Memory Usage (437660K) : memcap_drw has 0 polygons
2026-03-19 00:48:38 +0100: Memory Usage (437788K) : varicap_drw has 0 polygons
2026-03-19 00:48:38 +0100: Memory Usage (437788K) : flash_drw has 0 polygons
2026-03-19 00:48:38 +0100: Memory Usage (437916K) : intbondvia_drw has 0 polygons
2026-03-19 00:48:38 +0100: Memory Usage (437916K) : intbondmet_drw has 0 polygons
2026-03-19 00:48:38 +0100: Memory Usage (438044K) : devbondvia_drw has 0 polygons
2026-03-19 00:48:38 +0100: Memory Usage (438044K) : devbondmet_drw has 0 polygons
2026-03-19 00:48:38 +0100: Memory Usage (438172K) : devtrench_drw has 0 polygons
2026-03-19 00:48:38 +0100: Memory Usage (438172K) : redist_drw has 0 polygons
2026-03-19 00:48:38 +0100: Memory Usage (438172K) : graphbot_drw has 0 polygons
2026-03-19 00:48:38 +0100: Memory Usage (438300K) : graphtop_drw has 0 polygons
2026-03-19 00:48:38 +0100: Memory Usage (438300K) : antvia1_drw has 0 polygons
2026-03-19 00:48:38 +0100: Memory Usage (438428K) : antmetal2_drw has 0 polygons
2026-03-19 00:48:38 +0100: Memory Usage (438428K) : graphcont_drw has 0 polygons
2026-03-19 00:48:38 +0100: Memory Usage (438556K) : siwg_drw has 0 polygons
2026-03-19 00:48:38 +0100: Memory Usage (438556K) : siwg_filler has 0 polygons
2026-03-19 00:48:38 +0100: Memory Usage (438556K) : siwg_nofill has 0 polygons
2026-03-19 00:48:38 +0100: Memory Usage (438684K) : sigrating_drw has 0 polygons
2026-03-19 00:48:38 +0100: Memory Usage (438812K) : singrating_drw has 0 polygons
2026-03-19 00:48:38 +0100: Memory Usage (438812K) : graphpas_drw has 0 polygons
2026-03-19 00:48:38 +0100: Memory Usage (438940K) : emwind3_drw has 0 polygons
2026-03-19 00:48:38 +0100: Memory Usage (438940K) : emwihv3_drw has 0 polygons
2026-03-19 00:48:38 +0100: Memory Usage (438940K) : redbulay_drw has 0 polygons
2026-03-19 00:48:38 +0100: Memory Usage (439068K) : smos_drw has 0 polygons
2026-03-19 00:48:38 +0100: Memory Usage (439068K) : graphpad_drw has 0 polygons
2026-03-19 00:48:38 +0100: Memory Usage (439196K) : polimide_drw has 0 polygons
2026-03-19 00:48:38 +0100: Memory Usage (439196K) : polimide_pin has 0 polygons
2026-03-19 00:48:38 +0100: Memory Usage (439324K) : recog_drw has 0 polygons
2026-03-19 00:48:38 +0100: Memory Usage (439324K) : recog_pin has 0 polygons
2026-03-19 00:48:38 +0100: Memory Usage (439452K) : recog_esd has 0 polygons
2026-03-19 00:48:38 +0100: Memory Usage (439452K) : recog_diode has 0 polygons
2026-03-19 00:48:38 +0100: Memory Usage (439580K) : recog_tsv has 0 polygons
2026-03-19 00:48:38 +0100: Memory Usage (439580K) : recog_iprobe has 0 polygons
2026-03-19 00:48:38 +0100: Memory Usage (439708K) : recog_diffprb has 0 polygons
2026-03-19 00:48:38 +0100: Memory Usage (439708K) : recog_pillar has 0 polygons
2026-03-19 00:48:38 +0100: Memory Usage (439836K) : recog_sbump has 0 polygons
2026-03-19 00:48:38 +0100: Memory Usage (439836K) : recog_otp has 0 polygons
2026-03-19 00:48:38 +0100: Memory Usage (439964K) : recog_pdiode has 0 polygons
2026-03-19 00:48:38 +0100: Memory Usage (439964K) : recog_mom has 0 polygons
2026-03-19 00:48:38 +0100: Memory Usage (439964K) : recog_pcm has 0 polygons
2026-03-19 00:48:38 +0100: Memory Usage (439964K) : colopen_drw has 0 polygons
2026-03-19 00:48:38 +0100: Memory Usage (440092K) : graphmetal1_drw has 0 polygons
2026-03-19 00:48:38 +0100: Memory Usage (440092K) : graphmetal1_filler has 0 polygons
2026-03-19 00:48:38 +0100: Memory Usage (440092K) : graphmetal1_nofill has 0 polygons
2026-03-19 00:48:38 +0100: Memory Usage (440220K) : graphmetal1_slit has 0 polygons
2026-03-19 00:48:38 +0100: Memory Usage (440220K) : graphmetal1_opc has 0 polygons
2026-03-19 00:48:38 +0100: Memory Usage (440220K) : graphmet1l_drw has 0 polygons
2026-03-19 00:48:38 +0100: Memory Usage (440348K) : graphmet1l_filler has 0 polygons
2026-03-19 00:48:38 +0100: Memory Usage (440348K) : graphmet1l_nofill has 0 polygons
2026-03-19 00:48:38 +0100: Memory Usage (440348K) : graphmet1l_slit has 0 polygons
2026-03-19 00:48:38 +0100: Memory Usage (440348K) : graphmet1l_opc has 0 polygons
2026-03-19 00:48:38 +0100: Memory Usage (440476K) : extblock_drw has 0 polygons
2026-03-19 00:48:38 +0100: Memory Usage (440476K) : nldd_drw has 0 polygons
2026-03-19 00:48:38 +0100: Memory Usage (440476K) : pldd_drw has 0 polygons
2026-03-19 00:48:38 +0100: Memory Usage (440604K) : next_drw has 0 polygons
2026-03-19 00:48:38 +0100: Memory Usage (440604K) : pext_drw has 0 polygons
2026-03-19 00:48:38 +0100: Memory Usage (440732K) : nexthv_drw has 0 polygons
2026-03-19 00:48:38 +0100: Memory Usage (440732K) : pexthv_drw has 0 polygons
2026-03-19 00:48:38 +0100: Memory Usage (440732K) : graphgate_drw has 0 polygons
2026-03-19 00:48:38 +0100: Memory Usage (440860K) : sinwg_drw has 0 polygons
2026-03-19 00:48:38 +0100: Memory Usage (440860K) : sinwg_filler has 0 polygons
2026-03-19 00:48:38 +0100: Memory Usage (440988K) : sinwg_nofill has 0 polygons
2026-03-19 00:48:38 +0100: Memory Usage (440988K) : mempad_drw has 0 polygons
2026-03-19 00:48:38 +0100: Memory Usage (440988K) : topvia1_drw has 48 polygons
2026-03-19 00:48:38 +0100: Memory Usage (441116K) : topmetal1_drw has 33 polygons
2026-03-19 00:48:38 +0100: Memory Usage (441116K) : topmetal1_pin has 0 polygons
2026-03-19 00:48:38 +0100: Memory Usage (441244K) : topmetal1_mask has 0 polygons
2026-03-19 00:48:38 +0100: Memory Usage (441244K) : topmetal1_filler has 0 polygons
2026-03-19 00:48:38 +0100: Memory Usage (441372K) : topmetal1_nofill has 0 polygons
2026-03-19 00:48:38 +0100: Memory Usage (441372K) : topmetal1_slit has 0 polygons
2026-03-19 00:48:38 +0100: Memory Usage (441372K) : topmetal1_text has 0 polygons
2026-03-19 00:48:38 +0100: Memory Usage (441372K) : topmetal1_noqrc has 0 polygons
2026-03-19 00:48:38 +0100: Memory Usage (441500K) : topmetal1_res has 0 polygons
2026-03-19 00:48:38 +0100: Memory Usage (441500K) : topmetal1_iprobe has 0 polygons
2026-03-19 00:48:38 +0100: Memory Usage (441500K) : topmetal1_diffprb has 0 polygons
2026-03-19 00:48:38 +0100: Memory Usage (441500K) : inldpwl_drw has 0 polygons
2026-03-19 00:48:38 +0100: Memory Usage (441628K) : polyres_drw has 0 polygons
2026-03-19 00:48:38 +0100: Memory Usage (441628K) : polyres_pin has 0 polygons
2026-03-19 00:48:38 +0100: Memory Usage (441756K) : vmim_drw has 624 polygons
2026-03-19 00:48:38 +0100: Memory Usage (441756K) : nbulaycut_drw has 0 polygons
2026-03-19 00:48:38 +0100: Memory Usage (441756K) : antmetal1_drw has 0 polygons
2026-03-19 00:48:38 +0100: Memory Usage (441884K) : topvia2_drw has 0 polygons
2026-03-19 00:48:38 +0100: Memory Usage (441884K) : topmetal2_drw has 0 polygons
2026-03-19 00:48:38 +0100: Memory Usage (442012K) : topmetal2_pin has 0 polygons
2026-03-19 00:48:38 +0100: Memory Usage (442012K) : topmetal2_mask has 0 polygons
2026-03-19 00:48:38 +0100: Memory Usage (442140K) : topmetal2_filler has 0 polygons
2026-03-19 00:48:38 +0100: Memory Usage (442140K) : topmetal2_nofill has 0 polygons
2026-03-19 00:48:38 +0100: Memory Usage (442140K) : topmetal2_slit has 0 polygons
2026-03-19 00:48:38 +0100: Memory Usage (442268K) : topmetal2_text has 0 polygons
2026-03-19 00:48:38 +0100: Memory Usage (442268K) : topmetal2_noqrc has 0 polygons
2026-03-19 00:48:38 +0100: Memory Usage (442396K) : topmetal2_res has 0 polygons
2026-03-19 00:48:38 +0100: Memory Usage (442396K) : topmetal2_iprobe has 0 polygons
2026-03-19 00:48:38 +0100: Memory Usage (442396K) : topmetal2_diffprb has 0 polygons
2026-03-19 00:48:38 +0100: Memory Usage (442524K) : snsring_drw has 0 polygons
2026-03-19 00:48:38 +0100: Memory Usage (442524K) : sensor_drw has 0 polygons
2026-03-19 00:48:38 +0100: Memory Usage (442652K) : snsarms_drw has 0 polygons
2026-03-19 00:48:38 +0100: Memory Usage (442652K) : snscmosvia_drw has 0 polygons
2026-03-19 00:48:38 +0100: Memory Usage (442780K) : colwind_drw has 0 polygons
2026-03-19 00:48:38 +0100: Memory Usage (442780K) : flm_drw has 0 polygons
2026-03-19 00:48:38 +0100: Memory Usage (442780K) : hafniumox_drw has 0 polygons
2026-03-19 00:48:38 +0100: Memory Usage (442908K) : memvia_drw has 0 polygons
2026-03-19 00:48:38 +0100: Memory Usage (442908K) : thinfilmres_drw has 0 polygons
2026-03-19 00:48:38 +0100: Memory Usage (443036K) : rfmem_drw has 0 polygons
2026-03-19 00:48:38 +0100: Memory Usage (443036K) : norcx_drw has 0 polygons
2026-03-19 00:48:38 +0100: Memory Usage (443036K) : norcx_m2m3 has 0 polygons
2026-03-19 00:48:38 +0100: Memory Usage (443164K) : norcx_m2m4 has 0 polygons
2026-03-19 00:48:38 +0100: Memory Usage (443164K) : norcx_m2m5 has 0 polygons
2026-03-19 00:48:38 +0100: Memory Usage (443292K) : norcx_m2tm1 has 0 polygons
2026-03-19 00:48:38 +0100: Memory Usage (443292K) : norcx_m2tm2 has 0 polygons
2026-03-19 00:48:38 +0100: Memory Usage (443420K) : norcx_m3m4 has 0 polygons
2026-03-19 00:48:38 +0100: Memory Usage (443420K) : norcx_m3m5 has 0 polygons
2026-03-19 00:48:38 +0100: Memory Usage (443548K) : norcx_m3tm1 has 0 polygons
2026-03-19 00:48:38 +0100: Memory Usage (443548K) : norcx_m3tm2 has 0 polygons
2026-03-19 00:48:38 +0100: Memory Usage (443548K) : norcx_m4m5 has 0 polygons
2026-03-19 00:48:38 +0100: Memory Usage (443676K) : norcx_m4tm1 has 0 polygons
2026-03-19 00:48:38 +0100: Memory Usage (443676K) : norcx_m4tm2 has 0 polygons
2026-03-19 00:48:38 +0100: Memory Usage (443676K) : norcx_m5tm1 has 0 polygons
2026-03-19 00:48:38 +0100: Memory Usage (443676K) : norcx_m5tm2 has 0 polygons
2026-03-19 00:48:38 +0100: Memory Usage (443676K) : norcx_tm1tm2 has 0 polygons
2026-03-19 00:48:38 +0100: Memory Usage (443804K) : norcx_m1sub has 0 polygons
2026-03-19 00:48:38 +0100: Memory Usage (443804K) : norcx_m2sub has 0 polygons
2026-03-19 00:48:38 +0100: Memory Usage (443804K) : norcx_m3sub has 0 polygons
2026-03-19 00:48:38 +0100: Memory Usage (443804K) : norcx_m4sub has 0 polygons
2026-03-19 00:48:38 +0100: Memory Usage (443932K) : norcx_m5sub has 0 polygons
2026-03-19 00:48:38 +0100: Memory Usage (443932K) : norcx_tm1sub has 0 polygons
2026-03-19 00:48:38 +0100: Memory Usage (443932K) : norcx_tm2sub has 0 polygons
2026-03-19 00:48:38 +0100: Memory Usage (444060K) : snsbotvia_drw has 0 polygons
2026-03-19 00:48:38 +0100: Memory Usage (444060K) : snstopvia_drw has 0 polygons
2026-03-19 00:48:38 +0100: Memory Usage (444060K) : deepvia_drw has 0 polygons
2026-03-19 00:48:38 +0100: Memory Usage (444188K) : fgetch_drw has 0 polygons
2026-03-19 00:48:38 +0100: Memory Usage (444188K) : ctrgat_drw has 0 polygons
2026-03-19 00:48:38 +0100: Memory Usage (444188K) : fgimp_drw has 0 polygons
2026-03-19 00:48:38 +0100: Memory Usage (444188K) : emwihv_drw has 0 polygons
2026-03-19 00:48:38 +0100: Memory Usage (444316K) : lbe_drw has 0 polygons
2026-03-19 00:48:38 +0100: Memory Usage (444316K) : alcustop_drw has 0 polygons
2026-03-19 00:48:38 +0100: Memory Usage (444316K) : nometfiller_drw has 0 polygons
2026-03-19 00:48:38 +0100: Memory Usage (444444K) : prboundary_drw has 0 polygons
2026-03-19 00:48:38 +0100: Memory Usage (444444K) : exchange0_drw has 0 polygons
2026-03-19 00:48:38 +0100: Memory Usage (444444K) : exchange0_pin has 0 polygons
2026-03-19 00:48:38 +0100: Memory Usage (444572K) : exchange0_text has 0 polygons
2026-03-19 00:48:38 +0100: Memory Usage (444572K) : exchange1_drw has 0 polygons
2026-03-19 00:48:38 +0100: Memory Usage (444572K) : exchange1_pin has 0 polygons
2026-03-19 00:48:38 +0100: Memory Usage (444572K) : exchange1_text has 0 polygons
2026-03-19 00:48:38 +0100: Memory Usage (444700K) : exchange2_drw has 0 polygons
2026-03-19 00:48:38 +0100: Memory Usage (444700K) : exchange2_pin has 0 polygons
2026-03-19 00:48:38 +0100: Memory Usage (444700K) : exchange2_text has 0 polygons
2026-03-19 00:48:38 +0100: Memory Usage (444828K) : exchange3_drw has 0 polygons
2026-03-19 00:48:38 +0100: Memory Usage (444828K) : exchange3_pin has 0 polygons
2026-03-19 00:48:38 +0100: Memory Usage (444828K) : exchange3_text has 0 polygons
2026-03-19 00:48:38 +0100: Memory Usage (444956K) : exchange4_drw has 0 polygons
2026-03-19 00:48:38 +0100: Memory Usage (444956K) : exchange4_pin has 0 polygons
2026-03-19 00:48:38 +0100: Memory Usage (444956K) : exchange4_text has 0 polygons
2026-03-19 00:48:38 +0100: Memory Usage (445084K) : isonwell_drw has 0 polygons
2026-03-19 00:48:38 +0100: Memory Usage (445084K) : Total no. of polygons in the design is 8134
2026-03-19 00:48:38 +0100: Memory Usage (445084K) : Loaded TECH DRC rules values from /foss/pdks/ihp-sg13g2/libs.tech/klayout/python/sg13g2_pycell_lib/sg13g2_tech_mod.json
2026-03-19 00:48:38 +0100: Memory Usage (445084K) : Loaded default DRC rules values from /foss/pdks/ihp-sg13g2/libs.tech/klayout/tech/drc/rule_decks/sg13g2_tech_default.json
2026-03-19 00:48:38 +0100: Memory Usage (445084K) : The following rules values were missing in tech json and default values were used:
2026-03-19 00:48:38 +0100: Memory Usage (445084K) :   - Cnt_c_digibnd
2026-03-19 00:48:38 +0100: Memory Usage (445852K) : Total area of the design is 1686.7893 um^2.
2026-03-19 00:48:38 +0100: Memory Usage (445852K) : The design dimensions are 76.62 µm * 22.015 µm.
2026-03-19 00:48:38 +0100: Memory Usage (445852K) : Starting general IHP-SG13G2 derivations.
2026-03-19 00:48:38 +0100: Memory Usage (445852K) : Starting Pwell derivations
2026-03-19 00:48:38 +0100: Memory Usage (448228K) : Starting n-Activ derivations
2026-03-19 00:48:38 +0100: Memory Usage (448672K) : Starting p-Activ derivations
2026-03-19 00:48:38 +0100: Memory Usage (448800K) : Starting ptap derivations
2026-03-19 00:48:38 +0100: Memory Usage (448800K) : Starting ntap derivations
2026-03-19 00:48:38 +0100: Memory Usage (448928K) : Starting pact FET derivations
2026-03-19 00:48:38 +0100: Memory Usage (448928K) : Starting nact FET derivations
2026-03-19 00:48:38 +0100: Memory Usage (448928K) : Starting Gate derivations
2026-03-19 00:48:38 +0100: Memory Usage (449056K) : Starting cont/contbar general derivations
2026-03-19 00:48:38 +0100: Memory Usage (449824K) : Starting pad general derivations
2026-03-19 00:48:38 +0100: Memory Usage (449824K) : Starting IHP-SG13G2 DRC connectivity related derivations.
2026-03-19 00:48:38 +0100: Memory Usage (450848K) : Starting IHP-SG13G2 DRC connectivity setup
2026-03-19 00:48:38 +0100: Memory Usage (452000K) : Starting IHP-SG13G2 DRC rules.
2026-03-19 00:48:38 +0100: Memory Usage (452000K) : Running all FEOL rules
2026-03-19 00:48:38 +0100: Memory Usage (452000K) : Running all BEOL rules
2026-03-19 00:48:38 +0100: Memory Usage (452000K) : Running all PIN rules
2026-03-19 00:48:38 +0100: Memory Usage (452000K) : Running all FORBIDDEN rules
2026-03-19 00:48:38 +0100: Memory Usage (452000K) : Starting 5.1 NWell table
2026-03-19 00:48:38 +0100: Memory Usage (452000K) : Executing rule NW.b
2026-03-19 00:48:38 +0100: Memory Usage (452540K) : Executing rule NW.b1
2026-03-19 00:48:38 +0100: Memory Usage (453056K) : Starting 5.2 PWell:block
2026-03-19 00:48:38 +0100: Memory Usage (453056K) : Executing rule PWB.e
2026-03-19 00:48:38 +0100: Memory Usage (453184K) : Executing rule PWB.e1
2026-03-19 00:48:38 +0100: Memory Usage (453312K) : Executing rule PWB.f
2026-03-19 00:48:38 +0100: Memory Usage (453440K) : Executing rule PWB.f1
2026-03-19 00:48:38 +0100: Memory Usage (453952K) : Starting 5.3 nBuLay table
2026-03-19 00:48:38 +0100: Memory Usage (454208K) : Executing rule NBL.b
2026-03-19 00:48:38 +0100: Memory Usage (454208K) : Executing rule NBL.c
2026-03-19 00:48:38 +0100: Memory Usage (454208K) : Executing rule NBL.d
2026-03-19 00:48:38 +0100: Memory Usage (454208K) : Executing rule NBL.e
2026-03-19 00:48:38 +0100: Memory Usage (454208K) : Executing rule NBL.f
2026-03-19 00:48:38 +0100: Memory Usage (454208K) : Starting 5.5. Activ table
2026-03-19 00:48:38 +0100: Memory Usage (454208K) : Executing rule Act.a
2026-03-19 00:48:38 +0100: Memory Usage (454208K) : Executing rule Act.b
2026-03-19 00:48:38 +0100: Memory Usage (454208K) : Starting 5.6 Activ:filler table
2026-03-19 00:48:38 +0100: Memory Usage (454208K) : Executing rule AFil.c1
2026-03-19 00:48:38 +0100: Memory Usage (454208K) : Executing rule AFil.c
2026-03-19 00:48:38 +0100: Memory Usage (454208K) : Executing rule AFil.d
2026-03-19 00:48:38 +0100: Memory Usage (454208K) : Executing rule AFil.e
2026-03-19 00:48:38 +0100: Memory Usage (454208K) : Executing rule AFil.j
2026-03-19 00:48:38 +0100: Memory Usage (454208K) : Starting 5.7. ThickGateOx table
2026-03-19 00:48:38 +0100: Memory Usage (454208K) : Executing rule TGO.f
2026-03-19 00:48:38 +0100: Memory Usage (454208K) : Starting 5.8. GatPoly table
2026-03-19 00:48:38 +0100: Memory Usage (454208K) : Executing rule Gat.a
2026-03-19 00:48:38 +0100: Memory Usage (454208K) : Executing rule Gat.b
2026-03-19 00:48:38 +0100: Memory Usage (454208K) : Executing rule Gat.d
2026-03-19 00:48:38 +0100: Memory Usage (454208K) : Executing rule Gat.a1
2026-03-19 00:48:38 +0100: Memory Usage (454396K) : Executing rule Gat.a2
2026-03-19 00:48:38 +0100: Memory Usage (454396K) : Executing rule Gat.g
2026-03-19 00:48:38 +0100: Memory Usage (454396K) : Starting 5.9 GatPoly:filler
2026-03-19 00:48:38 +0100: Memory Usage (454396K) : Executing rule GFil.d
2026-03-19 00:48:38 +0100: Memory Usage (454396K) : Executing rule GFil.e
2026-03-19 00:48:38 +0100: Memory Usage (454396K) : Executing rule GFil.i
2026-03-19 00:48:38 +0100: Memory Usage (454396K) : Starting 5.10 pSD table
2026-03-19 00:48:38 +0100: Memory Usage (454396K) : Executing rule pSD.c1
2026-03-19 00:48:38 +0100: Memory Usage (454396K) : Starting 5.14. Cont table
2026-03-19 00:48:38 +0100: Memory Usage (454396K) : Executing rule Cnt.a
2026-03-19 00:48:38 +0100: Memory Usage (454396K) : Executing rule Cnt.b
2026-03-19 00:48:38 +0100: Memory Usage (454396K) : Executing rule Cnt.c
2026-03-19 00:48:38 +0100: Memory Usage (454396K) : Executing rule Cnt.c
2026-03-19 00:48:38 +0100: Memory Usage (454396K) : Executing rule Cnt.d
2026-03-19 00:48:38 +0100: Memory Usage (454396K) : Executing rule Cnt.e
2026-03-19 00:48:38 +0100: Memory Usage (454396K) : Executing rule Cnt.g1
2026-03-19 00:48:38 +0100: Memory Usage (454396K) : Executing rule Cnt.g2
2026-03-19 00:48:38 +0100: Memory Usage (454396K) : Starting 5.15. ContBar table
2026-03-19 00:48:38 +0100: Memory Usage (454396K) : Executing rule CntB.b1
2026-03-19 00:48:38 +0100: Memory Usage (454396K) : Executing rule CntB.h1
2026-03-19 00:48:38 +0100: Memory Usage (454396K) : Starting 6.1.3 NPN Substrate-Tie table
2026-03-19 00:48:38 +0100: Memory Usage (454396K) : Executing rule npn13G2.bR 
2026-03-19 00:48:38 +0100: Memory Usage (454396K) : Executing rule npn13G2L.cR 
2026-03-19 00:48:38 +0100: Memory Usage (454396K) : Executing rule npn13G2V.cR 
2026-03-19 00:48:38 +0100: Memory Usage (454396K) : Starting 6.7 Schottky diode table
2026-03-19 00:48:38 +0100: Memory Usage (454396K) : Executing rule Sdiod.d
2026-03-19 00:48:38 +0100: Memory Usage (454396K) : Executing rule Sdiod.e
2026-03-19 00:48:38 +0100: Memory Usage (454396K) : Starting 7.2 Latch-up table
2026-03-19 00:48:38 +0100: Memory Usage (454396K) : Executing rule LU.b
2026-03-19 00:48:38 +0100: Memory Usage (454396K) : Starting 5.16. Metal1 table
2026-03-19 00:48:38 +0100: Memory Usage (454396K) : Executing rule M1.a
2026-03-19 00:48:38 +0100: Memory Usage (454396K) : Executing rule M1.b
2026-03-19 00:48:38 +0100: Memory Usage (454652K) : Executing rule M1.e
2026-03-19 00:48:38 +0100: Memory Usage (454652K) : Executing rule M1.f
2026-03-19 00:48:38 +0100: Memory Usage (454652K) : Executing rule M1.g
2026-03-19 00:48:38 +0100: Memory Usage (454652K) : Executing rule M1.i
2026-03-19 00:48:38 +0100: Memory Usage (454652K) : Starting 5.17 Metaln table
2026-03-19 00:48:38 +0100: Memory Usage (454652K) : Executing rule M2.a
2026-03-19 00:48:38 +0100: Memory Usage (454652K) : Executing rule M2.b
2026-03-19 00:48:38 +0100: Memory Usage (454652K) : Executing rule M2.e
2026-03-19 00:48:38 +0100: Memory Usage (454652K) : Executing rule M2.f
2026-03-19 00:48:38 +0100: Memory Usage (454652K) : Executing rule M2.g
2026-03-19 00:48:38 +0100: Memory Usage (454652K) : Executing rule M2.i
2026-03-19 00:48:38 +0100: Memory Usage (454652K) : Executing rule M3.a
2026-03-19 00:48:38 +0100: Memory Usage (454652K) : Executing rule M3.b
2026-03-19 00:48:38 +0100: Memory Usage (454652K) : Executing rule M3.e
2026-03-19 00:48:38 +0100: Memory Usage (454652K) : Executing rule M3.f
2026-03-19 00:48:38 +0100: Memory Usage (454652K) : Executing rule M3.g
2026-03-19 00:48:38 +0100: Memory Usage (454652K) : Executing rule M3.i
2026-03-19 00:48:38 +0100: Memory Usage (454652K) : Executing rule M4.a
2026-03-19 00:48:38 +0100: Memory Usage (454652K) : Executing rule M4.b
2026-03-19 00:48:38 +0100: Memory Usage (454652K) : Executing rule M4.e
2026-03-19 00:48:38 +0100: Memory Usage (454652K) : Executing rule M4.f
2026-03-19 00:48:38 +0100: Memory Usage (454652K) : Executing rule M4.g
2026-03-19 00:48:38 +0100: Memory Usage (454652K) : Executing rule M4.i
2026-03-19 00:48:38 +0100: Memory Usage (454652K) : Executing rule M5.a
2026-03-19 00:48:38 +0100: Memory Usage (454652K) : Executing rule M5.b
2026-03-19 00:48:38 +0100: Memory Usage (454652K) : Executing rule M5.e
2026-03-19 00:48:38 +0100: Memory Usage (454652K) : Executing rule M5.f
2026-03-19 00:48:38 +0100: Memory Usage (454652K) : Executing rule M5.g
2026-03-19 00:48:38 +0100: Memory Usage (454652K) : Executing rule M5.i
2026-03-19 00:48:38 +0100: Memory Usage (454652K) : Starting 5.18 Metaln:filler table
2026-03-19 00:48:38 +0100: Memory Usage (454652K) : Executing rule M1Fil.c
2026-03-19 00:48:38 +0100: Memory Usage (454652K) : Executing rule M1Fil.a2
2026-03-19 00:48:38 +0100: Memory Usage (454652K) : Executing rule M2Fil.c
2026-03-19 00:48:38 +0100: Memory Usage (454652K) : Executing rule M2Fil.a2
2026-03-19 00:48:38 +0100: Memory Usage (454652K) : Executing rule M3Fil.c
2026-03-19 00:48:38 +0100: Memory Usage (454652K) : Executing rule M3Fil.a2
2026-03-19 00:48:38 +0100: Memory Usage (454652K) : Executing rule M4Fil.c
2026-03-19 00:48:38 +0100: Memory Usage (454652K) : Executing rule M4Fil.a2
2026-03-19 00:48:38 +0100: Memory Usage (454652K) : Executing rule M5Fil.c
2026-03-19 00:48:38 +0100: Memory Usage (454652K) : Executing rule M5Fil.a2
2026-03-19 00:48:38 +0100: Memory Usage (454652K) : Starting 5.19. Via1 table
2026-03-19 00:48:38 +0100: Memory Usage (454652K) : Starting 5.19. Via1 table derivations
2026-03-19 00:48:38 +0100: Memory Usage (454652K) : Executing rule V1.a
2026-03-19 00:48:38 +0100: Memory Usage (454652K) : Executing rule V1.b
2026-03-19 00:48:38 +0100: Memory Usage (454652K) : Executing rule V1.c
2026-03-19 00:48:38 +0100: Memory Usage (454652K) : Starting 5.20. Vian table
2026-03-19 00:48:38 +0100: Memory Usage (454652K) : Executing rule V2.a
2026-03-19 00:48:38 +0100: Memory Usage (454652K) : Executing rule V2.b
2026-03-19 00:48:38 +0100: Memory Usage (454652K) : Executing rule V2.c
2026-03-19 00:48:38 +0100: Memory Usage (454652K) : Executing rule V3.a
2026-03-19 00:48:38 +0100: Memory Usage (454652K) : Executing rule V3.b
2026-03-19 00:48:38 +0100: Memory Usage (454652K) : Executing rule V3.c
2026-03-19 00:48:38 +0100: Memory Usage (454652K) : Executing rule V4.a
2026-03-19 00:48:38 +0100: Memory Usage (454652K) : Executing rule V4.b
2026-03-19 00:48:38 +0100: Memory Usage (454652K) : Executing rule V4.c
2026-03-19 00:48:38 +0100: Memory Usage (454652K) : Starting 5.21. TopVia1 table
2026-03-19 00:48:38 +0100: Memory Usage (454652K) : Executing rule TV1.a
2026-03-19 00:48:38 +0100: Memory Usage (454652K) : Executing rule TV1.b
2026-03-19 00:48:38 +0100: Memory Usage (454652K) : Executing rule TV1.c
2026-03-19 00:48:38 +0100: Memory Usage (454652K) : Executing rule TV1.d
2026-03-19 00:48:38 +0100: Memory Usage (454652K) : Starting 5.22. TopMetal1 table
2026-03-19 00:48:38 +0100: Memory Usage (454652K) : Executing rule TM1.a
2026-03-19 00:48:38 +0100: Memory Usage (454652K) : Executing rule TM1.b
2026-03-19 00:48:38 +0100: Memory Usage (454652K) : Starting 5.23 TopMetal1:filler table
2026-03-19 00:48:38 +0100: Memory Usage (454652K) : Executing rule TM1Fil.c
2026-03-19 00:48:38 +0100: Memory Usage (454652K) : Executing rule TM1Fil.a1
2026-03-19 00:48:38 +0100: Memory Usage (454652K) : Starting 5.24. TopVia2 table
2026-03-19 00:48:38 +0100: Memory Usage (454652K) : Executing rule TV2.a
2026-03-19 00:48:38 +0100: Memory Usage (454652K) : Executing rule TV2.b
2026-03-19 00:48:38 +0100: Memory Usage (454652K) : Executing rule TV2.c
2026-03-19 00:48:38 +0100: Memory Usage (454652K) : Executing rule TV2.d
2026-03-19 00:48:38 +0100: Memory Usage (454652K) : Starting 5.25. TopMetal2 table
2026-03-19 00:48:38 +0100: Memory Usage (454652K) : Executing rule TM2.a
2026-03-19 00:48:38 +0100: Memory Usage (454652K) : Executing rule TM2.b
2026-03-19 00:48:38 +0100: Memory Usage (454652K) : Executing rule TM2.bR
2026-03-19 00:48:38 +0100: Memory Usage (454652K) : Starting 5.26 TopMetal2:filler table
2026-03-19 00:48:38 +0100: Memory Usage (454652K) : Executing rule TM2Fil.c
2026-03-19 00:48:38 +0100: Memory Usage (454652K) : Executing rule TM2Fil.a1
2026-03-19 00:48:38 +0100: Memory Usage (454652K) : Starting 5.27. Passiv table
2026-03-19 00:48:38 +0100: Memory Usage (454652K) : Executing rule Pas.a
2026-03-19 00:48:38 +0100: Memory Usage (454652K) : Executing rule Pas.b
2026-03-19 00:48:38 +0100: Memory Usage (454652K) : Executing rule Pas.c
2026-03-19 00:48:38 +0100: Memory Usage (454652K) : Starting 6.9.2 Copper Pillar table
2026-03-19 00:48:38 +0100: Memory Usage (454652K) : Executing rule Padc.a
2026-03-19 00:48:38 +0100: Memory Usage (454652K) : Executing rule Padc.b
2026-03-19 00:48:38 +0100: Memory Usage (454652K) : Executing rule Padc.c
2026-03-19 00:48:38 +0100: Memory Usage (454652K) : Executing rule Padb.f
2026-03-19 00:48:38 +0100: Memory Usage (454652K) : Starting 6.9 Pad table
2026-03-19 00:48:38 +0100: Memory Usage (454652K) : Executing rule Pad.m
2026-03-19 00:48:38 +0100: Memory Usage (454652K) : Executing rule Pad.fR_M1
2026-03-19 00:48:38 +0100: Memory Usage (454652K) : Executing rule Pad.fR_M2
2026-03-19 00:48:38 +0100: Memory Usage (454652K) : Executing rule Pad.fR_M3
2026-03-19 00:48:38 +0100: Memory Usage (454652K) : Executing rule Pad.fR_M4
2026-03-19 00:48:38 +0100: Memory Usage (454652K) : Executing rule Pad.fR_M5
2026-03-19 00:48:38 +0100: Memory Usage (454652K) : Executing rule Pad.fR_TM1
2026-03-19 00:48:38 +0100: Memory Usage (454652K) : Executing rule Pad.fR_TM2
2026-03-19 00:48:38 +0100: Memory Usage (454652K) : Executing rule Pad.i
2026-03-19 00:48:38 +0100: Memory Usage (454652K) : Starting 6.9.1 Solder Bump
2026-03-19 00:48:38 +0100: Memory Usage (454652K) : Executing rule Padb.a
2026-03-19 00:48:38 +0100: Memory Usage (454652K) : Executing rule Padb.b
2026-03-19 00:48:38 +0100: Memory Usage (454652K) : Executing rule Padb.c
2026-03-19 00:48:38 +0100: Memory Usage (454652K) : Executing rule Padb.f
2026-03-19 00:48:38 +0100: Memory Usage (454652K) : Executing rule Padb.d
2026-03-19 00:48:38 +0100: Memory Usage (454652K) : Starting 6.10 Sealring table
2026-03-19 00:48:38 +0100: Memory Usage (454652K) : Executing rule Seal.l
2026-03-19 00:48:38 +0100: Memory Usage (454652K) : Executing rule Seal.n
2026-03-19 00:48:38 +0100: Memory Usage (454652K) : Executing rule seal.b_metal1
2026-03-19 00:48:38 +0100: Memory Usage (454652K) : Executing rule seal.b_metal2
2026-03-19 00:48:38 +0100: Memory Usage (454652K) : Executing rule seal.b_metal3
2026-03-19 00:48:38 +0100: Memory Usage (454652K) : Executing rule seal.b_metal4
2026-03-19 00:48:38 +0100: Memory Usage (454652K) : Executing rule seal.b_metal5
2026-03-19 00:48:38 +0100: Memory Usage (454652K) : Executing rule seal.b_topmetal1
2026-03-19 00:48:38 +0100: Memory Usage (454652K) : Executing rule seal.b_topmetal2
2026-03-19 00:48:38 +0100: Memory Usage (454652K) : Executing rule seal.b_activ
2026-03-19 00:48:38 +0100: Memory Usage (454652K) : Executing rule seal.b_psd
2026-03-19 00:48:38 +0100: Memory Usage (454652K) : Executing rule Seal.k
2026-03-19 00:48:38 +0100: Memory Usage (454652K) : Executing rule Seal.m
2026-03-19 00:48:38 +0100: Memory Usage (454652K) : Starting 6.11 MIM table
2026-03-19 00:48:38 +0100: Memory Usage (454652K) : Executing rule MIM.c
2026-03-19 00:48:38 +0100: Memory Usage (454652K) : Executing rule MIM.d
2026-03-19 00:48:38 +0100: Memory Usage (454652K) : Executing rule MIM.gR
2026-03-19 00:48:38 +0100: Memory Usage (454652K) : Starting 7.3 Metal Slits table
2026-03-19 00:48:38 +0100: Memory Usage (454652K) : Executing rule Slt.e1_M1
2026-03-19 00:48:38 +0100: Memory Usage (454652K) : Executing rule Slt.e1_M2
2026-03-19 00:48:38 +0100: Memory Usage (454652K) : Executing rule Slt.e1_M3
2026-03-19 00:48:38 +0100: Memory Usage (454652K) : Executing rule Slt.e1_M4
2026-03-19 00:48:38 +0100: Memory Usage (454652K) : Executing rule Slt.e1_M5
2026-03-19 00:48:38 +0100: Memory Usage (454652K) : Executing rule Slt.e1_TM1
2026-03-19 00:48:38 +0100: Memory Usage (454652K) : Executing rule Slt.e1_TM2
2026-03-19 00:48:38 +0100: Memory Usage (454652K) : Starting 9.1. LBE table
2026-03-19 00:48:38 +0100: Memory Usage (454652K) : Executing rule LBE.a
2026-03-19 00:48:38 +0100: Memory Usage (454652K) : Executing rule LBE.b
2026-03-19 00:48:38 +0100: Memory Usage (454652K) : Executing rule LBE.b1
2026-03-19 00:48:38 +0100: Memory Usage (454652K) : Executing rule LBE.c
2026-03-19 00:48:38 +0100: Memory Usage (454652K) : Executing rule LBE.d
2026-03-19 00:48:38 +0100: Memory Usage (454652K) : Executing rule LBE.h
2026-03-19 00:48:38 +0100: Memory Usage (454652K) : Starting 7.4. PIN table
2026-03-19 00:48:38 +0100: Memory Usage (454652K) : Executing rule Pin.a
2026-03-19 00:48:38 +0100: Memory Usage (454652K) : Executing rule Pin.b
2026-03-19 00:48:38 +0100: Memory Usage (454652K) : Executing rule Pin.e
2026-03-19 00:48:38 +0100: Memory Usage (454652K) : Executing rule Pin.f_M2
2026-03-19 00:48:38 +0100: Memory Usage (454652K) : Executing rule Pin.f_M3
2026-03-19 00:48:38 +0100: Memory Usage (454652K) : Executing rule Pin.f_M4
2026-03-19 00:48:38 +0100: Memory Usage (454652K) : Executing rule Pin.f_M5
2026-03-19 00:48:38 +0100: Memory Usage (454652K) : Executing rule Pin.g
2026-03-19 00:48:38 +0100: Memory Usage (454652K) : Executing rule Pin.h
2026-03-19 00:48:38 +0100: Memory Usage (454652K) : Starting 3.2. FORBIDDEN table
2026-03-19 00:48:38 +0100: Memory Usage (454652K) : Executing rule forbidden.biwind
2026-03-19 00:48:38 +0100: Memory Usage (454652K) : Executing rule forbidden.pemwind
2026-03-19 00:48:38 +0100: Memory Usage (454652K) : Executing rule forbidden.baspoly
2026-03-19 00:48:38 +0100: Memory Usage (454652K) : Executing rule forbidden.deepco
2026-03-19 00:48:38 +0100: Memory Usage (454652K) : Executing rule forbidden.pempoly
2026-03-19 00:48:38 +0100: Memory Usage (454652K) : Executing rule forbidden.empoly
2026-03-19 00:48:38 +0100: Memory Usage (454780K) : Executing rule forbidden.ldmos
2026-03-19 00:48:38 +0100: Memory Usage (454780K) : Executing rule forbidden.pbiwind
2026-03-19 00:48:38 +0100: Memory Usage (454780K) : Executing rule forbidden.nodrc
2026-03-19 00:48:38 +0100: Memory Usage (454780K) : Executing rule forbidden.flash
2026-03-19 00:48:38 +0100: Memory Usage (454780K) : Executing rule forbidden.colwind
2026-03-19 00:48:38 +0100: Memory Usage (454780K) : KLayout DRC run for tables 'main' completed in 0.85 seconds
