# Logfile created on 2026-03-18 22:46:57 +0100 by logger.rb/v1.5.3
2026-03-18 22:46:57 +0100: Memory Usage (426352K) : Starting running IHP-SG13G2 KLayout DRC runset on /foss/designs/ttihp26a-adex-neuron-ncs/gds/TOP_neuron.klay.gds
2026-03-18 22:46:57 +0100: Memory Usage (426352K) : Ruby Version for klayout: 3.2.3
2026-03-18 22:46:57 +0100: Memory Usage (427744K) : Loading database to memory is complete.
2026-03-18 22:46:57 +0100: Memory Usage (427744K) : IHP-SG13G2 KLayout DRC runset output at: /foss/designs/ttihp26a-adex-neuron-ncs/klayout/drc_run_neuron_noahp/TOP_neuron.klay_neuron_noahp_main.lyrdb
2026-03-18 22:46:57 +0100: Memory Usage (427744K) : Evaluate switches.
2026-03-18 22:46:57 +0100: Memory Usage (427744K) : tables selected: main
2026-03-18 22:46:57 +0100: Memory Usage (427744K) : KLayout will use 1 thread(s) in tiling mode.
2026-03-18 22:46:57 +0100: Memory Usage (427744K) : deep mode is enabled.
2026-03-18 22:46:57 +0100: Memory Usage (427744K) : FEOL enabled: true
2026-03-18 22:46:57 +0100: Memory Usage (427744K) : BEOL enabled: true
2026-03-18 22:46:57 +0100: Memory Usage (427744K) : OFFGRID enabled: true
2026-03-18 22:46:57 +0100: Memory Usage (427744K) : PIN enabled: true
2026-03-18 22:46:57 +0100: Memory Usage (427744K) : FORBIDDEN enabled: true
2026-03-18 22:46:57 +0100: Memory Usage (427744K) : RECOMMENDED enabled: true
2026-03-18 22:46:57 +0100: Memory Usage (427744K) : PreCheck DRC enabled: false
2026-03-18 22:46:57 +0100: Memory Usage (427744K) : CONNECTIVITY_RULES enabled: true.
2026-03-18 22:46:57 +0100: Memory Usage (427744K) : Read in polygons from layers.
2026-03-18 22:46:57 +0100: Memory Usage (429076K) : activ_drw has 405 polygons
2026-03-18 22:46:57 +0100: Memory Usage (429076K) : activ_pin has 0 polygons
2026-03-18 22:46:57 +0100: Memory Usage (429076K) : activ_mask has 0 polygons
2026-03-18 22:46:57 +0100: Memory Usage (429076K) : activ_filler has 0 polygons
2026-03-18 22:46:57 +0100: Memory Usage (429076K) : activ_nofill has 0 polygons
2026-03-18 22:46:57 +0100: Memory Usage (429076K) : activ_opc has 0 polygons
2026-03-18 22:46:57 +0100: Memory Usage (429076K) : activ_iopc has 0 polygons
2026-03-18 22:46:57 +0100: Memory Usage (429076K) : activ_noqrc has 0 polygons
2026-03-18 22:46:57 +0100: Memory Usage (429204K) : biwind_drw has 0 polygons
2026-03-18 22:46:57 +0100: Memory Usage (429204K) : biwind_opc has 0 polygons
2026-03-18 22:46:57 +0100: Memory Usage (429204K) : pemwind_drw has 0 polygons
2026-03-18 22:46:57 +0100: Memory Usage (429332K) : gatpoly_drw has 372 polygons
2026-03-18 22:46:57 +0100: Memory Usage (429332K) : gatpoly_pin has 93 polygons
2026-03-18 22:46:57 +0100: Memory Usage (429332K) : gatpoly_filler has 0 polygons
2026-03-18 22:46:57 +0100: Memory Usage (429332K) : gatpoly_nofill has 0 polygons
2026-03-18 22:46:57 +0100: Memory Usage (429332K) : gatpoly_opc has 0 polygons
2026-03-18 22:46:57 +0100: Memory Usage (429332K) : gatpoly_iopc has 0 polygons
2026-03-18 22:46:57 +0100: Memory Usage (429332K) : gatpoly_noqrc has 0 polygons
2026-03-18 22:46:57 +0100: Memory Usage (429332K) : cont_drw has 2892 polygons
2026-03-18 22:46:57 +0100: Memory Usage (429460K) : cont_opc has 0 polygons
2026-03-18 22:46:57 +0100: Memory Usage (429460K) : nsd_drw has 0 polygons
2026-03-18 22:46:57 +0100: Memory Usage (429460K) : nsd_block has 0 polygons
2026-03-18 22:46:57 +0100: Memory Usage (429776K) : metal1_drw has 1032 polygons
2026-03-18 22:46:57 +0100: Memory Usage (429904K) : metal1_pin has 198 polygons
2026-03-18 22:46:57 +0100: Memory Usage (430032K) : metal1_mask has 0 polygons
2026-03-18 22:46:57 +0100: Memory Usage (430032K) : metal1_filler has 0 polygons
2026-03-18 22:46:57 +0100: Memory Usage (430160K) : metal1_nofill has 0 polygons
2026-03-18 22:46:57 +0100: Memory Usage (430160K) : metal1_slit has 0 polygons
2026-03-18 22:46:57 +0100: Memory Usage (430348K) : metal1_text has 0 polygons
2026-03-18 22:46:57 +0100: Memory Usage (430476K) : metal1_opc has 0 polygons
2026-03-18 22:46:57 +0100: Memory Usage (430476K) : metal1_noqrc has 0 polygons
2026-03-18 22:46:57 +0100: Memory Usage (430604K) : metal1_res has 0 polygons
2026-03-18 22:46:57 +0100: Memory Usage (430604K) : metal1_iprobe has 0 polygons
2026-03-18 22:46:57 +0100: Memory Usage (430732K) : metal1_diffprb has 0 polygons
2026-03-18 22:46:57 +0100: Memory Usage (430732K) : passiv_drw has 0 polygons
2026-03-18 22:46:57 +0100: Memory Usage (430732K) : passiv_pin has 0 polygons
2026-03-18 22:46:57 +0100: Memory Usage (430860K) : passiv_sbump has 0 polygons
2026-03-18 22:46:57 +0100: Memory Usage (430860K) : passiv_pillar has 0 polygons
2026-03-18 22:46:57 +0100: Memory Usage (430988K) : passiv_pdl has 0 polygons
2026-03-18 22:46:57 +0100: Memory Usage (430988K) : metal2_drw has 481 polygons
2026-03-18 22:46:57 +0100: Memory Usage (431116K) : metal2_pin has 0 polygons
2026-03-18 22:46:57 +0100: Memory Usage (431116K) : metal2_mask has 0 polygons
2026-03-18 22:46:57 +0100: Memory Usage (431244K) : metal2_filler has 0 polygons
2026-03-18 22:46:57 +0100: Memory Usage (431244K) : metal2_nofill has 0 polygons
2026-03-18 22:46:57 +0100: Memory Usage (431244K) : metal2_slit has 0 polygons
2026-03-18 22:46:57 +0100: Memory Usage (431372K) : metal2_text has 0 polygons
2026-03-18 22:46:57 +0100: Memory Usage (431372K) : metal2_opc has 0 polygons
2026-03-18 22:46:57 +0100: Memory Usage (431500K) : metal2_noqrc has 0 polygons
2026-03-18 22:46:57 +0100: Memory Usage (431628K) : metal2_res has 0 polygons
2026-03-18 22:46:57 +0100: Memory Usage (431628K) : metal2_iprobe has 0 polygons
2026-03-18 22:46:57 +0100: Memory Usage (431628K) : metal2_diffprb has 0 polygons
2026-03-18 22:46:57 +0100: Memory Usage (431756K) : baspoly_drw has 0 polygons
2026-03-18 22:46:57 +0100: Memory Usage (431756K) : baspoly_pin has 0 polygons
2026-03-18 22:46:57 +0100: Memory Usage (431884K) : psd_drw has 67 polygons
2026-03-18 22:46:57 +0100: Memory Usage (431884K) : nldb_drw has 0 polygons
2026-03-18 22:46:57 +0100: Memory Usage (432012K) : digibnd_drw has 0 polygons
2026-03-18 22:46:57 +0100: Memory Usage (432012K) : via1_drw has 547 polygons
2026-03-18 22:46:57 +0100: Memory Usage (432012K) : backmetal1_drw has 0 polygons
2026-03-18 22:46:57 +0100: Memory Usage (432140K) : backmetal1_pin has 0 polygons
2026-03-18 22:46:57 +0100: Memory Usage (432140K) : backmetal1_mask has 0 polygons
2026-03-18 22:46:57 +0100: Memory Usage (432268K) : backmetal1_filler has 0 polygons
2026-03-18 22:46:57 +0100: Memory Usage (432268K) : backmetal1_nofill has 0 polygons
2026-03-18 22:46:57 +0100: Memory Usage (432396K) : backmetal1_slit has 0 polygons
2026-03-18 22:46:57 +0100: Memory Usage (432396K) : backmetal1_text has 0 polygons
2026-03-18 22:46:57 +0100: Memory Usage (432396K) : backmetal1_opc has 0 polygons
2026-03-18 22:46:57 +0100: Memory Usage (432524K) : backmetal1_noqrc has 0 polygons
2026-03-18 22:46:57 +0100: Memory Usage (432524K) : backmetal1_res has 0 polygons
2026-03-18 22:46:57 +0100: Memory Usage (432652K) : backmetal1_iprobe has 0 polygons
2026-03-18 22:46:57 +0100: Memory Usage (432652K) : backmetal1_diffprb has 0 polygons
2026-03-18 22:46:57 +0100: Memory Usage (432780K) : backpassiv_drw has 0 polygons
2026-03-18 22:46:57 +0100: Memory Usage (432780K) : res_drw has 0 polygons
2026-03-18 22:46:57 +0100: Memory Usage (432780K) : sram_drw has 0 polygons
2026-03-18 22:46:57 +0100: Memory Usage (432908K) : trans_drw has 0 polygons
2026-03-18 22:46:57 +0100: Memory Usage (432908K) : ind_drw has 0 polygons
2026-03-18 22:46:57 +0100: Memory Usage (433036K) : ind_pin has 0 polygons
2026-03-18 22:46:57 +0100: Memory Usage (433164K) : ind_text has 0 polygons
2026-03-18 22:46:57 +0100: Memory Usage (433164K) : salblock_drw has 0 polygons
2026-03-18 22:46:57 +0100: Memory Usage (433292K) : via2_drw has 267 polygons
2026-03-18 22:46:57 +0100: Memory Usage (433292K) : metal3_drw has 163 polygons
2026-03-18 22:46:57 +0100: Memory Usage (433420K) : metal3_pin has 22 polygons
2026-03-18 22:46:57 +0100: Memory Usage (433420K) : metal3_mask has 0 polygons
2026-03-18 22:46:57 +0100: Memory Usage (433548K) : metal3_filler has 0 polygons
2026-03-18 22:46:57 +0100: Memory Usage (433548K) : metal3_nofill has 0 polygons
2026-03-18 22:46:57 +0100: Memory Usage (433676K) : metal3_slit has 0 polygons
2026-03-18 22:46:57 +0100: Memory Usage (433676K) : metal3_text has 22 polygons
2026-03-18 22:46:57 +0100: Memory Usage (433804K) : metal3_opc has 0 polygons
2026-03-18 22:46:57 +0100: Memory Usage (433804K) : metal3_noqrc has 0 polygons
2026-03-18 22:46:57 +0100: Memory Usage (433804K) : metal3_res has 0 polygons
2026-03-18 22:46:57 +0100: Memory Usage (433932K) : metal3_iprobe has 0 polygons
2026-03-18 22:46:57 +0100: Memory Usage (433932K) : metal3_diffprb has 0 polygons
2026-03-18 22:46:57 +0100: Memory Usage (434060K) : nwell_drw has 62 polygons
2026-03-18 22:46:57 +0100: Memory Usage (434188K) : nwell_pin has 5 polygons
2026-03-18 22:46:57 +0100: Memory Usage (434188K) : nbulay_drw has 26 polygons
2026-03-18 22:46:57 +0100: Memory Usage (434316K) : nbulay_pin has 0 polygons
2026-03-18 22:46:57 +0100: Memory Usage (434316K) : nbulay_block has 0 polygons
2026-03-18 22:46:57 +0100: Memory Usage (434444K) : emwind_drw has 0 polygons
2026-03-18 22:46:57 +0100: Memory Usage (434444K) : emwind_opc has 0 polygons
2026-03-18 22:46:57 +0100: Memory Usage (434572K) : deepco_drw has 0 polygons
2026-03-18 22:46:57 +0100: Memory Usage (434572K) : deepco_drw has 0 polygons
2026-03-18 22:46:57 +0100: Memory Usage (434700K) : mim_drw has 2 polygons
2026-03-18 22:46:57 +0100: Memory Usage (434828K) : edgeseal_drw has 0 polygons
2026-03-18 22:46:57 +0100: Memory Usage (434828K) : edgeseal_bound has 0 polygons
2026-03-18 22:46:57 +0100: Memory Usage (434956K) : substrate_drw has 67 polygons
2026-03-18 22:46:57 +0100: Memory Usage (434956K) : substrate_text has 0 polygons
2026-03-18 22:46:57 +0100: Memory Usage (434956K) : dfpad_drw has 0 polygons
2026-03-18 22:46:57 +0100: Memory Usage (435084K) : dfpad_pillar has 0 polygons
2026-03-18 22:46:57 +0100: Memory Usage (435084K) : dfpad_sbump has 0 polygons
2026-03-18 22:46:57 +0100: Memory Usage (435212K) : thickgateox_drw has 101 polygons
2026-03-18 22:46:57 +0100: Memory Usage (435212K) : pldb_drw has 0 polygons
2026-03-18 22:46:57 +0100: Memory Usage (435340K) : pwell_drw has 0 polygons
2026-03-18 22:46:57 +0100: Memory Usage (435340K) : pwell_pin has 0 polygons
2026-03-18 22:46:57 +0100: Memory Usage (435340K) : pwell_block has 0 polygons
2026-03-18 22:46:57 +0100: Memory Usage (435468K) : ic_drw has 0 polygons
2026-03-18 22:46:57 +0100: Memory Usage (435468K) : via3_drw has 108 polygons
2026-03-18 22:46:57 +0100: Memory Usage (435596K) : metal4_drw has 29 polygons
2026-03-18 22:46:57 +0100: Memory Usage (435724K) : metal4_pin has 2 polygons
2026-03-18 22:46:57 +0100: Memory Usage (435724K) : metal4_mask has 0 polygons
2026-03-18 22:46:57 +0100: Memory Usage (435852K) : metal4_filler has 0 polygons
2026-03-18 22:46:57 +0100: Memory Usage (435852K) : metal4_nofill has 0 polygons
2026-03-18 22:46:57 +0100: Memory Usage (435852K) : metal4_slit has 0 polygons
2026-03-18 22:46:57 +0100: Memory Usage (435980K) : metal4_text has 2 polygons
2026-03-18 22:46:57 +0100: Memory Usage (435980K) : metal4_opc has 0 polygons
2026-03-18 22:46:57 +0100: Memory Usage (436108K) : metal4_noqrc has 0 polygons
2026-03-18 22:46:57 +0100: Memory Usage (436108K) : metal4_res has 0 polygons
2026-03-18 22:46:57 +0100: Memory Usage (436108K) : metal4_iprobe has 0 polygons
2026-03-18 22:46:57 +0100: Memory Usage (436236K) : metal4_diffprb has 0 polygons
2026-03-18 22:46:57 +0100: Memory Usage (436364K) : heattrans_drw has 176 polygons
2026-03-18 22:46:57 +0100: Memory Usage (436364K) : heatres_drw has 0 polygons
2026-03-18 22:46:57 +0100: Memory Usage (436492K) : pempoly_drw has 0 polygons
2026-03-18 22:46:57 +0100: Memory Usage (436492K) : fbe_drw has 0 polygons
2026-03-18 22:46:57 +0100: Memory Usage (436620K) : empoly_drw has 0 polygons
2026-03-18 22:46:57 +0100: Memory Usage (436620K) : ldmos_drw has 0 polygons
2026-03-18 22:46:57 +0100: Memory Usage (436748K) : pbiwind_drw has 0 polygons
2026-03-18 22:46:57 +0100: Memory Usage (436748K) : digisub_drw has 0 polygons
2026-03-18 22:46:57 +0100: Memory Usage (436876K) : nodrc_drw has 0 polygons
2026-03-18 22:46:57 +0100: Memory Usage (436876K) : text_drw has 105 polygons
2026-03-18 22:46:57 +0100: Memory Usage (437004K) : via4_drw has 96 polygons
2026-03-18 22:46:57 +0100: Memory Usage (437004K) : metal5_drw has 42 polygons
2026-03-18 22:46:57 +0100: Memory Usage (437132K) : metal5_pin has 0 polygons
2026-03-18 22:46:57 +0100: Memory Usage (437132K) : metal5_mask has 0 polygons
2026-03-18 22:46:57 +0100: Memory Usage (437132K) : metal5_filler has 0 polygons
2026-03-18 22:46:57 +0100: Memory Usage (437260K) : metal5_nofill has 0 polygons
2026-03-18 22:46:57 +0100: Memory Usage (437260K) : metal5_slit has 0 polygons
2026-03-18 22:46:57 +0100: Memory Usage (437388K) : metal5_text has 0 polygons
2026-03-18 22:46:57 +0100: Memory Usage (437388K) : metal5_opc has 0 polygons
2026-03-18 22:46:57 +0100: Memory Usage (437516K) : metal5_noqrc has 0 polygons
2026-03-18 22:46:57 +0100: Memory Usage (437516K) : metal5_res has 0 polygons
2026-03-18 22:46:57 +0100: Memory Usage (437516K) : metal5_iprobe has 0 polygons
2026-03-18 22:46:57 +0100: Memory Usage (437644K) : metal5_diffprb has 0 polygons
2026-03-18 22:46:57 +0100: Memory Usage (437644K) : radhard_drw has 0 polygons
2026-03-18 22:46:57 +0100: Memory Usage (437772K) : memcap_drw has 0 polygons
2026-03-18 22:46:57 +0100: Memory Usage (437900K) : varicap_drw has 0 polygons
2026-03-18 22:46:57 +0100: Memory Usage (438028K) : flash_drw has 0 polygons
2026-03-18 22:46:57 +0100: Memory Usage (438028K) : intbondvia_drw has 0 polygons
2026-03-18 22:46:57 +0100: Memory Usage (438028K) : intbondmet_drw has 0 polygons
2026-03-18 22:46:57 +0100: Memory Usage (438156K) : devbondvia_drw has 0 polygons
2026-03-18 22:46:57 +0100: Memory Usage (438156K) : devbondmet_drw has 0 polygons
2026-03-18 22:46:57 +0100: Memory Usage (438284K) : devtrench_drw has 0 polygons
2026-03-18 22:46:57 +0100: Memory Usage (438284K) : redist_drw has 0 polygons
2026-03-18 22:46:57 +0100: Memory Usage (438412K) : graphbot_drw has 0 polygons
2026-03-18 22:46:57 +0100: Memory Usage (438412K) : graphtop_drw has 0 polygons
2026-03-18 22:46:57 +0100: Memory Usage (438540K) : antvia1_drw has 0 polygons
2026-03-18 22:46:57 +0100: Memory Usage (438540K) : antmetal2_drw has 0 polygons
2026-03-18 22:46:57 +0100: Memory Usage (438540K) : graphcont_drw has 0 polygons
2026-03-18 22:46:57 +0100: Memory Usage (438668K) : siwg_drw has 0 polygons
2026-03-18 22:46:57 +0100: Memory Usage (438668K) : siwg_filler has 0 polygons
2026-03-18 22:46:57 +0100: Memory Usage (438796K) : siwg_nofill has 0 polygons
2026-03-18 22:46:57 +0100: Memory Usage (438924K) : sigrating_drw has 0 polygons
2026-03-18 22:46:57 +0100: Memory Usage (438924K) : singrating_drw has 0 polygons
2026-03-18 22:46:57 +0100: Memory Usage (438924K) : graphpas_drw has 0 polygons
2026-03-18 22:46:57 +0100: Memory Usage (439052K) : emwind3_drw has 0 polygons
2026-03-18 22:46:57 +0100: Memory Usage (439052K) : emwihv3_drw has 0 polygons
2026-03-18 22:46:57 +0100: Memory Usage (439180K) : redbulay_drw has 0 polygons
2026-03-18 22:46:57 +0100: Memory Usage (439180K) : smos_drw has 0 polygons
2026-03-18 22:46:57 +0100: Memory Usage (439308K) : graphpad_drw has 0 polygons
2026-03-18 22:46:57 +0100: Memory Usage (439308K) : polimide_drw has 0 polygons
2026-03-18 22:46:57 +0100: Memory Usage (439308K) : polimide_pin has 0 polygons
2026-03-18 22:46:57 +0100: Memory Usage (439436K) : recog_drw has 0 polygons
2026-03-18 22:46:57 +0100: Memory Usage (439564K) : recog_pin has 0 polygons
2026-03-18 22:46:57 +0100: Memory Usage (439564K) : recog_esd has 0 polygons
2026-03-18 22:46:57 +0100: Memory Usage (439692K) : recog_diode has 0 polygons
2026-03-18 22:46:57 +0100: Memory Usage (439692K) : recog_tsv has 0 polygons
2026-03-18 22:46:57 +0100: Memory Usage (439692K) : recog_iprobe has 0 polygons
2026-03-18 22:46:57 +0100: Memory Usage (439820K) : recog_diffprb has 0 polygons
2026-03-18 22:46:57 +0100: Memory Usage (439820K) : recog_pillar has 0 polygons
2026-03-18 22:46:57 +0100: Memory Usage (439948K) : recog_sbump has 0 polygons
2026-03-18 22:46:57 +0100: Memory Usage (440076K) : recog_otp has 0 polygons
2026-03-18 22:46:57 +0100: Memory Usage (440076K) : recog_pdiode has 0 polygons
2026-03-18 22:46:57 +0100: Memory Usage (440076K) : recog_mom has 0 polygons
2026-03-18 22:46:57 +0100: Memory Usage (440076K) : recog_pcm has 0 polygons
2026-03-18 22:46:57 +0100: Memory Usage (440204K) : colopen_drw has 0 polygons
2026-03-18 22:46:57 +0100: Memory Usage (440204K) : graphmetal1_drw has 0 polygons
2026-03-18 22:46:57 +0100: Memory Usage (440204K) : graphmetal1_filler has 0 polygons
2026-03-18 22:46:57 +0100: Memory Usage (440332K) : graphmetal1_nofill has 0 polygons
2026-03-18 22:46:57 +0100: Memory Usage (440332K) : graphmetal1_slit has 0 polygons
2026-03-18 22:46:57 +0100: Memory Usage (440332K) : graphmetal1_opc has 0 polygons
2026-03-18 22:46:57 +0100: Memory Usage (440332K) : graphmet1l_drw has 0 polygons
2026-03-18 22:46:57 +0100: Memory Usage (440460K) : graphmet1l_filler has 0 polygons
2026-03-18 22:46:57 +0100: Memory Usage (440460K) : graphmet1l_nofill has 0 polygons
2026-03-18 22:46:57 +0100: Memory Usage (440460K) : graphmet1l_slit has 0 polygons
2026-03-18 22:46:57 +0100: Memory Usage (440588K) : graphmet1l_opc has 0 polygons
2026-03-18 22:46:57 +0100: Memory Usage (440588K) : extblock_drw has 0 polygons
2026-03-18 22:46:57 +0100: Memory Usage (440588K) : nldd_drw has 0 polygons
2026-03-18 22:46:57 +0100: Memory Usage (440588K) : pldd_drw has 0 polygons
2026-03-18 22:46:57 +0100: Memory Usage (440716K) : next_drw has 0 polygons
2026-03-18 22:46:57 +0100: Memory Usage (440716K) : pext_drw has 0 polygons
2026-03-18 22:46:57 +0100: Memory Usage (440844K) : nexthv_drw has 0 polygons
2026-03-18 22:46:57 +0100: Memory Usage (440844K) : pexthv_drw has 0 polygons
2026-03-18 22:46:57 +0100: Memory Usage (440972K) : graphgate_drw has 0 polygons
2026-03-18 22:46:57 +0100: Memory Usage (440972K) : sinwg_drw has 0 polygons
2026-03-18 22:46:57 +0100: Memory Usage (440972K) : sinwg_filler has 0 polygons
2026-03-18 22:46:57 +0100: Memory Usage (441100K) : sinwg_nofill has 0 polygons
2026-03-18 22:46:57 +0100: Memory Usage (441100K) : mempad_drw has 0 polygons
2026-03-18 22:46:57 +0100: Memory Usage (441228K) : topvia1_drw has 48 polygons
2026-03-18 22:46:57 +0100: Memory Usage (441228K) : topmetal1_drw has 33 polygons
2026-03-18 22:46:57 +0100: Memory Usage (441356K) : topmetal1_pin has 0 polygons
2026-03-18 22:46:57 +0100: Memory Usage (441356K) : topmetal1_mask has 0 polygons
2026-03-18 22:46:57 +0100: Memory Usage (441356K) : topmetal1_filler has 0 polygons
2026-03-18 22:46:57 +0100: Memory Usage (441484K) : topmetal1_nofill has 0 polygons
2026-03-18 22:46:57 +0100: Memory Usage (441484K) : topmetal1_slit has 0 polygons
2026-03-18 22:46:57 +0100: Memory Usage (441484K) : topmetal1_text has 0 polygons
2026-03-18 22:46:57 +0100: Memory Usage (441612K) : topmetal1_noqrc has 0 polygons
2026-03-18 22:46:57 +0100: Memory Usage (441612K) : topmetal1_res has 0 polygons
2026-03-18 22:46:57 +0100: Memory Usage (441612K) : topmetal1_iprobe has 0 polygons
2026-03-18 22:46:57 +0100: Memory Usage (441740K) : topmetal1_diffprb has 0 polygons
2026-03-18 22:46:57 +0100: Memory Usage (441740K) : inldpwl_drw has 0 polygons
2026-03-18 22:46:57 +0100: Memory Usage (441740K) : polyres_drw has 0 polygons
2026-03-18 22:46:57 +0100: Memory Usage (441868K) : polyres_pin has 0 polygons
2026-03-18 22:46:57 +0100: Memory Usage (441868K) : vmim_drw has 624 polygons
2026-03-18 22:46:57 +0100: Memory Usage (441868K) : nbulaycut_drw has 0 polygons
2026-03-18 22:46:57 +0100: Memory Usage (441996K) : antmetal1_drw has 0 polygons
2026-03-18 22:46:57 +0100: Memory Usage (441996K) : topvia2_drw has 0 polygons
2026-03-18 22:46:57 +0100: Memory Usage (441996K) : topmetal2_drw has 0 polygons
2026-03-18 22:46:57 +0100: Memory Usage (442124K) : topmetal2_pin has 0 polygons
2026-03-18 22:46:57 +0100: Memory Usage (442124K) : topmetal2_mask has 0 polygons
2026-03-18 22:46:57 +0100: Memory Usage (442252K) : topmetal2_filler has 0 polygons
2026-03-18 22:46:57 +0100: Memory Usage (442252K) : topmetal2_nofill has 0 polygons
2026-03-18 22:46:57 +0100: Memory Usage (442252K) : topmetal2_slit has 0 polygons
2026-03-18 22:46:57 +0100: Memory Usage (442380K) : topmetal2_text has 0 polygons
2026-03-18 22:46:57 +0100: Memory Usage (442380K) : topmetal2_noqrc has 0 polygons
2026-03-18 22:46:57 +0100: Memory Usage (442508K) : topmetal2_res has 0 polygons
2026-03-18 22:46:57 +0100: Memory Usage (442508K) : topmetal2_iprobe has 0 polygons
2026-03-18 22:46:57 +0100: Memory Usage (442636K) : topmetal2_diffprb has 0 polygons
2026-03-18 22:46:57 +0100: Memory Usage (442636K) : snsring_drw has 0 polygons
2026-03-18 22:46:57 +0100: Memory Usage (442636K) : sensor_drw has 0 polygons
2026-03-18 22:46:57 +0100: Memory Usage (442764K) : snsarms_drw has 0 polygons
2026-03-18 22:46:57 +0100: Memory Usage (442764K) : snscmosvia_drw has 0 polygons
2026-03-18 22:46:57 +0100: Memory Usage (442892K) : colwind_drw has 0 polygons
2026-03-18 22:46:57 +0100: Memory Usage (442892K) : flm_drw has 0 polygons
2026-03-18 22:46:57 +0100: Memory Usage (443020K) : hafniumox_drw has 0 polygons
2026-03-18 22:46:57 +0100: Memory Usage (443020K) : memvia_drw has 0 polygons
2026-03-18 22:46:57 +0100: Memory Usage (443020K) : thinfilmres_drw has 0 polygons
2026-03-18 22:46:57 +0100: Memory Usage (443148K) : rfmem_drw has 0 polygons
2026-03-18 22:46:57 +0100: Memory Usage (443148K) : norcx_drw has 0 polygons
2026-03-18 22:46:57 +0100: Memory Usage (443276K) : norcx_m2m3 has 0 polygons
2026-03-18 22:46:57 +0100: Memory Usage (443276K) : norcx_m2m4 has 0 polygons
2026-03-18 22:46:57 +0100: Memory Usage (443404K) : norcx_m2m5 has 0 polygons
2026-03-18 22:46:57 +0100: Memory Usage (443404K) : norcx_m2tm1 has 0 polygons
2026-03-18 22:46:57 +0100: Memory Usage (443532K) : norcx_m2tm2 has 0 polygons
2026-03-18 22:46:57 +0100: Memory Usage (443532K) : norcx_m3m4 has 0 polygons
2026-03-18 22:46:57 +0100: Memory Usage (443532K) : norcx_m3m5 has 0 polygons
2026-03-18 22:46:57 +0100: Memory Usage (443660K) : norcx_m3tm1 has 0 polygons
2026-03-18 22:46:57 +0100: Memory Usage (443660K) : norcx_m3tm2 has 0 polygons
2026-03-18 22:46:57 +0100: Memory Usage (443788K) : norcx_m4m5 has 0 polygons
2026-03-18 22:46:57 +0100: Memory Usage (443788K) : norcx_m4tm1 has 0 polygons
2026-03-18 22:46:57 +0100: Memory Usage (443788K) : norcx_m4tm2 has 0 polygons
2026-03-18 22:46:57 +0100: Memory Usage (443788K) : norcx_m5tm1 has 0 polygons
2026-03-18 22:46:57 +0100: Memory Usage (443788K) : norcx_m5tm2 has 0 polygons
2026-03-18 22:46:57 +0100: Memory Usage (443916K) : norcx_tm1tm2 has 0 polygons
2026-03-18 22:46:57 +0100: Memory Usage (443916K) : norcx_m1sub has 0 polygons
2026-03-18 22:46:57 +0100: Memory Usage (443916K) : norcx_m2sub has 0 polygons
2026-03-18 22:46:57 +0100: Memory Usage (444044K) : norcx_m3sub has 0 polygons
2026-03-18 22:46:57 +0100: Memory Usage (444044K) : norcx_m4sub has 0 polygons
2026-03-18 22:46:57 +0100: Memory Usage (444044K) : norcx_m5sub has 0 polygons
2026-03-18 22:46:57 +0100: Memory Usage (444044K) : norcx_tm1sub has 0 polygons
2026-03-18 22:46:57 +0100: Memory Usage (444172K) : norcx_tm2sub has 0 polygons
2026-03-18 22:46:57 +0100: Memory Usage (444172K) : snsbotvia_drw has 0 polygons
2026-03-18 22:46:57 +0100: Memory Usage (444172K) : snstopvia_drw has 0 polygons
2026-03-18 22:46:57 +0100: Memory Usage (444300K) : deepvia_drw has 0 polygons
2026-03-18 22:46:57 +0100: Memory Usage (444300K) : fgetch_drw has 0 polygons
2026-03-18 22:46:57 +0100: Memory Usage (444300K) : ctrgat_drw has 0 polygons
2026-03-18 22:46:57 +0100: Memory Usage (444428K) : fgimp_drw has 0 polygons
2026-03-18 22:46:57 +0100: Memory Usage (444428K) : emwihv_drw has 0 polygons
2026-03-18 22:46:57 +0100: Memory Usage (444428K) : lbe_drw has 0 polygons
2026-03-18 22:46:57 +0100: Memory Usage (444428K) : alcustop_drw has 0 polygons
2026-03-18 22:46:57 +0100: Memory Usage (444556K) : nometfiller_drw has 0 polygons
2026-03-18 22:46:57 +0100: Memory Usage (444556K) : prboundary_drw has 0 polygons
2026-03-18 22:46:57 +0100: Memory Usage (444556K) : exchange0_drw has 0 polygons
2026-03-18 22:46:57 +0100: Memory Usage (444684K) : exchange0_pin has 0 polygons
2026-03-18 22:46:57 +0100: Memory Usage (444684K) : exchange0_text has 0 polygons
2026-03-18 22:46:57 +0100: Memory Usage (444684K) : exchange1_drw has 0 polygons
2026-03-18 22:46:57 +0100: Memory Usage (444684K) : exchange1_pin has 0 polygons
2026-03-18 22:46:57 +0100: Memory Usage (444812K) : exchange1_text has 0 polygons
2026-03-18 22:46:57 +0100: Memory Usage (444812K) : exchange2_drw has 0 polygons
2026-03-18 22:46:57 +0100: Memory Usage (444812K) : exchange2_pin has 0 polygons
2026-03-18 22:46:57 +0100: Memory Usage (444940K) : exchange2_text has 0 polygons
2026-03-18 22:46:57 +0100: Memory Usage (444940K) : exchange3_drw has 0 polygons
2026-03-18 22:46:57 +0100: Memory Usage (444940K) : exchange3_pin has 0 polygons
2026-03-18 22:46:57 +0100: Memory Usage (445068K) : exchange3_text has 0 polygons
2026-03-18 22:46:57 +0100: Memory Usage (445068K) : exchange4_drw has 0 polygons
2026-03-18 22:46:57 +0100: Memory Usage (445068K) : exchange4_pin has 0 polygons
2026-03-18 22:46:57 +0100: Memory Usage (445196K) : exchange4_text has 0 polygons
2026-03-18 22:46:57 +0100: Memory Usage (445196K) : isonwell_drw has 0 polygons
2026-03-18 22:46:57 +0100: Memory Usage (445196K) : Total no. of polygons in the design is 8089
2026-03-18 22:46:57 +0100: Memory Usage (445196K) : Loaded TECH DRC rules values from /foss/pdks/ihp-sg13g2/libs.tech/klayout/python/sg13g2_pycell_lib/sg13g2_tech_mod.json
2026-03-18 22:46:57 +0100: Memory Usage (445196K) : Loaded default DRC rules values from /foss/pdks/ihp-sg13g2/libs.tech/klayout/tech/drc/rule_decks/sg13g2_tech_default.json
2026-03-18 22:46:57 +0100: Memory Usage (445196K) : The following rules values were missing in tech json and default values were used:
2026-03-18 22:46:57 +0100: Memory Usage (445196K) :   - Cnt_c_digibnd
2026-03-18 22:46:57 +0100: Memory Usage (446092K) : Total area of the design is 1686.7893 um^2.
2026-03-18 22:46:57 +0100: Memory Usage (446092K) : The design dimensions are 76.62 µm * 22.015 µm.
2026-03-18 22:46:57 +0100: Memory Usage (446092K) : Starting general IHP-SG13G2 derivations.
2026-03-18 22:46:57 +0100: Memory Usage (446092K) : Starting Pwell derivations
2026-03-18 22:46:57 +0100: Memory Usage (448500K) : Starting n-Activ derivations
2026-03-18 22:46:57 +0100: Memory Usage (448756K) : Starting p-Activ derivations
2026-03-18 22:46:57 +0100: Memory Usage (448884K) : Starting ptap derivations
2026-03-18 22:46:57 +0100: Memory Usage (448884K) : Starting ntap derivations
2026-03-18 22:46:57 +0100: Memory Usage (449012K) : Starting pact FET derivations
2026-03-18 22:46:57 +0100: Memory Usage (449012K) : Starting nact FET derivations
2026-03-18 22:46:57 +0100: Memory Usage (449140K) : Starting Gate derivations
2026-03-18 22:46:57 +0100: Memory Usage (449268K) : Starting cont/contbar general derivations
2026-03-18 22:46:57 +0100: Memory Usage (449908K) : Starting pad general derivations
2026-03-18 22:46:57 +0100: Memory Usage (449908K) : Starting IHP-SG13G2 DRC connectivity related derivations.
2026-03-18 22:46:57 +0100: Memory Usage (451060K) : Starting IHP-SG13G2 DRC connectivity setup
2026-03-18 22:46:57 +0100: Memory Usage (452212K) : Starting IHP-SG13G2 DRC rules.
2026-03-18 22:46:57 +0100: Memory Usage (452212K) : Running all FEOL rules
2026-03-18 22:46:57 +0100: Memory Usage (452212K) : Running all BEOL rules
2026-03-18 22:46:57 +0100: Memory Usage (452212K) : Running all PIN rules
2026-03-18 22:46:57 +0100: Memory Usage (452212K) : Running all FORBIDDEN rules
2026-03-18 22:46:57 +0100: Memory Usage (452212K) : Starting 5.1 NWell table
2026-03-18 22:46:57 +0100: Memory Usage (452212K) : Executing rule NW.b
2026-03-18 22:46:57 +0100: Memory Usage (452968K) : Executing rule NW.b1
2026-03-18 22:46:57 +0100: Memory Usage (453352K) : Starting 5.2 PWell:block
2026-03-18 22:46:57 +0100: Memory Usage (453352K) : Executing rule PWB.e
2026-03-18 22:46:57 +0100: Memory Usage (453480K) : Executing rule PWB.e1
2026-03-18 22:46:57 +0100: Memory Usage (453608K) : Executing rule PWB.f
2026-03-18 22:46:57 +0100: Memory Usage (453736K) : Executing rule PWB.f1
2026-03-18 22:46:57 +0100: Memory Usage (454376K) : Starting 5.3 nBuLay table
2026-03-18 22:46:57 +0100: Memory Usage (454504K) : Executing rule NBL.b
2026-03-18 22:46:57 +0100: Memory Usage (454632K) : Executing rule NBL.c
2026-03-18 22:46:57 +0100: Memory Usage (454632K) : Executing rule NBL.d
2026-03-18 22:46:57 +0100: Memory Usage (454632K) : Executing rule NBL.e
2026-03-18 22:46:57 +0100: Memory Usage (454632K) : Executing rule NBL.f
2026-03-18 22:46:57 +0100: Memory Usage (454632K) : Starting 5.5. Activ table
2026-03-18 22:46:57 +0100: Memory Usage (454632K) : Executing rule Act.a
2026-03-18 22:46:57 +0100: Memory Usage (454632K) : Executing rule Act.b
2026-03-18 22:46:57 +0100: Memory Usage (454632K) : Starting 5.6 Activ:filler table
2026-03-18 22:46:57 +0100: Memory Usage (454632K) : Executing rule AFil.c1
2026-03-18 22:46:57 +0100: Memory Usage (454632K) : Executing rule AFil.c
2026-03-18 22:46:57 +0100: Memory Usage (454632K) : Executing rule AFil.d
2026-03-18 22:46:57 +0100: Memory Usage (454632K) : Executing rule AFil.e
2026-03-18 22:46:57 +0100: Memory Usage (454632K) : Executing rule AFil.j
2026-03-18 22:46:57 +0100: Memory Usage (454632K) : Starting 5.7. ThickGateOx table
2026-03-18 22:46:57 +0100: Memory Usage (454632K) : Executing rule TGO.f
2026-03-18 22:46:57 +0100: Memory Usage (454632K) : Starting 5.8. GatPoly table
2026-03-18 22:46:57 +0100: Memory Usage (454632K) : Executing rule Gat.a
2026-03-18 22:46:57 +0100: Memory Usage (454632K) : Executing rule Gat.b
2026-03-18 22:46:57 +0100: Memory Usage (454888K) : Executing rule Gat.d
2026-03-18 22:46:57 +0100: Memory Usage (454888K) : Executing rule Gat.a1
2026-03-18 22:46:57 +0100: Memory Usage (455076K) : Executing rule Gat.a2
2026-03-18 22:46:57 +0100: Memory Usage (455076K) : Executing rule Gat.g
2026-03-18 22:46:57 +0100: Memory Usage (455076K) : Starting 5.9 GatPoly:filler
2026-03-18 22:46:57 +0100: Memory Usage (455076K) : Executing rule GFil.d
2026-03-18 22:46:57 +0100: Memory Usage (455076K) : Executing rule GFil.e
2026-03-18 22:46:57 +0100: Memory Usage (455076K) : Executing rule GFil.i
2026-03-18 22:46:57 +0100: Memory Usage (455076K) : Starting 5.10 pSD table
2026-03-18 22:46:57 +0100: Memory Usage (455076K) : Executing rule pSD.c1
2026-03-18 22:46:57 +0100: Memory Usage (455076K) : Starting 5.14. Cont table
2026-03-18 22:46:57 +0100: Memory Usage (455076K) : Executing rule Cnt.a
2026-03-18 22:46:57 +0100: Memory Usage (455076K) : Executing rule Cnt.b
2026-03-18 22:46:57 +0100: Memory Usage (455076K) : Executing rule Cnt.c
2026-03-18 22:46:57 +0100: Memory Usage (455076K) : Executing rule Cnt.c
2026-03-18 22:46:57 +0100: Memory Usage (455076K) : Executing rule Cnt.d
2026-03-18 22:46:57 +0100: Memory Usage (455076K) : Executing rule Cnt.e
2026-03-18 22:46:57 +0100: Memory Usage (455076K) : Executing rule Cnt.g1
2026-03-18 22:46:57 +0100: Memory Usage (455076K) : Executing rule Cnt.g2
2026-03-18 22:46:57 +0100: Memory Usage (455076K) : Starting 5.15. ContBar table
2026-03-18 22:46:57 +0100: Memory Usage (455076K) : Executing rule CntB.b1
2026-03-18 22:46:57 +0100: Memory Usage (455076K) : Executing rule CntB.h1
2026-03-18 22:46:57 +0100: Memory Usage (455076K) : Starting 6.1.3 NPN Substrate-Tie table
2026-03-18 22:46:57 +0100: Memory Usage (455076K) : Executing rule npn13G2.bR 
2026-03-18 22:46:57 +0100: Memory Usage (455076K) : Executing rule npn13G2L.cR 
2026-03-18 22:46:57 +0100: Memory Usage (455076K) : Executing rule npn13G2V.cR 
2026-03-18 22:46:57 +0100: Memory Usage (455076K) : Starting 6.7 Schottky diode table
2026-03-18 22:46:57 +0100: Memory Usage (455076K) : Executing rule Sdiod.d
2026-03-18 22:46:57 +0100: Memory Usage (455076K) : Executing rule Sdiod.e
2026-03-18 22:46:57 +0100: Memory Usage (455076K) : Starting 7.2 Latch-up table
2026-03-18 22:46:57 +0100: Memory Usage (455076K) : Executing rule LU.b
2026-03-18 22:46:57 +0100: Memory Usage (455076K) : Starting 5.16. Metal1 table
2026-03-18 22:46:57 +0100: Memory Usage (455076K) : Executing rule M1.a
2026-03-18 22:46:57 +0100: Memory Usage (455076K) : Executing rule M1.b
2026-03-18 22:46:57 +0100: Memory Usage (455332K) : Executing rule M1.e
2026-03-18 22:46:57 +0100: Memory Usage (455332K) : Executing rule M1.f
2026-03-18 22:46:57 +0100: Memory Usage (455332K) : Executing rule M1.g
2026-03-18 22:46:57 +0100: Memory Usage (455332K) : Executing rule M1.i
2026-03-18 22:46:57 +0100: Memory Usage (455332K) : Starting 5.17 Metaln table
2026-03-18 22:46:57 +0100: Memory Usage (455332K) : Executing rule M2.a
2026-03-18 22:46:57 +0100: Memory Usage (455332K) : Executing rule M2.b
2026-03-18 22:46:57 +0100: Memory Usage (455332K) : Executing rule M2.e
2026-03-18 22:46:57 +0100: Memory Usage (455332K) : Executing rule M2.f
2026-03-18 22:46:57 +0100: Memory Usage (455332K) : Executing rule M2.g
2026-03-18 22:46:57 +0100: Memory Usage (455332K) : Executing rule M2.i
2026-03-18 22:46:57 +0100: Memory Usage (455332K) : Executing rule M3.a
2026-03-18 22:46:57 +0100: Memory Usage (455332K) : Executing rule M3.b
2026-03-18 22:46:57 +0100: Memory Usage (455332K) : Executing rule M3.e
2026-03-18 22:46:57 +0100: Memory Usage (455332K) : Executing rule M3.f
2026-03-18 22:46:57 +0100: Memory Usage (455332K) : Executing rule M3.g
2026-03-18 22:46:57 +0100: Memory Usage (455332K) : Executing rule M3.i
2026-03-18 22:46:57 +0100: Memory Usage (455332K) : Executing rule M4.a
2026-03-18 22:46:57 +0100: Memory Usage (455332K) : Executing rule M4.b
2026-03-18 22:46:57 +0100: Memory Usage (455332K) : Executing rule M4.e
2026-03-18 22:46:57 +0100: Memory Usage (455332K) : Executing rule M4.f
2026-03-18 22:46:57 +0100: Memory Usage (455332K) : Executing rule M4.g
2026-03-18 22:46:57 +0100: Memory Usage (455332K) : Executing rule M4.i
2026-03-18 22:46:57 +0100: Memory Usage (455332K) : Executing rule M5.a
2026-03-18 22:46:57 +0100: Memory Usage (455332K) : Executing rule M5.b
2026-03-18 22:46:57 +0100: Memory Usage (455332K) : Executing rule M5.e
2026-03-18 22:46:57 +0100: Memory Usage (455332K) : Executing rule M5.f
2026-03-18 22:46:57 +0100: Memory Usage (455332K) : Executing rule M5.g
2026-03-18 22:46:57 +0100: Memory Usage (455332K) : Executing rule M5.i
2026-03-18 22:46:57 +0100: Memory Usage (455332K) : Starting 5.18 Metaln:filler table
2026-03-18 22:46:57 +0100: Memory Usage (455332K) : Executing rule M1Fil.c
2026-03-18 22:46:57 +0100: Memory Usage (455332K) : Executing rule M1Fil.a2
2026-03-18 22:46:57 +0100: Memory Usage (455332K) : Executing rule M2Fil.c
2026-03-18 22:46:57 +0100: Memory Usage (455332K) : Executing rule M2Fil.a2
2026-03-18 22:46:57 +0100: Memory Usage (455332K) : Executing rule M3Fil.c
2026-03-18 22:46:57 +0100: Memory Usage (455332K) : Executing rule M3Fil.a2
2026-03-18 22:46:57 +0100: Memory Usage (455332K) : Executing rule M4Fil.c
2026-03-18 22:46:57 +0100: Memory Usage (455332K) : Executing rule M4Fil.a2
2026-03-18 22:46:57 +0100: Memory Usage (455332K) : Executing rule M5Fil.c
2026-03-18 22:46:57 +0100: Memory Usage (455332K) : Executing rule M5Fil.a2
2026-03-18 22:46:57 +0100: Memory Usage (455332K) : Starting 5.19. Via1 table
2026-03-18 22:46:57 +0100: Memory Usage (455332K) : Starting 5.19. Via1 table derivations
2026-03-18 22:46:57 +0100: Memory Usage (455332K) : Executing rule V1.a
2026-03-18 22:46:57 +0100: Memory Usage (455332K) : Executing rule V1.b
2026-03-18 22:46:57 +0100: Memory Usage (455332K) : Executing rule V1.c
2026-03-18 22:46:57 +0100: Memory Usage (455332K) : Starting 5.20. Vian table
2026-03-18 22:46:57 +0100: Memory Usage (455332K) : Executing rule V2.a
2026-03-18 22:46:57 +0100: Memory Usage (455332K) : Executing rule V2.b
2026-03-18 22:46:57 +0100: Memory Usage (455332K) : Executing rule V2.c
2026-03-18 22:46:57 +0100: Memory Usage (455332K) : Executing rule V3.a
2026-03-18 22:46:57 +0100: Memory Usage (455332K) : Executing rule V3.b
2026-03-18 22:46:57 +0100: Memory Usage (455332K) : Executing rule V3.c
2026-03-18 22:46:57 +0100: Memory Usage (455332K) : Executing rule V4.a
2026-03-18 22:46:57 +0100: Memory Usage (455332K) : Executing rule V4.b
2026-03-18 22:46:57 +0100: Memory Usage (455332K) : Executing rule V4.c
2026-03-18 22:46:57 +0100: Memory Usage (455332K) : Starting 5.21. TopVia1 table
2026-03-18 22:46:57 +0100: Memory Usage (455332K) : Executing rule TV1.a
2026-03-18 22:46:57 +0100: Memory Usage (455332K) : Executing rule TV1.b
2026-03-18 22:46:57 +0100: Memory Usage (455332K) : Executing rule TV1.c
2026-03-18 22:46:57 +0100: Memory Usage (455332K) : Executing rule TV1.d
2026-03-18 22:46:57 +0100: Memory Usage (455332K) : Starting 5.22. TopMetal1 table
2026-03-18 22:46:57 +0100: Memory Usage (455332K) : Executing rule TM1.a
2026-03-18 22:46:57 +0100: Memory Usage (455332K) : Executing rule TM1.b
2026-03-18 22:46:57 +0100: Memory Usage (455332K) : Starting 5.23 TopMetal1:filler table
2026-03-18 22:46:57 +0100: Memory Usage (455332K) : Executing rule TM1Fil.c
2026-03-18 22:46:57 +0100: Memory Usage (455332K) : Executing rule TM1Fil.a1
2026-03-18 22:46:57 +0100: Memory Usage (455332K) : Starting 5.24. TopVia2 table
2026-03-18 22:46:57 +0100: Memory Usage (455332K) : Executing rule TV2.a
2026-03-18 22:46:57 +0100: Memory Usage (455332K) : Executing rule TV2.b
2026-03-18 22:46:57 +0100: Memory Usage (455332K) : Executing rule TV2.c
2026-03-18 22:46:57 +0100: Memory Usage (455332K) : Executing rule TV2.d
2026-03-18 22:46:57 +0100: Memory Usage (455332K) : Starting 5.25. TopMetal2 table
2026-03-18 22:46:57 +0100: Memory Usage (455332K) : Executing rule TM2.a
2026-03-18 22:46:57 +0100: Memory Usage (455332K) : Executing rule TM2.b
2026-03-18 22:46:57 +0100: Memory Usage (455332K) : Executing rule TM2.bR
2026-03-18 22:46:57 +0100: Memory Usage (455332K) : Starting 5.26 TopMetal2:filler table
2026-03-18 22:46:57 +0100: Memory Usage (455332K) : Executing rule TM2Fil.c
2026-03-18 22:46:57 +0100: Memory Usage (455332K) : Executing rule TM2Fil.a1
2026-03-18 22:46:57 +0100: Memory Usage (455332K) : Starting 5.27. Passiv table
2026-03-18 22:46:57 +0100: Memory Usage (455332K) : Executing rule Pas.a
2026-03-18 22:46:57 +0100: Memory Usage (455332K) : Executing rule Pas.b
2026-03-18 22:46:57 +0100: Memory Usage (455332K) : Executing rule Pas.c
2026-03-18 22:46:57 +0100: Memory Usage (455332K) : Starting 6.9.2 Copper Pillar table
2026-03-18 22:46:57 +0100: Memory Usage (455332K) : Executing rule Padc.a
2026-03-18 22:46:57 +0100: Memory Usage (455332K) : Executing rule Padc.b
2026-03-18 22:46:57 +0100: Memory Usage (455332K) : Executing rule Padc.c
2026-03-18 22:46:57 +0100: Memory Usage (455332K) : Executing rule Padb.f
2026-03-18 22:46:57 +0100: Memory Usage (455332K) : Starting 6.9 Pad table
2026-03-18 22:46:57 +0100: Memory Usage (455332K) : Executing rule Pad.m
2026-03-18 22:46:57 +0100: Memory Usage (455332K) : Executing rule Pad.fR_M1
2026-03-18 22:46:57 +0100: Memory Usage (455332K) : Executing rule Pad.fR_M2
2026-03-18 22:46:57 +0100: Memory Usage (455332K) : Executing rule Pad.fR_M3
2026-03-18 22:46:57 +0100: Memory Usage (455332K) : Executing rule Pad.fR_M4
2026-03-18 22:46:57 +0100: Memory Usage (455332K) : Executing rule Pad.fR_M5
2026-03-18 22:46:58 +0100: Memory Usage (455332K) : Executing rule Pad.fR_TM1
2026-03-18 22:46:58 +0100: Memory Usage (455332K) : Executing rule Pad.fR_TM2
2026-03-18 22:46:58 +0100: Memory Usage (455332K) : Executing rule Pad.i
2026-03-18 22:46:58 +0100: Memory Usage (455332K) : Starting 6.9.1 Solder Bump
2026-03-18 22:46:58 +0100: Memory Usage (455332K) : Executing rule Padb.a
2026-03-18 22:46:58 +0100: Memory Usage (455332K) : Executing rule Padb.b
2026-03-18 22:46:58 +0100: Memory Usage (455332K) : Executing rule Padb.c
2026-03-18 22:46:58 +0100: Memory Usage (455332K) : Executing rule Padb.f
2026-03-18 22:46:58 +0100: Memory Usage (455332K) : Executing rule Padb.d
2026-03-18 22:46:58 +0100: Memory Usage (455332K) : Starting 6.10 Sealring table
2026-03-18 22:46:58 +0100: Memory Usage (455332K) : Executing rule Seal.l
2026-03-18 22:46:58 +0100: Memory Usage (455332K) : Executing rule Seal.n
2026-03-18 22:46:58 +0100: Memory Usage (455332K) : Executing rule seal.b_metal1
2026-03-18 22:46:58 +0100: Memory Usage (455332K) : Executing rule seal.b_metal2
2026-03-18 22:46:58 +0100: Memory Usage (455332K) : Executing rule seal.b_metal3
2026-03-18 22:46:58 +0100: Memory Usage (455332K) : Executing rule seal.b_metal4
2026-03-18 22:46:58 +0100: Memory Usage (455332K) : Executing rule seal.b_metal5
2026-03-18 22:46:58 +0100: Memory Usage (455332K) : Executing rule seal.b_topmetal1
2026-03-18 22:46:58 +0100: Memory Usage (455332K) : Executing rule seal.b_topmetal2
2026-03-18 22:46:58 +0100: Memory Usage (455332K) : Executing rule seal.b_activ
2026-03-18 22:46:58 +0100: Memory Usage (455332K) : Executing rule seal.b_psd
2026-03-18 22:46:58 +0100: Memory Usage (455332K) : Executing rule Seal.k
2026-03-18 22:46:58 +0100: Memory Usage (455332K) : Executing rule Seal.m
2026-03-18 22:46:58 +0100: Memory Usage (455332K) : Starting 6.11 MIM table
2026-03-18 22:46:58 +0100: Memory Usage (455332K) : Executing rule MIM.c
2026-03-18 22:46:58 +0100: Memory Usage (455332K) : Executing rule MIM.d
2026-03-18 22:46:58 +0100: Memory Usage (455332K) : Executing rule MIM.gR
2026-03-18 22:46:58 +0100: Memory Usage (455332K) : Starting 7.3 Metal Slits table
2026-03-18 22:46:58 +0100: Memory Usage (455332K) : Executing rule Slt.e1_M1
2026-03-18 22:46:58 +0100: Memory Usage (455332K) : Executing rule Slt.e1_M2
2026-03-18 22:46:58 +0100: Memory Usage (455332K) : Executing rule Slt.e1_M3
2026-03-18 22:46:58 +0100: Memory Usage (455332K) : Executing rule Slt.e1_M4
2026-03-18 22:46:58 +0100: Memory Usage (455332K) : Executing rule Slt.e1_M5
2026-03-18 22:46:58 +0100: Memory Usage (455332K) : Executing rule Slt.e1_TM1
2026-03-18 22:46:58 +0100: Memory Usage (455332K) : Executing rule Slt.e1_TM2
2026-03-18 22:46:58 +0100: Memory Usage (455332K) : Starting 9.1. LBE table
2026-03-18 22:46:58 +0100: Memory Usage (455332K) : Executing rule LBE.a
2026-03-18 22:46:58 +0100: Memory Usage (455332K) : Executing rule LBE.b
2026-03-18 22:46:58 +0100: Memory Usage (455332K) : Executing rule LBE.b1
2026-03-18 22:46:58 +0100: Memory Usage (455332K) : Executing rule LBE.c
2026-03-18 22:46:58 +0100: Memory Usage (455332K) : Executing rule LBE.d
2026-03-18 22:46:58 +0100: Memory Usage (455332K) : Executing rule LBE.h
2026-03-18 22:46:58 +0100: Memory Usage (455332K) : Starting 7.4. PIN table
2026-03-18 22:46:58 +0100: Memory Usage (455332K) : Executing rule Pin.a
2026-03-18 22:46:58 +0100: Memory Usage (455332K) : Executing rule Pin.b
2026-03-18 22:46:58 +0100: Memory Usage (455332K) : Executing rule Pin.e
2026-03-18 22:46:58 +0100: Memory Usage (455332K) : Executing rule Pin.f_M2
2026-03-18 22:46:58 +0100: Memory Usage (455332K) : Executing rule Pin.f_M3
2026-03-18 22:46:58 +0100: Memory Usage (455332K) : Executing rule Pin.f_M4
2026-03-18 22:46:58 +0100: Memory Usage (455332K) : Executing rule Pin.f_M5
2026-03-18 22:46:58 +0100: Memory Usage (455332K) : Executing rule Pin.g
2026-03-18 22:46:58 +0100: Memory Usage (455332K) : Executing rule Pin.h
2026-03-18 22:46:58 +0100: Memory Usage (455332K) : Starting 3.2. FORBIDDEN table
2026-03-18 22:46:58 +0100: Memory Usage (455332K) : Executing rule forbidden.biwind
2026-03-18 22:46:58 +0100: Memory Usage (455332K) : Executing rule forbidden.pemwind
2026-03-18 22:46:58 +0100: Memory Usage (455332K) : Executing rule forbidden.baspoly
2026-03-18 22:46:58 +0100: Memory Usage (455332K) : Executing rule forbidden.deepco
2026-03-18 22:46:58 +0100: Memory Usage (455332K) : Executing rule forbidden.pempoly
2026-03-18 22:46:58 +0100: Memory Usage (455332K) : Executing rule forbidden.empoly
2026-03-18 22:46:58 +0100: Memory Usage (455332K) : Executing rule forbidden.ldmos
2026-03-18 22:46:58 +0100: Memory Usage (455332K) : Executing rule forbidden.pbiwind
2026-03-18 22:46:58 +0100: Memory Usage (455332K) : Executing rule forbidden.nodrc
2026-03-18 22:46:58 +0100: Memory Usage (455332K) : Executing rule forbidden.flash
2026-03-18 22:46:58 +0100: Memory Usage (455332K) : Executing rule forbidden.colwind
2026-03-18 22:46:58 +0100: Memory Usage (455332K) : KLayout DRC run for tables 'main' completed in 0.88 seconds
