Netgen 1.5.316 compiled on Mon Mar  9 09:43:20 PM CET 2026
Warning: netgen command 'format' use fully-qualified name '::netgen::format'
Warning: netgen command 'global' use fully-qualified name '::netgen::global'
Call to undefined subcircuit cap_cmim
Creating placeholder cell definition.
Call to undefined subcircuit sg13_hv_pmos
Creating placeholder cell definition.
Call to undefined subcircuit sg13_hv_nmos
Creating placeholder cell definition.
Call to undefined subcircuit sg13_lv_pmos
Creating placeholder cell definition.
Call to undefined subcircuit sg13_lv_nmos
Creating placeholder cell definition.
Call to undefined subcircuit neuron_row
Creating placeholder cell definition.
Call to undefined subcircuit analog_buffer
Creating placeholder cell definition.
Call to undefined subcircuit mux21
Creating placeholder cell definition.
Call to undefined subcircuit sg13g2_tiehi
Creating placeholder cell definition.
Call to undefined subcircuit sg13g2_tielo
Creating placeholder cell definition.
Call to undefined subcircuit neuron_noahp
Creating placeholder cell definition.
Call to undefined subcircuit V2I
Creating placeholder cell definition.
Call to undefined subcircuit tg_lv
Creating placeholder cell definition.
Call to undefined subcircuit inv
Creating placeholder cell definition.
Call to undefined subcircuit DPI
Creating placeholder cell definition.
Call to undefined subcircuit FB_system
Creating placeholder cell definition.
Call to undefined subcircuit REF_system
Creating placeholder cell definition.
Call to undefined subcircuit inv_lv
Creating placeholder cell definition.

Reading setup file /foss/pdks/ihp-sg13g2/libs.tech/netgen/ihp-sg13g2_setup.tcl

No property as found for device sg13_hv_pmos
No property ad found for device sg13_hv_pmos
No property ps found for device sg13_hv_pmos
No property pd found for device sg13_hv_pmos
No property as found for device sg13_lv_pmos
No property ad found for device sg13_lv_pmos
No property ps found for device sg13_lv_pmos
No property pd found for device sg13_lv_pmos
No property as found for device sg13_hv_nmos
No property ad found for device sg13_hv_nmos
No property ps found for device sg13_hv_nmos
No property pd found for device sg13_hv_nmos
No property as found for device sg13_lv_nmos
No property ad found for device sg13_lv_nmos
No property ps found for device sg13_lv_nmos
No property pd found for device sg13_lv_nmos
No property area found for device cap_cmim
Model sg13_hv_nmos pin 1 == 3
No property ng found for device sg13_hv_nmos
No property trise found for device sg13_hv_nmos
No property z1 found for device sg13_hv_nmos
No property z2 found for device sg13_hv_nmos
No property wmin found for device sg13_hv_nmos
No property rfmode found for device sg13_hv_nmos
No property pre_layout found for device sg13_hv_nmos
No such pin 1 in model sg13_hv_nmos
No property as found for device sg13_hv_nmos
No property ad found for device sg13_hv_nmos
No property pd found for device sg13_hv_nmos
No property ps found for device sg13_hv_nmos
No property trise found for device sg13_hv_nmos
No property z1 found for device sg13_hv_nmos
No property z2 found for device sg13_hv_nmos
No property wmin found for device sg13_hv_nmos
No property rfmode found for device sg13_hv_nmos
No property pre_layout found for device sg13_hv_nmos
Model sg13_hv_pmos pin 1 == 3
No property ng found for device sg13_hv_pmos
No property trise found for device sg13_hv_pmos
No property z1 found for device sg13_hv_pmos
No property z2 found for device sg13_hv_pmos
No property wmin found for device sg13_hv_pmos
No property rfmode found for device sg13_hv_pmos
No property pre_layout found for device sg13_hv_pmos
No such pin 1 in model sg13_hv_pmos
No property as found for device sg13_hv_pmos
No property ad found for device sg13_hv_pmos
No property pd found for device sg13_hv_pmos
No property ps found for device sg13_hv_pmos
No property trise found for device sg13_hv_pmos
No property z1 found for device sg13_hv_pmos
No property z2 found for device sg13_hv_pmos
No property wmin found for device sg13_hv_pmos
No property rfmode found for device sg13_hv_pmos
No property pre_layout found for device sg13_hv_pmos
Model sg13_lv_nmos pin 1 == 3
No property ng found for device sg13_lv_nmos
No property trise found for device sg13_lv_nmos
No property z1 found for device sg13_lv_nmos
No property z2 found for device sg13_lv_nmos
No property wmin found for device sg13_lv_nmos
No property rfmode found for device sg13_lv_nmos
No property pre_layout found for device sg13_lv_nmos
No such pin 1 in model sg13_lv_nmos
No property as found for device sg13_lv_nmos
No property ad found for device sg13_lv_nmos
No property pd found for device sg13_lv_nmos
No property ps found for device sg13_lv_nmos
No property trise found for device sg13_lv_nmos
No property z1 found for device sg13_lv_nmos
No property z2 found for device sg13_lv_nmos
No property wmin found for device sg13_lv_nmos
No property rfmode found for device sg13_lv_nmos
No property pre_layout found for device sg13_lv_nmos
Model sg13_lv_pmos pin 1 == 3
No property ng found for device sg13_lv_pmos
No property trise found for device sg13_lv_pmos
No property z1 found for device sg13_lv_pmos
No property z2 found for device sg13_lv_pmos
No property wmin found for device sg13_lv_pmos
No property rfmode found for device sg13_lv_pmos
No property pre_layout found for device sg13_lv_pmos
No such pin 1 in model sg13_lv_pmos
No property as found for device sg13_lv_pmos
No property ad found for device sg13_lv_pmos
No property pd found for device sg13_lv_pmos
No property ps found for device sg13_lv_pmos
No property trise found for device sg13_lv_pmos
No property z1 found for device sg13_lv_pmos
No property z2 found for device sg13_lv_pmos
No property wmin found for device sg13_lv_pmos
No property rfmode found for device sg13_lv_pmos
No property pre_layout found for device sg13_lv_pmos
No property ic found for device cap_cmim
No property ic found for device cap_cmim
Comparison output logged to file chip_top_comp.out
Logging to file "chip_top_comp.out" enabled

Contents of circuit 1:  Circuit: 'cap_cmim'
Circuit cap_cmim contains 0 device instances.
Circuit contains 0 nets.
Contents of circuit 2:  Circuit: 'cap_cmim'
Circuit cap_cmim contains 0 device instances.
Circuit contains 0 nets, and 2 disconnected pins.

Circuit cap_cmim contains no devices.

Contents of circuit 1:  Circuit: 'sg13_hv_pmos'
Circuit sg13_hv_pmos contains 0 device instances.
Circuit contains 0 nets.
Contents of circuit 2:  Circuit: 'sg13_hv_pmos'
Circuit sg13_hv_pmos contains 0 device instances.
Circuit contains 0 nets, and 4 disconnected pins.

Circuit sg13_hv_pmos contains no devices.

Contents of circuit 1:  Circuit: 'sg13_hv_nmos'
Circuit sg13_hv_nmos contains 0 device instances.
Circuit contains 0 nets.
Contents of circuit 2:  Circuit: 'sg13_hv_nmos'
Circuit sg13_hv_nmos contains 0 device instances.
Circuit contains 0 nets, and 4 disconnected pins.

Circuit sg13_hv_nmos contains no devices.

Contents of circuit 1:  Circuit: 'sg13_lv_pmos'
Circuit sg13_lv_pmos contains 0 device instances.
Circuit contains 0 nets.
Contents of circuit 2:  Circuit: 'sg13_lv_pmos'
Circuit sg13_lv_pmos contains 0 device instances.
Circuit contains 0 nets, and 4 disconnected pins.

Circuit sg13_lv_pmos contains no devices.

Contents of circuit 1:  Circuit: 'sg13_lv_nmos'
Circuit sg13_lv_nmos contains 0 device instances.
Circuit contains 0 nets.
Contents of circuit 2:  Circuit: 'sg13_lv_nmos'
Circuit sg13_lv_nmos contains 0 device instances.
Circuit contains 0 nets, and 4 disconnected pins.

Circuit sg13_lv_nmos contains no devices.

Contents of circuit 1:  Circuit: 'neuron_row'
Circuit neuron_row contains 244 device instances.
  Class: sg13_hv_pmos          instances: 142
  Class: sg13_hv_nmos          instances: 100
  Class: cap_cmim              instances:   2
Circuit contains 994 nets.
Contents of circuit 2:  Circuit: 'neuron_row'
Circuit neuron_row contains 51 device instances.
  Class: sg13_hv_pmos          instances:  26
  Class: sg13_hv_nmos          instances:  23
  Class: cap_cmim              instances:   2
Circuit contains 225 nets.

Circuit was modified by parallel/series device merging.
New circuit summary:

Contents of circuit 1:  Circuit: 'neuron_row'
Circuit neuron_row contains 34 device instances.
  Class: sg13_hv_pmos          instances:  19
  Class: sg13_hv_nmos          instances:  13
  Class: cap_cmim              instances:   2
Circuit contains 994 nets.
Contents of circuit 2:  Circuit: 'neuron_row'
Circuit neuron_row contains 37 device instances.
  Class: sg13_hv_pmos          instances:  21
  Class: sg13_hv_nmos          instances:  14
  Class: cap_cmim              instances:   2
Circuit contains 225 nets.

Circuit 1 contains 34 devices, Circuit 2 contains 37 devices. *** MISMATCH ***
Circuit 1 contains 154 nets,    Circuit 2 contains 169 nets. *** MISMATCH ***

  Flattening non-matched subcircuits neuron_row neuron_row

Flattening instances of neuron_row in file chip_top_layout.spice
Flattening instances of neuron_row in file chip_top.spice

Contents of circuit 1:  Circuit: 'analog_buffer'
Circuit analog_buffer contains 168 device instances.
  Class: sg13_hv_pmos          instances: 144
  Class: sg13_hv_nmos          instances:  24
Circuit contains 679 nets.
Contents of circuit 2:  Circuit: 'analog_buffer'
Circuit analog_buffer contains 10 device instances.
  Class: sg13_hv_pmos          instances:   6
  Class: sg13_hv_nmos          instances:   4
Circuit contains 47 nets.

Circuit was modified by parallel/series device merging.
New circuit summary:

Contents of circuit 1:  Circuit: 'analog_buffer'
Circuit analog_buffer contains 8 device instances.
  Class: sg13_hv_pmos          instances:   5
  Class: sg13_hv_nmos          instances:   3
Circuit contains 679 nets.
Contents of circuit 2:  Circuit: 'analog_buffer'
Circuit analog_buffer contains 8 device instances.
  Class: sg13_hv_pmos          instances:   5
  Class: sg13_hv_nmos          instances:   3
Circuit contains 47 nets.

Circuit 1 contains 8 devices, Circuit 2 contains 8 devices.
Circuit 1 contains 39 nets,    Circuit 2 contains 39 nets.

  Flattening non-matched subcircuits analog_buffer analog_buffer

Flattening instances of analog_buffer in file chip_top_layout.spice
Flattening instances of analog_buffer in file chip_top.spice

Contents of circuit 1:  Circuit: 'chip_top'
Circuit chip_top contains 510 device instances.
  Class: sg13_hv_pmos          instances: 219
  Class: sg13_lv_pmos          instances:  52
  Class: sg13_hv_nmos          instances: 149
  Class: sg13_lv_nmos          instances:  52
  Class: cap_cmim              instances:  38
Circuit contains 12720 nets, and 8 disconnected pins.
Contents of circuit 2:  Circuit: 'chip_top'
Circuit chip_top contains 499 device instances.
  Class: sg13_hv_pmos          instances: 241
  Class: sg13_lv_pmos          instances:  34
  Class: sg13_hv_nmos          instances: 160
  Class: sg13_lv_nmos          instances:  34
  Class: cap_cmim              instances:  30
Circuit contains 2836 nets, and 3 disconnected pins.

Circuit was modified by parallel/series device merging.
New circuit summary:

Contents of circuit 1:  Circuit: 'chip_top'
Circuit chip_top contains 433 device instances.
  Class: sg13_hv_pmos          instances: 207
  Class: sg13_lv_pmos          instances:  31
  Class: sg13_hv_nmos          instances: 137
  Class: sg13_lv_nmos          instances:  31
  Class: cap_cmim              instances:  27
Circuit contains 12720 nets, and 8 disconnected pins.
Contents of circuit 2:  Circuit: 'chip_top'
Circuit chip_top contains 466 device instances.
  Class: sg13_hv_pmos          instances: 229
  Class: sg13_lv_pmos          instances:  31
  Class: sg13_hv_nmos          instances: 148
  Class: sg13_lv_nmos          instances:  31
  Class: cap_cmim              instances:  27
Circuit contains 2836 nets, and 3 disconnected pins.

Circuit 1 contains 433 devices, Circuit 2 contains 466 devices. *** MISMATCH ***
Circuit 1 contains 1914 nets,    Circuit 2 contains 2078 nets. *** MISMATCH ***


Final result: 
Top level cell failed pin matching.

Logging to file "chip_top_comp.out" disabled
LVS Done.
