# Logfile created on 2026-03-18 22:26:59 +0100 by logger.rb/v1.5.3
2026-03-18 22:26:59 +0100: Memory Usage (439092K) : Starting running SG13G2 Klayout LVS runset on /foss/designs/ttihp26a-adex-neuron-ncs/klayout/mux.gds
2026-03-18 22:26:59 +0100: Memory Usage (439092K) : Ruby Version for klayout: 3.2.3
2026-03-18 22:26:59 +0100: Memory Usage (440336K) : Loading database to memory is complete.
2026-03-18 22:26:59 +0100: Memory Usage (440336K) : SG13G2 Klayout LVS runset output at: /foss/designs/ttihp26a-adex-neuron-ncs/klayout/lvs_run_mux21_2026_03_18_22_26_57/mux.lvsdb
2026-03-18 22:26:59 +0100: Memory Usage (440336K) : Evaluate switches.
2026-03-18 22:26:59 +0100: Memory Usage (440336K) : Extracted netlist with net names: true
2026-03-18 22:26:59 +0100: Memory Usage (440336K) : Extracted netlist with comments in details: false
2026-03-18 22:26:59 +0100: Memory Usage (440336K) : Selected NET_ONLY option: false
2026-03-18 22:26:59 +0100: Memory Usage (440336K) : Selected LAYOUT_NETLIST option: (none)
2026-03-18 22:26:59 +0100: Memory Usage (440336K) : Selected IGNORE_TOP_PORTS_MISMATCH option: 
2026-03-18 22:26:59 +0100: Memory Usage (440336K) : Selected IMPLICIT_NETS option: (none)
2026-03-18 22:26:59 +0100: Memory Usage (440336K) : Selected TOP_LVL_PINS option: false
2026-03-18 22:26:59 +0100: Memory Usage (440336K) : Selected COMBINE DEVICES option: false
2026-03-18 22:26:59 +0100: Memory Usage (440336K) : Selected PURGE option: false
2026-03-18 22:26:59 +0100: Memory Usage (440720K) : Selected PURGE_NETS option: false
2026-03-18 22:26:59 +0100: Memory Usage (440720K) : Selected SIMPLIFY option: true
2026-03-18 22:26:59 +0100: Memory Usage (440720K) : Selected SERIES_RES option: true
2026-03-18 22:26:59 +0100: Memory Usage (440720K) : Selected PARALLEL_RES option: true
2026-03-18 22:26:59 +0100: Memory Usage (440720K) : flat  mode is enabled.
2026-03-18 22:26:59 +0100: Memory Usage (441104K) : Netlist file: /foss/designs/ttihp26a-adex-neuron-ncs/xschem/simulation/mux21.spice
2026-03-18 22:26:59 +0100: Memory Usage (441104K) : LVS extracted netlist at: /foss/designs/ttihp26a-adex-neuron-ncs/klayout/lvs_run_mux21_2026_03_18_22_26_57/mux_extracted.cir
2026-03-18 22:26:59 +0100: Memory Usage (441104K) : Applying SRAM integration support.
2026-03-18 22:26:59 +0100: Memory Usage (441104K) : Starting SG13G2 LVS runset
2026-03-18 22:26:59 +0100: Memory Usage (441104K) : Read in polygons from layers.
2026-03-18 22:26:59 +0100: Memory Usage (441900K) : activ_drw has 32 polygons
2026-03-18 22:26:59 +0100: Memory Usage (441900K) : activ_filler has 0 polygons
2026-03-18 22:26:59 +0100: Memory Usage (441900K) : activ has 32 polygons
2026-03-18 22:26:59 +0100: Memory Usage (441900K) : activ_pin has 0 polygons
2026-03-18 22:26:59 +0100: Memory Usage (441900K) : activ_mask has 0 polygons
2026-03-18 22:26:59 +0100: Memory Usage (441900K) : activ_nofill has 0 polygons
2026-03-18 22:26:59 +0100: Memory Usage (442284K) : activ_OPC has 0 polygons
2026-03-18 22:26:59 +0100: Memory Usage (442284K) : activ_iOPC has 0 polygons
2026-03-18 22:26:59 +0100: Memory Usage (442284K) : activ_noqrc has 0 polygons
2026-03-18 22:26:59 +0100: Memory Usage (442284K) : biwind_drw has 0 polygons
2026-03-18 22:26:59 +0100: Memory Usage (442284K) : biwind_OPC has 0 polygons
2026-03-18 22:26:59 +0100: Memory Usage (442284K) : gatpoly_drw has 24 polygons
2026-03-18 22:26:59 +0100: Memory Usage (442284K) : gatpoly_filler has 0 polygons
2026-03-18 22:26:59 +0100: Memory Usage (442284K) : gatpoly has 24 polygons
2026-03-18 22:26:59 +0100: Memory Usage (442284K) : gatpoly_pin has 0 polygons
2026-03-18 22:26:59 +0100: Memory Usage (442284K) : gatpoly_nofill has 0 polygons
2026-03-18 22:26:59 +0100: Memory Usage (442284K) : gatpoly_OPC has 0 polygons
2026-03-18 22:26:59 +0100: Memory Usage (442668K) : gatpoly_iOPC has 0 polygons
2026-03-18 22:26:59 +0100: Memory Usage (442668K) : gatpoly_noqrc has 0 polygons
2026-03-18 22:26:59 +0100: Memory Usage (443052K) : cont_drw has 560 polygons
2026-03-18 22:26:59 +0100: Memory Usage (443052K) : cont_OPC has 0 polygons
2026-03-18 22:26:59 +0100: Memory Usage (443052K) : nsd_drw has 0 polygons
2026-03-18 22:26:59 +0100: Memory Usage (443052K) : nsd_block has 0 polygons
2026-03-18 22:26:59 +0100: Memory Usage (443436K) : metal1_drw has 80 polygons
2026-03-18 22:26:59 +0100: Memory Usage (443436K) : metal1_filler has 0 polygons
2026-03-18 22:26:59 +0100: Memory Usage (443436K) : metal1_slit has 0 polygons
2026-03-18 22:26:59 +0100: Memory Usage (443820K) : metal1 has 80 polygons
2026-03-18 22:26:59 +0100: Memory Usage (443820K) : metal1_pin has 0 polygons
2026-03-18 22:26:59 +0100: Memory Usage (443820K) : metal1_mask has 0 polygons
2026-03-18 22:26:59 +0100: Memory Usage (444204K) : metal1_nofill has 0 polygons
2026-03-18 22:26:59 +0100: Memory Usage (444204K) : metal1_text has 0 polygons
2026-03-18 22:26:59 +0100: Memory Usage (444204K) : metal1_OPC has 0 polygons
2026-03-18 22:26:59 +0100: Memory Usage (444588K) : metal1_noqrc has 0 polygons
2026-03-18 22:26:59 +0100: Memory Usage (444588K) : metal1_res has 0 polygons
2026-03-18 22:26:59 +0100: Memory Usage (444588K) : metal1_iprobe has 0 polygons
2026-03-18 22:26:59 +0100: Memory Usage (444972K) : metal1_diffprb has 0 polygons
2026-03-18 22:26:59 +0100: Memory Usage (444972K) : passiv_drw has 0 polygons
2026-03-18 22:26:59 +0100: Memory Usage (444972K) : passiv_pin has 0 polygons
2026-03-18 22:26:59 +0100: Memory Usage (445356K) : passiv_sbump has 0 polygons
2026-03-18 22:26:59 +0100: Memory Usage (445356K) : passiv_pillar has 0 polygons
2026-03-18 22:26:59 +0100: Memory Usage (445356K) : passiv_pdl has 0 polygons
2026-03-18 22:26:59 +0100: Memory Usage (445740K) : metal2_drw has 76 polygons
2026-03-18 22:26:59 +0100: Memory Usage (445740K) : metal2_filler has 0 polygons
2026-03-18 22:26:59 +0100: Memory Usage (445740K) : metal2_slit has 0 polygons
2026-03-18 22:26:59 +0100: Memory Usage (446124K) : metal2 has 76 polygons
2026-03-18 22:26:59 +0100: Memory Usage (446124K) : metal2_pin has 0 polygons
2026-03-18 22:26:59 +0100: Memory Usage (446124K) : metal2_mask has 0 polygons
2026-03-18 22:26:59 +0100: Memory Usage (446508K) : metal2_nofill has 0 polygons
2026-03-18 22:26:59 +0100: Memory Usage (446508K) : metal2_text has 0 polygons
2026-03-18 22:26:59 +0100: Memory Usage (446508K) : metal2_OPC has 0 polygons
2026-03-18 22:26:59 +0100: Memory Usage (446892K) : metal2_noqrc has 0 polygons
2026-03-18 22:26:59 +0100: Memory Usage (446892K) : metal2_res has 0 polygons
2026-03-18 22:26:59 +0100: Memory Usage (446892K) : metal2_iprobe has 0 polygons
2026-03-18 22:26:59 +0100: Memory Usage (447276K) : metal2_diffprb has 0 polygons
2026-03-18 22:26:59 +0100: Memory Usage (447276K) : baspoly_drw has 0 polygons
2026-03-18 22:26:59 +0100: Memory Usage (447276K) : baspoly_pin has 0 polygons
2026-03-18 22:26:59 +0100: Memory Usage (447660K) : psd_drw has 16 polygons
2026-03-18 22:26:59 +0100: Memory Usage (447660K) : nldb_drw has 0 polygons
2026-03-18 22:26:59 +0100: Memory Usage (447660K) : digibnd_drw has 0 polygons
2026-03-18 22:26:59 +0100: Memory Usage (448044K) : via1_drw has 460 polygons
2026-03-18 22:26:59 +0100: Memory Usage (448044K) : backmetal1_drw has 0 polygons
2026-03-18 22:26:59 +0100: Memory Usage (448428K) : backmetal1_pin has 0 polygons
2026-03-18 22:26:59 +0100: Memory Usage (448428K) : backmetal1_mask has 0 polygons
2026-03-18 22:26:59 +0100: Memory Usage (448428K) : backmetal1_filler has 0 polygons
2026-03-18 22:26:59 +0100: Memory Usage (448812K) : backmetal1_nofill has 0 polygons
2026-03-18 22:26:59 +0100: Memory Usage (448812K) : backmetal1_slit has 0 polygons
2026-03-18 22:26:59 +0100: Memory Usage (448812K) : backmetal1_text has 0 polygons
2026-03-18 22:26:59 +0100: Memory Usage (449196K) : backmetal1_OPC has 0 polygons
2026-03-18 22:26:59 +0100: Memory Usage (449196K) : backmetal1_noqrc has 0 polygons
2026-03-18 22:26:59 +0100: Memory Usage (449196K) : backmetal1_res has 0 polygons
2026-03-18 22:26:59 +0100: Memory Usage (449580K) : backmetal1_iprobe has 0 polygons
2026-03-18 22:26:59 +0100: Memory Usage (449580K) : backmetal1_diffprb has 0 polygons
2026-03-18 22:26:59 +0100: Memory Usage (449580K) : backpassiv_drw has 0 polygons
2026-03-18 22:26:59 +0100: Memory Usage (449964K) : res_drw has 0 polygons
2026-03-18 22:26:59 +0100: Memory Usage (449964K) : sram_drw has 0 polygons
2026-03-18 22:26:59 +0100: Memory Usage (449964K) : trans_drw has 0 polygons
2026-03-18 22:26:59 +0100: Memory Usage (450348K) : ind_drw has 0 polygons
2026-03-18 22:26:59 +0100: Memory Usage (450348K) : ind_pin has 0 polygons
2026-03-18 22:26:59 +0100: Memory Usage (450348K) : ind_text has 0 polygons
2026-03-18 22:26:59 +0100: Memory Usage (450348K) : salblock_drw has 0 polygons
2026-03-18 22:26:59 +0100: Memory Usage (450732K) : via2_drw has 58 polygons
2026-03-18 22:26:59 +0100: Memory Usage (450732K) : metal3_drw has 19 polygons
2026-03-18 22:26:59 +0100: Memory Usage (451116K) : metal3_filler has 0 polygons
2026-03-18 22:26:59 +0100: Memory Usage (451116K) : metal3_slit has 0 polygons
2026-03-18 22:26:59 +0100: Memory Usage (451116K) : metal3 has 19 polygons
2026-03-18 22:26:59 +0100: Memory Usage (451500K) : metal3_pin has 2 polygons
2026-03-18 22:26:59 +0100: Memory Usage (451500K) : metal3_mask has 0 polygons
2026-03-18 22:26:59 +0100: Memory Usage (451500K) : metal3_nofill has 0 polygons
2026-03-18 22:26:59 +0100: Memory Usage (451500K) : metal3_text has 2 polygons
2026-03-18 22:26:59 +0100: Memory Usage (451884K) : metal3_OPC has 0 polygons
2026-03-18 22:26:59 +0100: Memory Usage (451884K) : metal3_noqrc has 0 polygons
2026-03-18 22:26:59 +0100: Memory Usage (451884K) : metal3_res has 0 polygons
2026-03-18 22:26:59 +0100: Memory Usage (452268K) : metal3_iprobe has 0 polygons
2026-03-18 22:26:59 +0100: Memory Usage (452268K) : metal3_diffprb has 0 polygons
2026-03-18 22:26:59 +0100: Memory Usage (452268K) : nwell_drw has 2 polygons
2026-03-18 22:26:59 +0100: Memory Usage (452652K) : nwell_pin has 0 polygons
2026-03-18 22:26:59 +0100: Memory Usage (452652K) : nwell_text has 0 polygons
2026-03-18 22:26:59 +0100: Memory Usage (452652K) : nbulay_drw has 0 polygons
2026-03-18 22:26:59 +0100: Memory Usage (452652K) : nbulay_pin has 0 polygons
2026-03-18 22:26:59 +0100: Memory Usage (453036K) : nbulay_block has 0 polygons
2026-03-18 22:26:59 +0100: Memory Usage (453036K) : emwind_drw has 0 polygons
2026-03-18 22:26:59 +0100: Memory Usage (453036K) : emwind_OPC has 0 polygons
2026-03-18 22:26:59 +0100: Memory Usage (453420K) : deepco_drw has 0 polygons
2026-03-18 22:26:59 +0100: Memory Usage (453420K) : mim_drw has 0 polygons
2026-03-18 22:26:59 +0100: Memory Usage (453420K) : edgeseal_drw has 0 polygons
2026-03-18 22:26:59 +0100: Memory Usage (453804K) : substrate_drw has 0 polygons
2026-03-18 22:26:59 +0100: Memory Usage (453804K) : substrate_text has 0 polygons
2026-03-18 22:26:59 +0100: Memory Usage (453804K) : dfpad_drw has 0 polygons
2026-03-18 22:26:59 +0100: Memory Usage (453804K) : dfpad_pillar has 0 polygons
2026-03-18 22:26:59 +0100: Memory Usage (454188K) : dfpad_sbump has 0 polygons
2026-03-18 22:26:59 +0100: Memory Usage (454188K) : thickgateox_drw has 0 polygons
2026-03-18 22:26:59 +0100: Memory Usage (454188K) : pldb_drw has 0 polygons
2026-03-18 22:26:59 +0100: Memory Usage (454572K) : pwell_drw has 0 polygons
2026-03-18 22:26:59 +0100: Memory Usage (454572K) : pwell_pin has 0 polygons
2026-03-18 22:26:59 +0100: Memory Usage (454572K) : pwell_block has 0 polygons
2026-03-18 22:26:59 +0100: Memory Usage (454956K) : ic_drw has 0 polygons
2026-03-18 22:26:59 +0100: Memory Usage (454956K) : via3_drw has 34 polygons
2026-03-18 22:26:59 +0100: Memory Usage (454956K) : metal4_drw has 7 polygons
2026-03-18 22:26:59 +0100: Memory Usage (454956K) : metal4_filler has 0 polygons
2026-03-18 22:26:59 +0100: Memory Usage (455340K) : metal4_slit has 0 polygons
2026-03-18 22:26:59 +0100: Memory Usage (455340K) : metal4 has 7 polygons
2026-03-18 22:26:59 +0100: Memory Usage (455340K) : metal4_pin has 5 polygons
2026-03-18 22:26:59 +0100: Memory Usage (455724K) : metal4_mask has 0 polygons
2026-03-18 22:26:59 +0100: Memory Usage (455724K) : metal4_nofill has 0 polygons
2026-03-18 22:26:59 +0100: Memory Usage (455724K) : metal4_text has 5 polygons
2026-03-18 22:26:59 +0100: Memory Usage (455724K) : metal4_OPC has 0 polygons
2026-03-18 22:26:59 +0100: Memory Usage (456108K) : metal4_noqrc has 0 polygons
2026-03-18 22:26:59 +0100: Memory Usage (456108K) : metal4_res has 0 polygons
2026-03-18 22:26:59 +0100: Memory Usage (456108K) : metal4_iprobe has 0 polygons
2026-03-18 22:26:59 +0100: Memory Usage (456492K) : metal4_diffprb has 0 polygons
2026-03-18 22:26:59 +0100: Memory Usage (456492K) : heattrans_drw has 0 polygons
2026-03-18 22:26:59 +0100: Memory Usage (456492K) : heatres_drw has 0 polygons
2026-03-18 22:26:59 +0100: Memory Usage (456876K) : fbe_drw has 0 polygons
2026-03-18 22:26:59 +0100: Memory Usage (456876K) : empoly_drw has 0 polygons
2026-03-18 22:26:59 +0100: Memory Usage (456876K) : digisub_drw has 0 polygons
2026-03-18 22:26:59 +0100: Memory Usage (457260K) : text_drw has 0 polygons
2026-03-18 22:26:59 +0100: Memory Usage (457260K) : via4_drw has 0 polygons
2026-03-18 22:26:59 +0100: Memory Usage (457260K) : metal5_drw has 0 polygons
2026-03-18 22:26:59 +0100: Memory Usage (457260K) : metal5_filler has 0 polygons
2026-03-18 22:26:59 +0100: Memory Usage (457644K) : metal5_slit has 0 polygons
2026-03-18 22:26:59 +0100: Memory Usage (457644K) : metal5 has 0 polygons
2026-03-18 22:26:59 +0100: Memory Usage (457644K) : metal5_pin has 0 polygons
2026-03-18 22:26:59 +0100: Memory Usage (457644K) : metal5_mask has 0 polygons
2026-03-18 22:26:59 +0100: Memory Usage (458028K) : metal5_nofill has 0 polygons
2026-03-18 22:26:59 +0100: Memory Usage (458028K) : metal5_text has 0 polygons
2026-03-18 22:26:59 +0100: Memory Usage (458028K) : metal5_OPC has 0 polygons
2026-03-18 22:26:59 +0100: Memory Usage (458412K) : metal5_noqrc has 0 polygons
2026-03-18 22:26:59 +0100: Memory Usage (458412K) : metal5_res has 0 polygons
2026-03-18 22:26:59 +0100: Memory Usage (458412K) : metal5_iprobe has 0 polygons
2026-03-18 22:26:59 +0100: Memory Usage (458412K) : metal5_diffprb has 0 polygons
2026-03-18 22:26:59 +0100: Memory Usage (458796K) : radhard_drw has 0 polygons
2026-03-18 22:26:59 +0100: Memory Usage (458796K) : memcap_drw has 0 polygons
2026-03-18 22:26:59 +0100: Memory Usage (458796K) : varicap_drw has 0 polygons
2026-03-18 22:26:59 +0100: Memory Usage (459180K) : intbondvia_drw has 0 polygons
2026-03-18 22:26:59 +0100: Memory Usage (459180K) : intbondmet_drw has 0 polygons
2026-03-18 22:26:59 +0100: Memory Usage (459180K) : devbondvia_drw has 0 polygons
2026-03-18 22:26:59 +0100: Memory Usage (459564K) : devbondmet_drw has 0 polygons
2026-03-18 22:26:59 +0100: Memory Usage (459564K) : devtrench_drw has 0 polygons
2026-03-18 22:26:59 +0100: Memory Usage (459564K) : redist_drw has 0 polygons
2026-03-18 22:26:59 +0100: Memory Usage (459948K) : graphbot_drw has 0 polygons
2026-03-18 22:26:59 +0100: Memory Usage (459948K) : graphtop_drw has 0 polygons
2026-03-18 22:26:59 +0100: Memory Usage (459948K) : antvia1_drw has 0 polygons
2026-03-18 22:26:59 +0100: Memory Usage (459948K) : antmetal2_drw has 0 polygons
2026-03-18 22:26:59 +0100: Memory Usage (459948K) : graphcont_drw has 0 polygons
2026-03-18 22:26:59 +0100: Memory Usage (460332K) : siwg_drw has 0 polygons
2026-03-18 22:26:59 +0100: Memory Usage (460332K) : siwg_filler has 0 polygons
2026-03-18 22:26:59 +0100: Memory Usage (460332K) : siwg_nofill has 0 polygons
2026-03-18 22:26:59 +0100: Memory Usage (460332K) : sigrating_drw has 0 polygons
2026-03-18 22:26:59 +0100: Memory Usage (460716K) : singrating_drw has 0 polygons
2026-03-18 22:26:59 +0100: Memory Usage (460716K) : graphpas_drw has 0 polygons
2026-03-18 22:26:59 +0100: Memory Usage (460716K) : emwind3_drw has 0 polygons
2026-03-18 22:26:59 +0100: Memory Usage (461100K) : emwihv3_drw has 0 polygons
2026-03-18 22:26:59 +0100: Memory Usage (461100K) : redbulay_drw has 0 polygons
2026-03-18 22:26:59 +0100: Memory Usage (461100K) : smos_drw has 0 polygons
2026-03-18 22:26:59 +0100: Memory Usage (461484K) : graphpad_drw has 0 polygons
2026-03-18 22:26:59 +0100: Memory Usage (461484K) : polimide_drw has 0 polygons
2026-03-18 22:26:59 +0100: Memory Usage (461484K) : polimide_pin has 0 polygons
2026-03-18 22:26:59 +0100: Memory Usage (461868K) : recog_drw has 0 polygons
2026-03-18 22:26:59 +0100: Memory Usage (461868K) : recog_pin has 0 polygons
2026-03-18 22:26:59 +0100: Memory Usage (461868K) : recog_esd has 0 polygons
2026-03-18 22:26:59 +0100: Memory Usage (462252K) : recog_diode has 0 polygons
2026-03-18 22:26:59 +0100: Memory Usage (462252K) : recog_tsv has 0 polygons
2026-03-18 22:26:59 +0100: Memory Usage (462252K) : recog_iprobe has 0 polygons
2026-03-18 22:26:59 +0100: Memory Usage (462636K) : recog_diffprb has 0 polygons
2026-03-18 22:26:59 +0100: Memory Usage (462636K) : recog_pillar has 0 polygons
2026-03-18 22:26:59 +0100: Memory Usage (462636K) : recog_sbump has 0 polygons
2026-03-18 22:26:59 +0100: Memory Usage (462636K) : recog_otp has 0 polygons
2026-03-18 22:26:59 +0100: Memory Usage (463020K) : recog_pdiode has 0 polygons
2026-03-18 22:26:59 +0100: Memory Usage (463020K) : recog_mom has 0 polygons
2026-03-18 22:26:59 +0100: Memory Usage (463020K) : recog_pcm has 0 polygons
2026-03-18 22:26:59 +0100: Memory Usage (463404K) : colopen_drw has 0 polygons
2026-03-18 22:26:59 +0100: Memory Usage (463404K) : graphmetal1_drw has 0 polygons
2026-03-18 22:26:59 +0100: Memory Usage (463404K) : graphmetal1_filler has 0 polygons
2026-03-18 22:26:59 +0100: Memory Usage (463788K) : graphmetal1_nofill has 0 polygons
2026-03-18 22:26:59 +0100: Memory Usage (463788K) : graphmetal1_slit has 0 polygons
2026-03-18 22:26:59 +0100: Memory Usage (463788K) : graphmetal1_OPC has 0 polygons
2026-03-18 22:26:59 +0100: Memory Usage (464172K) : graphmet1l_drw has 0 polygons
2026-03-18 22:26:59 +0100: Memory Usage (464172K) : graphmet1l_filler has 0 polygons
2026-03-18 22:26:59 +0100: Memory Usage (464172K) : graphmet1l_nofill has 0 polygons
2026-03-18 22:26:59 +0100: Memory Usage (464172K) : graphmet1l_slit has 0 polygons
2026-03-18 22:26:59 +0100: Memory Usage (464556K) : graphmet1l_OPC has 0 polygons
2026-03-18 22:26:59 +0100: Memory Usage (464556K) : extblock_drw has 0 polygons
2026-03-18 22:26:59 +0100: Memory Usage (464556K) : nldd_drw has 0 polygons
2026-03-18 22:26:59 +0100: Memory Usage (464940K) : pldd_drw has 0 polygons
2026-03-18 22:26:59 +0100: Memory Usage (464940K) : next_drw has 0 polygons
2026-03-18 22:26:59 +0100: Memory Usage (464940K) : pext_drw has 0 polygons
2026-03-18 22:26:59 +0100: Memory Usage (465324K) : nexthv_drw has 0 polygons
2026-03-18 22:26:59 +0100: Memory Usage (465324K) : pexthv_drw has 0 polygons
2026-03-18 22:26:59 +0100: Memory Usage (465324K) : graphgate_drw has 0 polygons
2026-03-18 22:26:59 +0100: Memory Usage (465708K) : sinwg_drw has 0 polygons
2026-03-18 22:26:59 +0100: Memory Usage (465708K) : sinwg_filler has 0 polygons
2026-03-18 22:26:59 +0100: Memory Usage (465708K) : sinwg_nofill has 0 polygons
2026-03-18 22:26:59 +0100: Memory Usage (466092K) : mempad_drw has 0 polygons
2026-03-18 22:26:59 +0100: Memory Usage (466092K) : topvia1_drw has 0 polygons
2026-03-18 22:26:59 +0100: Memory Usage (466092K) : topmetal1_drw has 0 polygons
2026-03-18 22:26:59 +0100: Memory Usage (466476K) : topmetal1_filler has 0 polygons
2026-03-18 22:26:59 +0100: Memory Usage (466476K) : topmetal1_slit has 0 polygons
2026-03-18 22:26:59 +0100: Memory Usage (466476K) : topmetal1 has 0 polygons
2026-03-18 22:26:59 +0100: Memory Usage (466476K) : topmetal1_pin has 0 polygons
2026-03-18 22:26:59 +0100: Memory Usage (466476K) : topmetal1_mask has 0 polygons
2026-03-18 22:26:59 +0100: Memory Usage (466476K) : topmetal1_nofill has 0 polygons
2026-03-18 22:26:59 +0100: Memory Usage (466476K) : topmetal1_text has 0 polygons
2026-03-18 22:26:59 +0100: Memory Usage (466860K) : topmetal1_noqrc has 0 polygons
2026-03-18 22:26:59 +0100: Memory Usage (466860K) : topmetal1_res has 0 polygons
2026-03-18 22:26:59 +0100: Memory Usage (466860K) : topmetal1_iprobe has 0 polygons
2026-03-18 22:26:59 +0100: Memory Usage (467244K) : topmetal1_diffprb has 0 polygons
2026-03-18 22:26:59 +0100: Memory Usage (467244K) : inldpwl_drw has 0 polygons
2026-03-18 22:26:59 +0100: Memory Usage (467244K) : polyres_drw has 0 polygons
2026-03-18 22:26:59 +0100: Memory Usage (467628K) : polyres_pin has 0 polygons
2026-03-18 22:26:59 +0100: Memory Usage (467628K) : vmim_drw has 0 polygons
2026-03-18 22:26:59 +0100: Memory Usage (467628K) : nbulaycut_drw has 0 polygons
2026-03-18 22:26:59 +0100: Memory Usage (468012K) : antmetal1_drw has 0 polygons
2026-03-18 22:26:59 +0100: Memory Usage (468012K) : topvia2_drw has 0 polygons
2026-03-18 22:26:59 +0100: Memory Usage (468012K) : topmetal2_drw has 0 polygons
2026-03-18 22:26:59 +0100: Memory Usage (468396K) : topmetal2_filler has 0 polygons
2026-03-18 22:26:59 +0100: Memory Usage (468396K) : topmetal2_slit has 0 polygons
2026-03-18 22:26:59 +0100: Memory Usage (468396K) : topmetal2 has 0 polygons
2026-03-18 22:26:59 +0100: Memory Usage (468780K) : topmetal2_pin has 0 polygons
2026-03-18 22:26:59 +0100: Memory Usage (468780K) : topmetal2_mask has 0 polygons
2026-03-18 22:26:59 +0100: Memory Usage (468780K) : topmetal2_nofill has 0 polygons
2026-03-18 22:26:59 +0100: Memory Usage (468780K) : topmetal2_text has 0 polygons
2026-03-18 22:26:59 +0100: Memory Usage (468780K) : topmetal2_noqrc has 0 polygons
2026-03-18 22:26:59 +0100: Memory Usage (468780K) : topmetal2_res has 0 polygons
2026-03-18 22:26:59 +0100: Memory Usage (468780K) : topmetal2_iprobe has 0 polygons
2026-03-18 22:26:59 +0100: Memory Usage (468780K) : topmetal2_diffprb has 0 polygons
2026-03-18 22:26:59 +0100: Memory Usage (468780K) : snsring_drw has 0 polygons
2026-03-18 22:26:59 +0100: Memory Usage (468780K) : sensor_drw has 0 polygons
2026-03-18 22:26:59 +0100: Memory Usage (468780K) : snsarms_drw has 0 polygons
2026-03-18 22:26:59 +0100: Memory Usage (468780K) : snscmosvia_drw has 0 polygons
2026-03-18 22:26:59 +0100: Memory Usage (468780K) : colwind_drw has 0 polygons
2026-03-18 22:26:59 +0100: Memory Usage (468780K) : flm_drw has 0 polygons
2026-03-18 22:26:59 +0100: Memory Usage (468780K) : hafniumox_drw has 0 polygons
2026-03-18 22:26:59 +0100: Memory Usage (468780K) : memvia_drw has 0 polygons
2026-03-18 22:26:59 +0100: Memory Usage (468780K) : thinfilmres_drw has 0 polygons
2026-03-18 22:26:59 +0100: Memory Usage (468780K) : rfmem_drw has 0 polygons
2026-03-18 22:26:59 +0100: Memory Usage (468780K) : norcx_drw has 0 polygons
2026-03-18 22:26:59 +0100: Memory Usage (468780K) : norcx_m2m3 has 0 polygons
2026-03-18 22:26:59 +0100: Memory Usage (468780K) : norcx_m2m4 has 0 polygons
2026-03-18 22:26:59 +0100: Memory Usage (468780K) : norcx_m2m5 has 0 polygons
2026-03-18 22:26:59 +0100: Memory Usage (468780K) : norcx_m2tm1 has 0 polygons
2026-03-18 22:26:59 +0100: Memory Usage (468780K) : norcx_m2tm2 has 0 polygons
2026-03-18 22:26:59 +0100: Memory Usage (468780K) : norcx_m3m4 has 0 polygons
2026-03-18 22:26:59 +0100: Memory Usage (468780K) : norcx_m3m5 has 0 polygons
2026-03-18 22:26:59 +0100: Memory Usage (468780K) : norcx_m3tm1 has 0 polygons
2026-03-18 22:26:59 +0100: Memory Usage (468780K) : norcx_m3tm2 has 0 polygons
2026-03-18 22:26:59 +0100: Memory Usage (468780K) : norcx_m4m5 has 0 polygons
2026-03-18 22:26:59 +0100: Memory Usage (468780K) : norcx_m4tm1 has 0 polygons
2026-03-18 22:26:59 +0100: Memory Usage (468780K) : norcx_m4tm2 has 0 polygons
2026-03-18 22:26:59 +0100: Memory Usage (468780K) : norcx_m5tm1 has 0 polygons
2026-03-18 22:26:59 +0100: Memory Usage (468780K) : norcx_m5tm2 has 0 polygons
2026-03-18 22:26:59 +0100: Memory Usage (468780K) : norcx_tm1tm2 has 0 polygons
2026-03-18 22:26:59 +0100: Memory Usage (468780K) : norcx_m1sub has 0 polygons
2026-03-18 22:26:59 +0100: Memory Usage (468780K) : norcx_m2sub has 0 polygons
2026-03-18 22:26:59 +0100: Memory Usage (468780K) : norcx_m3sub has 0 polygons
2026-03-18 22:26:59 +0100: Memory Usage (468780K) : norcx_m4sub has 0 polygons
2026-03-18 22:26:59 +0100: Memory Usage (468780K) : norcx_m5sub has 0 polygons
2026-03-18 22:26:59 +0100: Memory Usage (468780K) : norcx_tm1sub has 0 polygons
2026-03-18 22:26:59 +0100: Memory Usage (468780K) : norcx_tm2sub has 0 polygons
2026-03-18 22:26:59 +0100: Memory Usage (468780K) : snsbotvia_drw has 0 polygons
2026-03-18 22:26:59 +0100: Memory Usage (468780K) : snstopvia_drw has 0 polygons
2026-03-18 22:26:59 +0100: Memory Usage (468780K) : deepvia_drw has 0 polygons
2026-03-18 22:26:59 +0100: Memory Usage (468780K) : fgetch_drw has 0 polygons
2026-03-18 22:26:59 +0100: Memory Usage (468780K) : ctrgat_drw has 0 polygons
2026-03-18 22:26:59 +0100: Memory Usage (468780K) : fgimp_drw has 0 polygons
2026-03-18 22:26:59 +0100: Memory Usage (468780K) : emwihv_drw has 0 polygons
2026-03-18 22:26:59 +0100: Memory Usage (468780K) : lbe_drw has 0 polygons
2026-03-18 22:26:59 +0100: Memory Usage (468780K) : alcustop_drw has 0 polygons
2026-03-18 22:26:59 +0100: Memory Usage (468780K) : nometfiller_drw has 0 polygons
2026-03-18 22:26:59 +0100: Memory Usage (468780K) : prboundary_drw has 0 polygons
2026-03-18 22:26:59 +0100: Memory Usage (468780K) : exchange0_drw has 0 polygons
2026-03-18 22:26:59 +0100: Memory Usage (468780K) : exchange0_pin has 0 polygons
2026-03-18 22:26:59 +0100: Memory Usage (468780K) : exchange0_text has 0 polygons
2026-03-18 22:26:59 +0100: Memory Usage (468780K) : exchange1_drw has 0 polygons
2026-03-18 22:26:59 +0100: Memory Usage (468780K) : exchange1_pin has 0 polygons
2026-03-18 22:26:59 +0100: Memory Usage (468780K) : exchange1_text has 0 polygons
2026-03-18 22:26:59 +0100: Memory Usage (468780K) : exchange2_drw has 0 polygons
2026-03-18 22:26:59 +0100: Memory Usage (469164K) : exchange2_pin has 0 polygons
2026-03-18 22:26:59 +0100: Memory Usage (469164K) : exchange2_text has 0 polygons
2026-03-18 22:26:59 +0100: Memory Usage (469164K) : exchange3_drw has 0 polygons
2026-03-18 22:26:59 +0100: Memory Usage (469164K) : exchange3_pin has 0 polygons
2026-03-18 22:26:59 +0100: Memory Usage (469164K) : exchange3_text has 0 polygons
2026-03-18 22:26:59 +0100: Memory Usage (469548K) : exchange4_drw has 0 polygons
2026-03-18 22:26:59 +0100: Memory Usage (469548K) : exchange4_pin has 0 polygons
2026-03-18 22:26:59 +0100: Memory Usage (469548K) : exchange4_text has 0 polygons
2026-03-18 22:26:59 +0100: Memory Usage (469548K) : isonwell_drw has 0 polygons
2026-03-18 22:26:59 +0100: Memory Usage (469548K) : Total no. of polygons in the design is 1382
2026-03-18 22:26:59 +0100: Memory Usage (469548K) : Starting base layers derivations
2026-03-18 22:26:59 +0100: Memory Usage (469548K) : Starting general LVS derivations
2026-03-18 22:26:59 +0100: Memory Usage (473040K) : Starting MOSFET DERIVATIONS
2026-03-18 22:26:59 +0100: Memory Usage (473040K) : Starting NMOS DERIVATIONS
2026-03-18 22:26:59 +0100: Memory Usage (473040K) : Starting PMOS DERIVATIONS
2026-03-18 22:26:59 +0100: Memory Usage (473040K) : Starting RF-MOSFET DERIVATIONS
2026-03-18 22:26:59 +0100: Memory Usage (473040K) : Starting RF-NMOS DERIVATIONS
2026-03-18 22:26:59 +0100: Memory Usage (473040K) : Starting RF-PMOS DERIVATIONS
2026-03-18 22:26:59 +0100: Memory Usage (473040K) : Starting BJT DERIVATIONS
2026-03-18 22:26:59 +0100: Memory Usage (473040K) : Starting NPN-BJT DERIVATIONS
2026-03-18 22:26:59 +0100: Memory Usage (473040K) : Starting PNP-BJT DERIVATIONS
2026-03-18 22:26:59 +0100: Memory Usage (473040K) : Starting DIODE DERIVATIONS
2026-03-18 22:26:59 +0100: Memory Usage (473040K) : Starting RESISTOR DERIVATIONS
2026-03-18 22:26:59 +0100: Memory Usage (473040K) : Starting CAP DERIVATIONS
2026-03-18 22:26:59 +0100: Memory Usage (473040K) : Starting ESD DERIVATIONS
2026-03-18 22:26:59 +0100: Memory Usage (473040K) : Starting Inductor DERIVATIONS
2026-03-18 22:26:59 +0100: Memory Usage (473040K) : Starting Taps DERIVATIONS
2026-03-18 22:26:59 +0100: Memory Usage (473040K) : Starting SG13G2 LVS connectivity setup
2026-03-18 22:26:59 +0100: Memory Usage (473040K) : Starting SG13G2 LVS connectivity setup (Inter-layer)
2026-03-18 22:26:59 +0100: Memory Usage (473888K) : Starting SG13G2 LVS connectivity setup (Global)
2026-03-18 22:26:59 +0100: Memory Usage (473888K) : Starting LVS MOSFET CONNECTIONS
2026-03-18 22:26:59 +0100: Memory Usage (473888K) : Starting LVS RF-MOSFET CONNECTIONS
2026-03-18 22:26:59 +0100: Memory Usage (473888K) : Starting LVS BJT CONNECTIONS
2026-03-18 22:26:59 +0100: Memory Usage (473888K) : Starting LVS DIODE CONNECTIONS
2026-03-18 22:26:59 +0100: Memory Usage (473888K) : Starting RESISTOR CONNECTIONS
2026-03-18 22:26:59 +0100: Memory Usage (473888K) : Starting LVS CAP CONNECTIONS
2026-03-18 22:26:59 +0100: Memory Usage (473888K) : Starting ESD CONNECTIONS
2026-03-18 22:26:59 +0100: Memory Usage (473888K) : Starting Inductor CONNECTIONS
2026-03-18 22:26:59 +0100: Memory Usage (473888K) : Starting LVS Taps CONNECTIONS
2026-03-18 22:26:59 +0100: Memory Usage (473888K) : Starting SG13G2 LVS DEVICES EXTRACTION
2026-03-18 22:26:59 +0100: Memory Usage (473888K) : Starting MOSFET EXTRACTION
2026-03-18 22:26:59 +0100: Memory Usage (473888K) : Starting NMOS EXTRACTION
2026-03-18 22:26:59 +0100: Memory Usage (473888K) : Extraction of NMOS-LV transistor
2026-03-18 22:26:59 +0100: Memory Usage (474272K) : Extraction of NMOS-HV transistor
2026-03-18 22:26:59 +0100: Memory Usage (474272K) : Starting PMOS EXTRACTION
2026-03-18 22:26:59 +0100: Memory Usage (474272K) : Extraction of PMOS-LV transistor
2026-03-18 22:26:59 +0100: Memory Usage (474272K) : Extraction of PMOS-HV transistor
2026-03-18 22:26:59 +0100: Memory Usage (474272K) : Starting RF-MOSFET EXTRACTION
2026-03-18 22:26:59 +0100: Memory Usage (474272K) : Extraction of RF-NMOS-LV transistor
2026-03-18 22:26:59 +0100: Memory Usage (474272K) : Extraction of RF-NMOS-HV transistor
2026-03-18 22:26:59 +0100: Memory Usage (474272K) : Extraction of RF-PMOS-LV transistor
2026-03-18 22:26:59 +0100: Memory Usage (474272K) : Extraction of RF-PMOS-HV transistor
2026-03-18 22:26:59 +0100: Memory Usage (474272K) : Starting BJT EXTRACTION
2026-03-18 22:26:59 +0100: Memory Usage (474272K) : Starting NPN-BJT EXTRACTION
2026-03-18 22:26:59 +0100: Memory Usage (474272K) : Extraction of npn13G2 BJT transistor
2026-03-18 22:26:59 +0100: Memory Usage (474272K) : Extraction of npn13G2L BJT transistor
2026-03-18 22:26:59 +0100: Memory Usage (474272K) : Extraction of npn13G2V BJT transistor
2026-03-18 22:26:59 +0100: Memory Usage (474272K) : Starting PNP-BJT EXTRACTION
2026-03-18 22:26:59 +0100: Memory Usage (474272K) : Extracting pnpMPA BJT
2026-03-18 22:26:59 +0100: Memory Usage (474272K) : Starting DIODE EXTRACTION
2026-03-18 22:26:59 +0100: Memory Usage (474272K) : Extracting dantenna diode
2026-03-18 22:26:59 +0100: Memory Usage (474272K) : Extracting dpantenna diode
2026-03-18 22:26:59 +0100: Memory Usage (474272K) : Extracting schottky_nbl1 diode
2026-03-18 22:26:59 +0100: Memory Usage (474272K) : Extracting isolbox diode
2026-03-18 22:26:59 +0100: Memory Usage (474272K) : Starting RESISTOR EXTRACTION
2026-03-18 22:26:59 +0100: Memory Usage (474272K) : Extracting rsil resistor
2026-03-18 22:26:59 +0100: Memory Usage (474272K) : Extracting rppd resistor
2026-03-18 22:26:59 +0100: Memory Usage (474272K) : Extracting rhigh resistor
2026-03-18 22:26:59 +0100: Memory Usage (474272K) : Extracting res_metal1 resistor
2026-03-18 22:27:00 +0100: Memory Usage (474272K) : Extracting res_metal2 resistor
2026-03-18 22:27:00 +0100: Memory Usage (474272K) : Extracting res_metal3 resistor
2026-03-18 22:27:00 +0100: Memory Usage (474272K) : Extracting res_metal4 resistor
2026-03-18 22:27:00 +0100: Memory Usage (474272K) : Extracting res_metal5 resistor
2026-03-18 22:27:00 +0100: Memory Usage (474272K) : Extracting res_topmetal1 resistor
2026-03-18 22:27:00 +0100: Memory Usage (474272K) : Extracting res_topmetal2 resistor
2026-03-18 22:27:00 +0100: Memory Usage (474272K) : Starting CAP EXTRACTION
2026-03-18 22:27:00 +0100: Memory Usage (474272K) : Extracting cap_cmim device
2026-03-18 22:27:00 +0100: Memory Usage (474272K) : Extracting rfcmim device
2026-03-18 22:27:00 +0100: Memory Usage (474272K) : Extracting sg13_hv_svaricap varactor
2026-03-18 22:27:00 +0100: Memory Usage (474272K) : Starting ESD EXTRACTION
2026-03-18 22:27:00 +0100: Memory Usage (474272K) : Extracting diodevdd_2kv ESD device
2026-03-18 22:27:00 +0100: Memory Usage (474272K) : Extracting diodevdd_4kv ESD device
2026-03-18 22:27:00 +0100: Memory Usage (474272K) : Extracting diodevss_2kv ESD device
2026-03-18 22:27:00 +0100: Memory Usage (474272K) : Extracting diodevss_4kv ESD device
2026-03-18 22:27:00 +0100: Memory Usage (474272K) : Extracting idiodevdd_2kv ESD device
2026-03-18 22:27:00 +0100: Memory Usage (474272K) : Extracting idiodevdd_4kv ESD device
2026-03-18 22:27:00 +0100: Memory Usage (474272K) : Extracting idiodevss_2kv ESD device
2026-03-18 22:27:00 +0100: Memory Usage (474272K) : Extracting idiodevss_4kv ESD device
2026-03-18 22:27:00 +0100: Memory Usage (474272K) : Extracting nmoscl_2 ESD device
2026-03-18 22:27:00 +0100: Memory Usage (474272K) : Extracting nmoscl_4 ESD device
2026-03-18 22:27:00 +0100: Memory Usage (474272K) : Starting Inductor EXTRACTION
2026-03-18 22:27:00 +0100: Memory Usage (474272K) : Extracting Inductor2 device
2026-03-18 22:27:00 +0100: Memory Usage (474272K) : Extracting Inductor3 device
2026-03-18 22:27:00 +0100: Memory Usage (474272K) : Starting Taps EXTRACTION
2026-03-18 22:27:00 +0100: Memory Usage (474272K) : Extracting ntap1 device
2026-03-18 22:27:00 +0100: Memory Usage (474272K) : Extracting ptap1 device
2026-03-18 22:27:00 +0100: Memory Usage (474272K) : Starting SG13G2 LVS RF MOS Model Mapping
2026-03-18 22:27:00 +0100: Memory Usage (474272K) : [layout_netlist] Apply RF MOS model mapping and rfmode parameter.
2026-03-18 22:27:00 +0100: Memory Usage (474272K) : Starting SG13G2 LVS Options Preparations
2026-03-18 22:27:00 +0100: Memory Usage (474272K) : SG13G2 LVS flow: extraction -> alignment -> option preparation -> comparison.
2026-03-18 22:27:00 +0100: Memory Usage (474272K) : Starting SG13G2 LVS Alignment
2026-03-18 22:27:00 +0100: Memory Usage (474696K) : Starting SG13G2 LVS Simplification
2026-03-18 22:27:00 +0100: Memory Usage (474696K) : [layout_netlist] simplify: ENABLED
2026-03-18 22:27:00 +0100: Memory Usage (474696K) : [layout_netlist] make_top_level_pins: SKIPPED
2026-03-18 22:27:00 +0100: Memory Usage (474696K) : [layout_netlist] combine_devices: SKIPPED
2026-03-18 22:27:00 +0100: Memory Usage (474696K) : [layout_netlist] purge: SKIPPED
2026-03-18 22:27:00 +0100: Memory Usage (474696K) : [layout_netlist] purge_nets: SKIPPED
2026-03-18 22:27:00 +0100: Memory Usage (474696K) : [schematic_netlist] simplify: ENABLED
2026-03-18 22:27:00 +0100: Memory Usage (474696K) : [schematic_netlist] make_top_level_pins: SKIPPED
2026-03-18 22:27:00 +0100: Memory Usage (474696K) : [schematic_netlist] combine_devices: SKIPPED
2026-03-18 22:27:00 +0100: Memory Usage (474696K) : [schematic_netlist] purge: SKIPPED
2026-03-18 22:27:00 +0100: Memory Usage (474696K) : [schematic_netlist] purge_nets: SKIPPED
2026-03-18 22:27:00 +0100: Memory Usage (474696K) : Starting SG13G2 LVS Comparison in strict port mode.
2026-03-18 22:27:00 +0100: Memory Usage (474696K) : flag_missing_ports enabled: missing/mislabeled top-level ports are treated as errors.
2026-03-18 22:27:00 +0100: Memory Usage (474696K) : xxxxxxxxxxxxxxxxxxxxxxxxxxxxxxxxxxxxxxxxxx
2026-03-18 22:27:00 +0100: Memory Usage (474696K) : ERROR : Netlists don't match
2026-03-18 22:27:00 +0100: Memory Usage (474696K) : xxxxxxxxxxxxxxxxxxxxxxxxxxxxxxxxxxxxxxxxxx
2026-03-18 22:27:00 +0100: Memory Usage (474696K) : LVS Total Run time 0.993613 seconds
