# Logfile created on 2026-03-13 19:27:33 +0100 by logger.rb/v1.5.3
2026-03-13 19:27:33 +0100: Memory Usage (426264K) : Starting running IHP-SG13G2 KLayout DRC runset on /foss/designs/ttihp26a-adex-neuron-ncs/gds/TOP_neuron.klay.gds
2026-03-13 19:27:33 +0100: Memory Usage (426264K) : Ruby Version for klayout: 3.2.3
2026-03-13 19:27:33 +0100: Memory Usage (427392K) : Loading database to memory is complete.
2026-03-13 19:27:33 +0100: Memory Usage (427392K) : IHP-SG13G2 KLayout DRC runset output at: /foss/designs/ttihp26a-adex-neuron-ncs/klayout/drc_run_inv/TOP_neuron.klay_inv_main.lyrdb
2026-03-13 19:27:33 +0100: Memory Usage (427392K) : Evaluate switches.
2026-03-13 19:27:33 +0100: Memory Usage (427392K) : tables selected: main
2026-03-13 19:27:33 +0100: Memory Usage (427392K) : KLayout will use 1 thread(s) in tiling mode.
2026-03-13 19:27:33 +0100: Memory Usage (427392K) : deep mode is enabled.
2026-03-13 19:27:33 +0100: Memory Usage (427392K) : FEOL enabled: true
2026-03-13 19:27:33 +0100: Memory Usage (427392K) : BEOL enabled: true
2026-03-13 19:27:33 +0100: Memory Usage (427392K) : OFFGRID enabled: true
2026-03-13 19:27:33 +0100: Memory Usage (427392K) : PIN enabled: true
2026-03-13 19:27:33 +0100: Memory Usage (427392K) : FORBIDDEN enabled: true
2026-03-13 19:27:33 +0100: Memory Usage (427392K) : RECOMMENDED enabled: true
2026-03-13 19:27:33 +0100: Memory Usage (427392K) : PreCheck DRC enabled: false
2026-03-13 19:27:33 +0100: Memory Usage (427392K) : CONNECTIVITY_RULES enabled: true.
2026-03-13 19:27:33 +0100: Memory Usage (427392K) : Read in polygons from layers.
2026-03-13 19:27:33 +0100: Memory Usage (428576K) : activ_drw has 8 polygons
2026-03-13 19:27:33 +0100: Memory Usage (428576K) : activ_pin has 0 polygons
2026-03-13 19:27:33 +0100: Memory Usage (428576K) : activ_mask has 0 polygons
2026-03-13 19:27:33 +0100: Memory Usage (428576K) : activ_filler has 0 polygons
2026-03-13 19:27:33 +0100: Memory Usage (428576K) : activ_nofill has 0 polygons
2026-03-13 19:27:33 +0100: Memory Usage (428576K) : activ_opc has 0 polygons
2026-03-13 19:27:33 +0100: Memory Usage (428576K) : activ_iopc has 0 polygons
2026-03-13 19:27:33 +0100: Memory Usage (428576K) : activ_noqrc has 0 polygons
2026-03-13 19:27:33 +0100: Memory Usage (428576K) : biwind_drw has 0 polygons
2026-03-13 19:27:33 +0100: Memory Usage (428576K) : biwind_opc has 0 polygons
2026-03-13 19:27:33 +0100: Memory Usage (428576K) : pemwind_drw has 0 polygons
2026-03-13 19:27:33 +0100: Memory Usage (428576K) : gatpoly_drw has 4 polygons
2026-03-13 19:27:33 +0100: Memory Usage (428576K) : gatpoly_pin has 2 polygons
2026-03-13 19:27:33 +0100: Memory Usage (428576K) : gatpoly_filler has 0 polygons
2026-03-13 19:27:33 +0100: Memory Usage (428576K) : gatpoly_nofill has 0 polygons
2026-03-13 19:27:33 +0100: Memory Usage (428576K) : gatpoly_opc has 0 polygons
2026-03-13 19:27:33 +0100: Memory Usage (428576K) : gatpoly_iopc has 0 polygons
2026-03-13 19:27:33 +0100: Memory Usage (428576K) : gatpoly_noqrc has 0 polygons
2026-03-13 19:27:33 +0100: Memory Usage (428576K) : cont_drw has 93 polygons
2026-03-13 19:27:33 +0100: Memory Usage (428576K) : cont_opc has 0 polygons
2026-03-13 19:27:33 +0100: Memory Usage (428576K) : nsd_drw has 0 polygons
2026-03-13 19:27:33 +0100: Memory Usage (428576K) : nsd_block has 0 polygons
2026-03-13 19:27:33 +0100: Memory Usage (428576K) : metal1_drw has 14 polygons
2026-03-13 19:27:33 +0100: Memory Usage (428576K) : metal1_pin has 9 polygons
2026-03-13 19:27:33 +0100: Memory Usage (428704K) : metal1_mask has 0 polygons
2026-03-13 19:27:33 +0100: Memory Usage (428832K) : metal1_filler has 0 polygons
2026-03-13 19:27:33 +0100: Memory Usage (428832K) : metal1_nofill has 0 polygons
2026-03-13 19:27:33 +0100: Memory Usage (428832K) : metal1_slit has 0 polygons
2026-03-13 19:27:33 +0100: Memory Usage (429124K) : metal1_text has 2 polygons
2026-03-13 19:27:33 +0100: Memory Usage (429124K) : metal1_opc has 0 polygons
2026-03-13 19:27:33 +0100: Memory Usage (429252K) : metal1_noqrc has 0 polygons
2026-03-13 19:27:33 +0100: Memory Usage (429252K) : metal1_res has 0 polygons
2026-03-13 19:27:33 +0100: Memory Usage (429380K) : metal1_iprobe has 0 polygons
2026-03-13 19:27:33 +0100: Memory Usage (429380K) : metal1_diffprb has 0 polygons
2026-03-13 19:27:33 +0100: Memory Usage (429508K) : passiv_drw has 0 polygons
2026-03-13 19:27:33 +0100: Memory Usage (429508K) : passiv_pin has 0 polygons
2026-03-13 19:27:33 +0100: Memory Usage (429508K) : passiv_sbump has 0 polygons
2026-03-13 19:27:33 +0100: Memory Usage (429636K) : passiv_pillar has 0 polygons
2026-03-13 19:27:33 +0100: Memory Usage (429636K) : passiv_pdl has 0 polygons
2026-03-13 19:27:33 +0100: Memory Usage (429764K) : metal2_drw has 4 polygons
2026-03-13 19:27:33 +0100: Memory Usage (429764K) : metal2_pin has 0 polygons
2026-03-13 19:27:33 +0100: Memory Usage (429892K) : metal2_mask has 0 polygons
2026-03-13 19:27:33 +0100: Memory Usage (429892K) : metal2_filler has 0 polygons
2026-03-13 19:27:33 +0100: Memory Usage (429892K) : metal2_nofill has 0 polygons
2026-03-13 19:27:33 +0100: Memory Usage (430020K) : metal2_slit has 0 polygons
2026-03-13 19:27:33 +0100: Memory Usage (430020K) : metal2_text has 0 polygons
2026-03-13 19:27:33 +0100: Memory Usage (430148K) : metal2_opc has 0 polygons
2026-03-13 19:27:33 +0100: Memory Usage (430148K) : metal2_noqrc has 0 polygons
2026-03-13 19:27:33 +0100: Memory Usage (430276K) : metal2_res has 0 polygons
2026-03-13 19:27:33 +0100: Memory Usage (430276K) : metal2_iprobe has 0 polygons
2026-03-13 19:27:33 +0100: Memory Usage (430404K) : metal2_diffprb has 0 polygons
2026-03-13 19:27:33 +0100: Memory Usage (430404K) : baspoly_drw has 0 polygons
2026-03-13 19:27:33 +0100: Memory Usage (430532K) : baspoly_pin has 0 polygons
2026-03-13 19:27:33 +0100: Memory Usage (430532K) : psd_drw has 2 polygons
2026-03-13 19:27:33 +0100: Memory Usage (430660K) : nldb_drw has 0 polygons
2026-03-13 19:27:33 +0100: Memory Usage (430660K) : digibnd_drw has 0 polygons
2026-03-13 19:27:33 +0100: Memory Usage (430660K) : via1_drw has 2 polygons
2026-03-13 19:27:33 +0100: Memory Usage (430788K) : backmetal1_drw has 0 polygons
2026-03-13 19:27:33 +0100: Memory Usage (430788K) : backmetal1_pin has 0 polygons
2026-03-13 19:27:33 +0100: Memory Usage (430916K) : backmetal1_mask has 0 polygons
2026-03-13 19:27:33 +0100: Memory Usage (430916K) : backmetal1_filler has 0 polygons
2026-03-13 19:27:33 +0100: Memory Usage (431044K) : backmetal1_nofill has 0 polygons
2026-03-13 19:27:33 +0100: Memory Usage (431044K) : backmetal1_slit has 0 polygons
2026-03-13 19:27:33 +0100: Memory Usage (431044K) : backmetal1_text has 0 polygons
2026-03-13 19:27:33 +0100: Memory Usage (431172K) : backmetal1_opc has 0 polygons
2026-03-13 19:27:33 +0100: Memory Usage (431172K) : backmetal1_noqrc has 0 polygons
2026-03-13 19:27:33 +0100: Memory Usage (431300K) : backmetal1_res has 0 polygons
2026-03-13 19:27:33 +0100: Memory Usage (431300K) : backmetal1_iprobe has 0 polygons
2026-03-13 19:27:33 +0100: Memory Usage (431428K) : backmetal1_diffprb has 0 polygons
2026-03-13 19:27:33 +0100: Memory Usage (431428K) : backpassiv_drw has 0 polygons
2026-03-13 19:27:33 +0100: Memory Usage (431428K) : res_drw has 0 polygons
2026-03-13 19:27:33 +0100: Memory Usage (431556K) : sram_drw has 0 polygons
2026-03-13 19:27:33 +0100: Memory Usage (431556K) : trans_drw has 0 polygons
2026-03-13 19:27:33 +0100: Memory Usage (431684K) : ind_drw has 0 polygons
2026-03-13 19:27:33 +0100: Memory Usage (431812K) : ind_pin has 0 polygons
2026-03-13 19:27:33 +0100: Memory Usage (431812K) : ind_text has 0 polygons
2026-03-13 19:27:33 +0100: Memory Usage (431940K) : salblock_drw has 0 polygons
2026-03-13 19:27:33 +0100: Memory Usage (431940K) : via2_drw has 2 polygons
2026-03-13 19:27:33 +0100: Memory Usage (432068K) : metal3_drw has 4 polygons
2026-03-13 19:27:33 +0100: Memory Usage (432068K) : metal3_pin has 2 polygons
2026-03-13 19:27:33 +0100: Memory Usage (432196K) : metal3_mask has 0 polygons
2026-03-13 19:27:33 +0100: Memory Usage (432196K) : metal3_filler has 0 polygons
2026-03-13 19:27:33 +0100: Memory Usage (432324K) : metal3_nofill has 0 polygons
2026-03-13 19:27:33 +0100: Memory Usage (432324K) : metal3_slit has 0 polygons
2026-03-13 19:27:33 +0100: Memory Usage (432324K) : metal3_text has 2 polygons
2026-03-13 19:27:33 +0100: Memory Usage (432452K) : metal3_opc has 0 polygons
2026-03-13 19:27:33 +0100: Memory Usage (432452K) : metal3_noqrc has 0 polygons
2026-03-13 19:27:33 +0100: Memory Usage (432580K) : metal3_res has 0 polygons
2026-03-13 19:27:33 +0100: Memory Usage (432708K) : metal3_iprobe has 0 polygons
2026-03-13 19:27:33 +0100: Memory Usage (432708K) : metal3_diffprb has 0 polygons
2026-03-13 19:27:33 +0100: Memory Usage (432836K) : nwell_drw has 4 polygons
2026-03-13 19:27:33 +0100: Memory Usage (432836K) : nwell_pin has 1 polygons
2026-03-13 19:27:33 +0100: Memory Usage (432836K) : nbulay_drw has 1 polygons
2026-03-13 19:27:33 +0100: Memory Usage (432964K) : nbulay_pin has 0 polygons
2026-03-13 19:27:33 +0100: Memory Usage (432964K) : nbulay_block has 0 polygons
2026-03-13 19:27:33 +0100: Memory Usage (433092K) : emwind_drw has 0 polygons
2026-03-13 19:27:33 +0100: Memory Usage (433220K) : emwind_opc has 0 polygons
2026-03-13 19:27:33 +0100: Memory Usage (433220K) : deepco_drw has 0 polygons
2026-03-13 19:27:33 +0100: Memory Usage (433348K) : deepco_drw has 0 polygons
2026-03-13 19:27:33 +0100: Memory Usage (433348K) : mim_drw has 0 polygons
2026-03-13 19:27:33 +0100: Memory Usage (433476K) : edgeseal_drw has 0 polygons
2026-03-13 19:27:33 +0100: Memory Usage (433476K) : edgeseal_bound has 0 polygons
2026-03-13 19:27:33 +0100: Memory Usage (433604K) : substrate_drw has 2 polygons
2026-03-13 19:27:33 +0100: Memory Usage (433604K) : substrate_text has 0 polygons
2026-03-13 19:27:33 +0100: Memory Usage (433732K) : dfpad_drw has 0 polygons
2026-03-13 19:27:33 +0100: Memory Usage (433732K) : dfpad_pillar has 0 polygons
2026-03-13 19:27:33 +0100: Memory Usage (433732K) : dfpad_sbump has 0 polygons
2026-03-13 19:27:33 +0100: Memory Usage (433860K) : thickgateox_drw has 2 polygons
2026-03-13 19:27:33 +0100: Memory Usage (433860K) : pldb_drw has 0 polygons
2026-03-13 19:27:33 +0100: Memory Usage (433988K) : pwell_drw has 0 polygons
2026-03-13 19:27:33 +0100: Memory Usage (433988K) : pwell_pin has 0 polygons
2026-03-13 19:27:33 +0100: Memory Usage (434116K) : pwell_block has 0 polygons
2026-03-13 19:27:33 +0100: Memory Usage (434116K) : ic_drw has 0 polygons
2026-03-13 19:27:33 +0100: Memory Usage (434116K) : via3_drw has 0 polygons
2026-03-13 19:27:33 +0100: Memory Usage (434244K) : metal4_drw has 0 polygons
2026-03-13 19:27:33 +0100: Memory Usage (434372K) : metal4_pin has 0 polygons
2026-03-13 19:27:33 +0100: Memory Usage (434372K) : metal4_mask has 0 polygons
2026-03-13 19:27:33 +0100: Memory Usage (434500K) : metal4_filler has 0 polygons
2026-03-13 19:27:33 +0100: Memory Usage (434500K) : metal4_nofill has 0 polygons
2026-03-13 19:27:33 +0100: Memory Usage (434500K) : metal4_slit has 0 polygons
2026-03-13 19:27:33 +0100: Memory Usage (434628K) : metal4_text has 0 polygons
2026-03-13 19:27:33 +0100: Memory Usage (434628K) : metal4_opc has 0 polygons
2026-03-13 19:27:33 +0100: Memory Usage (434756K) : metal4_noqrc has 0 polygons
2026-03-13 19:27:33 +0100: Memory Usage (434756K) : metal4_res has 0 polygons
2026-03-13 19:27:33 +0100: Memory Usage (434884K) : metal4_iprobe has 0 polygons
2026-03-13 19:27:33 +0100: Memory Usage (435012K) : metal4_diffprb has 0 polygons
2026-03-13 19:27:33 +0100: Memory Usage (435012K) : heattrans_drw has 2 polygons
2026-03-13 19:27:33 +0100: Memory Usage (435012K) : heatres_drw has 0 polygons
2026-03-13 19:27:33 +0100: Memory Usage (435140K) : pempoly_drw has 0 polygons
2026-03-13 19:27:33 +0100: Memory Usage (435140K) : fbe_drw has 0 polygons
2026-03-13 19:27:33 +0100: Memory Usage (435268K) : empoly_drw has 0 polygons
2026-03-13 19:27:33 +0100: Memory Usage (435268K) : ldmos_drw has 0 polygons
2026-03-13 19:27:33 +0100: Memory Usage (435396K) : pbiwind_drw has 0 polygons
2026-03-13 19:27:33 +0100: Memory Usage (435524K) : digisub_drw has 0 polygons
2026-03-13 19:27:33 +0100: Memory Usage (435524K) : nodrc_drw has 0 polygons
2026-03-13 19:27:33 +0100: Memory Usage (435524K) : text_drw has 4 polygons
2026-03-13 19:27:33 +0100: Memory Usage (435652K) : via4_drw has 0 polygons
2026-03-13 19:27:33 +0100: Memory Usage (435652K) : metal5_drw has 0 polygons
2026-03-13 19:27:33 +0100: Memory Usage (435780K) : metal5_pin has 0 polygons
2026-03-13 19:27:33 +0100: Memory Usage (435780K) : metal5_mask has 0 polygons
2026-03-13 19:27:33 +0100: Memory Usage (435908K) : metal5_filler has 0 polygons
2026-03-13 19:27:33 +0100: Memory Usage (435908K) : metal5_nofill has 0 polygons
2026-03-13 19:27:33 +0100: Memory Usage (435908K) : metal5_slit has 0 polygons
2026-03-13 19:27:33 +0100: Memory Usage (436036K) : metal5_text has 0 polygons
2026-03-13 19:27:33 +0100: Memory Usage (436036K) : metal5_opc has 0 polygons
2026-03-13 19:27:33 +0100: Memory Usage (436164K) : metal5_noqrc has 0 polygons
2026-03-13 19:27:33 +0100: Memory Usage (436164K) : metal5_res has 0 polygons
2026-03-13 19:27:33 +0100: Memory Usage (436164K) : metal5_iprobe has 0 polygons
2026-03-13 19:27:33 +0100: Memory Usage (436292K) : metal5_diffprb has 0 polygons
2026-03-13 19:27:33 +0100: Memory Usage (436420K) : radhard_drw has 0 polygons
2026-03-13 19:27:33 +0100: Memory Usage (436420K) : memcap_drw has 0 polygons
2026-03-13 19:27:33 +0100: Memory Usage (436548K) : varicap_drw has 0 polygons
2026-03-13 19:27:33 +0100: Memory Usage (436676K) : flash_drw has 0 polygons
2026-03-13 19:27:33 +0100: Memory Usage (436676K) : intbondvia_drw has 0 polygons
2026-03-13 19:27:33 +0100: Memory Usage (436676K) : intbondmet_drw has 0 polygons
2026-03-13 19:27:33 +0100: Memory Usage (436804K) : devbondvia_drw has 0 polygons
2026-03-13 19:27:33 +0100: Memory Usage (436804K) : devbondmet_drw has 0 polygons
2026-03-13 19:27:33 +0100: Memory Usage (436932K) : devtrench_drw has 0 polygons
2026-03-13 19:27:33 +0100: Memory Usage (436932K) : redist_drw has 0 polygons
2026-03-13 19:27:33 +0100: Memory Usage (437060K) : graphbot_drw has 0 polygons
2026-03-13 19:27:33 +0100: Memory Usage (437060K) : graphtop_drw has 0 polygons
2026-03-13 19:27:33 +0100: Memory Usage (437060K) : antvia1_drw has 0 polygons
2026-03-13 19:27:33 +0100: Memory Usage (437188K) : antmetal2_drw has 0 polygons
2026-03-13 19:27:33 +0100: Memory Usage (437188K) : graphcont_drw has 0 polygons
2026-03-13 19:27:33 +0100: Memory Usage (437316K) : siwg_drw has 0 polygons
2026-03-13 19:27:33 +0100: Memory Usage (437316K) : siwg_filler has 0 polygons
2026-03-13 19:27:33 +0100: Memory Usage (437444K) : siwg_nofill has 0 polygons
2026-03-13 19:27:33 +0100: Memory Usage (437572K) : sigrating_drw has 0 polygons
2026-03-13 19:27:33 +0100: Memory Usage (437572K) : singrating_drw has 0 polygons
2026-03-13 19:27:33 +0100: Memory Usage (437572K) : graphpas_drw has 0 polygons
2026-03-13 19:27:33 +0100: Memory Usage (437700K) : emwind3_drw has 0 polygons
2026-03-13 19:27:33 +0100: Memory Usage (437700K) : emwihv3_drw has 0 polygons
2026-03-13 19:27:33 +0100: Memory Usage (437828K) : redbulay_drw has 0 polygons
2026-03-13 19:27:33 +0100: Memory Usage (437828K) : smos_drw has 0 polygons
2026-03-13 19:27:33 +0100: Memory Usage (437956K) : graphpad_drw has 0 polygons
2026-03-13 19:27:33 +0100: Memory Usage (437956K) : polimide_drw has 0 polygons
2026-03-13 19:27:33 +0100: Memory Usage (437956K) : polimide_pin has 0 polygons
2026-03-13 19:27:33 +0100: Memory Usage (438084K) : recog_drw has 0 polygons
2026-03-13 19:27:33 +0100: Memory Usage (438212K) : recog_pin has 0 polygons
2026-03-13 19:27:33 +0100: Memory Usage (438212K) : recog_esd has 0 polygons
2026-03-13 19:27:33 +0100: Memory Usage (438340K) : recog_diode has 0 polygons
2026-03-13 19:27:33 +0100: Memory Usage (438340K) : recog_tsv has 0 polygons
2026-03-13 19:27:33 +0100: Memory Usage (438340K) : recog_iprobe has 0 polygons
2026-03-13 19:27:33 +0100: Memory Usage (438468K) : recog_diffprb has 0 polygons
2026-03-13 19:27:33 +0100: Memory Usage (438468K) : recog_pillar has 0 polygons
2026-03-13 19:27:33 +0100: Memory Usage (438468K) : recog_sbump has 0 polygons
2026-03-13 19:27:33 +0100: Memory Usage (438596K) : recog_otp has 0 polygons
2026-03-13 19:27:33 +0100: Memory Usage (438596K) : recog_pdiode has 0 polygons
2026-03-13 19:27:33 +0100: Memory Usage (438596K) : recog_mom has 0 polygons
2026-03-13 19:27:33 +0100: Memory Usage (438724K) : recog_pcm has 0 polygons
2026-03-13 19:27:33 +0100: Memory Usage (438724K) : colopen_drw has 0 polygons
2026-03-13 19:27:33 +0100: Memory Usage (438724K) : graphmetal1_drw has 0 polygons
2026-03-13 19:27:33 +0100: Memory Usage (438724K) : graphmetal1_filler has 0 polygons
2026-03-13 19:27:33 +0100: Memory Usage (438852K) : graphmetal1_nofill has 0 polygons
2026-03-13 19:27:33 +0100: Memory Usage (438852K) : graphmetal1_slit has 0 polygons
2026-03-13 19:27:33 +0100: Memory Usage (438852K) : graphmetal1_opc has 0 polygons
2026-03-13 19:27:33 +0100: Memory Usage (438980K) : graphmet1l_drw has 0 polygons
2026-03-13 19:27:33 +0100: Memory Usage (438980K) : graphmet1l_filler has 0 polygons
2026-03-13 19:27:33 +0100: Memory Usage (438980K) : graphmet1l_nofill has 0 polygons
2026-03-13 19:27:33 +0100: Memory Usage (438980K) : graphmet1l_slit has 0 polygons
2026-03-13 19:27:33 +0100: Memory Usage (439108K) : graphmet1l_opc has 0 polygons
2026-03-13 19:27:33 +0100: Memory Usage (439108K) : extblock_drw has 0 polygons
2026-03-13 19:27:33 +0100: Memory Usage (439108K) : nldd_drw has 0 polygons
2026-03-13 19:27:33 +0100: Memory Usage (439236K) : pldd_drw has 0 polygons
2026-03-13 19:27:33 +0100: Memory Usage (439236K) : next_drw has 0 polygons
2026-03-13 19:27:33 +0100: Memory Usage (439364K) : pext_drw has 0 polygons
2026-03-13 19:27:33 +0100: Memory Usage (439364K) : nexthv_drw has 0 polygons
2026-03-13 19:27:33 +0100: Memory Usage (439492K) : pexthv_drw has 0 polygons
2026-03-13 19:27:33 +0100: Memory Usage (439492K) : graphgate_drw has 0 polygons
2026-03-13 19:27:33 +0100: Memory Usage (439492K) : sinwg_drw has 0 polygons
2026-03-13 19:27:33 +0100: Memory Usage (439620K) : sinwg_filler has 0 polygons
2026-03-13 19:27:33 +0100: Memory Usage (439620K) : sinwg_nofill has 0 polygons
2026-03-13 19:27:33 +0100: Memory Usage (439748K) : mempad_drw has 0 polygons
2026-03-13 19:27:33 +0100: Memory Usage (439748K) : topvia1_drw has 0 polygons
2026-03-13 19:27:33 +0100: Memory Usage (439876K) : topmetal1_drw has 0 polygons
2026-03-13 19:27:33 +0100: Memory Usage (439876K) : topmetal1_pin has 0 polygons
2026-03-13 19:27:33 +0100: Memory Usage (440004K) : topmetal1_mask has 0 polygons
2026-03-13 19:27:33 +0100: Memory Usage (440004K) : topmetal1_filler has 0 polygons
2026-03-13 19:27:33 +0100: Memory Usage (440004K) : topmetal1_nofill has 0 polygons
2026-03-13 19:27:33 +0100: Memory Usage (440004K) : topmetal1_slit has 0 polygons
2026-03-13 19:27:33 +0100: Memory Usage (440004K) : topmetal1_text has 0 polygons
2026-03-13 19:27:33 +0100: Memory Usage (440132K) : topmetal1_noqrc has 0 polygons
2026-03-13 19:27:33 +0100: Memory Usage (440132K) : topmetal1_res has 0 polygons
2026-03-13 19:27:33 +0100: Memory Usage (440132K) : topmetal1_iprobe has 0 polygons
2026-03-13 19:27:33 +0100: Memory Usage (440260K) : topmetal1_diffprb has 0 polygons
2026-03-13 19:27:33 +0100: Memory Usage (440260K) : inldpwl_drw has 0 polygons
2026-03-13 19:27:33 +0100: Memory Usage (440260K) : polyres_drw has 0 polygons
2026-03-13 19:27:33 +0100: Memory Usage (440388K) : polyres_pin has 0 polygons
2026-03-13 19:27:33 +0100: Memory Usage (440388K) : vmim_drw has 0 polygons
2026-03-13 19:27:33 +0100: Memory Usage (440516K) : nbulaycut_drw has 0 polygons
2026-03-13 19:27:33 +0100: Memory Usage (440516K) : antmetal1_drw has 0 polygons
2026-03-13 19:27:33 +0100: Memory Usage (440516K) : topvia2_drw has 0 polygons
2026-03-13 19:27:33 +0100: Memory Usage (440644K) : topmetal2_drw has 0 polygons
2026-03-13 19:27:33 +0100: Memory Usage (440644K) : topmetal2_pin has 0 polygons
2026-03-13 19:27:33 +0100: Memory Usage (440772K) : topmetal2_mask has 0 polygons
2026-03-13 19:27:33 +0100: Memory Usage (440772K) : topmetal2_filler has 0 polygons
2026-03-13 19:27:33 +0100: Memory Usage (440772K) : topmetal2_nofill has 0 polygons
2026-03-13 19:27:33 +0100: Memory Usage (440900K) : topmetal2_slit has 0 polygons
2026-03-13 19:27:33 +0100: Memory Usage (440900K) : topmetal2_text has 0 polygons
2026-03-13 19:27:33 +0100: Memory Usage (441028K) : topmetal2_noqrc has 0 polygons
2026-03-13 19:27:33 +0100: Memory Usage (441028K) : topmetal2_res has 0 polygons
2026-03-13 19:27:33 +0100: Memory Usage (441156K) : topmetal2_iprobe has 0 polygons
2026-03-13 19:27:33 +0100: Memory Usage (441156K) : topmetal2_diffprb has 0 polygons
2026-03-13 19:27:33 +0100: Memory Usage (441156K) : snsring_drw has 0 polygons
2026-03-13 19:27:33 +0100: Memory Usage (441284K) : sensor_drw has 0 polygons
2026-03-13 19:27:33 +0100: Memory Usage (441284K) : snsarms_drw has 0 polygons
2026-03-13 19:27:33 +0100: Memory Usage (441412K) : snscmosvia_drw has 0 polygons
2026-03-13 19:27:33 +0100: Memory Usage (441412K) : colwind_drw has 0 polygons
2026-03-13 19:27:33 +0100: Memory Usage (441412K) : flm_drw has 0 polygons
2026-03-13 19:27:33 +0100: Memory Usage (441540K) : hafniumox_drw has 0 polygons
2026-03-13 19:27:33 +0100: Memory Usage (441540K) : memvia_drw has 0 polygons
2026-03-13 19:27:33 +0100: Memory Usage (441668K) : thinfilmres_drw has 0 polygons
2026-03-13 19:27:33 +0100: Memory Usage (441668K) : rfmem_drw has 0 polygons
2026-03-13 19:27:33 +0100: Memory Usage (441796K) : norcx_drw has 0 polygons
2026-03-13 19:27:33 +0100: Memory Usage (441796K) : norcx_m2m3 has 0 polygons
2026-03-13 19:27:33 +0100: Memory Usage (441924K) : norcx_m2m4 has 0 polygons
2026-03-13 19:27:33 +0100: Memory Usage (441924K) : norcx_m2m5 has 0 polygons
2026-03-13 19:27:33 +0100: Memory Usage (442052K) : norcx_m2tm1 has 0 polygons
2026-03-13 19:27:33 +0100: Memory Usage (442052K) : norcx_m2tm2 has 0 polygons
2026-03-13 19:27:33 +0100: Memory Usage (442052K) : norcx_m3m4 has 0 polygons
2026-03-13 19:27:33 +0100: Memory Usage (442180K) : norcx_m3m5 has 0 polygons
2026-03-13 19:27:33 +0100: Memory Usage (442180K) : norcx_m3tm1 has 0 polygons
2026-03-13 19:27:33 +0100: Memory Usage (442180K) : norcx_m3tm2 has 0 polygons
2026-03-13 19:27:33 +0100: Memory Usage (442180K) : norcx_m4m5 has 0 polygons
2026-03-13 19:27:33 +0100: Memory Usage (442180K) : norcx_m4tm1 has 0 polygons
2026-03-13 19:27:33 +0100: Memory Usage (442308K) : norcx_m4tm2 has 0 polygons
2026-03-13 19:27:33 +0100: Memory Usage (442308K) : norcx_m5tm1 has 0 polygons
2026-03-13 19:27:33 +0100: Memory Usage (442308K) : norcx_m5tm2 has 0 polygons
2026-03-13 19:27:33 +0100: Memory Usage (442436K) : norcx_tm1tm2 has 0 polygons
2026-03-13 19:27:33 +0100: Memory Usage (442436K) : norcx_m1sub has 0 polygons
2026-03-13 19:27:33 +0100: Memory Usage (442436K) : norcx_m2sub has 0 polygons
2026-03-13 19:27:33 +0100: Memory Usage (442436K) : norcx_m3sub has 0 polygons
2026-03-13 19:27:33 +0100: Memory Usage (442564K) : norcx_m4sub has 0 polygons
2026-03-13 19:27:33 +0100: Memory Usage (442564K) : norcx_m5sub has 0 polygons
2026-03-13 19:27:33 +0100: Memory Usage (442564K) : norcx_tm1sub has 0 polygons
2026-03-13 19:27:33 +0100: Memory Usage (442692K) : norcx_tm2sub has 0 polygons
2026-03-13 19:27:33 +0100: Memory Usage (442692K) : snsbotvia_drw has 0 polygons
2026-03-13 19:27:33 +0100: Memory Usage (442692K) : snstopvia_drw has 0 polygons
2026-03-13 19:27:33 +0100: Memory Usage (442692K) : deepvia_drw has 0 polygons
2026-03-13 19:27:33 +0100: Memory Usage (442820K) : fgetch_drw has 0 polygons
2026-03-13 19:27:33 +0100: Memory Usage (442820K) : ctrgat_drw has 0 polygons
2026-03-13 19:27:33 +0100: Memory Usage (442820K) : fgimp_drw has 0 polygons
2026-03-13 19:27:33 +0100: Memory Usage (442948K) : emwihv_drw has 0 polygons
2026-03-13 19:27:33 +0100: Memory Usage (442948K) : lbe_drw has 0 polygons
2026-03-13 19:27:33 +0100: Memory Usage (442948K) : alcustop_drw has 0 polygons
2026-03-13 19:27:33 +0100: Memory Usage (443076K) : nometfiller_drw has 0 polygons
2026-03-13 19:27:33 +0100: Memory Usage (443076K) : prboundary_drw has 0 polygons
2026-03-13 19:27:33 +0100: Memory Usage (443076K) : exchange0_drw has 0 polygons
2026-03-13 19:27:33 +0100: Memory Usage (443076K) : exchange0_pin has 0 polygons
2026-03-13 19:27:33 +0100: Memory Usage (443204K) : exchange0_text has 0 polygons
2026-03-13 19:27:33 +0100: Memory Usage (443204K) : exchange1_drw has 0 polygons
2026-03-13 19:27:33 +0100: Memory Usage (443204K) : exchange1_pin has 0 polygons
2026-03-13 19:27:33 +0100: Memory Usage (443332K) : exchange1_text has 0 polygons
2026-03-13 19:27:33 +0100: Memory Usage (443332K) : exchange2_drw has 0 polygons
2026-03-13 19:27:33 +0100: Memory Usage (443332K) : exchange2_pin has 0 polygons
2026-03-13 19:27:33 +0100: Memory Usage (443460K) : exchange2_text has 0 polygons
2026-03-13 19:27:33 +0100: Memory Usage (443460K) : exchange3_drw has 0 polygons
2026-03-13 19:27:33 +0100: Memory Usage (443460K) : exchange3_pin has 0 polygons
2026-03-13 19:27:33 +0100: Memory Usage (443588K) : exchange3_text has 0 polygons
2026-03-13 19:27:33 +0100: Memory Usage (443588K) : exchange4_drw has 0 polygons
2026-03-13 19:27:33 +0100: Memory Usage (443716K) : exchange4_pin has 0 polygons
2026-03-13 19:27:33 +0100: Memory Usage (443716K) : exchange4_text has 0 polygons
2026-03-13 19:27:33 +0100: Memory Usage (443716K) : isonwell_drw has 0 polygons
2026-03-13 19:27:33 +0100: Memory Usage (443716K) : Total no. of polygons in the design is 166
2026-03-13 19:27:33 +0100: Memory Usage (443844K) : Loaded TECH DRC rules values from /foss/pdks/ihp-sg13g2/libs.tech/klayout/python/sg13g2_pycell_lib/sg13g2_tech_mod.json
2026-03-13 19:27:33 +0100: Memory Usage (443844K) : Loaded default DRC rules values from /foss/pdks/ihp-sg13g2/libs.tech/klayout/tech/drc/rule_decks/sg13g2_tech_default.json
2026-03-13 19:27:33 +0100: Memory Usage (443844K) : The following rules values were missing in tech json and default values were used:
2026-03-13 19:27:33 +0100: Memory Usage (443844K) :   - Cnt_c_digibnd
2026-03-13 19:27:34 +0100: Memory Usage (444876K) : Total area of the design is 68.7021 um^2.
2026-03-13 19:27:34 +0100: Memory Usage (444876K) : The design dimensions are 3.2300000000000004 µm * 21.270000000000003 µm.
2026-03-13 19:27:34 +0100: Memory Usage (444876K) : Starting general IHP-SG13G2 derivations.
2026-03-13 19:27:34 +0100: Memory Usage (444876K) : Starting Pwell derivations
2026-03-13 19:27:34 +0100: Memory Usage (447004K) : Starting n-Activ derivations
2026-03-13 19:27:34 +0100: Memory Usage (447132K) : Starting p-Activ derivations
2026-03-13 19:27:34 +0100: Memory Usage (447132K) : Starting ptap derivations
2026-03-13 19:27:34 +0100: Memory Usage (447260K) : Starting ntap derivations
2026-03-13 19:27:34 +0100: Memory Usage (447260K) : Starting pact FET derivations
2026-03-13 19:27:34 +0100: Memory Usage (447388K) : Starting nact FET derivations
2026-03-13 19:27:34 +0100: Memory Usage (447388K) : Starting Gate derivations
2026-03-13 19:27:34 +0100: Memory Usage (447516K) : Starting cont/contbar general derivations
2026-03-13 19:27:34 +0100: Memory Usage (447644K) : Starting pad general derivations
2026-03-13 19:27:34 +0100: Memory Usage (447900K) : Starting IHP-SG13G2 DRC connectivity related derivations.
2026-03-13 19:27:34 +0100: Memory Usage (448924K) : Starting IHP-SG13G2 DRC connectivity setup
2026-03-13 19:27:34 +0100: Memory Usage (449308K) : Starting IHP-SG13G2 DRC rules.
2026-03-13 19:27:34 +0100: Memory Usage (449308K) : Running all FEOL rules
2026-03-13 19:27:34 +0100: Memory Usage (449308K) : Running all BEOL rules
2026-03-13 19:27:34 +0100: Memory Usage (449308K) : Running all PIN rules
2026-03-13 19:27:34 +0100: Memory Usage (449308K) : Running all FORBIDDEN rules
2026-03-13 19:27:34 +0100: Memory Usage (449308K) : Starting 5.1 NWell table
2026-03-13 19:27:34 +0100: Memory Usage (449308K) : Executing rule NW.b
2026-03-13 19:27:34 +0100: Memory Usage (449876K) : Executing rule NW.b1
2026-03-13 19:27:34 +0100: Memory Usage (450260K) : Starting 5.2 PWell:block
2026-03-13 19:27:34 +0100: Memory Usage (450260K) : Executing rule PWB.e
2026-03-13 19:27:34 +0100: Memory Usage (450388K) : Executing rule PWB.e1
2026-03-13 19:27:34 +0100: Memory Usage (450516K) : Executing rule PWB.f
2026-03-13 19:27:34 +0100: Memory Usage (450644K) : Executing rule PWB.f1
2026-03-13 19:27:34 +0100: Memory Usage (451156K) : Starting 5.3 nBuLay table
2026-03-13 19:27:34 +0100: Memory Usage (451284K) : Executing rule NBL.b
2026-03-13 19:27:34 +0100: Memory Usage (451284K) : Executing rule NBL.c
2026-03-13 19:27:34 +0100: Memory Usage (451284K) : Executing rule NBL.d
2026-03-13 19:27:34 +0100: Memory Usage (451284K) : Executing rule NBL.e
2026-03-13 19:27:34 +0100: Memory Usage (451284K) : Executing rule NBL.f
2026-03-13 19:27:34 +0100: Memory Usage (451284K) : Starting 5.5. Activ table
2026-03-13 19:27:34 +0100: Memory Usage (451284K) : Executing rule Act.a
2026-03-13 19:27:34 +0100: Memory Usage (451284K) : Executing rule Act.b
2026-03-13 19:27:34 +0100: Memory Usage (451284K) : Starting 5.6 Activ:filler table
2026-03-13 19:27:34 +0100: Memory Usage (451284K) : Executing rule AFil.c1
2026-03-13 19:27:34 +0100: Memory Usage (451284K) : Executing rule AFil.c
2026-03-13 19:27:34 +0100: Memory Usage (451284K) : Executing rule AFil.d
2026-03-13 19:27:34 +0100: Memory Usage (451284K) : Executing rule AFil.e
2026-03-13 19:27:34 +0100: Memory Usage (451284K) : Executing rule AFil.j
2026-03-13 19:27:34 +0100: Memory Usage (451284K) : Starting 5.7. ThickGateOx table
2026-03-13 19:27:34 +0100: Memory Usage (451284K) : Executing rule TGO.f
2026-03-13 19:27:34 +0100: Memory Usage (451284K) : Starting 5.8. GatPoly table
2026-03-13 19:27:34 +0100: Memory Usage (451284K) : Executing rule Gat.a
2026-03-13 19:27:34 +0100: Memory Usage (451284K) : Executing rule Gat.b
2026-03-13 19:27:34 +0100: Memory Usage (451284K) : Executing rule Gat.d
2026-03-13 19:27:34 +0100: Memory Usage (451284K) : Executing rule Gat.a1
2026-03-13 19:27:34 +0100: Memory Usage (451600K) : Executing rule Gat.a2
2026-03-13 19:27:34 +0100: Memory Usage (451600K) : Executing rule Gat.g
2026-03-13 19:27:34 +0100: Memory Usage (451600K) : Starting 5.9 GatPoly:filler
2026-03-13 19:27:34 +0100: Memory Usage (451600K) : Executing rule GFil.d
2026-03-13 19:27:34 +0100: Memory Usage (451600K) : Executing rule GFil.e
2026-03-13 19:27:34 +0100: Memory Usage (451600K) : Executing rule GFil.i
2026-03-13 19:27:34 +0100: Memory Usage (451600K) : Starting 5.10 pSD table
2026-03-13 19:27:34 +0100: Memory Usage (451600K) : Executing rule pSD.c1
2026-03-13 19:27:34 +0100: Memory Usage (451600K) : Starting 5.14. Cont table
2026-03-13 19:27:34 +0100: Memory Usage (451600K) : Executing rule Cnt.a
2026-03-13 19:27:34 +0100: Memory Usage (451600K) : Executing rule Cnt.b
2026-03-13 19:27:34 +0100: Memory Usage (451600K) : Executing rule Cnt.c
2026-03-13 19:27:34 +0100: Memory Usage (451600K) : Executing rule Cnt.c
2026-03-13 19:27:34 +0100: Memory Usage (451600K) : Executing rule Cnt.d
2026-03-13 19:27:34 +0100: Memory Usage (451600K) : Executing rule Cnt.e
2026-03-13 19:27:34 +0100: Memory Usage (451600K) : Executing rule Cnt.g1
2026-03-13 19:27:34 +0100: Memory Usage (451600K) : Executing rule Cnt.g2
2026-03-13 19:27:34 +0100: Memory Usage (451600K) : Starting 5.15. ContBar table
2026-03-13 19:27:34 +0100: Memory Usage (451600K) : Executing rule CntB.b1
2026-03-13 19:27:34 +0100: Memory Usage (451600K) : Executing rule CntB.h1
2026-03-13 19:27:34 +0100: Memory Usage (451600K) : Starting 6.1.3 NPN Substrate-Tie table
2026-03-13 19:27:34 +0100: Memory Usage (451600K) : Executing rule npn13G2.bR 
2026-03-13 19:27:34 +0100: Memory Usage (451600K) : Executing rule npn13G2L.cR 
2026-03-13 19:27:34 +0100: Memory Usage (451600K) : Executing rule npn13G2V.cR 
2026-03-13 19:27:34 +0100: Memory Usage (451600K) : Starting 6.7 Schottky diode table
2026-03-13 19:27:34 +0100: Memory Usage (451600K) : Executing rule Sdiod.d
2026-03-13 19:27:34 +0100: Memory Usage (451600K) : Executing rule Sdiod.e
2026-03-13 19:27:34 +0100: Memory Usage (451600K) : Starting 7.2 Latch-up table
2026-03-13 19:27:34 +0100: Memory Usage (451600K) : Executing rule LU.b
2026-03-13 19:27:34 +0100: Memory Usage (451868K) : Starting 5.16. Metal1 table
2026-03-13 19:27:34 +0100: Memory Usage (451868K) : Executing rule M1.a
2026-03-13 19:27:34 +0100: Memory Usage (451868K) : Executing rule M1.b
2026-03-13 19:27:34 +0100: Memory Usage (451868K) : Executing rule M1.e
2026-03-13 19:27:34 +0100: Memory Usage (451868K) : Executing rule M1.f
2026-03-13 19:27:34 +0100: Memory Usage (451868K) : Executing rule M1.g
2026-03-13 19:27:34 +0100: Memory Usage (451996K) : Executing rule M1.i
2026-03-13 19:27:34 +0100: Memory Usage (452252K) : Starting 5.17 Metaln table
2026-03-13 19:27:34 +0100: Memory Usage (452252K) : Executing rule M2.a
2026-03-13 19:27:34 +0100: Memory Usage (452380K) : Executing rule M2.b
2026-03-13 19:27:34 +0100: Memory Usage (452508K) : Executing rule M2.e
2026-03-13 19:27:34 +0100: Memory Usage (452636K) : Executing rule M2.f
2026-03-13 19:27:34 +0100: Memory Usage (452892K) : Executing rule M2.g
2026-03-13 19:27:34 +0100: Memory Usage (453276K) : Executing rule M2.i
2026-03-13 19:27:34 +0100: Memory Usage (453532K) : Executing rule M3.a
2026-03-13 19:27:34 +0100: Memory Usage (453660K) : Executing rule M3.b
2026-03-13 19:27:34 +0100: Memory Usage (453788K) : Executing rule M3.e
2026-03-13 19:27:34 +0100: Memory Usage (454044K) : Executing rule M3.f
2026-03-13 19:27:34 +0100: Memory Usage (454300K) : Executing rule M3.g
2026-03-13 19:27:34 +0100: Memory Usage (454684K) : Executing rule M3.i
2026-03-13 19:27:34 +0100: Memory Usage (455068K) : Executing rule M4.a
2026-03-13 19:27:34 +0100: Memory Usage (455196K) : Executing rule M4.b
2026-03-13 19:27:34 +0100: Memory Usage (455324K) : Executing rule M4.e
2026-03-13 19:27:34 +0100: Memory Usage (455580K) : Executing rule M4.f
2026-03-13 19:27:34 +0100: Memory Usage (455836K) : Executing rule M4.g
2026-03-13 19:27:34 +0100: Memory Usage (456220K) : Executing rule M4.i
2026-03-13 19:27:34 +0100: Memory Usage (456476K) : Executing rule M5.a
2026-03-13 19:27:34 +0100: Memory Usage (456732K) : Executing rule M5.b
2026-03-13 19:27:34 +0100: Memory Usage (456860K) : Executing rule M5.e
2026-03-13 19:27:34 +0100: Memory Usage (457116K) : Executing rule M5.f
2026-03-13 19:27:34 +0100: Memory Usage (457372K) : Executing rule M5.g
2026-03-13 19:27:34 +0100: Memory Usage (457756K) : Executing rule M5.i
2026-03-13 19:27:34 +0100: Memory Usage (458012K) : Starting 5.18 Metaln:filler table
2026-03-13 19:27:34 +0100: Memory Usage (458012K) : Executing rule M1Fil.c
2026-03-13 19:27:34 +0100: Memory Usage (458268K) : Executing rule M1Fil.a2
2026-03-13 19:27:34 +0100: Memory Usage (458396K) : Executing rule M2Fil.c
2026-03-13 19:27:34 +0100: Memory Usage (458524K) : Executing rule M2Fil.a2
2026-03-13 19:27:34 +0100: Memory Usage (458652K) : Executing rule M3Fil.c
2026-03-13 19:27:34 +0100: Memory Usage (458780K) : Executing rule M3Fil.a2
2026-03-13 19:27:34 +0100: Memory Usage (458908K) : Executing rule M4Fil.c
2026-03-13 19:27:34 +0100: Memory Usage (459036K) : Executing rule M4Fil.a2
2026-03-13 19:27:34 +0100: Memory Usage (459164K) : Executing rule M5Fil.c
2026-03-13 19:27:34 +0100: Memory Usage (459420K) : Executing rule M5Fil.a2
2026-03-13 19:27:34 +0100: Memory Usage (459548K) : Starting 5.19. Via1 table
2026-03-13 19:27:34 +0100: Memory Usage (459548K) : Starting 5.19. Via1 table derivations
2026-03-13 19:27:34 +0100: Memory Usage (459548K) : Executing rule V1.a
2026-03-13 19:27:34 +0100: Memory Usage (459932K) : Executing rule V1.b
2026-03-13 19:27:34 +0100: Memory Usage (459932K) : Executing rule V1.c
2026-03-13 19:27:34 +0100: Memory Usage (460060K) : Starting 5.20. Vian table
2026-03-13 19:27:34 +0100: Memory Usage (460188K) : Executing rule V2.a
2026-03-13 19:27:34 +0100: Memory Usage (460444K) : Executing rule V2.b
2026-03-13 19:27:34 +0100: Memory Usage (460572K) : Executing rule V2.c
2026-03-13 19:27:34 +0100: Memory Usage (460572K) : Executing rule V3.a
2026-03-13 19:27:34 +0100: Memory Usage (460572K) : Executing rule V3.b
2026-03-13 19:27:34 +0100: Memory Usage (460572K) : Executing rule V3.c
2026-03-13 19:27:34 +0100: Memory Usage (460572K) : Executing rule V4.a
2026-03-13 19:27:34 +0100: Memory Usage (460572K) : Executing rule V4.b
2026-03-13 19:27:34 +0100: Memory Usage (460572K) : Executing rule V4.c
2026-03-13 19:27:34 +0100: Memory Usage (460572K) : Starting 5.21. TopVia1 table
2026-03-13 19:27:34 +0100: Memory Usage (460572K) : Executing rule TV1.a
2026-03-13 19:27:34 +0100: Memory Usage (460572K) : Executing rule TV1.b
2026-03-13 19:27:34 +0100: Memory Usage (460572K) : Executing rule TV1.c
2026-03-13 19:27:34 +0100: Memory Usage (460572K) : Executing rule TV1.d
2026-03-13 19:27:34 +0100: Memory Usage (460572K) : Starting 5.22. TopMetal1 table
2026-03-13 19:27:34 +0100: Memory Usage (460572K) : Executing rule TM1.a
2026-03-13 19:27:34 +0100: Memory Usage (460572K) : Executing rule TM1.b
2026-03-13 19:27:34 +0100: Memory Usage (460572K) : Starting 5.23 TopMetal1:filler table
2026-03-13 19:27:34 +0100: Memory Usage (460572K) : Executing rule TM1Fil.c
2026-03-13 19:27:34 +0100: Memory Usage (460572K) : Executing rule TM1Fil.a1
2026-03-13 19:27:34 +0100: Memory Usage (460572K) : Starting 5.24. TopVia2 table
2026-03-13 19:27:34 +0100: Memory Usage (460572K) : Executing rule TV2.a
2026-03-13 19:27:34 +0100: Memory Usage (460572K) : Executing rule TV2.b
2026-03-13 19:27:34 +0100: Memory Usage (460572K) : Executing rule TV2.c
2026-03-13 19:27:34 +0100: Memory Usage (460572K) : Executing rule TV2.d
2026-03-13 19:27:34 +0100: Memory Usage (460572K) : Starting 5.25. TopMetal2 table
2026-03-13 19:27:34 +0100: Memory Usage (460572K) : Executing rule TM2.a
2026-03-13 19:27:34 +0100: Memory Usage (460572K) : Executing rule TM2.b
2026-03-13 19:27:34 +0100: Memory Usage (460572K) : Executing rule TM2.bR
2026-03-13 19:27:34 +0100: Memory Usage (460572K) : Starting 5.26 TopMetal2:filler table
2026-03-13 19:27:34 +0100: Memory Usage (460572K) : Executing rule TM2Fil.c
2026-03-13 19:27:34 +0100: Memory Usage (460572K) : Executing rule TM2Fil.a1
2026-03-13 19:27:34 +0100: Memory Usage (460572K) : Starting 5.27. Passiv table
2026-03-13 19:27:34 +0100: Memory Usage (460572K) : Executing rule Pas.a
2026-03-13 19:27:34 +0100: Memory Usage (460572K) : Executing rule Pas.b
2026-03-13 19:27:34 +0100: Memory Usage (460572K) : Executing rule Pas.c
2026-03-13 19:27:34 +0100: Memory Usage (460572K) : Starting 6.9.2 Copper Pillar table
2026-03-13 19:27:34 +0100: Memory Usage (460572K) : Executing rule Padc.a
2026-03-13 19:27:34 +0100: Memory Usage (460572K) : Executing rule Padc.b
2026-03-13 19:27:34 +0100: Memory Usage (460572K) : Executing rule Padc.c
2026-03-13 19:27:34 +0100: Memory Usage (460572K) : Executing rule Padb.f
2026-03-13 19:27:34 +0100: Memory Usage (460572K) : Starting 6.9 Pad table
2026-03-13 19:27:34 +0100: Memory Usage (460572K) : Executing rule Pad.m
2026-03-13 19:27:34 +0100: Memory Usage (460572K) : Executing rule Pad.fR_M1
2026-03-13 19:27:34 +0100: Memory Usage (460572K) : Executing rule Pad.fR_M2
2026-03-13 19:27:34 +0100: Memory Usage (460572K) : Executing rule Pad.fR_M3
2026-03-13 19:27:34 +0100: Memory Usage (460572K) : Executing rule Pad.fR_M4
2026-03-13 19:27:34 +0100: Memory Usage (460572K) : Executing rule Pad.fR_M5
2026-03-13 19:27:34 +0100: Memory Usage (460572K) : Executing rule Pad.fR_TM1
2026-03-13 19:27:34 +0100: Memory Usage (460572K) : Executing rule Pad.fR_TM2
2026-03-13 19:27:34 +0100: Memory Usage (460572K) : Executing rule Pad.i
2026-03-13 19:27:34 +0100: Memory Usage (460572K) : Starting 6.9.1 Solder Bump
2026-03-13 19:27:34 +0100: Memory Usage (460572K) : Executing rule Padb.a
2026-03-13 19:27:34 +0100: Memory Usage (460572K) : Executing rule Padb.b
2026-03-13 19:27:34 +0100: Memory Usage (460572K) : Executing rule Padb.c
2026-03-13 19:27:34 +0100: Memory Usage (460572K) : Executing rule Padb.f
2026-03-13 19:27:34 +0100: Memory Usage (460572K) : Executing rule Padb.d
2026-03-13 19:27:34 +0100: Memory Usage (460572K) : Starting 6.10 Sealring table
2026-03-13 19:27:34 +0100: Memory Usage (460572K) : Executing rule Seal.l
2026-03-13 19:27:34 +0100: Memory Usage (460572K) : Executing rule Seal.n
2026-03-13 19:27:34 +0100: Memory Usage (460572K) : Executing rule seal.b_metal1
2026-03-13 19:27:34 +0100: Memory Usage (460572K) : Executing rule seal.b_metal2
2026-03-13 19:27:34 +0100: Memory Usage (460572K) : Executing rule seal.b_metal3
2026-03-13 19:27:34 +0100: Memory Usage (460572K) : Executing rule seal.b_metal4
2026-03-13 19:27:34 +0100: Memory Usage (460572K) : Executing rule seal.b_metal5
2026-03-13 19:27:34 +0100: Memory Usage (460572K) : Executing rule seal.b_topmetal1
2026-03-13 19:27:34 +0100: Memory Usage (460572K) : Executing rule seal.b_topmetal2
2026-03-13 19:27:34 +0100: Memory Usage (460572K) : Executing rule seal.b_activ
2026-03-13 19:27:34 +0100: Memory Usage (460572K) : Executing rule seal.b_psd
2026-03-13 19:27:34 +0100: Memory Usage (460572K) : Executing rule Seal.k
2026-03-13 19:27:34 +0100: Memory Usage (460572K) : Executing rule Seal.m
2026-03-13 19:27:34 +0100: Memory Usage (460572K) : Starting 6.11 MIM table
2026-03-13 19:27:34 +0100: Memory Usage (460572K) : Executing rule MIM.c
2026-03-13 19:27:34 +0100: Memory Usage (460572K) : Executing rule MIM.d
2026-03-13 19:27:34 +0100: Memory Usage (460572K) : Executing rule MIM.gR
2026-03-13 19:27:34 +0100: Memory Usage (460572K) : Starting 7.3 Metal Slits table
2026-03-13 19:27:34 +0100: Memory Usage (460572K) : Executing rule Slt.e1_M1
2026-03-13 19:27:34 +0100: Memory Usage (460572K) : Executing rule Slt.e1_M2
2026-03-13 19:27:34 +0100: Memory Usage (460572K) : Executing rule Slt.e1_M3
2026-03-13 19:27:34 +0100: Memory Usage (460572K) : Executing rule Slt.e1_M4
2026-03-13 19:27:34 +0100: Memory Usage (460572K) : Executing rule Slt.e1_M5
2026-03-13 19:27:34 +0100: Memory Usage (460572K) : Executing rule Slt.e1_TM1
2026-03-13 19:27:34 +0100: Memory Usage (460572K) : Executing rule Slt.e1_TM2
2026-03-13 19:27:34 +0100: Memory Usage (460572K) : Starting 9.1. LBE table
2026-03-13 19:27:34 +0100: Memory Usage (460572K) : Executing rule LBE.a
2026-03-13 19:27:34 +0100: Memory Usage (460572K) : Executing rule LBE.b
2026-03-13 19:27:34 +0100: Memory Usage (460572K) : Executing rule LBE.b1
2026-03-13 19:27:34 +0100: Memory Usage (460572K) : Executing rule LBE.c
2026-03-13 19:27:34 +0100: Memory Usage (460572K) : Executing rule LBE.d
2026-03-13 19:27:34 +0100: Memory Usage (460572K) : Executing rule LBE.h
2026-03-13 19:27:34 +0100: Memory Usage (460572K) : Starting 7.4. PIN table
2026-03-13 19:27:34 +0100: Memory Usage (460572K) : Executing rule Pin.a
2026-03-13 19:27:34 +0100: Memory Usage (460572K) : Executing rule Pin.b
2026-03-13 19:27:34 +0100: Memory Usage (460572K) : Executing rule Pin.e
2026-03-13 19:27:34 +0100: Memory Usage (460572K) : Executing rule Pin.f_M2
2026-03-13 19:27:34 +0100: Memory Usage (460572K) : Executing rule Pin.f_M3
2026-03-13 19:27:34 +0100: Memory Usage (460572K) : Executing rule Pin.f_M4
2026-03-13 19:27:34 +0100: Memory Usage (460572K) : Executing rule Pin.f_M5
2026-03-13 19:27:34 +0100: Memory Usage (460572K) : Executing rule Pin.g
2026-03-13 19:27:34 +0100: Memory Usage (460572K) : Executing rule Pin.h
2026-03-13 19:27:34 +0100: Memory Usage (460572K) : Starting 3.2. FORBIDDEN table
2026-03-13 19:27:34 +0100: Memory Usage (460572K) : Executing rule forbidden.biwind
2026-03-13 19:27:34 +0100: Memory Usage (460572K) : Executing rule forbidden.pemwind
2026-03-13 19:27:34 +0100: Memory Usage (460572K) : Executing rule forbidden.baspoly
2026-03-13 19:27:34 +0100: Memory Usage (460572K) : Executing rule forbidden.deepco
2026-03-13 19:27:34 +0100: Memory Usage (460572K) : Executing rule forbidden.pempoly
2026-03-13 19:27:34 +0100: Memory Usage (460572K) : Executing rule forbidden.empoly
2026-03-13 19:27:34 +0100: Memory Usage (460572K) : Executing rule forbidden.ldmos
2026-03-13 19:27:34 +0100: Memory Usage (460572K) : Executing rule forbidden.pbiwind
2026-03-13 19:27:34 +0100: Memory Usage (460572K) : Executing rule forbidden.nodrc
2026-03-13 19:27:34 +0100: Memory Usage (460572K) : Executing rule forbidden.flash
2026-03-13 19:27:34 +0100: Memory Usage (460572K) : Executing rule forbidden.colwind
2026-03-13 19:27:34 +0100: Memory Usage (460572K) : KLayout DRC run for tables 'main' completed in 0.62 seconds
