# Logfile created on 2026-03-11 12:45:10 +0100 by logger.rb/v1.5.3
2026-03-11 12:45:10 +0100: Memory Usage (426172K) : Starting running IHP-SG13G2 KLayout DRC runset on /foss/designs/ttihp26a-adex-neuron-ncs/gds/TOP_v2.klay.gds
2026-03-11 12:45:10 +0100: Memory Usage (426172K) : Ruby Version for klayout: 3.2.3
2026-03-11 12:45:10 +0100: Memory Usage (427088K) : Loading database to memory is complete.
2026-03-11 12:45:10 +0100: Memory Usage (427088K) : IHP-SG13G2 KLayout DRC runset output at: /foss/designs/ttihp26a-adex-neuron-ncs/klayout/drc_run_inv/TOP_v2.klay_inv_main.lyrdb
2026-03-11 12:45:10 +0100: Memory Usage (427088K) : Evaluate switches.
2026-03-11 12:45:10 +0100: Memory Usage (427088K) : tables selected: main
2026-03-11 12:45:10 +0100: Memory Usage (427088K) : KLayout will use 1 thread(s) in tiling mode.
2026-03-11 12:45:10 +0100: Memory Usage (427088K) : deep mode is enabled.
2026-03-11 12:45:10 +0100: Memory Usage (427088K) : FEOL enabled: true
2026-03-11 12:45:10 +0100: Memory Usage (427088K) : BEOL enabled: true
2026-03-11 12:45:10 +0100: Memory Usage (427088K) : OFFGRID enabled: true
2026-03-11 12:45:10 +0100: Memory Usage (427088K) : PIN enabled: true
2026-03-11 12:45:10 +0100: Memory Usage (427088K) : FORBIDDEN enabled: true
2026-03-11 12:45:10 +0100: Memory Usage (427088K) : RECOMMENDED enabled: true
2026-03-11 12:45:10 +0100: Memory Usage (427088K) : PreCheck DRC enabled: false
2026-03-11 12:45:10 +0100: Memory Usage (427088K) : CONNECTIVITY_RULES enabled: true.
2026-03-11 12:45:10 +0100: Memory Usage (427088K) : Read in polygons from layers.
2026-03-11 12:45:10 +0100: Memory Usage (428320K) : activ_drw has 6 polygons
2026-03-11 12:45:10 +0100: Memory Usage (428320K) : activ_pin has 0 polygons
2026-03-11 12:45:10 +0100: Memory Usage (428320K) : activ_mask has 0 polygons
2026-03-11 12:45:10 +0100: Memory Usage (428320K) : activ_filler has 0 polygons
2026-03-11 12:45:10 +0100: Memory Usage (428320K) : activ_nofill has 0 polygons
2026-03-11 12:45:10 +0100: Memory Usage (428320K) : activ_opc has 0 polygons
2026-03-11 12:45:10 +0100: Memory Usage (428320K) : activ_iopc has 0 polygons
2026-03-11 12:45:10 +0100: Memory Usage (428320K) : activ_noqrc has 0 polygons
2026-03-11 12:45:10 +0100: Memory Usage (428320K) : biwind_drw has 0 polygons
2026-03-11 12:45:10 +0100: Memory Usage (428320K) : biwind_opc has 0 polygons
2026-03-11 12:45:10 +0100: Memory Usage (428320K) : pemwind_drw has 0 polygons
2026-03-11 12:45:10 +0100: Memory Usage (428448K) : gatpoly_drw has 4 polygons
2026-03-11 12:45:10 +0100: Memory Usage (428448K) : gatpoly_pin has 2 polygons
2026-03-11 12:45:10 +0100: Memory Usage (428448K) : gatpoly_filler has 0 polygons
2026-03-11 12:45:10 +0100: Memory Usage (428448K) : gatpoly_nofill has 0 polygons
2026-03-11 12:45:10 +0100: Memory Usage (428448K) : gatpoly_opc has 0 polygons
2026-03-11 12:45:10 +0100: Memory Usage (428448K) : gatpoly_iopc has 0 polygons
2026-03-11 12:45:10 +0100: Memory Usage (428448K) : gatpoly_noqrc has 0 polygons
2026-03-11 12:45:10 +0100: Memory Usage (428448K) : cont_drw has 12 polygons
2026-03-11 12:45:10 +0100: Memory Usage (428448K) : cont_opc has 0 polygons
2026-03-11 12:45:10 +0100: Memory Usage (428448K) : nsd_drw has 0 polygons
2026-03-11 12:45:10 +0100: Memory Usage (428448K) : nsd_block has 0 polygons
2026-03-11 12:45:10 +0100: Memory Usage (428636K) : metal1_drw has 11 polygons
2026-03-11 12:45:10 +0100: Memory Usage (428636K) : metal1_pin has 5 polygons
2026-03-11 12:45:10 +0100: Memory Usage (428636K) : metal1_mask has 0 polygons
2026-03-11 12:45:10 +0100: Memory Usage (428636K) : metal1_filler has 0 polygons
2026-03-11 12:45:10 +0100: Memory Usage (428636K) : metal1_nofill has 0 polygons
2026-03-11 12:45:10 +0100: Memory Usage (428764K) : metal1_slit has 0 polygons
2026-03-11 12:45:10 +0100: Memory Usage (429064K) : metal1_text has 3 polygons
2026-03-11 12:45:10 +0100: Memory Usage (429064K) : metal1_opc has 0 polygons
2026-03-11 12:45:10 +0100: Memory Usage (429064K) : metal1_noqrc has 0 polygons
2026-03-11 12:45:10 +0100: Memory Usage (429192K) : metal1_res has 0 polygons
2026-03-11 12:45:10 +0100: Memory Usage (429192K) : metal1_iprobe has 0 polygons
2026-03-11 12:45:10 +0100: Memory Usage (429192K) : metal1_diffprb has 0 polygons
2026-03-11 12:45:10 +0100: Memory Usage (429320K) : passiv_drw has 0 polygons
2026-03-11 12:45:10 +0100: Memory Usage (429320K) : passiv_pin has 0 polygons
2026-03-11 12:45:10 +0100: Memory Usage (429320K) : passiv_sbump has 0 polygons
2026-03-11 12:45:10 +0100: Memory Usage (429448K) : passiv_pillar has 0 polygons
2026-03-11 12:45:10 +0100: Memory Usage (429448K) : passiv_pdl has 0 polygons
2026-03-11 12:45:10 +0100: Memory Usage (429576K) : metal2_drw has 0 polygons
2026-03-11 12:45:10 +0100: Memory Usage (429576K) : metal2_pin has 0 polygons
2026-03-11 12:45:10 +0100: Memory Usage (429704K) : metal2_mask has 0 polygons
2026-03-11 12:45:10 +0100: Memory Usage (429704K) : metal2_filler has 0 polygons
2026-03-11 12:45:10 +0100: Memory Usage (429704K) : metal2_nofill has 0 polygons
2026-03-11 12:45:10 +0100: Memory Usage (429832K) : metal2_slit has 0 polygons
2026-03-11 12:45:10 +0100: Memory Usage (429832K) : metal2_text has 0 polygons
2026-03-11 12:45:10 +0100: Memory Usage (429960K) : metal2_opc has 0 polygons
2026-03-11 12:45:10 +0100: Memory Usage (429960K) : metal2_noqrc has 0 polygons
2026-03-11 12:45:10 +0100: Memory Usage (429960K) : metal2_res has 0 polygons
2026-03-11 12:45:10 +0100: Memory Usage (430088K) : metal2_iprobe has 0 polygons
2026-03-11 12:45:10 +0100: Memory Usage (430088K) : metal2_diffprb has 0 polygons
2026-03-11 12:45:10 +0100: Memory Usage (430216K) : baspoly_drw has 0 polygons
2026-03-11 12:45:10 +0100: Memory Usage (430344K) : baspoly_pin has 0 polygons
2026-03-11 12:45:10 +0100: Memory Usage (430344K) : psd_drw has 1 polygons
2026-03-11 12:45:10 +0100: Memory Usage (430472K) : nldb_drw has 0 polygons
2026-03-11 12:45:10 +0100: Memory Usage (430472K) : digibnd_drw has 0 polygons
2026-03-11 12:45:10 +0100: Memory Usage (430472K) : via1_drw has 0 polygons
2026-03-11 12:45:10 +0100: Memory Usage (430600K) : backmetal1_drw has 0 polygons
2026-03-11 12:45:10 +0100: Memory Usage (430600K) : backmetal1_pin has 0 polygons
2026-03-11 12:45:10 +0100: Memory Usage (430728K) : backmetal1_mask has 0 polygons
2026-03-11 12:45:10 +0100: Memory Usage (430728K) : backmetal1_filler has 0 polygons
2026-03-11 12:45:10 +0100: Memory Usage (430856K) : backmetal1_nofill has 0 polygons
2026-03-11 12:45:10 +0100: Memory Usage (430856K) : backmetal1_slit has 0 polygons
2026-03-11 12:45:10 +0100: Memory Usage (430856K) : backmetal1_text has 0 polygons
2026-03-11 12:45:10 +0100: Memory Usage (430984K) : backmetal1_opc has 0 polygons
2026-03-11 12:45:10 +0100: Memory Usage (430984K) : backmetal1_noqrc has 0 polygons
2026-03-11 12:45:10 +0100: Memory Usage (431112K) : backmetal1_res has 0 polygons
2026-03-11 12:45:10 +0100: Memory Usage (431112K) : backmetal1_iprobe has 0 polygons
2026-03-11 12:45:10 +0100: Memory Usage (431240K) : backmetal1_diffprb has 0 polygons
2026-03-11 12:45:10 +0100: Memory Usage (431240K) : backpassiv_drw has 0 polygons
2026-03-11 12:45:10 +0100: Memory Usage (431240K) : res_drw has 0 polygons
2026-03-11 12:45:10 +0100: Memory Usage (431368K) : sram_drw has 0 polygons
2026-03-11 12:45:10 +0100: Memory Usage (431368K) : trans_drw has 0 polygons
2026-03-11 12:45:10 +0100: Memory Usage (431496K) : ind_drw has 0 polygons
2026-03-11 12:45:10 +0100: Memory Usage (431496K) : ind_pin has 0 polygons
2026-03-11 12:45:10 +0100: Memory Usage (431624K) : ind_text has 0 polygons
2026-03-11 12:45:10 +0100: Memory Usage (431624K) : salblock_drw has 0 polygons
2026-03-11 12:45:10 +0100: Memory Usage (431752K) : via2_drw has 0 polygons
2026-03-11 12:45:10 +0100: Memory Usage (431752K) : metal3_drw has 0 polygons
2026-03-11 12:45:10 +0100: Memory Usage (431880K) : metal3_pin has 0 polygons
2026-03-11 12:45:10 +0100: Memory Usage (432008K) : metal3_mask has 0 polygons
2026-03-11 12:45:10 +0100: Memory Usage (432008K) : metal3_filler has 0 polygons
2026-03-11 12:45:10 +0100: Memory Usage (432136K) : metal3_nofill has 0 polygons
2026-03-11 12:45:10 +0100: Memory Usage (432136K) : metal3_slit has 0 polygons
2026-03-11 12:45:10 +0100: Memory Usage (432136K) : metal3_text has 0 polygons
2026-03-11 12:45:10 +0100: Memory Usage (432264K) : metal3_opc has 0 polygons
2026-03-11 12:45:10 +0100: Memory Usage (432264K) : metal3_noqrc has 0 polygons
2026-03-11 12:45:10 +0100: Memory Usage (432392K) : metal3_res has 0 polygons
2026-03-11 12:45:10 +0100: Memory Usage (432392K) : metal3_iprobe has 0 polygons
2026-03-11 12:45:10 +0100: Memory Usage (432392K) : metal3_diffprb has 0 polygons
2026-03-11 12:45:10 +0100: Memory Usage (432520K) : nwell_drw has 1 polygons
2026-03-11 12:45:10 +0100: Memory Usage (432520K) : nwell_pin has 0 polygons
2026-03-11 12:45:10 +0100: Memory Usage (432648K) : nbulay_drw has 0 polygons
2026-03-11 12:45:10 +0100: Memory Usage (432648K) : nbulay_pin has 0 polygons
2026-03-11 12:45:10 +0100: Memory Usage (432776K) : nbulay_block has 0 polygons
2026-03-11 12:45:10 +0100: Memory Usage (432776K) : emwind_drw has 0 polygons
2026-03-11 12:45:10 +0100: Memory Usage (432776K) : emwind_opc has 0 polygons
2026-03-11 12:45:10 +0100: Memory Usage (432904K) : deepco_drw has 0 polygons
2026-03-11 12:45:10 +0100: Memory Usage (433032K) : deepco_drw has 0 polygons
2026-03-11 12:45:10 +0100: Memory Usage (433032K) : mim_drw has 0 polygons
2026-03-11 12:45:10 +0100: Memory Usage (433160K) : edgeseal_drw has 0 polygons
2026-03-11 12:45:10 +0100: Memory Usage (433160K) : edgeseal_bound has 0 polygons
2026-03-11 12:45:10 +0100: Memory Usage (433288K) : substrate_drw has 1 polygons
2026-03-11 12:45:10 +0100: Memory Usage (433416K) : substrate_text has 0 polygons
2026-03-11 12:45:10 +0100: Memory Usage (433416K) : dfpad_drw has 0 polygons
2026-03-11 12:45:10 +0100: Memory Usage (433544K) : dfpad_pillar has 0 polygons
2026-03-11 12:45:10 +0100: Memory Usage (433544K) : dfpad_sbump has 0 polygons
2026-03-11 12:45:10 +0100: Memory Usage (433672K) : thickgateox_drw has 1 polygons
2026-03-11 12:45:10 +0100: Memory Usage (433672K) : pldb_drw has 0 polygons
2026-03-11 12:45:10 +0100: Memory Usage (433672K) : pwell_drw has 0 polygons
2026-03-11 12:45:10 +0100: Memory Usage (433800K) : pwell_pin has 0 polygons
2026-03-11 12:45:10 +0100: Memory Usage (433800K) : pwell_block has 0 polygons
2026-03-11 12:45:10 +0100: Memory Usage (433928K) : ic_drw has 0 polygons
2026-03-11 12:45:10 +0100: Memory Usage (433928K) : via3_drw has 0 polygons
2026-03-11 12:45:10 +0100: Memory Usage (434056K) : metal4_drw has 0 polygons
2026-03-11 12:45:10 +0100: Memory Usage (434184K) : metal4_pin has 0 polygons
2026-03-11 12:45:10 +0100: Memory Usage (434184K) : metal4_mask has 0 polygons
2026-03-11 12:45:10 +0100: Memory Usage (434184K) : metal4_filler has 0 polygons
2026-03-11 12:45:10 +0100: Memory Usage (434312K) : metal4_nofill has 0 polygons
2026-03-11 12:45:10 +0100: Memory Usage (434312K) : metal4_slit has 0 polygons
2026-03-11 12:45:10 +0100: Memory Usage (434440K) : metal4_text has 0 polygons
2026-03-11 12:45:10 +0100: Memory Usage (434440K) : metal4_opc has 0 polygons
2026-03-11 12:45:10 +0100: Memory Usage (434568K) : metal4_noqrc has 0 polygons
2026-03-11 12:45:10 +0100: Memory Usage (434568K) : metal4_res has 0 polygons
2026-03-11 12:45:10 +0100: Memory Usage (434568K) : metal4_iprobe has 0 polygons
2026-03-11 12:45:10 +0100: Memory Usage (434696K) : metal4_diffprb has 0 polygons
2026-03-11 12:45:10 +0100: Memory Usage (434696K) : heattrans_drw has 2 polygons
2026-03-11 12:45:10 +0100: Memory Usage (434824K) : heatres_drw has 0 polygons
2026-03-11 12:45:10 +0100: Memory Usage (434824K) : pempoly_drw has 0 polygons
2026-03-11 12:45:10 +0100: Memory Usage (434952K) : fbe_drw has 0 polygons
2026-03-11 12:45:10 +0100: Memory Usage (435080K) : empoly_drw has 0 polygons
2026-03-11 12:45:10 +0100: Memory Usage (435080K) : ldmos_drw has 0 polygons
2026-03-11 12:45:10 +0100: Memory Usage (435080K) : pbiwind_drw has 0 polygons
2026-03-11 12:45:10 +0100: Memory Usage (435208K) : digisub_drw has 0 polygons
2026-03-11 12:45:10 +0100: Memory Usage (435336K) : nodrc_drw has 0 polygons
2026-03-11 12:45:10 +0100: Memory Usage (435336K) : text_drw has 2 polygons
2026-03-11 12:45:10 +0100: Memory Usage (435464K) : via4_drw has 0 polygons
2026-03-11 12:45:10 +0100: Memory Usage (435464K) : metal5_drw has 0 polygons
2026-03-11 12:45:10 +0100: Memory Usage (435464K) : metal5_pin has 0 polygons
2026-03-11 12:45:10 +0100: Memory Usage (435592K) : metal5_mask has 0 polygons
2026-03-11 12:45:10 +0100: Memory Usage (435592K) : metal5_filler has 0 polygons
2026-03-11 12:45:10 +0100: Memory Usage (435720K) : metal5_nofill has 0 polygons
2026-03-11 12:45:10 +0100: Memory Usage (435720K) : metal5_slit has 0 polygons
2026-03-11 12:45:10 +0100: Memory Usage (435848K) : metal5_text has 0 polygons
2026-03-11 12:45:10 +0100: Memory Usage (435848K) : metal5_opc has 0 polygons
2026-03-11 12:45:10 +0100: Memory Usage (435848K) : metal5_noqrc has 0 polygons
2026-03-11 12:45:10 +0100: Memory Usage (435976K) : metal5_res has 0 polygons
2026-03-11 12:45:10 +0100: Memory Usage (435976K) : metal5_iprobe has 0 polygons
2026-03-11 12:45:10 +0100: Memory Usage (436104K) : metal5_diffprb has 0 polygons
2026-03-11 12:45:10 +0100: Memory Usage (436104K) : radhard_drw has 0 polygons
2026-03-11 12:45:10 +0100: Memory Usage (436232K) : memcap_drw has 0 polygons
2026-03-11 12:45:10 +0100: Memory Usage (436232K) : varicap_drw has 0 polygons
2026-03-11 12:45:10 +0100: Memory Usage (436360K) : flash_drw has 0 polygons
2026-03-11 12:45:10 +0100: Memory Usage (436360K) : intbondvia_drw has 0 polygons
2026-03-11 12:45:10 +0100: Memory Usage (436488K) : intbondmet_drw has 0 polygons
2026-03-11 12:45:10 +0100: Memory Usage (436616K) : devbondvia_drw has 0 polygons
2026-03-11 12:45:10 +0100: Memory Usage (436616K) : devbondmet_drw has 0 polygons
2026-03-11 12:45:10 +0100: Memory Usage (436744K) : devtrench_drw has 0 polygons
2026-03-11 12:45:10 +0100: Memory Usage (436744K) : redist_drw has 0 polygons
2026-03-11 12:45:10 +0100: Memory Usage (436744K) : graphbot_drw has 0 polygons
2026-03-11 12:45:10 +0100: Memory Usage (436872K) : graphtop_drw has 0 polygons
2026-03-11 12:45:10 +0100: Memory Usage (436872K) : antvia1_drw has 0 polygons
2026-03-11 12:45:10 +0100: Memory Usage (437000K) : antmetal2_drw has 0 polygons
2026-03-11 12:45:10 +0100: Memory Usage (437000K) : graphcont_drw has 0 polygons
2026-03-11 12:45:10 +0100: Memory Usage (437128K) : siwg_drw has 0 polygons
2026-03-11 12:45:10 +0100: Memory Usage (437128K) : siwg_filler has 0 polygons
2026-03-11 12:45:10 +0100: Memory Usage (437128K) : siwg_nofill has 0 polygons
2026-03-11 12:45:10 +0100: Memory Usage (437256K) : sigrating_drw has 0 polygons
2026-03-11 12:45:10 +0100: Memory Usage (437256K) : singrating_drw has 0 polygons
2026-03-11 12:45:10 +0100: Memory Usage (437384K) : graphpas_drw has 0 polygons
2026-03-11 12:45:10 +0100: Memory Usage (437512K) : emwind3_drw has 0 polygons
2026-03-11 12:45:10 +0100: Memory Usage (437512K) : emwihv3_drw has 0 polygons
2026-03-11 12:45:10 +0100: Memory Usage (437640K) : redbulay_drw has 0 polygons
2026-03-11 12:45:10 +0100: Memory Usage (437640K) : smos_drw has 0 polygons
2026-03-11 12:45:10 +0100: Memory Usage (437640K) : graphpad_drw has 0 polygons
2026-03-11 12:45:10 +0100: Memory Usage (437768K) : polimide_drw has 0 polygons
2026-03-11 12:45:10 +0100: Memory Usage (437768K) : polimide_pin has 0 polygons
2026-03-11 12:45:10 +0100: Memory Usage (437896K) : recog_drw has 0 polygons
2026-03-11 12:45:10 +0100: Memory Usage (437896K) : recog_pin has 0 polygons
2026-03-11 12:45:10 +0100: Memory Usage (438024K) : recog_esd has 0 polygons
2026-03-11 12:45:10 +0100: Memory Usage (438024K) : recog_diode has 0 polygons
2026-03-11 12:45:10 +0100: Memory Usage (438152K) : recog_tsv has 0 polygons
2026-03-11 12:45:10 +0100: Memory Usage (438152K) : recog_iprobe has 0 polygons
2026-03-11 12:45:10 +0100: Memory Usage (438280K) : recog_diffprb has 0 polygons
2026-03-11 12:45:10 +0100: Memory Usage (438280K) : recog_pillar has 0 polygons
2026-03-11 12:45:10 +0100: Memory Usage (438408K) : recog_sbump has 0 polygons
2026-03-11 12:45:10 +0100: Memory Usage (438536K) : recog_otp has 0 polygons
2026-03-11 12:45:10 +0100: Memory Usage (438536K) : recog_pdiode has 0 polygons
2026-03-11 12:45:10 +0100: Memory Usage (438536K) : recog_mom has 0 polygons
2026-03-11 12:45:10 +0100: Memory Usage (438664K) : recog_pcm has 0 polygons
2026-03-11 12:45:10 +0100: Memory Usage (438664K) : colopen_drw has 0 polygons
2026-03-11 12:45:10 +0100: Memory Usage (438792K) : graphmetal1_drw has 0 polygons
2026-03-11 12:45:10 +0100: Memory Usage (438792K) : graphmetal1_filler has 0 polygons
2026-03-11 12:45:10 +0100: Memory Usage (438920K) : graphmetal1_nofill has 0 polygons
2026-03-11 12:45:10 +0100: Memory Usage (438920K) : graphmetal1_slit has 0 polygons
2026-03-11 12:45:10 +0100: Memory Usage (438920K) : graphmetal1_opc has 0 polygons
2026-03-11 12:45:10 +0100: Memory Usage (439048K) : graphmet1l_drw has 0 polygons
2026-03-11 12:45:10 +0100: Memory Usage (439048K) : graphmet1l_filler has 0 polygons
2026-03-11 12:45:10 +0100: Memory Usage (439048K) : graphmet1l_nofill has 0 polygons
2026-03-11 12:45:10 +0100: Memory Usage (439176K) : graphmet1l_slit has 0 polygons
2026-03-11 12:45:10 +0100: Memory Usage (439176K) : graphmet1l_opc has 0 polygons
2026-03-11 12:45:10 +0100: Memory Usage (439176K) : extblock_drw has 0 polygons
2026-03-11 12:45:10 +0100: Memory Usage (439176K) : nldd_drw has 0 polygons
2026-03-11 12:45:10 +0100: Memory Usage (439304K) : pldd_drw has 0 polygons
2026-03-11 12:45:10 +0100: Memory Usage (439304K) : next_drw has 0 polygons
2026-03-11 12:45:10 +0100: Memory Usage (439304K) : pext_drw has 0 polygons
2026-03-11 12:45:10 +0100: Memory Usage (439432K) : nexthv_drw has 0 polygons
2026-03-11 12:45:10 +0100: Memory Usage (439432K) : pexthv_drw has 0 polygons
2026-03-11 12:45:10 +0100: Memory Usage (439432K) : graphgate_drw has 0 polygons
2026-03-11 12:45:10 +0100: Memory Usage (439432K) : sinwg_drw has 0 polygons
2026-03-11 12:45:10 +0100: Memory Usage (439560K) : sinwg_filler has 0 polygons
2026-03-11 12:45:10 +0100: Memory Usage (439560K) : sinwg_nofill has 0 polygons
2026-03-11 12:45:10 +0100: Memory Usage (439560K) : mempad_drw has 0 polygons
2026-03-11 12:45:10 +0100: Memory Usage (439688K) : topvia1_drw has 0 polygons
2026-03-11 12:45:10 +0100: Memory Usage (439688K) : topmetal1_drw has 0 polygons
2026-03-11 12:45:10 +0100: Memory Usage (439688K) : topmetal1_pin has 0 polygons
2026-03-11 12:45:10 +0100: Memory Usage (439816K) : topmetal1_mask has 0 polygons
2026-03-11 12:45:10 +0100: Memory Usage (439816K) : topmetal1_filler has 0 polygons
2026-03-11 12:45:10 +0100: Memory Usage (439816K) : topmetal1_nofill has 0 polygons
2026-03-11 12:45:10 +0100: Memory Usage (439944K) : topmetal1_slit has 0 polygons
2026-03-11 12:45:10 +0100: Memory Usage (439944K) : topmetal1_text has 0 polygons
2026-03-11 12:45:10 +0100: Memory Usage (440072K) : topmetal1_noqrc has 0 polygons
2026-03-11 12:45:10 +0100: Memory Usage (440072K) : topmetal1_res has 0 polygons
2026-03-11 12:45:10 +0100: Memory Usage (440200K) : topmetal1_iprobe has 0 polygons
2026-03-11 12:45:10 +0100: Memory Usage (440200K) : topmetal1_diffprb has 0 polygons
2026-03-11 12:45:10 +0100: Memory Usage (440200K) : inldpwl_drw has 0 polygons
2026-03-11 12:45:10 +0100: Memory Usage (440328K) : polyres_drw has 0 polygons
2026-03-11 12:45:10 +0100: Memory Usage (440328K) : polyres_pin has 0 polygons
2026-03-11 12:45:10 +0100: Memory Usage (440456K) : vmim_drw has 0 polygons
2026-03-11 12:45:10 +0100: Memory Usage (440456K) : nbulaycut_drw has 0 polygons
2026-03-11 12:45:10 +0100: Memory Usage (440584K) : antmetal1_drw has 0 polygons
2026-03-11 12:45:10 +0100: Memory Usage (440584K) : topvia2_drw has 0 polygons
2026-03-11 12:45:10 +0100: Memory Usage (440584K) : topmetal2_drw has 0 polygons
2026-03-11 12:45:10 +0100: Memory Usage (440584K) : topmetal2_pin has 0 polygons
2026-03-11 12:45:10 +0100: Memory Usage (440584K) : topmetal2_mask has 0 polygons
2026-03-11 12:45:10 +0100: Memory Usage (440584K) : topmetal2_filler has 0 polygons
2026-03-11 12:45:10 +0100: Memory Usage (440712K) : topmetal2_nofill has 0 polygons
2026-03-11 12:45:10 +0100: Memory Usage (440712K) : topmetal2_slit has 0 polygons
2026-03-11 12:45:10 +0100: Memory Usage (440712K) : topmetal2_text has 0 polygons
2026-03-11 12:45:10 +0100: Memory Usage (440840K) : topmetal2_noqrc has 0 polygons
2026-03-11 12:45:10 +0100: Memory Usage (440840K) : topmetal2_res has 0 polygons
2026-03-11 12:45:10 +0100: Memory Usage (440968K) : topmetal2_iprobe has 0 polygons
2026-03-11 12:45:10 +0100: Memory Usage (440968K) : topmetal2_diffprb has 0 polygons
2026-03-11 12:45:10 +0100: Memory Usage (440968K) : snsring_drw has 0 polygons
2026-03-11 12:45:10 +0100: Memory Usage (441096K) : sensor_drw has 0 polygons
2026-03-11 12:45:10 +0100: Memory Usage (441096K) : snsarms_drw has 0 polygons
2026-03-11 12:45:10 +0100: Memory Usage (441224K) : snscmosvia_drw has 0 polygons
2026-03-11 12:45:10 +0100: Memory Usage (441224K) : colwind_drw has 0 polygons
2026-03-11 12:45:10 +0100: Memory Usage (441224K) : flm_drw has 0 polygons
2026-03-11 12:45:10 +0100: Memory Usage (441352K) : hafniumox_drw has 0 polygons
2026-03-11 12:45:10 +0100: Memory Usage (441352K) : memvia_drw has 0 polygons
2026-03-11 12:45:10 +0100: Memory Usage (441480K) : thinfilmres_drw has 0 polygons
2026-03-11 12:45:10 +0100: Memory Usage (441480K) : rfmem_drw has 0 polygons
2026-03-11 12:45:10 +0100: Memory Usage (441480K) : norcx_drw has 0 polygons
2026-03-11 12:45:10 +0100: Memory Usage (441608K) : norcx_m2m3 has 0 polygons
2026-03-11 12:45:10 +0100: Memory Usage (441608K) : norcx_m2m4 has 0 polygons
2026-03-11 12:45:10 +0100: Memory Usage (441736K) : norcx_m2m5 has 0 polygons
2026-03-11 12:45:10 +0100: Memory Usage (441736K) : norcx_m2tm1 has 0 polygons
2026-03-11 12:45:10 +0100: Memory Usage (441864K) : norcx_m2tm2 has 0 polygons
2026-03-11 12:45:10 +0100: Memory Usage (441864K) : norcx_m3m4 has 0 polygons
2026-03-11 12:45:10 +0100: Memory Usage (441992K) : norcx_m3m5 has 0 polygons
2026-03-11 12:45:10 +0100: Memory Usage (441992K) : norcx_m3tm1 has 0 polygons
2026-03-11 12:45:10 +0100: Memory Usage (441992K) : norcx_m3tm2 has 0 polygons
2026-03-11 12:45:10 +0100: Memory Usage (442120K) : norcx_m4m5 has 0 polygons
2026-03-11 12:45:10 +0100: Memory Usage (442120K) : norcx_m4tm1 has 0 polygons
2026-03-11 12:45:10 +0100: Memory Usage (442248K) : norcx_m4tm2 has 0 polygons
2026-03-11 12:45:10 +0100: Memory Usage (442248K) : norcx_m5tm1 has 0 polygons
2026-03-11 12:45:10 +0100: Memory Usage (442376K) : norcx_m5tm2 has 0 polygons
2026-03-11 12:45:10 +0100: Memory Usage (442376K) : norcx_tm1tm2 has 0 polygons
2026-03-11 12:45:10 +0100: Memory Usage (442376K) : norcx_m1sub has 0 polygons
2026-03-11 12:45:10 +0100: Memory Usage (442504K) : norcx_m2sub has 0 polygons
2026-03-11 12:45:10 +0100: Memory Usage (442504K) : norcx_m3sub has 0 polygons
2026-03-11 12:45:10 +0100: Memory Usage (442632K) : norcx_m4sub has 0 polygons
2026-03-11 12:45:10 +0100: Memory Usage (442632K) : norcx_m5sub has 0 polygons
2026-03-11 12:45:10 +0100: Memory Usage (442760K) : norcx_tm1sub has 0 polygons
2026-03-11 12:45:10 +0100: Memory Usage (442760K) : norcx_tm2sub has 0 polygons
2026-03-11 12:45:10 +0100: Memory Usage (442760K) : snsbotvia_drw has 0 polygons
2026-03-11 12:45:10 +0100: Memory Usage (442888K) : snstopvia_drw has 0 polygons
2026-03-11 12:45:10 +0100: Memory Usage (442888K) : deepvia_drw has 0 polygons
2026-03-11 12:45:10 +0100: Memory Usage (442888K) : fgetch_drw has 0 polygons
2026-03-11 12:45:10 +0100: Memory Usage (442888K) : ctrgat_drw has 0 polygons
2026-03-11 12:45:10 +0100: Memory Usage (442888K) : fgimp_drw has 0 polygons
2026-03-11 12:45:10 +0100: Memory Usage (442888K) : emwihv_drw has 0 polygons
2026-03-11 12:45:10 +0100: Memory Usage (443016K) : lbe_drw has 0 polygons
2026-03-11 12:45:10 +0100: Memory Usage (443016K) : alcustop_drw has 0 polygons
2026-03-11 12:45:10 +0100: Memory Usage (443016K) : nometfiller_drw has 0 polygons
2026-03-11 12:45:10 +0100: Memory Usage (443144K) : prboundary_drw has 0 polygons
2026-03-11 12:45:10 +0100: Memory Usage (443144K) : exchange0_drw has 0 polygons
2026-03-11 12:45:10 +0100: Memory Usage (443144K) : exchange0_pin has 0 polygons
2026-03-11 12:45:10 +0100: Memory Usage (443272K) : exchange0_text has 0 polygons
2026-03-11 12:45:10 +0100: Memory Usage (443272K) : exchange1_drw has 0 polygons
2026-03-11 12:45:10 +0100: Memory Usage (443272K) : exchange1_pin has 0 polygons
2026-03-11 12:45:10 +0100: Memory Usage (443272K) : exchange1_text has 0 polygons
2026-03-11 12:45:10 +0100: Memory Usage (443400K) : exchange2_drw has 0 polygons
2026-03-11 12:45:10 +0100: Memory Usage (443400K) : exchange2_pin has 0 polygons
2026-03-11 12:45:10 +0100: Memory Usage (443400K) : exchange2_text has 0 polygons
2026-03-11 12:45:10 +0100: Memory Usage (443528K) : exchange3_drw has 0 polygons
2026-03-11 12:45:10 +0100: Memory Usage (443528K) : exchange3_pin has 0 polygons
2026-03-11 12:45:10 +0100: Memory Usage (443528K) : exchange3_text has 0 polygons
2026-03-11 12:45:10 +0100: Memory Usage (443656K) : exchange4_drw has 0 polygons
2026-03-11 12:45:10 +0100: Memory Usage (443656K) : exchange4_pin has 0 polygons
2026-03-11 12:45:10 +0100: Memory Usage (443656K) : exchange4_text has 0 polygons
2026-03-11 12:45:10 +0100: Memory Usage (443656K) : isonwell_drw has 0 polygons
2026-03-11 12:45:10 +0100: Memory Usage (443656K) : Total no. of polygons in the design is 51
2026-03-11 12:45:10 +0100: Memory Usage (443784K) : Loaded TECH DRC rules values from /foss/pdks/ihp-sg13g2/libs.tech/klayout/python/sg13g2_pycell_lib/sg13g2_tech_mod.json
2026-03-11 12:45:10 +0100: Memory Usage (443784K) : Loaded default DRC rules values from /foss/pdks/ihp-sg13g2/libs.tech/klayout/tech/drc/rule_decks/sg13g2_tech_default.json
2026-03-11 12:45:10 +0100: Memory Usage (443784K) : The following rules values were missing in tech json and default values were used:
2026-03-11 12:45:10 +0100: Memory Usage (443784K) :   - Cnt_c_digibnd
2026-03-11 12:45:10 +0100: Memory Usage (444732K) : Total area of the design is 126.0 um^2.
2026-03-11 12:45:10 +0100: Memory Usage (444732K) : The design dimensions are 6.0 µm * 21.0 µm.
2026-03-11 12:45:10 +0100: Memory Usage (444732K) : Starting general IHP-SG13G2 derivations.
2026-03-11 12:45:10 +0100: Memory Usage (444732K) : Starting Pwell derivations
2026-03-11 12:45:10 +0100: Memory Usage (446772K) : Starting n-Activ derivations
2026-03-11 12:45:10 +0100: Memory Usage (446956K) : Starting p-Activ derivations
2026-03-11 12:45:10 +0100: Memory Usage (447084K) : Starting ptap derivations
2026-03-11 12:45:10 +0100: Memory Usage (447084K) : Starting ntap derivations
2026-03-11 12:45:10 +0100: Memory Usage (447084K) : Starting pact FET derivations
2026-03-11 12:45:10 +0100: Memory Usage (447212K) : Starting nact FET derivations
2026-03-11 12:45:10 +0100: Memory Usage (447212K) : Starting Gate derivations
2026-03-11 12:45:10 +0100: Memory Usage (447340K) : Starting cont/contbar general derivations
2026-03-11 12:45:10 +0100: Memory Usage (447468K) : Starting pad general derivations
2026-03-11 12:45:10 +0100: Memory Usage (447724K) : Starting IHP-SG13G2 DRC connectivity related derivations.
2026-03-11 12:45:10 +0100: Memory Usage (448620K) : Starting IHP-SG13G2 DRC connectivity setup
2026-03-11 12:45:10 +0100: Memory Usage (448876K) : Starting IHP-SG13G2 DRC rules.
2026-03-11 12:45:10 +0100: Memory Usage (448876K) : Running all FEOL rules
2026-03-11 12:45:10 +0100: Memory Usage (448876K) : Running all BEOL rules
2026-03-11 12:45:10 +0100: Memory Usage (448876K) : Running all PIN rules
2026-03-11 12:45:10 +0100: Memory Usage (448876K) : Running all FORBIDDEN rules
2026-03-11 12:45:10 +0100: Memory Usage (448876K) : Starting 5.1 NWell table
2026-03-11 12:45:10 +0100: Memory Usage (448876K) : Executing rule NW.b
2026-03-11 12:45:10 +0100: Memory Usage (449428K) : Executing rule NW.b1
2026-03-11 12:45:10 +0100: Memory Usage (449812K) : Starting 5.2 PWell:block
2026-03-11 12:45:10 +0100: Memory Usage (449812K) : Executing rule PWB.e
2026-03-11 12:45:10 +0100: Memory Usage (449940K) : Executing rule PWB.e1
2026-03-11 12:45:10 +0100: Memory Usage (450068K) : Executing rule PWB.f
2026-03-11 12:45:10 +0100: Memory Usage (450196K) : Executing rule PWB.f1
2026-03-11 12:45:10 +0100: Memory Usage (450708K) : Starting 5.3 nBuLay table
2026-03-11 12:45:10 +0100: Memory Usage (450964K) : Executing rule NBL.b
2026-03-11 12:45:10 +0100: Memory Usage (450964K) : Executing rule NBL.c
2026-03-11 12:45:10 +0100: Memory Usage (451220K) : Executing rule NBL.d
2026-03-11 12:45:10 +0100: Memory Usage (451476K) : Executing rule NBL.e
2026-03-11 12:45:10 +0100: Memory Usage (451604K) : Executing rule NBL.f
2026-03-11 12:45:10 +0100: Memory Usage (451732K) : Starting 5.5. Activ table
2026-03-11 12:45:10 +0100: Memory Usage (451732K) : Executing rule Act.a
2026-03-11 12:45:10 +0100: Memory Usage (451732K) : Executing rule Act.b
2026-03-11 12:45:10 +0100: Memory Usage (451920K) : Starting 5.6 Activ:filler table
2026-03-11 12:45:10 +0100: Memory Usage (451920K) : Executing rule AFil.c1
2026-03-11 12:45:10 +0100: Memory Usage (451920K) : Executing rule AFil.c
2026-03-11 12:45:10 +0100: Memory Usage (451920K) : Executing rule AFil.d
2026-03-11 12:45:10 +0100: Memory Usage (451920K) : Executing rule AFil.e
2026-03-11 12:45:10 +0100: Memory Usage (451920K) : Executing rule AFil.j
2026-03-11 12:45:10 +0100: Memory Usage (451920K) : Starting 5.7. ThickGateOx table
2026-03-11 12:45:10 +0100: Memory Usage (451920K) : Executing rule TGO.f
2026-03-11 12:45:10 +0100: Memory Usage (451920K) : Starting 5.8. GatPoly table
2026-03-11 12:45:10 +0100: Memory Usage (451920K) : Executing rule Gat.a
2026-03-11 12:45:10 +0100: Memory Usage (451920K) : Executing rule Gat.b
2026-03-11 12:45:10 +0100: Memory Usage (451920K) : Executing rule Gat.d
2026-03-11 12:45:10 +0100: Memory Usage (451920K) : Executing rule Gat.a1
2026-03-11 12:45:10 +0100: Memory Usage (452232K) : Executing rule Gat.a2
2026-03-11 12:45:10 +0100: Memory Usage (452552K) : Executing rule Gat.g
2026-03-11 12:45:10 +0100: Memory Usage (452552K) : Starting 5.9 GatPoly:filler
2026-03-11 12:45:10 +0100: Memory Usage (452552K) : Executing rule GFil.d
2026-03-11 12:45:10 +0100: Memory Usage (452552K) : Executing rule GFil.e
2026-03-11 12:45:10 +0100: Memory Usage (452552K) : Executing rule GFil.i
2026-03-11 12:45:10 +0100: Memory Usage (452552K) : Starting 5.10 pSD table
2026-03-11 12:45:10 +0100: Memory Usage (452552K) : Executing rule pSD.c1
2026-03-11 12:45:10 +0100: Memory Usage (452552K) : Starting 5.14. Cont table
2026-03-11 12:45:10 +0100: Memory Usage (452552K) : Executing rule Cnt.a
2026-03-11 12:45:10 +0100: Memory Usage (452552K) : Executing rule Cnt.b
2026-03-11 12:45:10 +0100: Memory Usage (452552K) : Executing rule Cnt.c
2026-03-11 12:45:10 +0100: Memory Usage (452552K) : Executing rule Cnt.c
2026-03-11 12:45:10 +0100: Memory Usage (452552K) : Executing rule Cnt.d
2026-03-11 12:45:10 +0100: Memory Usage (452552K) : Executing rule Cnt.e
2026-03-11 12:45:10 +0100: Memory Usage (452552K) : Executing rule Cnt.g1
2026-03-11 12:45:10 +0100: Memory Usage (452552K) : Executing rule Cnt.g2
2026-03-11 12:45:10 +0100: Memory Usage (452552K) : Starting 5.15. ContBar table
2026-03-11 12:45:10 +0100: Memory Usage (452552K) : Executing rule CntB.b1
2026-03-11 12:45:10 +0100: Memory Usage (452552K) : Executing rule CntB.h1
2026-03-11 12:45:10 +0100: Memory Usage (452552K) : Starting 6.1.3 NPN Substrate-Tie table
2026-03-11 12:45:10 +0100: Memory Usage (452552K) : Executing rule npn13G2.bR 
2026-03-11 12:45:10 +0100: Memory Usage (452552K) : Executing rule npn13G2L.cR 
2026-03-11 12:45:10 +0100: Memory Usage (452552K) : Executing rule npn13G2V.cR 
2026-03-11 12:45:10 +0100: Memory Usage (452552K) : Starting 6.7 Schottky diode table
2026-03-11 12:45:10 +0100: Memory Usage (452552K) : Executing rule Sdiod.d
2026-03-11 12:45:10 +0100: Memory Usage (452552K) : Executing rule Sdiod.e
2026-03-11 12:45:10 +0100: Memory Usage (452552K) : Starting 7.2 Latch-up table
2026-03-11 12:45:10 +0100: Memory Usage (452552K) : Executing rule LU.b
2026-03-11 12:45:10 +0100: Memory Usage (452552K) : Starting 5.16. Metal1 table
2026-03-11 12:45:10 +0100: Memory Usage (452552K) : Executing rule M1.a
2026-03-11 12:45:10 +0100: Memory Usage (452552K) : Executing rule M1.b
2026-03-11 12:45:10 +0100: Memory Usage (452552K) : Executing rule M1.e
2026-03-11 12:45:10 +0100: Memory Usage (452552K) : Executing rule M1.f
2026-03-11 12:45:10 +0100: Memory Usage (452552K) : Executing rule M1.g
2026-03-11 12:45:10 +0100: Memory Usage (452552K) : Executing rule M1.i
2026-03-11 12:45:10 +0100: Memory Usage (452552K) : Starting 5.17 Metaln table
2026-03-11 12:45:10 +0100: Memory Usage (452552K) : Executing rule M2.a
2026-03-11 12:45:10 +0100: Memory Usage (452552K) : Executing rule M2.b
2026-03-11 12:45:10 +0100: Memory Usage (452552K) : Executing rule M2.e
2026-03-11 12:45:10 +0100: Memory Usage (452552K) : Executing rule M2.f
2026-03-11 12:45:10 +0100: Memory Usage (452552K) : Executing rule M2.g
2026-03-11 12:45:10 +0100: Memory Usage (452552K) : Executing rule M2.i
2026-03-11 12:45:10 +0100: Memory Usage (452680K) : Executing rule M3.a
2026-03-11 12:45:10 +0100: Memory Usage (452808K) : Executing rule M3.b
2026-03-11 12:45:10 +0100: Memory Usage (452936K) : Executing rule M3.e
2026-03-11 12:45:10 +0100: Memory Usage (453192K) : Executing rule M3.f
2026-03-11 12:45:10 +0100: Memory Usage (453448K) : Executing rule M3.g
2026-03-11 12:45:10 +0100: Memory Usage (453832K) : Executing rule M3.i
2026-03-11 12:45:10 +0100: Memory Usage (454088K) : Executing rule M4.a
2026-03-11 12:45:10 +0100: Memory Usage (454216K) : Executing rule M4.b
2026-03-11 12:45:10 +0100: Memory Usage (454344K) : Executing rule M4.e
2026-03-11 12:45:10 +0100: Memory Usage (454600K) : Executing rule M4.f
2026-03-11 12:45:10 +0100: Memory Usage (454856K) : Executing rule M4.g
2026-03-11 12:45:10 +0100: Memory Usage (454984K) : Executing rule M4.i
2026-03-11 12:45:10 +0100: Memory Usage (454984K) : Executing rule M5.a
2026-03-11 12:45:10 +0100: Memory Usage (454984K) : Executing rule M5.b
2026-03-11 12:45:10 +0100: Memory Usage (454984K) : Executing rule M5.e
2026-03-11 12:45:10 +0100: Memory Usage (454984K) : Executing rule M5.f
2026-03-11 12:45:10 +0100: Memory Usage (454984K) : Executing rule M5.g
2026-03-11 12:45:10 +0100: Memory Usage (454984K) : Executing rule M5.i
2026-03-11 12:45:10 +0100: Memory Usage (454984K) : Starting 5.18 Metaln:filler table
2026-03-11 12:45:10 +0100: Memory Usage (454984K) : Executing rule M1Fil.c
2026-03-11 12:45:10 +0100: Memory Usage (454984K) : Executing rule M1Fil.a2
2026-03-11 12:45:10 +0100: Memory Usage (454984K) : Executing rule M2Fil.c
2026-03-11 12:45:10 +0100: Memory Usage (454984K) : Executing rule M2Fil.a2
2026-03-11 12:45:10 +0100: Memory Usage (454984K) : Executing rule M3Fil.c
2026-03-11 12:45:10 +0100: Memory Usage (454984K) : Executing rule M3Fil.a2
2026-03-11 12:45:10 +0100: Memory Usage (454984K) : Executing rule M4Fil.c
2026-03-11 12:45:10 +0100: Memory Usage (454984K) : Executing rule M4Fil.a2
2026-03-11 12:45:10 +0100: Memory Usage (454984K) : Executing rule M5Fil.c
2026-03-11 12:45:10 +0100: Memory Usage (454984K) : Executing rule M5Fil.a2
2026-03-11 12:45:10 +0100: Memory Usage (454984K) : Starting 5.19. Via1 table
2026-03-11 12:45:10 +0100: Memory Usage (454984K) : Starting 5.19. Via1 table derivations
2026-03-11 12:45:10 +0100: Memory Usage (454984K) : Executing rule V1.a
2026-03-11 12:45:10 +0100: Memory Usage (454984K) : Executing rule V1.b
2026-03-11 12:45:10 +0100: Memory Usage (454984K) : Executing rule V1.c
2026-03-11 12:45:10 +0100: Memory Usage (454984K) : Starting 5.20. Vian table
2026-03-11 12:45:10 +0100: Memory Usage (454984K) : Executing rule V2.a
2026-03-11 12:45:10 +0100: Memory Usage (454984K) : Executing rule V2.b
2026-03-11 12:45:10 +0100: Memory Usage (454984K) : Executing rule V2.c
2026-03-11 12:45:10 +0100: Memory Usage (454984K) : Executing rule V3.a
2026-03-11 12:45:10 +0100: Memory Usage (454984K) : Executing rule V3.b
2026-03-11 12:45:10 +0100: Memory Usage (454984K) : Executing rule V3.c
2026-03-11 12:45:10 +0100: Memory Usage (454984K) : Executing rule V4.a
2026-03-11 12:45:10 +0100: Memory Usage (454984K) : Executing rule V4.b
2026-03-11 12:45:10 +0100: Memory Usage (454984K) : Executing rule V4.c
2026-03-11 12:45:10 +0100: Memory Usage (454984K) : Starting 5.21. TopVia1 table
2026-03-11 12:45:10 +0100: Memory Usage (454984K) : Executing rule TV1.a
2026-03-11 12:45:10 +0100: Memory Usage (454984K) : Executing rule TV1.b
2026-03-11 12:45:10 +0100: Memory Usage (454984K) : Executing rule TV1.c
2026-03-11 12:45:10 +0100: Memory Usage (454984K) : Executing rule TV1.d
2026-03-11 12:45:10 +0100: Memory Usage (454984K) : Starting 5.22. TopMetal1 table
2026-03-11 12:45:10 +0100: Memory Usage (454984K) : Executing rule TM1.a
2026-03-11 12:45:10 +0100: Memory Usage (454984K) : Executing rule TM1.b
2026-03-11 12:45:10 +0100: Memory Usage (454984K) : Starting 5.23 TopMetal1:filler table
2026-03-11 12:45:10 +0100: Memory Usage (454984K) : Executing rule TM1Fil.c
2026-03-11 12:45:10 +0100: Memory Usage (454984K) : Executing rule TM1Fil.a1
2026-03-11 12:45:10 +0100: Memory Usage (454984K) : Starting 5.24. TopVia2 table
2026-03-11 12:45:10 +0100: Memory Usage (454984K) : Executing rule TV2.a
2026-03-11 12:45:10 +0100: Memory Usage (454984K) : Executing rule TV2.b
2026-03-11 12:45:10 +0100: Memory Usage (454984K) : Executing rule TV2.c
2026-03-11 12:45:10 +0100: Memory Usage (454984K) : Executing rule TV2.d
2026-03-11 12:45:10 +0100: Memory Usage (454984K) : Starting 5.25. TopMetal2 table
2026-03-11 12:45:10 +0100: Memory Usage (454984K) : Executing rule TM2.a
2026-03-11 12:45:10 +0100: Memory Usage (454984K) : Executing rule TM2.b
2026-03-11 12:45:10 +0100: Memory Usage (454984K) : Executing rule TM2.bR
2026-03-11 12:45:10 +0100: Memory Usage (454984K) : Starting 5.26 TopMetal2:filler table
2026-03-11 12:45:10 +0100: Memory Usage (454984K) : Executing rule TM2Fil.c
2026-03-11 12:45:10 +0100: Memory Usage (454984K) : Executing rule TM2Fil.a1
2026-03-11 12:45:10 +0100: Memory Usage (454984K) : Starting 5.27. Passiv table
2026-03-11 12:45:10 +0100: Memory Usage (454984K) : Executing rule Pas.a
2026-03-11 12:45:10 +0100: Memory Usage (454984K) : Executing rule Pas.b
2026-03-11 12:45:10 +0100: Memory Usage (454984K) : Executing rule Pas.c
2026-03-11 12:45:10 +0100: Memory Usage (454984K) : Starting 6.9.2 Copper Pillar table
2026-03-11 12:45:10 +0100: Memory Usage (454984K) : Executing rule Padc.a
2026-03-11 12:45:10 +0100: Memory Usage (454984K) : Executing rule Padc.b
2026-03-11 12:45:10 +0100: Memory Usage (454984K) : Executing rule Padc.c
2026-03-11 12:45:10 +0100: Memory Usage (454984K) : Executing rule Padb.f
2026-03-11 12:45:10 +0100: Memory Usage (454984K) : Starting 6.9 Pad table
2026-03-11 12:45:10 +0100: Memory Usage (454984K) : Executing rule Pad.m
2026-03-11 12:45:10 +0100: Memory Usage (454984K) : Executing rule Pad.fR_M1
2026-03-11 12:45:10 +0100: Memory Usage (454984K) : Executing rule Pad.fR_M2
2026-03-11 12:45:10 +0100: Memory Usage (454984K) : Executing rule Pad.fR_M3
2026-03-11 12:45:10 +0100: Memory Usage (454984K) : Executing rule Pad.fR_M4
2026-03-11 12:45:10 +0100: Memory Usage (454984K) : Executing rule Pad.fR_M5
2026-03-11 12:45:10 +0100: Memory Usage (454984K) : Executing rule Pad.fR_TM1
2026-03-11 12:45:10 +0100: Memory Usage (454984K) : Executing rule Pad.fR_TM2
2026-03-11 12:45:10 +0100: Memory Usage (454984K) : Executing rule Pad.i
2026-03-11 12:45:10 +0100: Memory Usage (454984K) : Starting 6.9.1 Solder Bump
2026-03-11 12:45:10 +0100: Memory Usage (454984K) : Executing rule Padb.a
2026-03-11 12:45:10 +0100: Memory Usage (454984K) : Executing rule Padb.b
2026-03-11 12:45:10 +0100: Memory Usage (454984K) : Executing rule Padb.c
2026-03-11 12:45:10 +0100: Memory Usage (454984K) : Executing rule Padb.f
2026-03-11 12:45:10 +0100: Memory Usage (454984K) : Executing rule Padb.d
2026-03-11 12:45:10 +0100: Memory Usage (454984K) : Starting 6.10 Sealring table
2026-03-11 12:45:10 +0100: Memory Usage (454984K) : Executing rule Seal.l
2026-03-11 12:45:10 +0100: Memory Usage (454984K) : Executing rule Seal.n
2026-03-11 12:45:10 +0100: Memory Usage (454984K) : Executing rule seal.b_metal1
2026-03-11 12:45:10 +0100: Memory Usage (454984K) : Executing rule seal.b_metal2
2026-03-11 12:45:10 +0100: Memory Usage (454984K) : Executing rule seal.b_metal3
2026-03-11 12:45:10 +0100: Memory Usage (454984K) : Executing rule seal.b_metal4
2026-03-11 12:45:10 +0100: Memory Usage (454984K) : Executing rule seal.b_metal5
2026-03-11 12:45:10 +0100: Memory Usage (454984K) : Executing rule seal.b_topmetal1
2026-03-11 12:45:10 +0100: Memory Usage (454984K) : Executing rule seal.b_topmetal2
2026-03-11 12:45:10 +0100: Memory Usage (454984K) : Executing rule seal.b_activ
2026-03-11 12:45:10 +0100: Memory Usage (454984K) : Executing rule seal.b_psd
2026-03-11 12:45:10 +0100: Memory Usage (454984K) : Executing rule Seal.k
2026-03-11 12:45:10 +0100: Memory Usage (454984K) : Executing rule Seal.m
2026-03-11 12:45:10 +0100: Memory Usage (454984K) : Starting 6.11 MIM table
2026-03-11 12:45:10 +0100: Memory Usage (454984K) : Executing rule MIM.c
2026-03-11 12:45:10 +0100: Memory Usage (454984K) : Executing rule MIM.d
2026-03-11 12:45:10 +0100: Memory Usage (454984K) : Executing rule MIM.gR
2026-03-11 12:45:10 +0100: Memory Usage (454984K) : Starting 7.3 Metal Slits table
2026-03-11 12:45:10 +0100: Memory Usage (454984K) : Executing rule Slt.e1_M1
2026-03-11 12:45:10 +0100: Memory Usage (454984K) : Executing rule Slt.e1_M2
2026-03-11 12:45:10 +0100: Memory Usage (454984K) : Executing rule Slt.e1_M3
2026-03-11 12:45:10 +0100: Memory Usage (454984K) : Executing rule Slt.e1_M4
2026-03-11 12:45:10 +0100: Memory Usage (454984K) : Executing rule Slt.e1_M5
2026-03-11 12:45:10 +0100: Memory Usage (454984K) : Executing rule Slt.e1_TM1
2026-03-11 12:45:10 +0100: Memory Usage (454984K) : Executing rule Slt.e1_TM2
2026-03-11 12:45:10 +0100: Memory Usage (454984K) : Starting 9.1. LBE table
2026-03-11 12:45:10 +0100: Memory Usage (454984K) : Executing rule LBE.a
2026-03-11 12:45:10 +0100: Memory Usage (454984K) : Executing rule LBE.b
2026-03-11 12:45:10 +0100: Memory Usage (454984K) : Executing rule LBE.b1
2026-03-11 12:45:10 +0100: Memory Usage (454984K) : Executing rule LBE.c
2026-03-11 12:45:10 +0100: Memory Usage (454984K) : Executing rule LBE.d
2026-03-11 12:45:10 +0100: Memory Usage (454984K) : Executing rule LBE.h
2026-03-11 12:45:10 +0100: Memory Usage (454984K) : Starting 7.4. PIN table
2026-03-11 12:45:10 +0100: Memory Usage (454984K) : Executing rule Pin.a
2026-03-11 12:45:10 +0100: Memory Usage (454984K) : Executing rule Pin.b
2026-03-11 12:45:10 +0100: Memory Usage (454984K) : Executing rule Pin.e
2026-03-11 12:45:10 +0100: Memory Usage (454984K) : Executing rule Pin.f_M2
2026-03-11 12:45:10 +0100: Memory Usage (454984K) : Executing rule Pin.f_M3
2026-03-11 12:45:10 +0100: Memory Usage (454984K) : Executing rule Pin.f_M4
2026-03-11 12:45:10 +0100: Memory Usage (454984K) : Executing rule Pin.f_M5
2026-03-11 12:45:10 +0100: Memory Usage (454984K) : Executing rule Pin.g
2026-03-11 12:45:10 +0100: Memory Usage (454984K) : Executing rule Pin.h
2026-03-11 12:45:10 +0100: Memory Usage (454984K) : Starting 3.2. FORBIDDEN table
2026-03-11 12:45:10 +0100: Memory Usage (454984K) : Executing rule forbidden.biwind
2026-03-11 12:45:10 +0100: Memory Usage (454984K) : Executing rule forbidden.pemwind
2026-03-11 12:45:10 +0100: Memory Usage (454984K) : Executing rule forbidden.baspoly
2026-03-11 12:45:10 +0100: Memory Usage (454984K) : Executing rule forbidden.deepco
2026-03-11 12:45:10 +0100: Memory Usage (454984K) : Executing rule forbidden.pempoly
2026-03-11 12:45:10 +0100: Memory Usage (454984K) : Executing rule forbidden.empoly
2026-03-11 12:45:10 +0100: Memory Usage (454984K) : Executing rule forbidden.ldmos
2026-03-11 12:45:10 +0100: Memory Usage (454984K) : Executing rule forbidden.pbiwind
2026-03-11 12:45:10 +0100: Memory Usage (454984K) : Executing rule forbidden.nodrc
2026-03-11 12:45:10 +0100: Memory Usage (454984K) : Executing rule forbidden.flash
2026-03-11 12:45:10 +0100: Memory Usage (454984K) : Executing rule forbidden.colwind
2026-03-11 12:45:10 +0100: Memory Usage (454984K) : KLayout DRC run for tables 'main' completed in 0.63 seconds
