# Logfile created on 2026-03-18 23:16:49 +0100 by logger.rb/v1.5.3
2026-03-18 23:16:49 +0100: Memory Usage (440760K) : Starting running SG13G2 Klayout LVS runset on /foss/designs/ttihp26a-adex-neuron-ncs/klayout/mux.gds
2026-03-18 23:16:49 +0100: Memory Usage (440760K) : Ruby Version for klayout: 3.2.3
2026-03-18 23:16:49 +0100: Memory Usage (441976K) : Loading database to memory is complete.
2026-03-18 23:16:49 +0100: Memory Usage (441976K) : SG13G2 Klayout LVS runset output at: /foss/designs/ttihp26a-adex-neuron-ncs/klayout/lvs_run_mux21_2026_03_18_23_16_47/mux.lvsdb
2026-03-18 23:16:49 +0100: Memory Usage (441976K) : Evaluate switches.
2026-03-18 23:16:49 +0100: Memory Usage (441976K) : Extracted netlist with net names: true
2026-03-18 23:16:49 +0100: Memory Usage (441976K) : Extracted netlist with comments in details: false
2026-03-18 23:16:49 +0100: Memory Usage (441976K) : Selected NET_ONLY option: false
2026-03-18 23:16:49 +0100: Memory Usage (441976K) : Selected LAYOUT_NETLIST option: (none)
2026-03-18 23:16:49 +0100: Memory Usage (441976K) : Selected IGNORE_TOP_PORTS_MISMATCH option: 
2026-03-18 23:16:49 +0100: Memory Usage (441976K) : Selected IMPLICIT_NETS option: (none)
2026-03-18 23:16:49 +0100: Memory Usage (441976K) : Selected TOP_LVL_PINS option: false
2026-03-18 23:16:49 +0100: Memory Usage (441976K) : Selected COMBINE DEVICES option: false
2026-03-18 23:16:49 +0100: Memory Usage (441976K) : Selected PURGE option: false
2026-03-18 23:16:49 +0100: Memory Usage (441976K) : Selected PURGE_NETS option: false
2026-03-18 23:16:49 +0100: Memory Usage (441976K) : Selected SIMPLIFY option: true
2026-03-18 23:16:49 +0100: Memory Usage (441976K) : Selected SERIES_RES option: true
2026-03-18 23:16:49 +0100: Memory Usage (441976K) : Selected PARALLEL_RES option: true
2026-03-18 23:16:49 +0100: Memory Usage (441976K) : flat  mode is enabled.
2026-03-18 23:16:49 +0100: Memory Usage (441976K) : Netlist file: /foss/designs/ttihp26a-adex-neuron-ncs/xschem/simulation/mux21.spice
2026-03-18 23:16:49 +0100: Memory Usage (441976K) : LVS extracted netlist at: /foss/designs/ttihp26a-adex-neuron-ncs/klayout/lvs_run_mux21_2026_03_18_23_16_47/mux_extracted.cir
2026-03-18 23:16:49 +0100: Memory Usage (441976K) : Applying SRAM integration support.
2026-03-18 23:16:49 +0100: Memory Usage (441976K) : Starting SG13G2 LVS runset
2026-03-18 23:16:49 +0100: Memory Usage (441976K) : Read in polygons from layers.
2026-03-18 23:16:49 +0100: Memory Usage (443172K) : activ_drw has 32 polygons
2026-03-18 23:16:49 +0100: Memory Usage (443172K) : activ_filler has 0 polygons
2026-03-18 23:16:49 +0100: Memory Usage (443172K) : activ has 32 polygons
2026-03-18 23:16:49 +0100: Memory Usage (443172K) : activ_pin has 0 polygons
2026-03-18 23:16:49 +0100: Memory Usage (443556K) : activ_mask has 0 polygons
2026-03-18 23:16:49 +0100: Memory Usage (443556K) : activ_nofill has 0 polygons
2026-03-18 23:16:49 +0100: Memory Usage (443556K) : activ_OPC has 0 polygons
2026-03-18 23:16:49 +0100: Memory Usage (443556K) : activ_iOPC has 0 polygons
2026-03-18 23:16:49 +0100: Memory Usage (443940K) : activ_noqrc has 0 polygons
2026-03-18 23:16:49 +0100: Memory Usage (443940K) : biwind_drw has 0 polygons
2026-03-18 23:16:49 +0100: Memory Usage (443940K) : biwind_OPC has 0 polygons
2026-03-18 23:16:49 +0100: Memory Usage (443940K) : gatpoly_drw has 24 polygons
2026-03-18 23:16:49 +0100: Memory Usage (443940K) : gatpoly_filler has 0 polygons
2026-03-18 23:16:49 +0100: Memory Usage (443940K) : gatpoly has 24 polygons
2026-03-18 23:16:49 +0100: Memory Usage (443940K) : gatpoly_pin has 0 polygons
2026-03-18 23:16:49 +0100: Memory Usage (443940K) : gatpoly_nofill has 0 polygons
2026-03-18 23:16:49 +0100: Memory Usage (443940K) : gatpoly_OPC has 0 polygons
2026-03-18 23:16:49 +0100: Memory Usage (444324K) : gatpoly_iOPC has 0 polygons
2026-03-18 23:16:49 +0100: Memory Usage (444324K) : gatpoly_noqrc has 0 polygons
2026-03-18 23:16:49 +0100: Memory Usage (444324K) : cont_drw has 560 polygons
2026-03-18 23:16:49 +0100: Memory Usage (444324K) : cont_OPC has 0 polygons
2026-03-18 23:16:49 +0100: Memory Usage (444708K) : nsd_drw has 0 polygons
2026-03-18 23:16:49 +0100: Memory Usage (444708K) : nsd_block has 0 polygons
2026-03-18 23:16:49 +0100: Memory Usage (444708K) : metal1_drw has 80 polygons
2026-03-18 23:16:49 +0100: Memory Usage (445092K) : metal1_filler has 0 polygons
2026-03-18 23:16:49 +0100: Memory Usage (445092K) : metal1_slit has 0 polygons
2026-03-18 23:16:49 +0100: Memory Usage (445092K) : metal1 has 80 polygons
2026-03-18 23:16:49 +0100: Memory Usage (445092K) : metal1_pin has 0 polygons
2026-03-18 23:16:49 +0100: Memory Usage (445092K) : metal1_mask has 0 polygons
2026-03-18 23:16:49 +0100: Memory Usage (445476K) : metal1_nofill has 0 polygons
2026-03-18 23:16:49 +0100: Memory Usage (445476K) : metal1_text has 0 polygons
2026-03-18 23:16:49 +0100: Memory Usage (445476K) : metal1_OPC has 0 polygons
2026-03-18 23:16:49 +0100: Memory Usage (445476K) : metal1_noqrc has 0 polygons
2026-03-18 23:16:49 +0100: Memory Usage (445860K) : metal1_res has 0 polygons
2026-03-18 23:16:49 +0100: Memory Usage (445860K) : metal1_iprobe has 0 polygons
2026-03-18 23:16:49 +0100: Memory Usage (446244K) : metal1_diffprb has 0 polygons
2026-03-18 23:16:49 +0100: Memory Usage (446244K) : passiv_drw has 0 polygons
2026-03-18 23:16:49 +0100: Memory Usage (446244K) : passiv_pin has 0 polygons
2026-03-18 23:16:49 +0100: Memory Usage (446244K) : passiv_sbump has 0 polygons
2026-03-18 23:16:49 +0100: Memory Usage (446628K) : passiv_pillar has 0 polygons
2026-03-18 23:16:49 +0100: Memory Usage (446628K) : passiv_pdl has 0 polygons
2026-03-18 23:16:49 +0100: Memory Usage (447012K) : metal2_drw has 76 polygons
2026-03-18 23:16:49 +0100: Memory Usage (447012K) : metal2_filler has 0 polygons
2026-03-18 23:16:49 +0100: Memory Usage (447012K) : metal2_slit has 0 polygons
2026-03-18 23:16:49 +0100: Memory Usage (447396K) : metal2 has 76 polygons
2026-03-18 23:16:49 +0100: Memory Usage (447396K) : metal2_pin has 0 polygons
2026-03-18 23:16:49 +0100: Memory Usage (447396K) : metal2_mask has 0 polygons
2026-03-18 23:16:49 +0100: Memory Usage (447780K) : metal2_nofill has 0 polygons
2026-03-18 23:16:49 +0100: Memory Usage (447780K) : metal2_text has 0 polygons
2026-03-18 23:16:49 +0100: Memory Usage (447780K) : metal2_OPC has 0 polygons
2026-03-18 23:16:49 +0100: Memory Usage (448164K) : metal2_noqrc has 0 polygons
2026-03-18 23:16:49 +0100: Memory Usage (448164K) : metal2_res has 0 polygons
2026-03-18 23:16:49 +0100: Memory Usage (448164K) : metal2_iprobe has 0 polygons
2026-03-18 23:16:49 +0100: Memory Usage (448548K) : metal2_diffprb has 0 polygons
2026-03-18 23:16:49 +0100: Memory Usage (448548K) : baspoly_drw has 0 polygons
2026-03-18 23:16:49 +0100: Memory Usage (448548K) : baspoly_pin has 0 polygons
2026-03-18 23:16:49 +0100: Memory Usage (448932K) : psd_drw has 16 polygons
2026-03-18 23:16:49 +0100: Memory Usage (448932K) : nldb_drw has 0 polygons
2026-03-18 23:16:49 +0100: Memory Usage (448932K) : digibnd_drw has 0 polygons
2026-03-18 23:16:49 +0100: Memory Usage (449316K) : via1_drw has 460 polygons
2026-03-18 23:16:49 +0100: Memory Usage (449316K) : backmetal1_drw has 0 polygons
2026-03-18 23:16:49 +0100: Memory Usage (449700K) : backmetal1_pin has 0 polygons
2026-03-18 23:16:49 +0100: Memory Usage (449700K) : backmetal1_mask has 0 polygons
2026-03-18 23:16:49 +0100: Memory Usage (449700K) : backmetal1_filler has 0 polygons
2026-03-18 23:16:49 +0100: Memory Usage (449700K) : backmetal1_nofill has 0 polygons
2026-03-18 23:16:49 +0100: Memory Usage (450084K) : backmetal1_slit has 0 polygons
2026-03-18 23:16:49 +0100: Memory Usage (450084K) : backmetal1_text has 0 polygons
2026-03-18 23:16:49 +0100: Memory Usage (450084K) : backmetal1_OPC has 0 polygons
2026-03-18 23:16:49 +0100: Memory Usage (450468K) : backmetal1_noqrc has 0 polygons
2026-03-18 23:16:49 +0100: Memory Usage (450468K) : backmetal1_res has 0 polygons
2026-03-18 23:16:49 +0100: Memory Usage (450468K) : backmetal1_iprobe has 0 polygons
2026-03-18 23:16:49 +0100: Memory Usage (450852K) : backmetal1_diffprb has 0 polygons
2026-03-18 23:16:49 +0100: Memory Usage (450852K) : backpassiv_drw has 0 polygons
2026-03-18 23:16:49 +0100: Memory Usage (451236K) : res_drw has 0 polygons
2026-03-18 23:16:49 +0100: Memory Usage (451236K) : sram_drw has 0 polygons
2026-03-18 23:16:49 +0100: Memory Usage (451236K) : trans_drw has 0 polygons
2026-03-18 23:16:49 +0100: Memory Usage (451236K) : ind_drw has 0 polygons
2026-03-18 23:16:49 +0100: Memory Usage (451620K) : ind_pin has 0 polygons
2026-03-18 23:16:49 +0100: Memory Usage (451620K) : ind_text has 0 polygons
2026-03-18 23:16:49 +0100: Memory Usage (451620K) : salblock_drw has 0 polygons
2026-03-18 23:16:49 +0100: Memory Usage (452004K) : via2_drw has 58 polygons
2026-03-18 23:16:49 +0100: Memory Usage (452004K) : metal3_drw has 19 polygons
2026-03-18 23:16:49 +0100: Memory Usage (452004K) : metal3_filler has 0 polygons
2026-03-18 23:16:49 +0100: Memory Usage (452388K) : metal3_slit has 0 polygons
2026-03-18 23:16:49 +0100: Memory Usage (452388K) : metal3 has 19 polygons
2026-03-18 23:16:49 +0100: Memory Usage (452772K) : metal3_pin has 2 polygons
2026-03-18 23:16:49 +0100: Memory Usage (452772K) : metal3_mask has 0 polygons
2026-03-18 23:16:49 +0100: Memory Usage (452772K) : metal3_nofill has 0 polygons
2026-03-18 23:16:49 +0100: Memory Usage (452772K) : metal3_text has 2 polygons
2026-03-18 23:16:49 +0100: Memory Usage (452772K) : metal3_OPC has 0 polygons
2026-03-18 23:16:49 +0100: Memory Usage (453156K) : metal3_noqrc has 0 polygons
2026-03-18 23:16:49 +0100: Memory Usage (453156K) : metal3_res has 0 polygons
2026-03-18 23:16:49 +0100: Memory Usage (453156K) : metal3_iprobe has 0 polygons
2026-03-18 23:16:49 +0100: Memory Usage (453540K) : metal3_diffprb has 0 polygons
2026-03-18 23:16:49 +0100: Memory Usage (453540K) : nwell_drw has 2 polygons
2026-03-18 23:16:49 +0100: Memory Usage (453540K) : nwell_pin has 0 polygons
2026-03-18 23:16:49 +0100: Memory Usage (453540K) : nwell_text has 0 polygons
2026-03-18 23:16:49 +0100: Memory Usage (453924K) : nbulay_drw has 0 polygons
2026-03-18 23:16:49 +0100: Memory Usage (453924K) : nbulay_pin has 0 polygons
2026-03-18 23:16:49 +0100: Memory Usage (453924K) : nbulay_block has 0 polygons
2026-03-18 23:16:49 +0100: Memory Usage (454308K) : emwind_drw has 0 polygons
2026-03-18 23:16:49 +0100: Memory Usage (454308K) : emwind_OPC has 0 polygons
2026-03-18 23:16:49 +0100: Memory Usage (454308K) : deepco_drw has 0 polygons
2026-03-18 23:16:49 +0100: Memory Usage (454692K) : mim_drw has 0 polygons
2026-03-18 23:16:49 +0100: Memory Usage (454692K) : edgeseal_drw has 0 polygons
2026-03-18 23:16:49 +0100: Memory Usage (454692K) : substrate_drw has 0 polygons
2026-03-18 23:16:49 +0100: Memory Usage (454692K) : substrate_text has 0 polygons
2026-03-18 23:16:49 +0100: Memory Usage (455076K) : dfpad_drw has 0 polygons
2026-03-18 23:16:49 +0100: Memory Usage (455076K) : dfpad_pillar has 0 polygons
2026-03-18 23:16:49 +0100: Memory Usage (455076K) : dfpad_sbump has 0 polygons
2026-03-18 23:16:49 +0100: Memory Usage (455460K) : thickgateox_drw has 0 polygons
2026-03-18 23:16:49 +0100: Memory Usage (455460K) : pldb_drw has 0 polygons
2026-03-18 23:16:49 +0100: Memory Usage (455460K) : pwell_drw has 0 polygons
2026-03-18 23:16:49 +0100: Memory Usage (455844K) : pwell_pin has 0 polygons
2026-03-18 23:16:49 +0100: Memory Usage (455844K) : pwell_block has 0 polygons
2026-03-18 23:16:49 +0100: Memory Usage (455844K) : ic_drw has 0 polygons
2026-03-18 23:16:49 +0100: Memory Usage (456228K) : via3_drw has 34 polygons
2026-03-18 23:16:49 +0100: Memory Usage (456228K) : metal4_drw has 7 polygons
2026-03-18 23:16:49 +0100: Memory Usage (456228K) : metal4_filler has 0 polygons
2026-03-18 23:16:49 +0100: Memory Usage (456612K) : metal4_slit has 0 polygons
2026-03-18 23:16:49 +0100: Memory Usage (456612K) : metal4 has 7 polygons
2026-03-18 23:16:49 +0100: Memory Usage (456612K) : metal4_pin has 5 polygons
2026-03-18 23:16:49 +0100: Memory Usage (456996K) : metal4_mask has 0 polygons
2026-03-18 23:16:49 +0100: Memory Usage (456996K) : metal4_nofill has 0 polygons
2026-03-18 23:16:49 +0100: Memory Usage (456996K) : metal4_text has 5 polygons
2026-03-18 23:16:49 +0100: Memory Usage (456996K) : metal4_OPC has 0 polygons
2026-03-18 23:16:49 +0100: Memory Usage (457380K) : metal4_noqrc has 0 polygons
2026-03-18 23:16:49 +0100: Memory Usage (457380K) : metal4_res has 0 polygons
2026-03-18 23:16:49 +0100: Memory Usage (457380K) : metal4_iprobe has 0 polygons
2026-03-18 23:16:49 +0100: Memory Usage (457764K) : metal4_diffprb has 0 polygons
2026-03-18 23:16:49 +0100: Memory Usage (457764K) : heattrans_drw has 0 polygons
2026-03-18 23:16:49 +0100: Memory Usage (457764K) : heatres_drw has 0 polygons
2026-03-18 23:16:49 +0100: Memory Usage (458148K) : fbe_drw has 0 polygons
2026-03-18 23:16:49 +0100: Memory Usage (458148K) : empoly_drw has 0 polygons
2026-03-18 23:16:49 +0100: Memory Usage (458148K) : digisub_drw has 0 polygons
2026-03-18 23:16:49 +0100: Memory Usage (458148K) : text_drw has 0 polygons
2026-03-18 23:16:49 +0100: Memory Usage (458532K) : via4_drw has 0 polygons
2026-03-18 23:16:49 +0100: Memory Usage (458532K) : metal5_drw has 0 polygons
2026-03-18 23:16:49 +0100: Memory Usage (458532K) : metal5_filler has 0 polygons
2026-03-18 23:16:49 +0100: Memory Usage (458532K) : metal5_slit has 0 polygons
2026-03-18 23:16:49 +0100: Memory Usage (458916K) : metal5 has 0 polygons
2026-03-18 23:16:49 +0100: Memory Usage (458916K) : metal5_pin has 0 polygons
2026-03-18 23:16:49 +0100: Memory Usage (458916K) : metal5_mask has 0 polygons
2026-03-18 23:16:49 +0100: Memory Usage (459300K) : metal5_nofill has 0 polygons
2026-03-18 23:16:49 +0100: Memory Usage (459300K) : metal5_text has 0 polygons
2026-03-18 23:16:49 +0100: Memory Usage (459300K) : metal5_OPC has 0 polygons
2026-03-18 23:16:49 +0100: Memory Usage (459300K) : metal5_noqrc has 0 polygons
2026-03-18 23:16:49 +0100: Memory Usage (459684K) : metal5_res has 0 polygons
2026-03-18 23:16:49 +0100: Memory Usage (459684K) : metal5_iprobe has 0 polygons
2026-03-18 23:16:49 +0100: Memory Usage (459684K) : metal5_diffprb has 0 polygons
2026-03-18 23:16:49 +0100: Memory Usage (460068K) : radhard_drw has 0 polygons
2026-03-18 23:16:49 +0100: Memory Usage (460068K) : memcap_drw has 0 polygons
2026-03-18 23:16:49 +0100: Memory Usage (460068K) : varicap_drw has 0 polygons
2026-03-18 23:16:49 +0100: Memory Usage (460452K) : intbondvia_drw has 0 polygons
2026-03-18 23:16:49 +0100: Memory Usage (460452K) : intbondmet_drw has 0 polygons
2026-03-18 23:16:49 +0100: Memory Usage (460452K) : devbondvia_drw has 0 polygons
2026-03-18 23:16:49 +0100: Memory Usage (460836K) : devbondmet_drw has 0 polygons
2026-03-18 23:16:49 +0100: Memory Usage (460836K) : devtrench_drw has 0 polygons
2026-03-18 23:16:49 +0100: Memory Usage (460836K) : redist_drw has 0 polygons
2026-03-18 23:16:49 +0100: Memory Usage (460836K) : graphbot_drw has 0 polygons
2026-03-18 23:16:49 +0100: Memory Usage (461220K) : graphtop_drw has 0 polygons
2026-03-18 23:16:49 +0100: Memory Usage (461220K) : antvia1_drw has 0 polygons
2026-03-18 23:16:49 +0100: Memory Usage (461220K) : antmetal2_drw has 0 polygons
2026-03-18 23:16:49 +0100: Memory Usage (461220K) : graphcont_drw has 0 polygons
2026-03-18 23:16:49 +0100: Memory Usage (461220K) : siwg_drw has 0 polygons
2026-03-18 23:16:49 +0100: Memory Usage (461604K) : siwg_filler has 0 polygons
2026-03-18 23:16:49 +0100: Memory Usage (461604K) : siwg_nofill has 0 polygons
2026-03-18 23:16:49 +0100: Memory Usage (461604K) : sigrating_drw has 0 polygons
2026-03-18 23:16:49 +0100: Memory Usage (461988K) : singrating_drw has 0 polygons
2026-03-18 23:16:49 +0100: Memory Usage (461988K) : graphpas_drw has 0 polygons
2026-03-18 23:16:49 +0100: Memory Usage (461988K) : emwind3_drw has 0 polygons
2026-03-18 23:16:49 +0100: Memory Usage (462372K) : emwihv3_drw has 0 polygons
2026-03-18 23:16:49 +0100: Memory Usage (462372K) : redbulay_drw has 0 polygons
2026-03-18 23:16:49 +0100: Memory Usage (462372K) : smos_drw has 0 polygons
2026-03-18 23:16:49 +0100: Memory Usage (462756K) : graphpad_drw has 0 polygons
2026-03-18 23:16:49 +0100: Memory Usage (462756K) : polimide_drw has 0 polygons
2026-03-18 23:16:49 +0100: Memory Usage (462756K) : polimide_pin has 0 polygons
2026-03-18 23:16:49 +0100: Memory Usage (463140K) : recog_drw has 0 polygons
2026-03-18 23:16:49 +0100: Memory Usage (463140K) : recog_pin has 0 polygons
2026-03-18 23:16:49 +0100: Memory Usage (463140K) : recog_esd has 0 polygons
2026-03-18 23:16:49 +0100: Memory Usage (463140K) : recog_diode has 0 polygons
2026-03-18 23:16:49 +0100: Memory Usage (463524K) : recog_tsv has 0 polygons
2026-03-18 23:16:49 +0100: Memory Usage (463524K) : recog_iprobe has 0 polygons
2026-03-18 23:16:49 +0100: Memory Usage (463524K) : recog_diffprb has 0 polygons
2026-03-18 23:16:49 +0100: Memory Usage (463908K) : recog_pillar has 0 polygons
2026-03-18 23:16:49 +0100: Memory Usage (463908K) : recog_sbump has 0 polygons
2026-03-18 23:16:49 +0100: Memory Usage (463908K) : recog_otp has 0 polygons
2026-03-18 23:16:49 +0100: Memory Usage (464292K) : recog_pdiode has 0 polygons
2026-03-18 23:16:49 +0100: Memory Usage (464292K) : recog_mom has 0 polygons
2026-03-18 23:16:49 +0100: Memory Usage (464292K) : recog_pcm has 0 polygons
2026-03-18 23:16:49 +0100: Memory Usage (464676K) : colopen_drw has 0 polygons
2026-03-18 23:16:49 +0100: Memory Usage (464676K) : graphmetal1_drw has 0 polygons
2026-03-18 23:16:49 +0100: Memory Usage (464676K) : graphmetal1_filler has 0 polygons
2026-03-18 23:16:49 +0100: Memory Usage (465060K) : graphmetal1_nofill has 0 polygons
2026-03-18 23:16:49 +0100: Memory Usage (465060K) : graphmetal1_slit has 0 polygons
2026-03-18 23:16:49 +0100: Memory Usage (465060K) : graphmetal1_OPC has 0 polygons
2026-03-18 23:16:49 +0100: Memory Usage (465444K) : graphmet1l_drw has 0 polygons
2026-03-18 23:16:49 +0100: Memory Usage (465444K) : graphmet1l_filler has 0 polygons
2026-03-18 23:16:49 +0100: Memory Usage (465444K) : graphmet1l_nofill has 0 polygons
2026-03-18 23:16:49 +0100: Memory Usage (465444K) : graphmet1l_slit has 0 polygons
2026-03-18 23:16:49 +0100: Memory Usage (465828K) : graphmet1l_OPC has 0 polygons
2026-03-18 23:16:49 +0100: Memory Usage (465828K) : extblock_drw has 0 polygons
2026-03-18 23:16:49 +0100: Memory Usage (465828K) : nldd_drw has 0 polygons
2026-03-18 23:16:49 +0100: Memory Usage (466212K) : pldd_drw has 0 polygons
2026-03-18 23:16:49 +0100: Memory Usage (466212K) : next_drw has 0 polygons
2026-03-18 23:16:49 +0100: Memory Usage (466212K) : pext_drw has 0 polygons
2026-03-18 23:16:49 +0100: Memory Usage (466596K) : nexthv_drw has 0 polygons
2026-03-18 23:16:49 +0100: Memory Usage (466596K) : pexthv_drw has 0 polygons
2026-03-18 23:16:49 +0100: Memory Usage (466596K) : graphgate_drw has 0 polygons
2026-03-18 23:16:49 +0100: Memory Usage (466980K) : sinwg_drw has 0 polygons
2026-03-18 23:16:49 +0100: Memory Usage (466980K) : sinwg_filler has 0 polygons
2026-03-18 23:16:49 +0100: Memory Usage (466980K) : sinwg_nofill has 0 polygons
2026-03-18 23:16:49 +0100: Memory Usage (467364K) : mempad_drw has 0 polygons
2026-03-18 23:16:49 +0100: Memory Usage (467364K) : topvia1_drw has 0 polygons
2026-03-18 23:16:49 +0100: Memory Usage (467364K) : topmetal1_drw has 0 polygons
2026-03-18 23:16:49 +0100: Memory Usage (467748K) : topmetal1_filler has 0 polygons
2026-03-18 23:16:49 +0100: Memory Usage (467748K) : topmetal1_slit has 0 polygons
2026-03-18 23:16:49 +0100: Memory Usage (467748K) : topmetal1 has 0 polygons
2026-03-18 23:16:49 +0100: Memory Usage (467748K) : topmetal1_pin has 0 polygons
2026-03-18 23:16:49 +0100: Memory Usage (467748K) : topmetal1_mask has 0 polygons
2026-03-18 23:16:49 +0100: Memory Usage (467748K) : topmetal1_nofill has 0 polygons
2026-03-18 23:16:49 +0100: Memory Usage (468132K) : topmetal1_text has 0 polygons
2026-03-18 23:16:49 +0100: Memory Usage (468132K) : topmetal1_noqrc has 0 polygons
2026-03-18 23:16:49 +0100: Memory Usage (468132K) : topmetal1_res has 0 polygons
2026-03-18 23:16:49 +0100: Memory Usage (468132K) : topmetal1_iprobe has 0 polygons
2026-03-18 23:16:49 +0100: Memory Usage (468516K) : topmetal1_diffprb has 0 polygons
2026-03-18 23:16:49 +0100: Memory Usage (468516K) : inldpwl_drw has 0 polygons
2026-03-18 23:16:49 +0100: Memory Usage (468516K) : polyres_drw has 0 polygons
2026-03-18 23:16:49 +0100: Memory Usage (468900K) : polyres_pin has 0 polygons
2026-03-18 23:16:49 +0100: Memory Usage (468900K) : vmim_drw has 0 polygons
2026-03-18 23:16:49 +0100: Memory Usage (468900K) : nbulaycut_drw has 0 polygons
2026-03-18 23:16:49 +0100: Memory Usage (469284K) : antmetal1_drw has 0 polygons
2026-03-18 23:16:49 +0100: Memory Usage (469284K) : topvia2_drw has 0 polygons
2026-03-18 23:16:49 +0100: Memory Usage (469284K) : topmetal2_drw has 0 polygons
2026-03-18 23:16:49 +0100: Memory Usage (469668K) : topmetal2_filler has 0 polygons
2026-03-18 23:16:50 +0100: Memory Usage (469668K) : topmetal2_slit has 0 polygons
2026-03-18 23:16:50 +0100: Memory Usage (469668K) : topmetal2 has 0 polygons
2026-03-18 23:16:50 +0100: Memory Usage (470052K) : topmetal2_pin has 0 polygons
2026-03-18 23:16:50 +0100: Memory Usage (470052K) : topmetal2_mask has 0 polygons
2026-03-18 23:16:50 +0100: Memory Usage (470052K) : topmetal2_nofill has 0 polygons
2026-03-18 23:16:50 +0100: Memory Usage (470052K) : topmetal2_text has 0 polygons
2026-03-18 23:16:50 +0100: Memory Usage (470052K) : topmetal2_noqrc has 0 polygons
2026-03-18 23:16:50 +0100: Memory Usage (470052K) : topmetal2_res has 0 polygons
2026-03-18 23:16:50 +0100: Memory Usage (470052K) : topmetal2_iprobe has 0 polygons
2026-03-18 23:16:50 +0100: Memory Usage (470052K) : topmetal2_diffprb has 0 polygons
2026-03-18 23:16:50 +0100: Memory Usage (470052K) : snsring_drw has 0 polygons
2026-03-18 23:16:50 +0100: Memory Usage (470052K) : sensor_drw has 0 polygons
2026-03-18 23:16:50 +0100: Memory Usage (470052K) : snsarms_drw has 0 polygons
2026-03-18 23:16:50 +0100: Memory Usage (470052K) : snscmosvia_drw has 0 polygons
2026-03-18 23:16:50 +0100: Memory Usage (470052K) : colwind_drw has 0 polygons
2026-03-18 23:16:50 +0100: Memory Usage (470052K) : flm_drw has 0 polygons
2026-03-18 23:16:50 +0100: Memory Usage (470052K) : hafniumox_drw has 0 polygons
2026-03-18 23:16:50 +0100: Memory Usage (470052K) : memvia_drw has 0 polygons
2026-03-18 23:16:50 +0100: Memory Usage (470052K) : thinfilmres_drw has 0 polygons
2026-03-18 23:16:50 +0100: Memory Usage (470052K) : rfmem_drw has 0 polygons
2026-03-18 23:16:50 +0100: Memory Usage (470052K) : norcx_drw has 0 polygons
2026-03-18 23:16:50 +0100: Memory Usage (470052K) : norcx_m2m3 has 0 polygons
2026-03-18 23:16:50 +0100: Memory Usage (470052K) : norcx_m2m4 has 0 polygons
2026-03-18 23:16:50 +0100: Memory Usage (470052K) : norcx_m2m5 has 0 polygons
2026-03-18 23:16:50 +0100: Memory Usage (470052K) : norcx_m2tm1 has 0 polygons
2026-03-18 23:16:50 +0100: Memory Usage (470052K) : norcx_m2tm2 has 0 polygons
2026-03-18 23:16:50 +0100: Memory Usage (470052K) : norcx_m3m4 has 0 polygons
2026-03-18 23:16:50 +0100: Memory Usage (470052K) : norcx_m3m5 has 0 polygons
2026-03-18 23:16:50 +0100: Memory Usage (470052K) : norcx_m3tm1 has 0 polygons
2026-03-18 23:16:50 +0100: Memory Usage (470052K) : norcx_m3tm2 has 0 polygons
2026-03-18 23:16:50 +0100: Memory Usage (470052K) : norcx_m4m5 has 0 polygons
2026-03-18 23:16:50 +0100: Memory Usage (470052K) : norcx_m4tm1 has 0 polygons
2026-03-18 23:16:50 +0100: Memory Usage (470052K) : norcx_m4tm2 has 0 polygons
2026-03-18 23:16:50 +0100: Memory Usage (470052K) : norcx_m5tm1 has 0 polygons
2026-03-18 23:16:50 +0100: Memory Usage (470052K) : norcx_m5tm2 has 0 polygons
2026-03-18 23:16:50 +0100: Memory Usage (470052K) : norcx_tm1tm2 has 0 polygons
2026-03-18 23:16:50 +0100: Memory Usage (470052K) : norcx_m1sub has 0 polygons
2026-03-18 23:16:50 +0100: Memory Usage (470052K) : norcx_m2sub has 0 polygons
2026-03-18 23:16:50 +0100: Memory Usage (470052K) : norcx_m3sub has 0 polygons
2026-03-18 23:16:50 +0100: Memory Usage (470052K) : norcx_m4sub has 0 polygons
2026-03-18 23:16:50 +0100: Memory Usage (470052K) : norcx_m5sub has 0 polygons
2026-03-18 23:16:50 +0100: Memory Usage (470052K) : norcx_tm1sub has 0 polygons
2026-03-18 23:16:50 +0100: Memory Usage (470052K) : norcx_tm2sub has 0 polygons
2026-03-18 23:16:50 +0100: Memory Usage (470052K) : snsbotvia_drw has 0 polygons
2026-03-18 23:16:50 +0100: Memory Usage (470052K) : snstopvia_drw has 0 polygons
2026-03-18 23:16:50 +0100: Memory Usage (470052K) : deepvia_drw has 0 polygons
2026-03-18 23:16:50 +0100: Memory Usage (470052K) : fgetch_drw has 0 polygons
2026-03-18 23:16:50 +0100: Memory Usage (470052K) : ctrgat_drw has 0 polygons
2026-03-18 23:16:50 +0100: Memory Usage (470052K) : fgimp_drw has 0 polygons
2026-03-18 23:16:50 +0100: Memory Usage (470436K) : emwihv_drw has 0 polygons
2026-03-18 23:16:50 +0100: Memory Usage (470436K) : lbe_drw has 0 polygons
2026-03-18 23:16:50 +0100: Memory Usage (470436K) : alcustop_drw has 0 polygons
2026-03-18 23:16:50 +0100: Memory Usage (470436K) : nometfiller_drw has 0 polygons
2026-03-18 23:16:50 +0100: Memory Usage (470436K) : prboundary_drw has 0 polygons
2026-03-18 23:16:50 +0100: Memory Usage (470436K) : exchange0_drw has 0 polygons
2026-03-18 23:16:50 +0100: Memory Usage (470436K) : exchange0_pin has 0 polygons
2026-03-18 23:16:50 +0100: Memory Usage (470436K) : exchange0_text has 0 polygons
2026-03-18 23:16:50 +0100: Memory Usage (470436K) : exchange1_drw has 0 polygons
2026-03-18 23:16:50 +0100: Memory Usage (470436K) : exchange1_pin has 0 polygons
2026-03-18 23:16:50 +0100: Memory Usage (470436K) : exchange1_text has 0 polygons
2026-03-18 23:16:50 +0100: Memory Usage (470436K) : exchange2_drw has 0 polygons
2026-03-18 23:16:50 +0100: Memory Usage (470436K) : exchange2_pin has 0 polygons
2026-03-18 23:16:50 +0100: Memory Usage (470436K) : exchange2_text has 0 polygons
2026-03-18 23:16:50 +0100: Memory Usage (470436K) : exchange3_drw has 0 polygons
2026-03-18 23:16:50 +0100: Memory Usage (470436K) : exchange3_pin has 0 polygons
2026-03-18 23:16:50 +0100: Memory Usage (470436K) : exchange3_text has 0 polygons
2026-03-18 23:16:50 +0100: Memory Usage (470436K) : exchange4_drw has 0 polygons
2026-03-18 23:16:50 +0100: Memory Usage (470820K) : exchange4_pin has 0 polygons
2026-03-18 23:16:50 +0100: Memory Usage (470820K) : exchange4_text has 0 polygons
2026-03-18 23:16:50 +0100: Memory Usage (470820K) : isonwell_drw has 0 polygons
2026-03-18 23:16:50 +0100: Memory Usage (470820K) : Total no. of polygons in the design is 1382
2026-03-18 23:16:50 +0100: Memory Usage (470820K) : Starting base layers derivations
2026-03-18 23:16:50 +0100: Memory Usage (470820K) : Starting general LVS derivations
2026-03-18 23:16:50 +0100: Memory Usage (473932K) : Starting MOSFET DERIVATIONS
2026-03-18 23:16:50 +0100: Memory Usage (474328K) : Starting NMOS DERIVATIONS
2026-03-18 23:16:50 +0100: Memory Usage (474328K) : Starting PMOS DERIVATIONS
2026-03-18 23:16:50 +0100: Memory Usage (474328K) : Starting RF-MOSFET DERIVATIONS
2026-03-18 23:16:50 +0100: Memory Usage (474328K) : Starting RF-NMOS DERIVATIONS
2026-03-18 23:16:50 +0100: Memory Usage (474328K) : Starting RF-PMOS DERIVATIONS
2026-03-18 23:16:50 +0100: Memory Usage (474328K) : Starting BJT DERIVATIONS
2026-03-18 23:16:50 +0100: Memory Usage (474328K) : Starting NPN-BJT DERIVATIONS
2026-03-18 23:16:50 +0100: Memory Usage (474328K) : Starting PNP-BJT DERIVATIONS
2026-03-18 23:16:50 +0100: Memory Usage (474328K) : Starting DIODE DERIVATIONS
2026-03-18 23:16:50 +0100: Memory Usage (474328K) : Starting RESISTOR DERIVATIONS
2026-03-18 23:16:50 +0100: Memory Usage (474328K) : Starting CAP DERIVATIONS
2026-03-18 23:16:50 +0100: Memory Usage (474328K) : Starting ESD DERIVATIONS
2026-03-18 23:16:50 +0100: Memory Usage (474328K) : Starting Inductor DERIVATIONS
2026-03-18 23:16:50 +0100: Memory Usage (474328K) : Starting Taps DERIVATIONS
2026-03-18 23:16:50 +0100: Memory Usage (474328K) : Starting SG13G2 LVS connectivity setup
2026-03-18 23:16:50 +0100: Memory Usage (474328K) : Starting SG13G2 LVS connectivity setup (Inter-layer)
2026-03-18 23:16:50 +0100: Memory Usage (474328K) : Starting SG13G2 LVS connectivity setup (Global)
2026-03-18 23:16:50 +0100: Memory Usage (474328K) : Starting LVS MOSFET CONNECTIONS
2026-03-18 23:16:50 +0100: Memory Usage (474328K) : Starting LVS RF-MOSFET CONNECTIONS
2026-03-18 23:16:50 +0100: Memory Usage (474328K) : Starting LVS BJT CONNECTIONS
2026-03-18 23:16:50 +0100: Memory Usage (474328K) : Starting LVS DIODE CONNECTIONS
2026-03-18 23:16:50 +0100: Memory Usage (474328K) : Starting RESISTOR CONNECTIONS
2026-03-18 23:16:50 +0100: Memory Usage (474328K) : Starting LVS CAP CONNECTIONS
2026-03-18 23:16:50 +0100: Memory Usage (474328K) : Starting ESD CONNECTIONS
2026-03-18 23:16:50 +0100: Memory Usage (474328K) : Starting Inductor CONNECTIONS
2026-03-18 23:16:50 +0100: Memory Usage (474328K) : Starting LVS Taps CONNECTIONS
2026-03-18 23:16:50 +0100: Memory Usage (474328K) : Starting SG13G2 LVS DEVICES EXTRACTION
2026-03-18 23:16:50 +0100: Memory Usage (474328K) : Starting MOSFET EXTRACTION
2026-03-18 23:16:50 +0100: Memory Usage (474328K) : Starting NMOS EXTRACTION
2026-03-18 23:16:50 +0100: Memory Usage (474328K) : Extraction of NMOS-LV transistor
2026-03-18 23:16:50 +0100: Memory Usage (475148K) : Extraction of NMOS-HV transistor
2026-03-18 23:16:50 +0100: Memory Usage (475148K) : Starting PMOS EXTRACTION
2026-03-18 23:16:50 +0100: Memory Usage (475148K) : Extraction of PMOS-LV transistor
2026-03-18 23:16:50 +0100: Memory Usage (475148K) : Extraction of PMOS-HV transistor
2026-03-18 23:16:50 +0100: Memory Usage (475148K) : Starting RF-MOSFET EXTRACTION
2026-03-18 23:16:50 +0100: Memory Usage (475148K) : Extraction of RF-NMOS-LV transistor
2026-03-18 23:16:50 +0100: Memory Usage (475148K) : Extraction of RF-NMOS-HV transistor
2026-03-18 23:16:50 +0100: Memory Usage (475148K) : Extraction of RF-PMOS-LV transistor
2026-03-18 23:16:50 +0100: Memory Usage (475148K) : Extraction of RF-PMOS-HV transistor
2026-03-18 23:16:50 +0100: Memory Usage (475148K) : Starting BJT EXTRACTION
2026-03-18 23:16:50 +0100: Memory Usage (475148K) : Starting NPN-BJT EXTRACTION
2026-03-18 23:16:50 +0100: Memory Usage (475148K) : Extraction of npn13G2 BJT transistor
2026-03-18 23:16:50 +0100: Memory Usage (475148K) : Extraction of npn13G2L BJT transistor
2026-03-18 23:16:50 +0100: Memory Usage (475148K) : Extraction of npn13G2V BJT transistor
2026-03-18 23:16:50 +0100: Memory Usage (475148K) : Starting PNP-BJT EXTRACTION
2026-03-18 23:16:50 +0100: Memory Usage (475148K) : Extracting pnpMPA BJT
2026-03-18 23:16:50 +0100: Memory Usage (475148K) : Starting DIODE EXTRACTION
2026-03-18 23:16:50 +0100: Memory Usage (475148K) : Extracting dantenna diode
2026-03-18 23:16:50 +0100: Memory Usage (475148K) : Extracting dpantenna diode
2026-03-18 23:16:50 +0100: Memory Usage (475148K) : Extracting schottky_nbl1 diode
2026-03-18 23:16:50 +0100: Memory Usage (475148K) : Extracting isolbox diode
2026-03-18 23:16:50 +0100: Memory Usage (475148K) : Starting RESISTOR EXTRACTION
2026-03-18 23:16:50 +0100: Memory Usage (475148K) : Extracting rsil resistor
2026-03-18 23:16:50 +0100: Memory Usage (475148K) : Extracting rppd resistor
2026-03-18 23:16:50 +0100: Memory Usage (475148K) : Extracting rhigh resistor
2026-03-18 23:16:50 +0100: Memory Usage (475148K) : Extracting res_metal1 resistor
2026-03-18 23:16:50 +0100: Memory Usage (475148K) : Extracting res_metal2 resistor
2026-03-18 23:16:50 +0100: Memory Usage (475148K) : Extracting res_metal3 resistor
2026-03-18 23:16:50 +0100: Memory Usage (475148K) : Extracting res_metal4 resistor
2026-03-18 23:16:50 +0100: Memory Usage (475148K) : Extracting res_metal5 resistor
2026-03-18 23:16:50 +0100: Memory Usage (475148K) : Extracting res_topmetal1 resistor
2026-03-18 23:16:50 +0100: Memory Usage (475148K) : Extracting res_topmetal2 resistor
2026-03-18 23:16:50 +0100: Memory Usage (475148K) : Starting CAP EXTRACTION
2026-03-18 23:16:50 +0100: Memory Usage (475148K) : Extracting cap_cmim device
2026-03-18 23:16:50 +0100: Memory Usage (475148K) : Extracting rfcmim device
2026-03-18 23:16:50 +0100: Memory Usage (475148K) : Extracting sg13_hv_svaricap varactor
2026-03-18 23:16:50 +0100: Memory Usage (475148K) : Starting ESD EXTRACTION
2026-03-18 23:16:50 +0100: Memory Usage (475148K) : Extracting diodevdd_2kv ESD device
2026-03-18 23:16:50 +0100: Memory Usage (475148K) : Extracting diodevdd_4kv ESD device
2026-03-18 23:16:50 +0100: Memory Usage (475148K) : Extracting diodevss_2kv ESD device
2026-03-18 23:16:50 +0100: Memory Usage (475148K) : Extracting diodevss_4kv ESD device
2026-03-18 23:16:50 +0100: Memory Usage (475148K) : Extracting idiodevdd_2kv ESD device
2026-03-18 23:16:50 +0100: Memory Usage (475148K) : Extracting idiodevdd_4kv ESD device
2026-03-18 23:16:50 +0100: Memory Usage (475148K) : Extracting idiodevss_2kv ESD device
2026-03-18 23:16:50 +0100: Memory Usage (475148K) : Extracting idiodevss_4kv ESD device
2026-03-18 23:16:50 +0100: Memory Usage (475148K) : Extracting nmoscl_2 ESD device
2026-03-18 23:16:50 +0100: Memory Usage (475148K) : Extracting nmoscl_4 ESD device
2026-03-18 23:16:50 +0100: Memory Usage (475148K) : Starting Inductor EXTRACTION
2026-03-18 23:16:50 +0100: Memory Usage (475148K) : Extracting Inductor2 device
2026-03-18 23:16:50 +0100: Memory Usage (475148K) : Extracting Inductor3 device
2026-03-18 23:16:50 +0100: Memory Usage (475148K) : Starting Taps EXTRACTION
2026-03-18 23:16:50 +0100: Memory Usage (475148K) : Extracting ntap1 device
2026-03-18 23:16:50 +0100: Memory Usage (475148K) : Extracting ptap1 device
2026-03-18 23:16:50 +0100: Memory Usage (475148K) : Starting SG13G2 LVS RF MOS Model Mapping
2026-03-18 23:16:50 +0100: Memory Usage (475148K) : [layout_netlist] Apply RF MOS model mapping and rfmode parameter.
2026-03-18 23:16:50 +0100: Memory Usage (475148K) : Starting SG13G2 LVS Options Preparations
2026-03-18 23:16:50 +0100: Memory Usage (475148K) : SG13G2 LVS flow: extraction -> alignment -> option preparation -> comparison.
2026-03-18 23:16:50 +0100: Memory Usage (475148K) : Starting SG13G2 LVS Alignment
2026-03-18 23:16:50 +0100: Memory Usage (475148K) : Starting SG13G2 LVS Simplification
2026-03-18 23:16:50 +0100: Memory Usage (475148K) : [layout_netlist] simplify: ENABLED
2026-03-18 23:16:50 +0100: Memory Usage (475148K) : [layout_netlist] make_top_level_pins: SKIPPED
2026-03-18 23:16:50 +0100: Memory Usage (475148K) : [layout_netlist] combine_devices: SKIPPED
2026-03-18 23:16:50 +0100: Memory Usage (475148K) : [layout_netlist] purge: SKIPPED
2026-03-18 23:16:50 +0100: Memory Usage (475148K) : [layout_netlist] purge_nets: SKIPPED
2026-03-18 23:16:50 +0100: Memory Usage (475148K) : [schematic_netlist] simplify: ENABLED
2026-03-18 23:16:50 +0100: Memory Usage (475148K) : [schematic_netlist] make_top_level_pins: SKIPPED
2026-03-18 23:16:50 +0100: Memory Usage (475148K) : [schematic_netlist] combine_devices: SKIPPED
2026-03-18 23:16:50 +0100: Memory Usage (475148K) : [schematic_netlist] purge: SKIPPED
2026-03-18 23:16:50 +0100: Memory Usage (475148K) : [schematic_netlist] purge_nets: SKIPPED
2026-03-18 23:16:50 +0100: Memory Usage (475148K) : Starting SG13G2 LVS Comparison in strict port mode.
2026-03-18 23:16:50 +0100: Memory Usage (475148K) : flag_missing_ports enabled: missing/mislabeled top-level ports are treated as errors.
2026-03-18 23:16:50 +0100: Memory Usage (475532K) : xxxxxxxxxxxxxxxxxxxxxxxxxxxxxxxxxxxxxxxxxx
2026-03-18 23:16:50 +0100: Memory Usage (475532K) : ERROR : Netlists don't match
2026-03-18 23:16:50 +0100: Memory Usage (475532K) : xxxxxxxxxxxxxxxxxxxxxxxxxxxxxxxxxxxxxxxxxx
2026-03-18 23:16:50 +0100: Memory Usage (475532K) : LVS Total Run time 0.973415 seconds
