# Logfile created on 2026-03-12 23:11:35 +0100 by logger.rb/v1.5.3
2026-03-12 23:11:35 +0100: Memory Usage (426264K) : Starting running IHP-SG13G2 KLayout DRC runset on /foss/designs/ttihp26a-adex-neuron-ncs/gds/TOP_v2.klay.gds
2026-03-12 23:11:35 +0100: Memory Usage (426264K) : Ruby Version for klayout: 3.2.3
2026-03-12 23:11:35 +0100: Memory Usage (427136K) : Loading database to memory is complete.
2026-03-12 23:11:35 +0100: Memory Usage (427136K) : IHP-SG13G2 KLayout DRC runset output at: /foss/designs/ttihp26a-adex-neuron-ncs/klayout/drc_run_TOP/TOP_v2.klay_TOP_main.lyrdb
2026-03-12 23:11:35 +0100: Memory Usage (427324K) : Evaluate switches.
2026-03-12 23:11:35 +0100: Memory Usage (427324K) : tables selected: main
2026-03-12 23:11:35 +0100: Memory Usage (427324K) : KLayout will use 1 thread(s) in tiling mode.
2026-03-12 23:11:35 +0100: Memory Usage (427324K) : deep mode is enabled.
2026-03-12 23:11:35 +0100: Memory Usage (427324K) : FEOL enabled: true
2026-03-12 23:11:35 +0100: Memory Usage (427324K) : BEOL enabled: true
2026-03-12 23:11:35 +0100: Memory Usage (427324K) : OFFGRID enabled: true
2026-03-12 23:11:35 +0100: Memory Usage (427324K) : PIN enabled: true
2026-03-12 23:11:35 +0100: Memory Usage (427324K) : FORBIDDEN enabled: true
2026-03-12 23:11:35 +0100: Memory Usage (427324K) : RECOMMENDED enabled: true
2026-03-12 23:11:35 +0100: Memory Usage (427324K) : PreCheck DRC enabled: false
2026-03-12 23:11:35 +0100: Memory Usage (427324K) : CONNECTIVITY_RULES enabled: true.
2026-03-12 23:11:35 +0100: Memory Usage (427324K) : Read in polygons from layers.
2026-03-12 23:11:35 +0100: Memory Usage (428468K) : activ_drw has 6 polygons
2026-03-12 23:11:35 +0100: Memory Usage (428468K) : activ_pin has 0 polygons
2026-03-12 23:11:35 +0100: Memory Usage (428468K) : activ_mask has 0 polygons
2026-03-12 23:11:35 +0100: Memory Usage (428468K) : activ_filler has 0 polygons
2026-03-12 23:11:35 +0100: Memory Usage (428468K) : activ_nofill has 0 polygons
2026-03-12 23:11:35 +0100: Memory Usage (428468K) : activ_opc has 0 polygons
2026-03-12 23:11:35 +0100: Memory Usage (428468K) : activ_iopc has 0 polygons
2026-03-12 23:11:35 +0100: Memory Usage (428468K) : activ_noqrc has 0 polygons
2026-03-12 23:11:35 +0100: Memory Usage (428468K) : biwind_drw has 0 polygons
2026-03-12 23:11:35 +0100: Memory Usage (428468K) : biwind_opc has 0 polygons
2026-03-12 23:11:35 +0100: Memory Usage (428468K) : pemwind_drw has 0 polygons
2026-03-12 23:11:35 +0100: Memory Usage (428468K) : gatpoly_drw has 4 polygons
2026-03-12 23:11:35 +0100: Memory Usage (428468K) : gatpoly_pin has 2 polygons
2026-03-12 23:11:35 +0100: Memory Usage (428468K) : gatpoly_filler has 0 polygons
2026-03-12 23:11:35 +0100: Memory Usage (428468K) : gatpoly_nofill has 0 polygons
2026-03-12 23:11:35 +0100: Memory Usage (428468K) : gatpoly_opc has 0 polygons
2026-03-12 23:11:35 +0100: Memory Usage (428468K) : gatpoly_iopc has 0 polygons
2026-03-12 23:11:35 +0100: Memory Usage (428468K) : gatpoly_noqrc has 0 polygons
2026-03-12 23:11:35 +0100: Memory Usage (428468K) : cont_drw has 45 polygons
2026-03-12 23:11:35 +0100: Memory Usage (428468K) : cont_opc has 0 polygons
2026-03-12 23:11:35 +0100: Memory Usage (428468K) : nsd_drw has 0 polygons
2026-03-12 23:11:35 +0100: Memory Usage (428468K) : nsd_block has 0 polygons
2026-03-12 23:11:35 +0100: Memory Usage (428468K) : metal1_drw has 11 polygons
2026-03-12 23:11:35 +0100: Memory Usage (428468K) : metal1_pin has 6 polygons
2026-03-12 23:11:35 +0100: Memory Usage (428468K) : metal1_mask has 0 polygons
2026-03-12 23:11:35 +0100: Memory Usage (428468K) : metal1_filler has 0 polygons
2026-03-12 23:11:35 +0100: Memory Usage (428468K) : metal1_nofill has 0 polygons
2026-03-12 23:11:35 +0100: Memory Usage (428596K) : metal1_slit has 0 polygons
2026-03-12 23:11:35 +0100: Memory Usage (428896K) : metal1_text has 2 polygons
2026-03-12 23:11:35 +0100: Memory Usage (428896K) : metal1_opc has 0 polygons
2026-03-12 23:11:35 +0100: Memory Usage (428896K) : metal1_noqrc has 0 polygons
2026-03-12 23:11:35 +0100: Memory Usage (429024K) : metal1_res has 0 polygons
2026-03-12 23:11:35 +0100: Memory Usage (429024K) : metal1_iprobe has 0 polygons
2026-03-12 23:11:35 +0100: Memory Usage (429024K) : metal1_diffprb has 0 polygons
2026-03-12 23:11:35 +0100: Memory Usage (429152K) : passiv_drw has 0 polygons
2026-03-12 23:11:35 +0100: Memory Usage (429152K) : passiv_pin has 0 polygons
2026-03-12 23:11:35 +0100: Memory Usage (429280K) : passiv_sbump has 0 polygons
2026-03-12 23:11:35 +0100: Memory Usage (429280K) : passiv_pillar has 0 polygons
2026-03-12 23:11:35 +0100: Memory Usage (429280K) : passiv_pdl has 0 polygons
2026-03-12 23:11:35 +0100: Memory Usage (429408K) : metal2_drw has 4 polygons
2026-03-12 23:11:35 +0100: Memory Usage (429408K) : metal2_pin has 0 polygons
2026-03-12 23:11:35 +0100: Memory Usage (429536K) : metal2_mask has 0 polygons
2026-03-12 23:11:35 +0100: Memory Usage (429536K) : metal2_filler has 0 polygons
2026-03-12 23:11:35 +0100: Memory Usage (429664K) : metal2_nofill has 0 polygons
2026-03-12 23:11:35 +0100: Memory Usage (429664K) : metal2_slit has 0 polygons
2026-03-12 23:11:35 +0100: Memory Usage (429664K) : metal2_text has 0 polygons
2026-03-12 23:11:35 +0100: Memory Usage (429792K) : metal2_opc has 0 polygons
2026-03-12 23:11:35 +0100: Memory Usage (429792K) : metal2_noqrc has 0 polygons
2026-03-12 23:11:35 +0100: Memory Usage (429920K) : metal2_res has 0 polygons
2026-03-12 23:11:35 +0100: Memory Usage (430048K) : metal2_iprobe has 0 polygons
2026-03-12 23:11:35 +0100: Memory Usage (430048K) : metal2_diffprb has 0 polygons
2026-03-12 23:11:35 +0100: Memory Usage (430048K) : baspoly_drw has 0 polygons
2026-03-12 23:11:35 +0100: Memory Usage (430176K) : baspoly_pin has 0 polygons
2026-03-12 23:11:35 +0100: Memory Usage (430176K) : psd_drw has 1 polygons
2026-03-12 23:11:35 +0100: Memory Usage (430304K) : nldb_drw has 0 polygons
2026-03-12 23:11:35 +0100: Memory Usage (430304K) : digibnd_drw has 0 polygons
2026-03-12 23:11:35 +0100: Memory Usage (430432K) : via1_drw has 2 polygons
2026-03-12 23:11:35 +0100: Memory Usage (430432K) : backmetal1_drw has 0 polygons
2026-03-12 23:11:35 +0100: Memory Usage (430432K) : backmetal1_pin has 0 polygons
2026-03-12 23:11:35 +0100: Memory Usage (430560K) : backmetal1_mask has 0 polygons
2026-03-12 23:11:35 +0100: Memory Usage (430560K) : backmetal1_filler has 0 polygons
2026-03-12 23:11:35 +0100: Memory Usage (430688K) : backmetal1_nofill has 0 polygons
2026-03-12 23:11:35 +0100: Memory Usage (430688K) : backmetal1_slit has 0 polygons
2026-03-12 23:11:35 +0100: Memory Usage (430816K) : backmetal1_text has 0 polygons
2026-03-12 23:11:35 +0100: Memory Usage (430816K) : backmetal1_opc has 0 polygons
2026-03-12 23:11:35 +0100: Memory Usage (430816K) : backmetal1_noqrc has 0 polygons
2026-03-12 23:11:35 +0100: Memory Usage (430944K) : backmetal1_res has 0 polygons
2026-03-12 23:11:35 +0100: Memory Usage (430944K) : backmetal1_iprobe has 0 polygons
2026-03-12 23:11:35 +0100: Memory Usage (431072K) : backmetal1_diffprb has 0 polygons
2026-03-12 23:11:35 +0100: Memory Usage (431072K) : backpassiv_drw has 0 polygons
2026-03-12 23:11:35 +0100: Memory Usage (431200K) : res_drw has 0 polygons
2026-03-12 23:11:35 +0100: Memory Usage (431200K) : sram_drw has 0 polygons
2026-03-12 23:11:35 +0100: Memory Usage (431200K) : trans_drw has 0 polygons
2026-03-12 23:11:35 +0100: Memory Usage (431328K) : ind_drw has 0 polygons
2026-03-12 23:11:35 +0100: Memory Usage (431456K) : ind_pin has 0 polygons
2026-03-12 23:11:35 +0100: Memory Usage (431456K) : ind_text has 0 polygons
2026-03-12 23:11:35 +0100: Memory Usage (431584K) : salblock_drw has 0 polygons
2026-03-12 23:11:35 +0100: Memory Usage (431584K) : via2_drw has 2 polygons
2026-03-12 23:11:35 +0100: Memory Usage (431712K) : metal3_drw has 4 polygons
2026-03-12 23:11:35 +0100: Memory Usage (431712K) : metal3_pin has 2 polygons
2026-03-12 23:11:35 +0100: Memory Usage (431840K) : metal3_mask has 0 polygons
2026-03-12 23:11:35 +0100: Memory Usage (431840K) : metal3_filler has 0 polygons
2026-03-12 23:11:35 +0100: Memory Usage (431968K) : metal3_nofill has 0 polygons
2026-03-12 23:11:35 +0100: Memory Usage (431968K) : metal3_slit has 0 polygons
2026-03-12 23:11:35 +0100: Memory Usage (432096K) : metal3_text has 2 polygons
2026-03-12 23:11:35 +0100: Memory Usage (432096K) : metal3_opc has 0 polygons
2026-03-12 23:11:35 +0100: Memory Usage (432096K) : metal3_noqrc has 0 polygons
2026-03-12 23:11:35 +0100: Memory Usage (432224K) : metal3_res has 0 polygons
2026-03-12 23:11:35 +0100: Memory Usage (432224K) : metal3_iprobe has 0 polygons
2026-03-12 23:11:35 +0100: Memory Usage (432352K) : metal3_diffprb has 0 polygons
2026-03-12 23:11:35 +0100: Memory Usage (432480K) : nwell_drw has 2 polygons
2026-03-12 23:11:35 +0100: Memory Usage (432480K) : nwell_pin has 0 polygons
2026-03-12 23:11:35 +0100: Memory Usage (432480K) : nbulay_drw has 0 polygons
2026-03-12 23:11:35 +0100: Memory Usage (432608K) : nbulay_pin has 0 polygons
2026-03-12 23:11:35 +0100: Memory Usage (432608K) : nbulay_block has 0 polygons
2026-03-12 23:11:35 +0100: Memory Usage (432736K) : emwind_drw has 0 polygons
2026-03-12 23:11:35 +0100: Memory Usage (432864K) : emwind_opc has 0 polygons
2026-03-12 23:11:35 +0100: Memory Usage (432864K) : deepco_drw has 0 polygons
2026-03-12 23:11:35 +0100: Memory Usage (432992K) : deepco_drw has 0 polygons
2026-03-12 23:11:35 +0100: Memory Usage (432992K) : mim_drw has 0 polygons
2026-03-12 23:11:35 +0100: Memory Usage (433120K) : edgeseal_drw has 0 polygons
2026-03-12 23:11:35 +0100: Memory Usage (433120K) : edgeseal_bound has 0 polygons
2026-03-12 23:11:35 +0100: Memory Usage (433248K) : substrate_drw has 1 polygons
2026-03-12 23:11:35 +0100: Memory Usage (433248K) : substrate_text has 0 polygons
2026-03-12 23:11:35 +0100: Memory Usage (433376K) : dfpad_drw has 0 polygons
2026-03-12 23:11:35 +0100: Memory Usage (433376K) : dfpad_pillar has 0 polygons
2026-03-12 23:11:35 +0100: Memory Usage (433376K) : dfpad_sbump has 0 polygons
2026-03-12 23:11:35 +0100: Memory Usage (433504K) : thickgateox_drw has 2 polygons
2026-03-12 23:11:35 +0100: Memory Usage (433504K) : pldb_drw has 0 polygons
2026-03-12 23:11:35 +0100: Memory Usage (433632K) : pwell_drw has 0 polygons
2026-03-12 23:11:35 +0100: Memory Usage (433632K) : pwell_pin has 0 polygons
2026-03-12 23:11:35 +0100: Memory Usage (433760K) : pwell_block has 0 polygons
2026-03-12 23:11:35 +0100: Memory Usage (433760K) : ic_drw has 0 polygons
2026-03-12 23:11:35 +0100: Memory Usage (433760K) : via3_drw has 0 polygons
2026-03-12 23:11:35 +0100: Memory Usage (433888K) : metal4_drw has 0 polygons
2026-03-12 23:11:35 +0100: Memory Usage (434016K) : metal4_pin has 0 polygons
2026-03-12 23:11:35 +0100: Memory Usage (434016K) : metal4_mask has 0 polygons
2026-03-12 23:11:35 +0100: Memory Usage (434144K) : metal4_filler has 0 polygons
2026-03-12 23:11:35 +0100: Memory Usage (434144K) : metal4_nofill has 0 polygons
2026-03-12 23:11:35 +0100: Memory Usage (434272K) : metal4_slit has 0 polygons
2026-03-12 23:11:35 +0100: Memory Usage (434272K) : metal4_text has 0 polygons
2026-03-12 23:11:35 +0100: Memory Usage (434272K) : metal4_opc has 0 polygons
2026-03-12 23:11:35 +0100: Memory Usage (434400K) : metal4_noqrc has 0 polygons
2026-03-12 23:11:35 +0100: Memory Usage (434400K) : metal4_res has 0 polygons
2026-03-12 23:11:35 +0100: Memory Usage (434528K) : metal4_iprobe has 0 polygons
2026-03-12 23:11:35 +0100: Memory Usage (434528K) : metal4_diffprb has 0 polygons
2026-03-12 23:11:35 +0100: Memory Usage (434656K) : heattrans_drw has 2 polygons
2026-03-12 23:11:35 +0100: Memory Usage (434656K) : heatres_drw has 0 polygons
2026-03-12 23:11:35 +0100: Memory Usage (434784K) : pempoly_drw has 0 polygons
2026-03-12 23:11:35 +0100: Memory Usage (434784K) : fbe_drw has 0 polygons
2026-03-12 23:11:35 +0100: Memory Usage (434912K) : empoly_drw has 0 polygons
2026-03-12 23:11:35 +0100: Memory Usage (435040K) : ldmos_drw has 0 polygons
2026-03-12 23:11:35 +0100: Memory Usage (435040K) : pbiwind_drw has 0 polygons
2026-03-12 23:11:35 +0100: Memory Usage (435168K) : digisub_drw has 0 polygons
2026-03-12 23:11:35 +0100: Memory Usage (435168K) : nodrc_drw has 0 polygons
2026-03-12 23:11:35 +0100: Memory Usage (435168K) : text_drw has 2 polygons
2026-03-12 23:11:35 +0100: Memory Usage (435296K) : via4_drw has 0 polygons
2026-03-12 23:11:35 +0100: Memory Usage (435296K) : metal5_drw has 0 polygons
2026-03-12 23:11:35 +0100: Memory Usage (435424K) : metal5_pin has 0 polygons
2026-03-12 23:11:35 +0100: Memory Usage (435424K) : metal5_mask has 0 polygons
2026-03-12 23:11:35 +0100: Memory Usage (435552K) : metal5_filler has 0 polygons
2026-03-12 23:11:35 +0100: Memory Usage (435552K) : metal5_nofill has 0 polygons
2026-03-12 23:11:35 +0100: Memory Usage (435552K) : metal5_slit has 0 polygons
2026-03-12 23:11:35 +0100: Memory Usage (435680K) : metal5_text has 0 polygons
2026-03-12 23:11:35 +0100: Memory Usage (435680K) : metal5_opc has 0 polygons
2026-03-12 23:11:35 +0100: Memory Usage (435808K) : metal5_noqrc has 0 polygons
2026-03-12 23:11:35 +0100: Memory Usage (435808K) : metal5_res has 0 polygons
2026-03-12 23:11:35 +0100: Memory Usage (435936K) : metal5_iprobe has 0 polygons
2026-03-12 23:11:35 +0100: Memory Usage (435936K) : metal5_diffprb has 0 polygons
2026-03-12 23:11:35 +0100: Memory Usage (436064K) : radhard_drw has 0 polygons
2026-03-12 23:11:35 +0100: Memory Usage (436064K) : memcap_drw has 0 polygons
2026-03-12 23:11:35 +0100: Memory Usage (436192K) : varicap_drw has 0 polygons
2026-03-12 23:11:35 +0100: Memory Usage (436320K) : flash_drw has 0 polygons
2026-03-12 23:11:35 +0100: Memory Usage (436320K) : intbondvia_drw has 0 polygons
2026-03-12 23:11:35 +0100: Memory Usage (436448K) : intbondmet_drw has 0 polygons
2026-03-12 23:11:35 +0100: Memory Usage (436448K) : devbondvia_drw has 0 polygons
2026-03-12 23:11:35 +0100: Memory Usage (436448K) : devbondmet_drw has 0 polygons
2026-03-12 23:11:35 +0100: Memory Usage (436576K) : devtrench_drw has 0 polygons
2026-03-12 23:11:35 +0100: Memory Usage (436576K) : redist_drw has 0 polygons
2026-03-12 23:11:35 +0100: Memory Usage (436704K) : graphbot_drw has 0 polygons
2026-03-12 23:11:35 +0100: Memory Usage (436704K) : graphtop_drw has 0 polygons
2026-03-12 23:11:35 +0100: Memory Usage (436832K) : antvia1_drw has 0 polygons
2026-03-12 23:11:35 +0100: Memory Usage (436832K) : antmetal2_drw has 0 polygons
2026-03-12 23:11:35 +0100: Memory Usage (436832K) : graphcont_drw has 0 polygons
2026-03-12 23:11:35 +0100: Memory Usage (436960K) : siwg_drw has 0 polygons
2026-03-12 23:11:35 +0100: Memory Usage (436960K) : siwg_filler has 0 polygons
2026-03-12 23:11:35 +0100: Memory Usage (437088K) : siwg_nofill has 0 polygons
2026-03-12 23:11:35 +0100: Memory Usage (437216K) : sigrating_drw has 0 polygons
2026-03-12 23:11:35 +0100: Memory Usage (437216K) : singrating_drw has 0 polygons
2026-03-12 23:11:35 +0100: Memory Usage (437216K) : graphpas_drw has 0 polygons
2026-03-12 23:11:35 +0100: Memory Usage (437344K) : emwind3_drw has 0 polygons
2026-03-12 23:11:35 +0100: Memory Usage (437344K) : emwihv3_drw has 0 polygons
2026-03-12 23:11:35 +0100: Memory Usage (437472K) : redbulay_drw has 0 polygons
2026-03-12 23:11:35 +0100: Memory Usage (437472K) : smos_drw has 0 polygons
2026-03-12 23:11:35 +0100: Memory Usage (437472K) : graphpad_drw has 0 polygons
2026-03-12 23:11:35 +0100: Memory Usage (437600K) : polimide_drw has 0 polygons
2026-03-12 23:11:35 +0100: Memory Usage (437600K) : polimide_pin has 0 polygons
2026-03-12 23:11:35 +0100: Memory Usage (437728K) : recog_drw has 0 polygons
2026-03-12 23:11:35 +0100: Memory Usage (437856K) : recog_pin has 0 polygons
2026-03-12 23:11:35 +0100: Memory Usage (437856K) : recog_esd has 0 polygons
2026-03-12 23:11:35 +0100: Memory Usage (437984K) : recog_diode has 0 polygons
2026-03-12 23:11:35 +0100: Memory Usage (437984K) : recog_tsv has 0 polygons
2026-03-12 23:11:35 +0100: Memory Usage (437984K) : recog_iprobe has 0 polygons
2026-03-12 23:11:35 +0100: Memory Usage (438112K) : recog_diffprb has 0 polygons
2026-03-12 23:11:35 +0100: Memory Usage (438112K) : recog_pillar has 0 polygons
2026-03-12 23:11:35 +0100: Memory Usage (438240K) : recog_sbump has 0 polygons
2026-03-12 23:11:35 +0100: Memory Usage (438240K) : recog_otp has 0 polygons
2026-03-12 23:11:35 +0100: Memory Usage (438368K) : recog_pdiode has 0 polygons
2026-03-12 23:11:35 +0100: Memory Usage (438368K) : recog_mom has 0 polygons
2026-03-12 23:11:35 +0100: Memory Usage (438368K) : recog_pcm has 0 polygons
2026-03-12 23:11:35 +0100: Memory Usage (438368K) : colopen_drw has 0 polygons
2026-03-12 23:11:35 +0100: Memory Usage (438496K) : graphmetal1_drw has 0 polygons
2026-03-12 23:11:35 +0100: Memory Usage (438496K) : graphmetal1_filler has 0 polygons
2026-03-12 23:11:35 +0100: Memory Usage (438496K) : graphmetal1_nofill has 0 polygons
2026-03-12 23:11:35 +0100: Memory Usage (438624K) : graphmetal1_slit has 0 polygons
2026-03-12 23:11:35 +0100: Memory Usage (438624K) : graphmetal1_opc has 0 polygons
2026-03-12 23:11:35 +0100: Memory Usage (438624K) : graphmet1l_drw has 0 polygons
2026-03-12 23:11:35 +0100: Memory Usage (438752K) : graphmet1l_filler has 0 polygons
2026-03-12 23:11:35 +0100: Memory Usage (438752K) : graphmet1l_nofill has 0 polygons
2026-03-12 23:11:35 +0100: Memory Usage (438752K) : graphmet1l_slit has 0 polygons
2026-03-12 23:11:35 +0100: Memory Usage (438752K) : graphmet1l_opc has 0 polygons
2026-03-12 23:11:35 +0100: Memory Usage (438880K) : extblock_drw has 0 polygons
2026-03-12 23:11:35 +0100: Memory Usage (438880K) : nldd_drw has 0 polygons
2026-03-12 23:11:35 +0100: Memory Usage (439008K) : pldd_drw has 0 polygons
2026-03-12 23:11:35 +0100: Memory Usage (439008K) : next_drw has 0 polygons
2026-03-12 23:11:35 +0100: Memory Usage (439008K) : pext_drw has 0 polygons
2026-03-12 23:11:35 +0100: Memory Usage (439136K) : nexthv_drw has 0 polygons
2026-03-12 23:11:35 +0100: Memory Usage (439136K) : pexthv_drw has 0 polygons
2026-03-12 23:11:35 +0100: Memory Usage (439264K) : graphgate_drw has 0 polygons
2026-03-12 23:11:35 +0100: Memory Usage (439264K) : sinwg_drw has 0 polygons
2026-03-12 23:11:35 +0100: Memory Usage (439264K) : sinwg_filler has 0 polygons
2026-03-12 23:11:35 +0100: Memory Usage (439392K) : sinwg_nofill has 0 polygons
2026-03-12 23:11:35 +0100: Memory Usage (439392K) : mempad_drw has 0 polygons
2026-03-12 23:11:35 +0100: Memory Usage (439520K) : topvia1_drw has 0 polygons
2026-03-12 23:11:35 +0100: Memory Usage (439520K) : topmetal1_drw has 0 polygons
2026-03-12 23:11:35 +0100: Memory Usage (439648K) : topmetal1_pin has 0 polygons
2026-03-12 23:11:35 +0100: Memory Usage (439648K) : topmetal1_mask has 0 polygons
2026-03-12 23:11:35 +0100: Memory Usage (439776K) : topmetal1_filler has 0 polygons
2026-03-12 23:11:35 +0100: Memory Usage (439776K) : topmetal1_nofill has 0 polygons
2026-03-12 23:11:35 +0100: Memory Usage (439776K) : topmetal1_slit has 0 polygons
2026-03-12 23:11:35 +0100: Memory Usage (439776K) : topmetal1_text has 0 polygons
2026-03-12 23:11:35 +0100: Memory Usage (439904K) : topmetal1_noqrc has 0 polygons
2026-03-12 23:11:35 +0100: Memory Usage (439904K) : topmetal1_res has 0 polygons
2026-03-12 23:11:35 +0100: Memory Usage (439904K) : topmetal1_iprobe has 0 polygons
2026-03-12 23:11:35 +0100: Memory Usage (440032K) : topmetal1_diffprb has 0 polygons
2026-03-12 23:11:35 +0100: Memory Usage (440032K) : inldpwl_drw has 0 polygons
2026-03-12 23:11:35 +0100: Memory Usage (440032K) : polyres_drw has 0 polygons
2026-03-12 23:11:35 +0100: Memory Usage (440032K) : polyres_pin has 0 polygons
2026-03-12 23:11:35 +0100: Memory Usage (440160K) : vmim_drw has 0 polygons
2026-03-12 23:11:35 +0100: Memory Usage (440160K) : nbulaycut_drw has 0 polygons
2026-03-12 23:11:35 +0100: Memory Usage (440288K) : antmetal1_drw has 0 polygons
2026-03-12 23:11:35 +0100: Memory Usage (440288K) : topvia2_drw has 0 polygons
2026-03-12 23:11:35 +0100: Memory Usage (440288K) : topmetal2_drw has 0 polygons
2026-03-12 23:11:35 +0100: Memory Usage (440416K) : topmetal2_pin has 0 polygons
2026-03-12 23:11:35 +0100: Memory Usage (440416K) : topmetal2_mask has 0 polygons
2026-03-12 23:11:35 +0100: Memory Usage (440544K) : topmetal2_filler has 0 polygons
2026-03-12 23:11:35 +0100: Memory Usage (440544K) : topmetal2_nofill has 0 polygons
2026-03-12 23:11:35 +0100: Memory Usage (440544K) : topmetal2_slit has 0 polygons
2026-03-12 23:11:35 +0100: Memory Usage (440672K) : topmetal2_text has 0 polygons
2026-03-12 23:11:35 +0100: Memory Usage (440672K) : topmetal2_noqrc has 0 polygons
2026-03-12 23:11:35 +0100: Memory Usage (440800K) : topmetal2_res has 0 polygons
2026-03-12 23:11:35 +0100: Memory Usage (440800K) : topmetal2_iprobe has 0 polygons
2026-03-12 23:11:35 +0100: Memory Usage (440928K) : topmetal2_diffprb has 0 polygons
2026-03-12 23:11:35 +0100: Memory Usage (440928K) : snsring_drw has 0 polygons
2026-03-12 23:11:35 +0100: Memory Usage (440928K) : sensor_drw has 0 polygons
2026-03-12 23:11:35 +0100: Memory Usage (441056K) : snsarms_drw has 0 polygons
2026-03-12 23:11:35 +0100: Memory Usage (441056K) : snscmosvia_drw has 0 polygons
2026-03-12 23:11:35 +0100: Memory Usage (441184K) : colwind_drw has 0 polygons
2026-03-12 23:11:35 +0100: Memory Usage (441184K) : flm_drw has 0 polygons
2026-03-12 23:11:35 +0100: Memory Usage (441312K) : hafniumox_drw has 0 polygons
2026-03-12 23:11:35 +0100: Memory Usage (441312K) : memvia_drw has 0 polygons
2026-03-12 23:11:35 +0100: Memory Usage (441312K) : thinfilmres_drw has 0 polygons
2026-03-12 23:11:35 +0100: Memory Usage (441440K) : rfmem_drw has 0 polygons
2026-03-12 23:11:35 +0100: Memory Usage (441440K) : norcx_drw has 0 polygons
2026-03-12 23:11:35 +0100: Memory Usage (441568K) : norcx_m2m3 has 0 polygons
2026-03-12 23:11:35 +0100: Memory Usage (441568K) : norcx_m2m4 has 0 polygons
2026-03-12 23:11:35 +0100: Memory Usage (441696K) : norcx_m2m5 has 0 polygons
2026-03-12 23:11:35 +0100: Memory Usage (441696K) : norcx_m2tm1 has 0 polygons
2026-03-12 23:11:35 +0100: Memory Usage (441696K) : norcx_m2tm2 has 0 polygons
2026-03-12 23:11:35 +0100: Memory Usage (441824K) : norcx_m3m4 has 0 polygons
2026-03-12 23:11:35 +0100: Memory Usage (441824K) : norcx_m3m5 has 0 polygons
2026-03-12 23:11:35 +0100: Memory Usage (441952K) : norcx_m3tm1 has 0 polygons
2026-03-12 23:11:35 +0100: Memory Usage (441952K) : norcx_m3tm2 has 0 polygons
2026-03-12 23:11:35 +0100: Memory Usage (442080K) : norcx_m4m5 has 0 polygons
2026-03-12 23:11:35 +0100: Memory Usage (442080K) : norcx_m4tm1 has 0 polygons
2026-03-12 23:11:35 +0100: Memory Usage (442080K) : norcx_m4tm2 has 0 polygons
2026-03-12 23:11:35 +0100: Memory Usage (442080K) : norcx_m5tm1 has 0 polygons
2026-03-12 23:11:35 +0100: Memory Usage (442080K) : norcx_m5tm2 has 0 polygons
2026-03-12 23:11:35 +0100: Memory Usage (442080K) : norcx_tm1tm2 has 0 polygons
2026-03-12 23:11:35 +0100: Memory Usage (442208K) : norcx_m1sub has 0 polygons
2026-03-12 23:11:35 +0100: Memory Usage (442208K) : norcx_m2sub has 0 polygons
2026-03-12 23:11:35 +0100: Memory Usage (442208K) : norcx_m3sub has 0 polygons
2026-03-12 23:11:35 +0100: Memory Usage (442336K) : norcx_m4sub has 0 polygons
2026-03-12 23:11:35 +0100: Memory Usage (442336K) : norcx_m5sub has 0 polygons
2026-03-12 23:11:35 +0100: Memory Usage (442336K) : norcx_tm1sub has 0 polygons
2026-03-12 23:11:35 +0100: Memory Usage (442336K) : norcx_tm2sub has 0 polygons
2026-03-12 23:11:35 +0100: Memory Usage (442464K) : snsbotvia_drw has 0 polygons
2026-03-12 23:11:35 +0100: Memory Usage (442464K) : snstopvia_drw has 0 polygons
2026-03-12 23:11:35 +0100: Memory Usage (442464K) : deepvia_drw has 0 polygons
2026-03-12 23:11:35 +0100: Memory Usage (442592K) : fgetch_drw has 0 polygons
2026-03-12 23:11:35 +0100: Memory Usage (442592K) : ctrgat_drw has 0 polygons
2026-03-12 23:11:35 +0100: Memory Usage (442592K) : fgimp_drw has 0 polygons
2026-03-12 23:11:35 +0100: Memory Usage (442592K) : emwihv_drw has 0 polygons
2026-03-12 23:11:35 +0100: Memory Usage (442720K) : lbe_drw has 0 polygons
2026-03-12 23:11:35 +0100: Memory Usage (442720K) : alcustop_drw has 0 polygons
2026-03-12 23:11:35 +0100: Memory Usage (442720K) : nometfiller_drw has 0 polygons
2026-03-12 23:11:35 +0100: Memory Usage (442848K) : prboundary_drw has 0 polygons
2026-03-12 23:11:35 +0100: Memory Usage (442848K) : exchange0_drw has 0 polygons
2026-03-12 23:11:35 +0100: Memory Usage (442848K) : exchange0_pin has 0 polygons
2026-03-12 23:11:35 +0100: Memory Usage (442976K) : exchange0_text has 0 polygons
2026-03-12 23:11:35 +0100: Memory Usage (442976K) : exchange1_drw has 0 polygons
2026-03-12 23:11:35 +0100: Memory Usage (442976K) : exchange1_pin has 0 polygons
2026-03-12 23:11:35 +0100: Memory Usage (442976K) : exchange1_text has 0 polygons
2026-03-12 23:11:35 +0100: Memory Usage (443104K) : exchange2_drw has 0 polygons
2026-03-12 23:11:35 +0100: Memory Usage (443104K) : exchange2_pin has 0 polygons
2026-03-12 23:11:35 +0100: Memory Usage (443104K) : exchange2_text has 0 polygons
2026-03-12 23:11:35 +0100: Memory Usage (443232K) : exchange3_drw has 0 polygons
2026-03-12 23:11:35 +0100: Memory Usage (443232K) : exchange3_pin has 0 polygons
2026-03-12 23:11:35 +0100: Memory Usage (443232K) : exchange3_text has 0 polygons
2026-03-12 23:11:35 +0100: Memory Usage (443360K) : exchange4_drw has 0 polygons
2026-03-12 23:11:35 +0100: Memory Usage (443360K) : exchange4_pin has 0 polygons
2026-03-12 23:11:35 +0100: Memory Usage (443488K) : exchange4_text has 0 polygons
2026-03-12 23:11:35 +0100: Memory Usage (443488K) : isonwell_drw has 0 polygons
2026-03-12 23:11:35 +0100: Memory Usage (443488K) : Total no. of polygons in the design is 102
2026-03-12 23:11:35 +0100: Memory Usage (443488K) : Loaded TECH DRC rules values from /foss/pdks/ihp-sg13g2/libs.tech/klayout/python/sg13g2_pycell_lib/sg13g2_tech_mod.json
2026-03-12 23:11:35 +0100: Memory Usage (443488K) : Loaded default DRC rules values from /foss/pdks/ihp-sg13g2/libs.tech/klayout/tech/drc/rule_decks/sg13g2_tech_default.json
2026-03-12 23:11:35 +0100: Memory Usage (443488K) : The following rules values were missing in tech json and default values were used:
2026-03-12 23:11:35 +0100: Memory Usage (443488K) :   - Cnt_c_digibnd
2026-03-12 23:11:35 +0100: Memory Usage (444760K) : Total area of the design is 57.75 um^2.
2026-03-12 23:11:35 +0100: Memory Usage (444760K) : The design dimensions are 2.75 µm * 21.0 µm.
2026-03-12 23:11:35 +0100: Memory Usage (444760K) : Starting general IHP-SG13G2 derivations.
2026-03-12 23:11:35 +0100: Memory Usage (444760K) : Starting Pwell derivations
2026-03-12 23:11:35 +0100: Memory Usage (446748K) : Starting n-Activ derivations
2026-03-12 23:11:35 +0100: Memory Usage (447064K) : Starting p-Activ derivations
2026-03-12 23:11:35 +0100: Memory Usage (447064K) : Starting ptap derivations
2026-03-12 23:11:35 +0100: Memory Usage (447064K) : Starting ntap derivations
2026-03-12 23:11:35 +0100: Memory Usage (447192K) : Starting pact FET derivations
2026-03-12 23:11:35 +0100: Memory Usage (447380K) : Starting nact FET derivations
2026-03-12 23:11:35 +0100: Memory Usage (447380K) : Starting Gate derivations
2026-03-12 23:11:35 +0100: Memory Usage (447636K) : Starting cont/contbar general derivations
2026-03-12 23:11:35 +0100: Memory Usage (447764K) : Starting pad general derivations
2026-03-12 23:11:35 +0100: Memory Usage (448020K) : Starting IHP-SG13G2 DRC connectivity related derivations.
2026-03-12 23:11:35 +0100: Memory Usage (448916K) : Starting IHP-SG13G2 DRC connectivity setup
2026-03-12 23:11:35 +0100: Memory Usage (449172K) : Starting IHP-SG13G2 DRC rules.
2026-03-12 23:11:35 +0100: Memory Usage (449172K) : Running all FEOL rules
2026-03-12 23:11:35 +0100: Memory Usage (449172K) : Running all BEOL rules
2026-03-12 23:11:35 +0100: Memory Usage (449172K) : Running all PIN rules
2026-03-12 23:11:35 +0100: Memory Usage (449172K) : Running all FORBIDDEN rules
2026-03-12 23:11:35 +0100: Memory Usage (449172K) : Starting 5.1 NWell table
2026-03-12 23:11:35 +0100: Memory Usage (449172K) : Executing rule NW.b
2026-03-12 23:11:35 +0100: Memory Usage (449868K) : Executing rule NW.b1
2026-03-12 23:11:35 +0100: Memory Usage (450124K) : Starting 5.2 PWell:block
2026-03-12 23:11:35 +0100: Memory Usage (450124K) : Executing rule PWB.e
2026-03-12 23:11:35 +0100: Memory Usage (450252K) : Executing rule PWB.e1
2026-03-12 23:11:35 +0100: Memory Usage (450380K) : Executing rule PWB.f
2026-03-12 23:11:35 +0100: Memory Usage (450508K) : Executing rule PWB.f1
2026-03-12 23:11:35 +0100: Memory Usage (451148K) : Starting 5.3 nBuLay table
2026-03-12 23:11:35 +0100: Memory Usage (451276K) : Executing rule NBL.b
2026-03-12 23:11:35 +0100: Memory Usage (451276K) : Executing rule NBL.c
2026-03-12 23:11:35 +0100: Memory Usage (451276K) : Executing rule NBL.d
2026-03-12 23:11:35 +0100: Memory Usage (451276K) : Executing rule NBL.e
2026-03-12 23:11:35 +0100: Memory Usage (451276K) : Executing rule NBL.f
2026-03-12 23:11:35 +0100: Memory Usage (451276K) : Starting 5.5. Activ table
2026-03-12 23:11:35 +0100: Memory Usage (451276K) : Executing rule Act.a
2026-03-12 23:11:35 +0100: Memory Usage (451276K) : Executing rule Act.b
2026-03-12 23:11:35 +0100: Memory Usage (451276K) : Starting 5.6 Activ:filler table
2026-03-12 23:11:35 +0100: Memory Usage (451460K) : Executing rule AFil.c1
2026-03-12 23:11:35 +0100: Memory Usage (451460K) : Executing rule AFil.c
2026-03-12 23:11:35 +0100: Memory Usage (451460K) : Executing rule AFil.d
2026-03-12 23:11:35 +0100: Memory Usage (451460K) : Executing rule AFil.e
2026-03-12 23:11:35 +0100: Memory Usage (451460K) : Executing rule AFil.j
2026-03-12 23:11:35 +0100: Memory Usage (451460K) : Starting 5.7. ThickGateOx table
2026-03-12 23:11:35 +0100: Memory Usage (451460K) : Executing rule TGO.f
2026-03-12 23:11:35 +0100: Memory Usage (451460K) : Starting 5.8. GatPoly table
2026-03-12 23:11:35 +0100: Memory Usage (451460K) : Executing rule Gat.a
2026-03-12 23:11:35 +0100: Memory Usage (451460K) : Executing rule Gat.b
2026-03-12 23:11:35 +0100: Memory Usage (451460K) : Executing rule Gat.d
2026-03-12 23:11:35 +0100: Memory Usage (451460K) : Executing rule Gat.a1
2026-03-12 23:11:35 +0100: Memory Usage (451588K) : Executing rule Gat.a2
2026-03-12 23:11:35 +0100: Memory Usage (451588K) : Executing rule Gat.g
2026-03-12 23:11:35 +0100: Memory Usage (451588K) : Starting 5.9 GatPoly:filler
2026-03-12 23:11:35 +0100: Memory Usage (451588K) : Executing rule GFil.d
2026-03-12 23:11:35 +0100: Memory Usage (451588K) : Executing rule GFil.e
2026-03-12 23:11:35 +0100: Memory Usage (451588K) : Executing rule GFil.i
2026-03-12 23:11:35 +0100: Memory Usage (451588K) : Starting 5.10 pSD table
2026-03-12 23:11:35 +0100: Memory Usage (451588K) : Executing rule pSD.c1
2026-03-12 23:11:35 +0100: Memory Usage (451588K) : Starting 5.14. Cont table
2026-03-12 23:11:35 +0100: Memory Usage (451588K) : Executing rule Cnt.a
2026-03-12 23:11:35 +0100: Memory Usage (451588K) : Executing rule Cnt.b
2026-03-12 23:11:35 +0100: Memory Usage (451588K) : Executing rule Cnt.c
2026-03-12 23:11:35 +0100: Memory Usage (451588K) : Executing rule Cnt.c
2026-03-12 23:11:35 +0100: Memory Usage (451588K) : Executing rule Cnt.d
2026-03-12 23:11:35 +0100: Memory Usage (451588K) : Executing rule Cnt.e
2026-03-12 23:11:35 +0100: Memory Usage (451588K) : Executing rule Cnt.g1
2026-03-12 23:11:35 +0100: Memory Usage (451588K) : Executing rule Cnt.g2
2026-03-12 23:11:35 +0100: Memory Usage (451588K) : Starting 5.15. ContBar table
2026-03-12 23:11:35 +0100: Memory Usage (451588K) : Executing rule CntB.b1
2026-03-12 23:11:35 +0100: Memory Usage (451588K) : Executing rule CntB.h1
2026-03-12 23:11:35 +0100: Memory Usage (451588K) : Starting 6.1.3 NPN Substrate-Tie table
2026-03-12 23:11:35 +0100: Memory Usage (451588K) : Executing rule npn13G2.bR 
2026-03-12 23:11:35 +0100: Memory Usage (451588K) : Executing rule npn13G2L.cR 
2026-03-12 23:11:35 +0100: Memory Usage (451588K) : Executing rule npn13G2V.cR 
2026-03-12 23:11:35 +0100: Memory Usage (451588K) : Starting 6.7 Schottky diode table
2026-03-12 23:11:35 +0100: Memory Usage (451588K) : Executing rule Sdiod.d
2026-03-12 23:11:35 +0100: Memory Usage (451588K) : Executing rule Sdiod.e
2026-03-12 23:11:35 +0100: Memory Usage (451588K) : Starting 7.2 Latch-up table
2026-03-12 23:11:35 +0100: Memory Usage (451588K) : Executing rule LU.b
2026-03-12 23:11:35 +0100: Memory Usage (451588K) : Starting 5.16. Metal1 table
2026-03-12 23:11:35 +0100: Memory Usage (451588K) : Executing rule M1.a
2026-03-12 23:11:35 +0100: Memory Usage (451588K) : Executing rule M1.b
2026-03-12 23:11:35 +0100: Memory Usage (451588K) : Executing rule M1.e
2026-03-12 23:11:35 +0100: Memory Usage (451588K) : Executing rule M1.f
2026-03-12 23:11:35 +0100: Memory Usage (451588K) : Executing rule M1.g
2026-03-12 23:11:35 +0100: Memory Usage (451588K) : Executing rule M1.i
2026-03-12 23:11:35 +0100: Memory Usage (451844K) : Starting 5.17 Metaln table
2026-03-12 23:11:35 +0100: Memory Usage (451844K) : Executing rule M2.a
2026-03-12 23:11:35 +0100: Memory Usage (451844K) : Executing rule M2.b
2026-03-12 23:11:35 +0100: Memory Usage (452100K) : Executing rule M2.e
2026-03-12 23:11:35 +0100: Memory Usage (452356K) : Executing rule M2.f
2026-03-12 23:11:35 +0100: Memory Usage (452612K) : Executing rule M2.g
2026-03-12 23:11:35 +0100: Memory Usage (452868K) : Executing rule M2.i
2026-03-12 23:11:35 +0100: Memory Usage (453252K) : Executing rule M3.a
2026-03-12 23:11:35 +0100: Memory Usage (453380K) : Executing rule M3.b
2026-03-12 23:11:35 +0100: Memory Usage (453508K) : Executing rule M3.e
2026-03-12 23:11:35 +0100: Memory Usage (453764K) : Executing rule M3.f
2026-03-12 23:11:35 +0100: Memory Usage (454020K) : Executing rule M3.g
2026-03-12 23:11:35 +0100: Memory Usage (454276K) : Executing rule M3.i
2026-03-12 23:11:35 +0100: Memory Usage (454532K) : Executing rule M4.a
2026-03-12 23:11:35 +0100: Memory Usage (454660K) : Executing rule M4.b
2026-03-12 23:11:35 +0100: Memory Usage (454788K) : Executing rule M4.e
2026-03-12 23:11:35 +0100: Memory Usage (455044K) : Executing rule M4.f
2026-03-12 23:11:35 +0100: Memory Usage (455300K) : Executing rule M4.g
2026-03-12 23:11:35 +0100: Memory Usage (455684K) : Executing rule M4.i
2026-03-12 23:11:35 +0100: Memory Usage (456068K) : Executing rule M5.a
2026-03-12 23:11:35 +0100: Memory Usage (456196K) : Executing rule M5.b
2026-03-12 23:11:35 +0100: Memory Usage (456324K) : Executing rule M5.e
2026-03-12 23:11:35 +0100: Memory Usage (456580K) : Executing rule M5.f
2026-03-12 23:11:35 +0100: Memory Usage (456964K) : Executing rule M5.g
2026-03-12 23:11:35 +0100: Memory Usage (457220K) : Executing rule M5.i
2026-03-12 23:11:35 +0100: Memory Usage (457604K) : Starting 5.18 Metaln:filler table
2026-03-12 23:11:35 +0100: Memory Usage (457604K) : Executing rule M1Fil.c
2026-03-12 23:11:35 +0100: Memory Usage (457732K) : Executing rule M1Fil.a2
2026-03-12 23:11:35 +0100: Memory Usage (457860K) : Executing rule M2Fil.c
2026-03-12 23:11:35 +0100: Memory Usage (458116K) : Executing rule M2Fil.a2
2026-03-12 23:11:35 +0100: Memory Usage (458244K) : Executing rule M3Fil.c
2026-03-12 23:11:35 +0100: Memory Usage (458372K) : Executing rule M3Fil.a2
2026-03-12 23:11:35 +0100: Memory Usage (458500K) : Executing rule M4Fil.c
2026-03-12 23:11:35 +0100: Memory Usage (458628K) : Executing rule M4Fil.a2
2026-03-12 23:11:35 +0100: Memory Usage (458756K) : Executing rule M5Fil.c
2026-03-12 23:11:35 +0100: Memory Usage (458884K) : Executing rule M5Fil.a2
2026-03-12 23:11:35 +0100: Memory Usage (459140K) : Starting 5.19. Via1 table
2026-03-12 23:11:35 +0100: Memory Usage (459140K) : Starting 5.19. Via1 table derivations
2026-03-12 23:11:35 +0100: Memory Usage (459140K) : Executing rule V1.a
2026-03-12 23:11:35 +0100: Memory Usage (459396K) : Executing rule V1.b
2026-03-12 23:11:35 +0100: Memory Usage (459524K) : Executing rule V1.c
2026-03-12 23:11:35 +0100: Memory Usage (459652K) : Starting 5.20. Vian table
2026-03-12 23:11:35 +0100: Memory Usage (459652K) : Executing rule V2.a
2026-03-12 23:11:35 +0100: Memory Usage (460036K) : Executing rule V2.b
2026-03-12 23:11:35 +0100: Memory Usage (460164K) : Executing rule V2.c
2026-03-12 23:11:35 +0100: Memory Usage (460164K) : Executing rule V3.a
2026-03-12 23:11:35 +0100: Memory Usage (460164K) : Executing rule V3.b
2026-03-12 23:11:35 +0100: Memory Usage (460164K) : Executing rule V3.c
2026-03-12 23:11:35 +0100: Memory Usage (460164K) : Executing rule V4.a
2026-03-12 23:11:35 +0100: Memory Usage (460164K) : Executing rule V4.b
2026-03-12 23:11:35 +0100: Memory Usage (460164K) : Executing rule V4.c
2026-03-12 23:11:35 +0100: Memory Usage (460164K) : Starting 5.21. TopVia1 table
2026-03-12 23:11:35 +0100: Memory Usage (460164K) : Executing rule TV1.a
2026-03-12 23:11:35 +0100: Memory Usage (460164K) : Executing rule TV1.b
2026-03-12 23:11:35 +0100: Memory Usage (460164K) : Executing rule TV1.c
2026-03-12 23:11:35 +0100: Memory Usage (460164K) : Executing rule TV1.d
2026-03-12 23:11:35 +0100: Memory Usage (460164K) : Starting 5.22. TopMetal1 table
2026-03-12 23:11:35 +0100: Memory Usage (460164K) : Executing rule TM1.a
2026-03-12 23:11:35 +0100: Memory Usage (460164K) : Executing rule TM1.b
2026-03-12 23:11:35 +0100: Memory Usage (460164K) : Starting 5.23 TopMetal1:filler table
2026-03-12 23:11:35 +0100: Memory Usage (460164K) : Executing rule TM1Fil.c
2026-03-12 23:11:35 +0100: Memory Usage (460164K) : Executing rule TM1Fil.a1
2026-03-12 23:11:35 +0100: Memory Usage (460164K) : Starting 5.24. TopVia2 table
2026-03-12 23:11:35 +0100: Memory Usage (460164K) : Executing rule TV2.a
2026-03-12 23:11:35 +0100: Memory Usage (460164K) : Executing rule TV2.b
2026-03-12 23:11:35 +0100: Memory Usage (460164K) : Executing rule TV2.c
2026-03-12 23:11:35 +0100: Memory Usage (460164K) : Executing rule TV2.d
2026-03-12 23:11:35 +0100: Memory Usage (460164K) : Starting 5.25. TopMetal2 table
2026-03-12 23:11:35 +0100: Memory Usage (460164K) : Executing rule TM2.a
2026-03-12 23:11:35 +0100: Memory Usage (460164K) : Executing rule TM2.b
2026-03-12 23:11:35 +0100: Memory Usage (460164K) : Executing rule TM2.bR
2026-03-12 23:11:35 +0100: Memory Usage (460164K) : Starting 5.26 TopMetal2:filler table
2026-03-12 23:11:35 +0100: Memory Usage (460164K) : Executing rule TM2Fil.c
2026-03-12 23:11:35 +0100: Memory Usage (460164K) : Executing rule TM2Fil.a1
2026-03-12 23:11:35 +0100: Memory Usage (460164K) : Starting 5.27. Passiv table
2026-03-12 23:11:35 +0100: Memory Usage (460164K) : Executing rule Pas.a
2026-03-12 23:11:35 +0100: Memory Usage (460164K) : Executing rule Pas.b
2026-03-12 23:11:35 +0100: Memory Usage (460164K) : Executing rule Pas.c
2026-03-12 23:11:35 +0100: Memory Usage (460164K) : Starting 6.9.2 Copper Pillar table
2026-03-12 23:11:35 +0100: Memory Usage (460164K) : Executing rule Padc.a
2026-03-12 23:11:35 +0100: Memory Usage (460164K) : Executing rule Padc.b
2026-03-12 23:11:35 +0100: Memory Usage (460164K) : Executing rule Padc.c
2026-03-12 23:11:35 +0100: Memory Usage (460164K) : Executing rule Padb.f
2026-03-12 23:11:35 +0100: Memory Usage (460164K) : Starting 6.9 Pad table
2026-03-12 23:11:35 +0100: Memory Usage (460164K) : Executing rule Pad.m
2026-03-12 23:11:35 +0100: Memory Usage (460164K) : Executing rule Pad.fR_M1
2026-03-12 23:11:35 +0100: Memory Usage (460164K) : Executing rule Pad.fR_M2
2026-03-12 23:11:35 +0100: Memory Usage (460164K) : Executing rule Pad.fR_M3
2026-03-12 23:11:35 +0100: Memory Usage (460164K) : Executing rule Pad.fR_M4
2026-03-12 23:11:35 +0100: Memory Usage (460164K) : Executing rule Pad.fR_M5
2026-03-12 23:11:35 +0100: Memory Usage (460164K) : Executing rule Pad.fR_TM1
2026-03-12 23:11:35 +0100: Memory Usage (460164K) : Executing rule Pad.fR_TM2
2026-03-12 23:11:35 +0100: Memory Usage (460164K) : Executing rule Pad.i
2026-03-12 23:11:35 +0100: Memory Usage (460164K) : Starting 6.9.1 Solder Bump
2026-03-12 23:11:35 +0100: Memory Usage (460164K) : Executing rule Padb.a
2026-03-12 23:11:35 +0100: Memory Usage (460164K) : Executing rule Padb.b
2026-03-12 23:11:35 +0100: Memory Usage (460164K) : Executing rule Padb.c
2026-03-12 23:11:35 +0100: Memory Usage (460164K) : Executing rule Padb.f
2026-03-12 23:11:35 +0100: Memory Usage (460164K) : Executing rule Padb.d
2026-03-12 23:11:35 +0100: Memory Usage (460164K) : Starting 6.10 Sealring table
2026-03-12 23:11:35 +0100: Memory Usage (460164K) : Executing rule Seal.l
2026-03-12 23:11:35 +0100: Memory Usage (460164K) : Executing rule Seal.n
2026-03-12 23:11:35 +0100: Memory Usage (460164K) : Executing rule seal.b_metal1
2026-03-12 23:11:35 +0100: Memory Usage (460164K) : Executing rule seal.b_metal2
2026-03-12 23:11:35 +0100: Memory Usage (460164K) : Executing rule seal.b_metal3
2026-03-12 23:11:35 +0100: Memory Usage (460164K) : Executing rule seal.b_metal4
2026-03-12 23:11:35 +0100: Memory Usage (460164K) : Executing rule seal.b_metal5
2026-03-12 23:11:35 +0100: Memory Usage (460164K) : Executing rule seal.b_topmetal1
2026-03-12 23:11:35 +0100: Memory Usage (460164K) : Executing rule seal.b_topmetal2
2026-03-12 23:11:35 +0100: Memory Usage (460164K) : Executing rule seal.b_activ
2026-03-12 23:11:35 +0100: Memory Usage (460164K) : Executing rule seal.b_psd
2026-03-12 23:11:35 +0100: Memory Usage (460164K) : Executing rule Seal.k
2026-03-12 23:11:35 +0100: Memory Usage (460164K) : Executing rule Seal.m
2026-03-12 23:11:35 +0100: Memory Usage (460164K) : Starting 6.11 MIM table
2026-03-12 23:11:35 +0100: Memory Usage (460164K) : Executing rule MIM.c
2026-03-12 23:11:35 +0100: Memory Usage (460164K) : Executing rule MIM.d
2026-03-12 23:11:35 +0100: Memory Usage (460164K) : Executing rule MIM.gR
2026-03-12 23:11:35 +0100: Memory Usage (460164K) : Starting 7.3 Metal Slits table
2026-03-12 23:11:35 +0100: Memory Usage (460164K) : Executing rule Slt.e1_M1
2026-03-12 23:11:35 +0100: Memory Usage (460164K) : Executing rule Slt.e1_M2
2026-03-12 23:11:35 +0100: Memory Usage (460164K) : Executing rule Slt.e1_M3
2026-03-12 23:11:35 +0100: Memory Usage (460164K) : Executing rule Slt.e1_M4
2026-03-12 23:11:35 +0100: Memory Usage (460164K) : Executing rule Slt.e1_M5
2026-03-12 23:11:35 +0100: Memory Usage (460164K) : Executing rule Slt.e1_TM1
2026-03-12 23:11:35 +0100: Memory Usage (460164K) : Executing rule Slt.e1_TM2
2026-03-12 23:11:35 +0100: Memory Usage (460164K) : Starting 9.1. LBE table
2026-03-12 23:11:35 +0100: Memory Usage (460164K) : Executing rule LBE.a
2026-03-12 23:11:35 +0100: Memory Usage (460164K) : Executing rule LBE.b
2026-03-12 23:11:35 +0100: Memory Usage (460164K) : Executing rule LBE.b1
2026-03-12 23:11:35 +0100: Memory Usage (460164K) : Executing rule LBE.c
2026-03-12 23:11:35 +0100: Memory Usage (460164K) : Executing rule LBE.d
2026-03-12 23:11:35 +0100: Memory Usage (460164K) : Executing rule LBE.h
2026-03-12 23:11:35 +0100: Memory Usage (460164K) : Starting 7.4. PIN table
2026-03-12 23:11:35 +0100: Memory Usage (460164K) : Executing rule Pin.a
2026-03-12 23:11:35 +0100: Memory Usage (460164K) : Executing rule Pin.b
2026-03-12 23:11:35 +0100: Memory Usage (460164K) : Executing rule Pin.e
2026-03-12 23:11:35 +0100: Memory Usage (460164K) : Executing rule Pin.f_M2
2026-03-12 23:11:35 +0100: Memory Usage (460164K) : Executing rule Pin.f_M3
2026-03-12 23:11:35 +0100: Memory Usage (460164K) : Executing rule Pin.f_M4
2026-03-12 23:11:35 +0100: Memory Usage (460164K) : Executing rule Pin.f_M5
2026-03-12 23:11:35 +0100: Memory Usage (460164K) : Executing rule Pin.g
2026-03-12 23:11:35 +0100: Memory Usage (460164K) : Executing rule Pin.h
2026-03-12 23:11:35 +0100: Memory Usage (460164K) : Starting 3.2. FORBIDDEN table
2026-03-12 23:11:35 +0100: Memory Usage (460164K) : Executing rule forbidden.biwind
2026-03-12 23:11:35 +0100: Memory Usage (460164K) : Executing rule forbidden.pemwind
2026-03-12 23:11:35 +0100: Memory Usage (460164K) : Executing rule forbidden.baspoly
2026-03-12 23:11:35 +0100: Memory Usage (460164K) : Executing rule forbidden.deepco
2026-03-12 23:11:35 +0100: Memory Usage (460164K) : Executing rule forbidden.pempoly
2026-03-12 23:11:35 +0100: Memory Usage (460164K) : Executing rule forbidden.empoly
2026-03-12 23:11:35 +0100: Memory Usage (460164K) : Executing rule forbidden.ldmos
2026-03-12 23:11:35 +0100: Memory Usage (460164K) : Executing rule forbidden.pbiwind
2026-03-12 23:11:35 +0100: Memory Usage (460164K) : Executing rule forbidden.nodrc
2026-03-12 23:11:35 +0100: Memory Usage (460164K) : Executing rule forbidden.flash
2026-03-12 23:11:35 +0100: Memory Usage (460164K) : Executing rule forbidden.colwind
2026-03-12 23:11:35 +0100: Memory Usage (460164K) : KLayout DRC run for tables 'main' completed in 0.53 seconds
