# Logfile created on 2026-03-13 00:13:49 +0100 by logger.rb/v1.5.3
2026-03-13 00:13:49 +0100: Memory Usage (426288K) : Starting running IHP-SG13G2 KLayout DRC runset on /foss/designs/ttihp26a-adex-neuron-ncs/gds/TOP_neuron.klay.gds
2026-03-13 00:13:49 +0100: Memory Usage (426288K) : Ruby Version for klayout: 3.2.3
2026-03-13 00:13:49 +0100: Memory Usage (427480K) : Loading database to memory is complete.
2026-03-13 00:13:49 +0100: Memory Usage (427480K) : IHP-SG13G2 KLayout DRC runset output at: /foss/designs/ttihp26a-adex-neuron-ncs/klayout/drc_run_TOP/TOP_neuron.klay_TOP_main.lyrdb
2026-03-13 00:13:49 +0100: Memory Usage (427480K) : Evaluate switches.
2026-03-13 00:13:49 +0100: Memory Usage (427480K) : tables selected: main
2026-03-13 00:13:49 +0100: Memory Usage (427480K) : KLayout will use 1 thread(s) in tiling mode.
2026-03-13 00:13:49 +0100: Memory Usage (427480K) : deep mode is enabled.
2026-03-13 00:13:49 +0100: Memory Usage (427480K) : FEOL enabled: true
2026-03-13 00:13:49 +0100: Memory Usage (427480K) : BEOL enabled: true
2026-03-13 00:13:49 +0100: Memory Usage (427480K) : OFFGRID enabled: true
2026-03-13 00:13:49 +0100: Memory Usage (427480K) : PIN enabled: true
2026-03-13 00:13:49 +0100: Memory Usage (427480K) : FORBIDDEN enabled: true
2026-03-13 00:13:49 +0100: Memory Usage (427480K) : RECOMMENDED enabled: true
2026-03-13 00:13:49 +0100: Memory Usage (427480K) : PreCheck DRC enabled: false
2026-03-13 00:13:49 +0100: Memory Usage (427480K) : CONNECTIVITY_RULES enabled: true.
2026-03-13 00:13:49 +0100: Memory Usage (427480K) : Read in polygons from layers.
2026-03-13 00:13:49 +0100: Memory Usage (428876K) : activ_drw has 140 polygons
2026-03-13 00:13:49 +0100: Memory Usage (428876K) : activ_pin has 0 polygons
2026-03-13 00:13:49 +0100: Memory Usage (428876K) : activ_mask has 0 polygons
2026-03-13 00:13:49 +0100: Memory Usage (428876K) : activ_filler has 0 polygons
2026-03-13 00:13:49 +0100: Memory Usage (428876K) : activ_nofill has 0 polygons
2026-03-13 00:13:49 +0100: Memory Usage (428876K) : activ_opc has 0 polygons
2026-03-13 00:13:49 +0100: Memory Usage (428876K) : activ_iopc has 0 polygons
2026-03-13 00:13:49 +0100: Memory Usage (428876K) : activ_noqrc has 0 polygons
2026-03-13 00:13:49 +0100: Memory Usage (428876K) : biwind_drw has 0 polygons
2026-03-13 00:13:49 +0100: Memory Usage (428876K) : biwind_opc has 0 polygons
2026-03-13 00:13:49 +0100: Memory Usage (428876K) : pemwind_drw has 0 polygons
2026-03-13 00:13:49 +0100: Memory Usage (428876K) : gatpoly_drw has 110 polygons
2026-03-13 00:13:49 +0100: Memory Usage (428876K) : gatpoly_pin has 32 polygons
2026-03-13 00:13:49 +0100: Memory Usage (428876K) : gatpoly_filler has 0 polygons
2026-03-13 00:13:49 +0100: Memory Usage (428876K) : gatpoly_nofill has 0 polygons
2026-03-13 00:13:49 +0100: Memory Usage (428876K) : gatpoly_opc has 0 polygons
2026-03-13 00:13:49 +0100: Memory Usage (428876K) : gatpoly_iopc has 0 polygons
2026-03-13 00:13:49 +0100: Memory Usage (428876K) : gatpoly_noqrc has 0 polygons
2026-03-13 00:13:49 +0100: Memory Usage (429056K) : cont_drw has 938 polygons
2026-03-13 00:13:49 +0100: Memory Usage (429056K) : cont_opc has 0 polygons
2026-03-13 00:13:49 +0100: Memory Usage (429056K) : nsd_drw has 0 polygons
2026-03-13 00:13:49 +0100: Memory Usage (429056K) : nsd_block has 0 polygons
2026-03-13 00:13:49 +0100: Memory Usage (429184K) : metal1_drw has 339 polygons
2026-03-13 00:13:49 +0100: Memory Usage (429184K) : metal1_pin has 74 polygons
2026-03-13 00:13:49 +0100: Memory Usage (429440K) : metal1_mask has 0 polygons
2026-03-13 00:13:49 +0100: Memory Usage (429440K) : metal1_filler has 0 polygons
2026-03-13 00:13:49 +0100: Memory Usage (429440K) : metal1_nofill has 0 polygons
2026-03-13 00:13:49 +0100: Memory Usage (429440K) : metal1_slit has 0 polygons
2026-03-13 00:13:49 +0100: Memory Usage (429868K) : metal1_text has 4 polygons
2026-03-13 00:13:49 +0100: Memory Usage (429868K) : metal1_opc has 0 polygons
2026-03-13 00:13:49 +0100: Memory Usage (429868K) : metal1_noqrc has 0 polygons
2026-03-13 00:13:49 +0100: Memory Usage (429996K) : metal1_res has 0 polygons
2026-03-13 00:13:49 +0100: Memory Usage (429996K) : metal1_iprobe has 0 polygons
2026-03-13 00:13:49 +0100: Memory Usage (430124K) : metal1_diffprb has 0 polygons
2026-03-13 00:13:49 +0100: Memory Usage (430124K) : passiv_drw has 0 polygons
2026-03-13 00:13:49 +0100: Memory Usage (430124K) : passiv_pin has 0 polygons
2026-03-13 00:13:49 +0100: Memory Usage (430252K) : passiv_sbump has 0 polygons
2026-03-13 00:13:49 +0100: Memory Usage (430252K) : passiv_pillar has 0 polygons
2026-03-13 00:13:49 +0100: Memory Usage (430380K) : passiv_pdl has 0 polygons
2026-03-13 00:13:49 +0100: Memory Usage (430380K) : metal2_drw has 154 polygons
2026-03-13 00:13:49 +0100: Memory Usage (430508K) : metal2_pin has 0 polygons
2026-03-13 00:13:49 +0100: Memory Usage (430508K) : metal2_mask has 0 polygons
2026-03-13 00:13:49 +0100: Memory Usage (430636K) : metal2_filler has 0 polygons
2026-03-13 00:13:49 +0100: Memory Usage (430636K) : metal2_nofill has 0 polygons
2026-03-13 00:13:49 +0100: Memory Usage (430636K) : metal2_slit has 0 polygons
2026-03-13 00:13:49 +0100: Memory Usage (430764K) : metal2_text has 0 polygons
2026-03-13 00:13:49 +0100: Memory Usage (430764K) : metal2_opc has 0 polygons
2026-03-13 00:13:49 +0100: Memory Usage (430892K) : metal2_noqrc has 0 polygons
2026-03-13 00:13:49 +0100: Memory Usage (431020K) : metal2_res has 0 polygons
2026-03-13 00:13:49 +0100: Memory Usage (431020K) : metal2_iprobe has 0 polygons
2026-03-13 00:13:49 +0100: Memory Usage (431020K) : metal2_diffprb has 0 polygons
2026-03-13 00:13:49 +0100: Memory Usage (431148K) : baspoly_drw has 0 polygons
2026-03-13 00:13:49 +0100: Memory Usage (431148K) : baspoly_pin has 0 polygons
2026-03-13 00:13:49 +0100: Memory Usage (431276K) : psd_drw has 25 polygons
2026-03-13 00:13:49 +0100: Memory Usage (431276K) : nldb_drw has 0 polygons
2026-03-13 00:13:49 +0100: Memory Usage (431276K) : digibnd_drw has 0 polygons
2026-03-13 00:13:49 +0100: Memory Usage (431404K) : via1_drw has 153 polygons
2026-03-13 00:13:49 +0100: Memory Usage (431404K) : backmetal1_drw has 0 polygons
2026-03-13 00:13:49 +0100: Memory Usage (431532K) : backmetal1_pin has 0 polygons
2026-03-13 00:13:49 +0100: Memory Usage (431532K) : backmetal1_mask has 0 polygons
2026-03-13 00:13:49 +0100: Memory Usage (431660K) : backmetal1_filler has 0 polygons
2026-03-13 00:13:49 +0100: Memory Usage (431660K) : backmetal1_nofill has 0 polygons
2026-03-13 00:13:49 +0100: Memory Usage (431788K) : backmetal1_slit has 0 polygons
2026-03-13 00:13:49 +0100: Memory Usage (431788K) : backmetal1_text has 0 polygons
2026-03-13 00:13:49 +0100: Memory Usage (431788K) : backmetal1_opc has 0 polygons
2026-03-13 00:13:49 +0100: Memory Usage (431916K) : backmetal1_noqrc has 0 polygons
2026-03-13 00:13:49 +0100: Memory Usage (431916K) : backmetal1_res has 0 polygons
2026-03-13 00:13:49 +0100: Memory Usage (432044K) : backmetal1_iprobe has 0 polygons
2026-03-13 00:13:49 +0100: Memory Usage (432044K) : backmetal1_diffprb has 0 polygons
2026-03-13 00:13:49 +0100: Memory Usage (432172K) : backpassiv_drw has 0 polygons
2026-03-13 00:13:49 +0100: Memory Usage (432172K) : res_drw has 0 polygons
2026-03-13 00:13:49 +0100: Memory Usage (432172K) : sram_drw has 0 polygons
2026-03-13 00:13:49 +0100: Memory Usage (432300K) : trans_drw has 0 polygons
2026-03-13 00:13:49 +0100: Memory Usage (432300K) : ind_drw has 0 polygons
2026-03-13 00:13:49 +0100: Memory Usage (432428K) : ind_pin has 0 polygons
2026-03-13 00:13:49 +0100: Memory Usage (432556K) : ind_text has 0 polygons
2026-03-13 00:13:49 +0100: Memory Usage (432556K) : salblock_drw has 0 polygons
2026-03-13 00:13:49 +0100: Memory Usage (432556K) : via2_drw has 59 polygons
2026-03-13 00:13:49 +0100: Memory Usage (432684K) : metal3_drw has 41 polygons
2026-03-13 00:13:49 +0100: Memory Usage (432812K) : metal3_pin has 8 polygons
2026-03-13 00:13:49 +0100: Memory Usage (432812K) : metal3_mask has 0 polygons
2026-03-13 00:13:49 +0100: Memory Usage (432940K) : metal3_filler has 0 polygons
2026-03-13 00:13:49 +0100: Memory Usage (432940K) : metal3_nofill has 0 polygons
2026-03-13 00:13:49 +0100: Memory Usage (433068K) : metal3_slit has 0 polygons
2026-03-13 00:13:49 +0100: Memory Usage (433068K) : metal3_text has 8 polygons
2026-03-13 00:13:49 +0100: Memory Usage (433068K) : metal3_opc has 0 polygons
2026-03-13 00:13:49 +0100: Memory Usage (433196K) : metal3_noqrc has 0 polygons
2026-03-13 00:13:49 +0100: Memory Usage (433196K) : metal3_res has 0 polygons
2026-03-13 00:13:49 +0100: Memory Usage (433324K) : metal3_iprobe has 0 polygons
2026-03-13 00:13:49 +0100: Memory Usage (433452K) : metal3_diffprb has 0 polygons
2026-03-13 00:13:49 +0100: Memory Usage (433452K) : nwell_drw has 24 polygons
2026-03-13 00:13:49 +0100: Memory Usage (433452K) : nwell_pin has 2 polygons
2026-03-13 00:13:49 +0100: Memory Usage (433580K) : nbulay_drw has 10 polygons
2026-03-13 00:13:49 +0100: Memory Usage (433580K) : nbulay_pin has 0 polygons
2026-03-13 00:13:49 +0100: Memory Usage (433708K) : nbulay_block has 0 polygons
2026-03-13 00:13:49 +0100: Memory Usage (433708K) : emwind_drw has 0 polygons
2026-03-13 00:13:49 +0100: Memory Usage (433836K) : emwind_opc has 0 polygons
2026-03-13 00:13:49 +0100: Memory Usage (433964K) : deepco_drw has 0 polygons
2026-03-13 00:13:49 +0100: Memory Usage (433964K) : deepco_drw has 0 polygons
2026-03-13 00:13:49 +0100: Memory Usage (433964K) : mim_drw has 0 polygons
2026-03-13 00:13:49 +0100: Memory Usage (434092K) : edgeseal_drw has 0 polygons
2026-03-13 00:13:49 +0100: Memory Usage (434220K) : edgeseal_bound has 0 polygons
2026-03-13 00:13:49 +0100: Memory Usage (434220K) : substrate_drw has 25 polygons
2026-03-13 00:13:49 +0100: Memory Usage (434348K) : substrate_text has 0 polygons
2026-03-13 00:13:49 +0100: Memory Usage (434348K) : dfpad_drw has 0 polygons
2026-03-13 00:13:49 +0100: Memory Usage (434348K) : dfpad_pillar has 0 polygons
2026-03-13 00:13:49 +0100: Memory Usage (434476K) : dfpad_sbump has 0 polygons
2026-03-13 00:13:49 +0100: Memory Usage (434476K) : thickgateox_drw has 36 polygons
2026-03-13 00:13:49 +0100: Memory Usage (434604K) : pldb_drw has 0 polygons
2026-03-13 00:13:49 +0100: Memory Usage (434604K) : pwell_drw has 0 polygons
2026-03-13 00:13:49 +0100: Memory Usage (434732K) : pwell_pin has 0 polygons
2026-03-13 00:13:49 +0100: Memory Usage (434732K) : pwell_block has 0 polygons
2026-03-13 00:13:49 +0100: Memory Usage (434860K) : ic_drw has 0 polygons
2026-03-13 00:13:49 +0100: Memory Usage (434860K) : via3_drw has 0 polygons
2026-03-13 00:13:49 +0100: Memory Usage (434988K) : metal4_drw has 0 polygons
2026-03-13 00:13:49 +0100: Memory Usage (434988K) : metal4_pin has 0 polygons
2026-03-13 00:13:49 +0100: Memory Usage (435116K) : metal4_mask has 0 polygons
2026-03-13 00:13:49 +0100: Memory Usage (435116K) : metal4_filler has 0 polygons
2026-03-13 00:13:49 +0100: Memory Usage (435244K) : metal4_nofill has 0 polygons
2026-03-13 00:13:49 +0100: Memory Usage (435244K) : metal4_slit has 0 polygons
2026-03-13 00:13:49 +0100: Memory Usage (435244K) : metal4_text has 0 polygons
2026-03-13 00:13:49 +0100: Memory Usage (435372K) : metal4_opc has 0 polygons
2026-03-13 00:13:49 +0100: Memory Usage (435372K) : metal4_noqrc has 0 polygons
2026-03-13 00:13:49 +0100: Memory Usage (435500K) : metal4_res has 0 polygons
2026-03-13 00:13:49 +0100: Memory Usage (435500K) : metal4_iprobe has 0 polygons
2026-03-13 00:13:49 +0100: Memory Usage (435628K) : metal4_diffprb has 0 polygons
2026-03-13 00:13:49 +0100: Memory Usage (435628K) : heattrans_drw has 58 polygons
2026-03-13 00:13:49 +0100: Memory Usage (435756K) : heatres_drw has 0 polygons
2026-03-13 00:13:49 +0100: Memory Usage (435756K) : pempoly_drw has 0 polygons
2026-03-13 00:13:49 +0100: Memory Usage (435884K) : fbe_drw has 0 polygons
2026-03-13 00:13:49 +0100: Memory Usage (435884K) : empoly_drw has 0 polygons
2026-03-13 00:13:49 +0100: Memory Usage (436012K) : ldmos_drw has 0 polygons
2026-03-13 00:13:49 +0100: Memory Usage (436140K) : pbiwind_drw has 0 polygons
2026-03-13 00:13:49 +0100: Memory Usage (436140K) : digisub_drw has 0 polygons
2026-03-13 00:13:49 +0100: Memory Usage (436268K) : nodrc_drw has 0 polygons
2026-03-13 00:13:49 +0100: Memory Usage (436268K) : text_drw has 38 polygons
2026-03-13 00:13:49 +0100: Memory Usage (436268K) : via4_drw has 0 polygons
2026-03-13 00:13:49 +0100: Memory Usage (436396K) : metal5_drw has 0 polygons
2026-03-13 00:13:49 +0100: Memory Usage (436396K) : metal5_pin has 0 polygons
2026-03-13 00:13:49 +0100: Memory Usage (436524K) : metal5_mask has 0 polygons
2026-03-13 00:13:49 +0100: Memory Usage (436524K) : metal5_filler has 0 polygons
2026-03-13 00:13:49 +0100: Memory Usage (436652K) : metal5_nofill has 0 polygons
2026-03-13 00:13:49 +0100: Memory Usage (436652K) : metal5_slit has 0 polygons
2026-03-13 00:13:49 +0100: Memory Usage (436652K) : metal5_text has 0 polygons
2026-03-13 00:13:49 +0100: Memory Usage (436780K) : metal5_opc has 0 polygons
2026-03-13 00:13:49 +0100: Memory Usage (436780K) : metal5_noqrc has 0 polygons
2026-03-13 00:13:49 +0100: Memory Usage (436908K) : metal5_res has 0 polygons
2026-03-13 00:13:49 +0100: Memory Usage (436908K) : metal5_iprobe has 0 polygons
2026-03-13 00:13:49 +0100: Memory Usage (436908K) : metal5_diffprb has 0 polygons
2026-03-13 00:13:49 +0100: Memory Usage (437036K) : radhard_drw has 0 polygons
2026-03-13 00:13:49 +0100: Memory Usage (437164K) : memcap_drw has 0 polygons
2026-03-13 00:13:49 +0100: Memory Usage (437292K) : varicap_drw has 0 polygons
2026-03-13 00:13:49 +0100: Memory Usage (437292K) : flash_drw has 0 polygons
2026-03-13 00:13:49 +0100: Memory Usage (437420K) : intbondvia_drw has 0 polygons
2026-03-13 00:13:49 +0100: Memory Usage (437420K) : intbondmet_drw has 0 polygons
2026-03-13 00:13:49 +0100: Memory Usage (437420K) : devbondvia_drw has 0 polygons
2026-03-13 00:13:49 +0100: Memory Usage (437548K) : devbondmet_drw has 0 polygons
2026-03-13 00:13:49 +0100: Memory Usage (437548K) : devtrench_drw has 0 polygons
2026-03-13 00:13:49 +0100: Memory Usage (437676K) : redist_drw has 0 polygons
2026-03-13 00:13:49 +0100: Memory Usage (437676K) : graphbot_drw has 0 polygons
2026-03-13 00:13:49 +0100: Memory Usage (437804K) : graphtop_drw has 0 polygons
2026-03-13 00:13:49 +0100: Memory Usage (437804K) : antvia1_drw has 0 polygons
2026-03-13 00:13:49 +0100: Memory Usage (437804K) : antmetal2_drw has 0 polygons
2026-03-13 00:13:49 +0100: Memory Usage (437932K) : graphcont_drw has 0 polygons
2026-03-13 00:13:49 +0100: Memory Usage (437932K) : siwg_drw has 0 polygons
2026-03-13 00:13:49 +0100: Memory Usage (438060K) : siwg_filler has 0 polygons
2026-03-13 00:13:49 +0100: Memory Usage (438060K) : siwg_nofill has 0 polygons
2026-03-13 00:13:49 +0100: Memory Usage (438188K) : sigrating_drw has 0 polygons
2026-03-13 00:13:49 +0100: Memory Usage (438316K) : singrating_drw has 0 polygons
2026-03-13 00:13:49 +0100: Memory Usage (438316K) : graphpas_drw has 0 polygons
2026-03-13 00:13:49 +0100: Memory Usage (438316K) : emwind3_drw has 0 polygons
2026-03-13 00:13:49 +0100: Memory Usage (438444K) : emwihv3_drw has 0 polygons
2026-03-13 00:13:49 +0100: Memory Usage (438444K) : redbulay_drw has 0 polygons
2026-03-13 00:13:49 +0100: Memory Usage (438572K) : smos_drw has 0 polygons
2026-03-13 00:13:49 +0100: Memory Usage (438572K) : graphpad_drw has 0 polygons
2026-03-13 00:13:49 +0100: Memory Usage (438700K) : polimide_drw has 0 polygons
2026-03-13 00:13:49 +0100: Memory Usage (438700K) : polimide_pin has 0 polygons
2026-03-13 00:13:49 +0100: Memory Usage (438828K) : recog_drw has 0 polygons
2026-03-13 00:13:49 +0100: Memory Usage (438828K) : recog_pin has 0 polygons
2026-03-13 00:13:49 +0100: Memory Usage (438956K) : recog_esd has 0 polygons
2026-03-13 00:13:49 +0100: Memory Usage (438956K) : recog_diode has 0 polygons
2026-03-13 00:13:49 +0100: Memory Usage (439084K) : recog_tsv has 0 polygons
2026-03-13 00:13:49 +0100: Memory Usage (439084K) : recog_iprobe has 0 polygons
2026-03-13 00:13:49 +0100: Memory Usage (439212K) : recog_diffprb has 0 polygons
2026-03-13 00:13:49 +0100: Memory Usage (439212K) : recog_pillar has 0 polygons
2026-03-13 00:13:49 +0100: Memory Usage (439212K) : recog_sbump has 0 polygons
2026-03-13 00:13:49 +0100: Memory Usage (439212K) : recog_otp has 0 polygons
2026-03-13 00:13:49 +0100: Memory Usage (439340K) : recog_pdiode has 0 polygons
2026-03-13 00:13:49 +0100: Memory Usage (439340K) : recog_mom has 0 polygons
2026-03-13 00:13:49 +0100: Memory Usage (439340K) : recog_pcm has 0 polygons
2026-03-13 00:13:49 +0100: Memory Usage (439468K) : colopen_drw has 0 polygons
2026-03-13 00:13:49 +0100: Memory Usage (439468K) : graphmetal1_drw has 0 polygons
2026-03-13 00:13:49 +0100: Memory Usage (439468K) : graphmetal1_filler has 0 polygons
2026-03-13 00:13:49 +0100: Memory Usage (439468K) : graphmetal1_nofill has 0 polygons
2026-03-13 00:13:49 +0100: Memory Usage (439596K) : graphmetal1_slit has 0 polygons
2026-03-13 00:13:49 +0100: Memory Usage (439596K) : graphmetal1_opc has 0 polygons
2026-03-13 00:13:49 +0100: Memory Usage (439596K) : graphmet1l_drw has 0 polygons
2026-03-13 00:13:49 +0100: Memory Usage (439724K) : graphmet1l_filler has 0 polygons
2026-03-13 00:13:49 +0100: Memory Usage (439724K) : graphmet1l_nofill has 0 polygons
2026-03-13 00:13:49 +0100: Memory Usage (439724K) : graphmet1l_slit has 0 polygons
2026-03-13 00:13:49 +0100: Memory Usage (439724K) : graphmet1l_opc has 0 polygons
2026-03-13 00:13:49 +0100: Memory Usage (439852K) : extblock_drw has 0 polygons
2026-03-13 00:13:49 +0100: Memory Usage (439852K) : nldd_drw has 0 polygons
2026-03-13 00:13:49 +0100: Memory Usage (439980K) : pldd_drw has 0 polygons
2026-03-13 00:13:49 +0100: Memory Usage (439980K) : next_drw has 0 polygons
2026-03-13 00:13:49 +0100: Memory Usage (439980K) : pext_drw has 0 polygons
2026-03-13 00:13:49 +0100: Memory Usage (440108K) : nexthv_drw has 0 polygons
2026-03-13 00:13:49 +0100: Memory Usage (440108K) : pexthv_drw has 0 polygons
2026-03-13 00:13:49 +0100: Memory Usage (440236K) : graphgate_drw has 0 polygons
2026-03-13 00:13:49 +0100: Memory Usage (440236K) : sinwg_drw has 0 polygons
2026-03-13 00:13:49 +0100: Memory Usage (440364K) : sinwg_filler has 0 polygons
2026-03-13 00:13:49 +0100: Memory Usage (440364K) : sinwg_nofill has 0 polygons
2026-03-13 00:13:49 +0100: Memory Usage (440364K) : mempad_drw has 0 polygons
2026-03-13 00:13:49 +0100: Memory Usage (440492K) : topvia1_drw has 0 polygons
2026-03-13 00:13:49 +0100: Memory Usage (440492K) : topmetal1_drw has 0 polygons
2026-03-13 00:13:49 +0100: Memory Usage (440620K) : topmetal1_pin has 0 polygons
2026-03-13 00:13:49 +0100: Memory Usage (440620K) : topmetal1_mask has 0 polygons
2026-03-13 00:13:49 +0100: Memory Usage (440748K) : topmetal1_filler has 0 polygons
2026-03-13 00:13:49 +0100: Memory Usage (440748K) : topmetal1_nofill has 0 polygons
2026-03-13 00:13:49 +0100: Memory Usage (440748K) : topmetal1_slit has 0 polygons
2026-03-13 00:13:49 +0100: Memory Usage (440748K) : topmetal1_text has 0 polygons
2026-03-13 00:13:49 +0100: Memory Usage (440876K) : topmetal1_noqrc has 0 polygons
2026-03-13 00:13:49 +0100: Memory Usage (440876K) : topmetal1_res has 0 polygons
2026-03-13 00:13:49 +0100: Memory Usage (440876K) : topmetal1_iprobe has 0 polygons
2026-03-13 00:13:49 +0100: Memory Usage (440876K) : topmetal1_diffprb has 0 polygons
2026-03-13 00:13:49 +0100: Memory Usage (441004K) : inldpwl_drw has 0 polygons
2026-03-13 00:13:49 +0100: Memory Usage (441004K) : polyres_drw has 0 polygons
2026-03-13 00:13:49 +0100: Memory Usage (441004K) : polyres_pin has 0 polygons
2026-03-13 00:13:49 +0100: Memory Usage (441132K) : vmim_drw has 0 polygons
2026-03-13 00:13:49 +0100: Memory Usage (441132K) : nbulaycut_drw has 0 polygons
2026-03-13 00:13:49 +0100: Memory Usage (441260K) : antmetal1_drw has 0 polygons
2026-03-13 00:13:49 +0100: Memory Usage (441260K) : topvia2_drw has 0 polygons
2026-03-13 00:13:49 +0100: Memory Usage (441260K) : topmetal2_drw has 0 polygons
2026-03-13 00:13:49 +0100: Memory Usage (441388K) : topmetal2_pin has 0 polygons
2026-03-13 00:13:49 +0100: Memory Usage (441388K) : topmetal2_mask has 0 polygons
2026-03-13 00:13:49 +0100: Memory Usage (441516K) : topmetal2_filler has 0 polygons
2026-03-13 00:13:49 +0100: Memory Usage (441516K) : topmetal2_nofill has 0 polygons
2026-03-13 00:13:49 +0100: Memory Usage (441644K) : topmetal2_slit has 0 polygons
2026-03-13 00:13:49 +0100: Memory Usage (441644K) : topmetal2_text has 0 polygons
2026-03-13 00:13:49 +0100: Memory Usage (441644K) : topmetal2_noqrc has 0 polygons
2026-03-13 00:13:49 +0100: Memory Usage (441772K) : topmetal2_res has 0 polygons
2026-03-13 00:13:49 +0100: Memory Usage (441772K) : topmetal2_iprobe has 0 polygons
2026-03-13 00:13:49 +0100: Memory Usage (441900K) : topmetal2_diffprb has 0 polygons
2026-03-13 00:13:49 +0100: Memory Usage (441900K) : snsring_drw has 0 polygons
2026-03-13 00:13:49 +0100: Memory Usage (441900K) : sensor_drw has 0 polygons
2026-03-13 00:13:49 +0100: Memory Usage (442028K) : snsarms_drw has 0 polygons
2026-03-13 00:13:49 +0100: Memory Usage (442028K) : snscmosvia_drw has 0 polygons
2026-03-13 00:13:49 +0100: Memory Usage (442156K) : colwind_drw has 0 polygons
2026-03-13 00:13:49 +0100: Memory Usage (442156K) : flm_drw has 0 polygons
2026-03-13 00:13:49 +0100: Memory Usage (442284K) : hafniumox_drw has 0 polygons
2026-03-13 00:13:49 +0100: Memory Usage (442284K) : memvia_drw has 0 polygons
2026-03-13 00:13:49 +0100: Memory Usage (442284K) : thinfilmres_drw has 0 polygons
2026-03-13 00:13:49 +0100: Memory Usage (442412K) : rfmem_drw has 0 polygons
2026-03-13 00:13:49 +0100: Memory Usage (442412K) : norcx_drw has 0 polygons
2026-03-13 00:13:49 +0100: Memory Usage (442540K) : norcx_m2m3 has 0 polygons
2026-03-13 00:13:49 +0100: Memory Usage (442540K) : norcx_m2m4 has 0 polygons
2026-03-13 00:13:49 +0100: Memory Usage (442668K) : norcx_m2m5 has 0 polygons
2026-03-13 00:13:49 +0100: Memory Usage (442668K) : norcx_m2tm1 has 0 polygons
2026-03-13 00:13:49 +0100: Memory Usage (442668K) : norcx_m2tm2 has 0 polygons
2026-03-13 00:13:49 +0100: Memory Usage (442796K) : norcx_m3m4 has 0 polygons
2026-03-13 00:13:49 +0100: Memory Usage (442796K) : norcx_m3m5 has 0 polygons
2026-03-13 00:13:49 +0100: Memory Usage (442924K) : norcx_m3tm1 has 0 polygons
2026-03-13 00:13:49 +0100: Memory Usage (442924K) : norcx_m3tm2 has 0 polygons
2026-03-13 00:13:49 +0100: Memory Usage (443052K) : norcx_m4m5 has 0 polygons
2026-03-13 00:13:49 +0100: Memory Usage (443052K) : norcx_m4tm1 has 0 polygons
2026-03-13 00:13:49 +0100: Memory Usage (443052K) : norcx_m4tm2 has 0 polygons
2026-03-13 00:13:49 +0100: Memory Usage (443052K) : norcx_m5tm1 has 0 polygons
2026-03-13 00:13:49 +0100: Memory Usage (443052K) : norcx_m5tm2 has 0 polygons
2026-03-13 00:13:49 +0100: Memory Usage (443052K) : norcx_tm1tm2 has 0 polygons
2026-03-13 00:13:49 +0100: Memory Usage (443180K) : norcx_m1sub has 0 polygons
2026-03-13 00:13:49 +0100: Memory Usage (443180K) : norcx_m2sub has 0 polygons
2026-03-13 00:13:49 +0100: Memory Usage (443180K) : norcx_m3sub has 0 polygons
2026-03-13 00:13:49 +0100: Memory Usage (443308K) : norcx_m4sub has 0 polygons
2026-03-13 00:13:49 +0100: Memory Usage (443308K) : norcx_m5sub has 0 polygons
2026-03-13 00:13:49 +0100: Memory Usage (443308K) : norcx_tm1sub has 0 polygons
2026-03-13 00:13:49 +0100: Memory Usage (443308K) : norcx_tm2sub has 0 polygons
2026-03-13 00:13:49 +0100: Memory Usage (443436K) : snsbotvia_drw has 0 polygons
2026-03-13 00:13:49 +0100: Memory Usage (443436K) : snstopvia_drw has 0 polygons
2026-03-13 00:13:49 +0100: Memory Usage (443436K) : deepvia_drw has 0 polygons
2026-03-13 00:13:49 +0100: Memory Usage (443564K) : fgetch_drw has 0 polygons
2026-03-13 00:13:49 +0100: Memory Usage (443564K) : ctrgat_drw has 0 polygons
2026-03-13 00:13:49 +0100: Memory Usage (443564K) : fgimp_drw has 0 polygons
2026-03-13 00:13:49 +0100: Memory Usage (443564K) : emwihv_drw has 0 polygons
2026-03-13 00:13:49 +0100: Memory Usage (443692K) : lbe_drw has 0 polygons
2026-03-13 00:13:49 +0100: Memory Usage (443692K) : alcustop_drw has 0 polygons
2026-03-13 00:13:49 +0100: Memory Usage (443692K) : nometfiller_drw has 0 polygons
2026-03-13 00:13:49 +0100: Memory Usage (443820K) : prboundary_drw has 0 polygons
2026-03-13 00:13:49 +0100: Memory Usage (443820K) : exchange0_drw has 0 polygons
2026-03-13 00:13:49 +0100: Memory Usage (443820K) : exchange0_pin has 0 polygons
2026-03-13 00:13:49 +0100: Memory Usage (443948K) : exchange0_text has 0 polygons
2026-03-13 00:13:49 +0100: Memory Usage (443948K) : exchange1_drw has 0 polygons
2026-03-13 00:13:49 +0100: Memory Usage (443948K) : exchange1_pin has 0 polygons
2026-03-13 00:13:49 +0100: Memory Usage (443948K) : exchange1_text has 0 polygons
2026-03-13 00:13:49 +0100: Memory Usage (444076K) : exchange2_drw has 0 polygons
2026-03-13 00:13:49 +0100: Memory Usage (444076K) : exchange2_pin has 0 polygons
2026-03-13 00:13:49 +0100: Memory Usage (444076K) : exchange2_text has 0 polygons
2026-03-13 00:13:49 +0100: Memory Usage (444204K) : exchange3_drw has 0 polygons
2026-03-13 00:13:49 +0100: Memory Usage (444204K) : exchange3_pin has 0 polygons
2026-03-13 00:13:49 +0100: Memory Usage (444204K) : exchange3_text has 0 polygons
2026-03-13 00:13:49 +0100: Memory Usage (444332K) : exchange4_drw has 0 polygons
2026-03-13 00:13:49 +0100: Memory Usage (444332K) : exchange4_pin has 0 polygons
2026-03-13 00:13:49 +0100: Memory Usage (444460K) : exchange4_text has 0 polygons
2026-03-13 00:13:49 +0100: Memory Usage (444460K) : isonwell_drw has 0 polygons
2026-03-13 00:13:49 +0100: Memory Usage (444460K) : Total no. of polygons in the design is 2278
2026-03-13 00:13:49 +0100: Memory Usage (444460K) : Loaded TECH DRC rules values from /foss/pdks/ihp-sg13g2/libs.tech/klayout/python/sg13g2_pycell_lib/sg13g2_tech_mod.json
2026-03-13 00:13:49 +0100: Memory Usage (444460K) : Loaded default DRC rules values from /foss/pdks/ihp-sg13g2/libs.tech/klayout/tech/drc/rule_decks/sg13g2_tech_default.json
2026-03-13 00:13:49 +0100: Memory Usage (444460K) : The following rules values were missing in tech json and default values were used:
2026-03-13 00:13:49 +0100: Memory Usage (444460K) :   - Cnt_c_digibnd
2026-03-13 00:13:49 +0100: Memory Usage (445228K) : Total area of the design is 489.474 um^2.
2026-03-13 00:13:49 +0100: Memory Usage (445228K) : The design dimensions are 22.98 µm * 21.3 µm.
2026-03-13 00:13:49 +0100: Memory Usage (445228K) : Starting general IHP-SG13G2 derivations.
2026-03-13 00:13:49 +0100: Memory Usage (445228K) : Starting Pwell derivations
2026-03-13 00:13:49 +0100: Memory Usage (447516K) : Starting n-Activ derivations
2026-03-13 00:13:49 +0100: Memory Usage (448272K) : Starting p-Activ derivations
2026-03-13 00:13:49 +0100: Memory Usage (448272K) : Starting ptap derivations
2026-03-13 00:13:49 +0100: Memory Usage (448400K) : Starting ntap derivations
2026-03-13 00:13:49 +0100: Memory Usage (448400K) : Starting pact FET derivations
2026-03-13 00:13:49 +0100: Memory Usage (448400K) : Starting nact FET derivations
2026-03-13 00:13:49 +0100: Memory Usage (448528K) : Starting Gate derivations
2026-03-13 00:13:49 +0100: Memory Usage (448656K) : Starting cont/contbar general derivations
2026-03-13 00:13:49 +0100: Memory Usage (449040K) : Starting pad general derivations
2026-03-13 00:13:49 +0100: Memory Usage (449168K) : Starting IHP-SG13G2 DRC connectivity related derivations.
2026-03-13 00:13:49 +0100: Memory Usage (450064K) : Starting IHP-SG13G2 DRC connectivity setup
2026-03-13 00:13:49 +0100: Memory Usage (450576K) : Starting IHP-SG13G2 DRC rules.
2026-03-13 00:13:49 +0100: Memory Usage (450576K) : Running all FEOL rules
2026-03-13 00:13:49 +0100: Memory Usage (450576K) : Running all BEOL rules
2026-03-13 00:13:49 +0100: Memory Usage (450576K) : Running all PIN rules
2026-03-13 00:13:49 +0100: Memory Usage (450576K) : Running all FORBIDDEN rules
2026-03-13 00:13:49 +0100: Memory Usage (450576K) : Starting 5.1 NWell table
2026-03-13 00:13:49 +0100: Memory Usage (450576K) : Executing rule NW.b
2026-03-13 00:13:49 +0100: Memory Usage (451144K) : Executing rule NW.b1
2026-03-13 00:13:49 +0100: Memory Usage (451400K) : Starting 5.2 PWell:block
2026-03-13 00:13:49 +0100: Memory Usage (451400K) : Executing rule PWB.e
2026-03-13 00:13:49 +0100: Memory Usage (451528K) : Executing rule PWB.e1
2026-03-13 00:13:49 +0100: Memory Usage (451784K) : Executing rule PWB.f
2026-03-13 00:13:49 +0100: Memory Usage (451912K) : Executing rule PWB.f1
2026-03-13 00:13:49 +0100: Memory Usage (452424K) : Starting 5.3 nBuLay table
2026-03-13 00:13:49 +0100: Memory Usage (452680K) : Executing rule NBL.b
2026-03-13 00:13:49 +0100: Memory Usage (452680K) : Executing rule NBL.c
2026-03-13 00:13:49 +0100: Memory Usage (452680K) : Executing rule NBL.d
2026-03-13 00:13:49 +0100: Memory Usage (452680K) : Executing rule NBL.e
2026-03-13 00:13:49 +0100: Memory Usage (452680K) : Executing rule NBL.f
2026-03-13 00:13:49 +0100: Memory Usage (452680K) : Starting 5.5. Activ table
2026-03-13 00:13:49 +0100: Memory Usage (452680K) : Executing rule Act.a
2026-03-13 00:13:49 +0100: Memory Usage (452680K) : Executing rule Act.b
2026-03-13 00:13:49 +0100: Memory Usage (452680K) : Starting 5.6 Activ:filler table
2026-03-13 00:13:49 +0100: Memory Usage (452680K) : Executing rule AFil.c1
2026-03-13 00:13:49 +0100: Memory Usage (452680K) : Executing rule AFil.c
2026-03-13 00:13:49 +0100: Memory Usage (452680K) : Executing rule AFil.d
2026-03-13 00:13:49 +0100: Memory Usage (452680K) : Executing rule AFil.e
2026-03-13 00:13:49 +0100: Memory Usage (452680K) : Executing rule AFil.j
2026-03-13 00:13:49 +0100: Memory Usage (452680K) : Starting 5.7. ThickGateOx table
2026-03-13 00:13:49 +0100: Memory Usage (452680K) : Executing rule TGO.f
2026-03-13 00:13:49 +0100: Memory Usage (452680K) : Starting 5.8. GatPoly table
2026-03-13 00:13:49 +0100: Memory Usage (452680K) : Executing rule Gat.a
2026-03-13 00:13:49 +0100: Memory Usage (452680K) : Executing rule Gat.b
2026-03-13 00:13:49 +0100: Memory Usage (452680K) : Executing rule Gat.d
2026-03-13 00:13:49 +0100: Memory Usage (452680K) : Executing rule Gat.a1
2026-03-13 00:13:50 +0100: Memory Usage (452996K) : Executing rule Gat.a2
2026-03-13 00:13:50 +0100: Memory Usage (452996K) : Executing rule Gat.g
2026-03-13 00:13:50 +0100: Memory Usage (452996K) : Starting 5.9 GatPoly:filler
2026-03-13 00:13:50 +0100: Memory Usage (452996K) : Executing rule GFil.d
2026-03-13 00:13:50 +0100: Memory Usage (452996K) : Executing rule GFil.e
2026-03-13 00:13:50 +0100: Memory Usage (452996K) : Executing rule GFil.i
2026-03-13 00:13:50 +0100: Memory Usage (452996K) : Starting 5.10 pSD table
2026-03-13 00:13:50 +0100: Memory Usage (452996K) : Executing rule pSD.c1
2026-03-13 00:13:50 +0100: Memory Usage (452996K) : Starting 5.14. Cont table
2026-03-13 00:13:50 +0100: Memory Usage (452996K) : Executing rule Cnt.a
2026-03-13 00:13:50 +0100: Memory Usage (452996K) : Executing rule Cnt.b
2026-03-13 00:13:50 +0100: Memory Usage (452996K) : Executing rule Cnt.c
2026-03-13 00:13:50 +0100: Memory Usage (452996K) : Executing rule Cnt.c
2026-03-13 00:13:50 +0100: Memory Usage (452996K) : Executing rule Cnt.d
2026-03-13 00:13:50 +0100: Memory Usage (452996K) : Executing rule Cnt.e
2026-03-13 00:13:50 +0100: Memory Usage (452996K) : Executing rule Cnt.g1
2026-03-13 00:13:50 +0100: Memory Usage (452996K) : Executing rule Cnt.g2
2026-03-13 00:13:50 +0100: Memory Usage (452996K) : Starting 5.15. ContBar table
2026-03-13 00:13:50 +0100: Memory Usage (452996K) : Executing rule CntB.b1
2026-03-13 00:13:50 +0100: Memory Usage (452996K) : Executing rule CntB.h1
2026-03-13 00:13:50 +0100: Memory Usage (452996K) : Starting 6.1.3 NPN Substrate-Tie table
2026-03-13 00:13:50 +0100: Memory Usage (452996K) : Executing rule npn13G2.bR 
2026-03-13 00:13:50 +0100: Memory Usage (452996K) : Executing rule npn13G2L.cR 
2026-03-13 00:13:50 +0100: Memory Usage (452996K) : Executing rule npn13G2V.cR 
2026-03-13 00:13:50 +0100: Memory Usage (452996K) : Starting 6.7 Schottky diode table
2026-03-13 00:13:50 +0100: Memory Usage (452996K) : Executing rule Sdiod.d
2026-03-13 00:13:50 +0100: Memory Usage (452996K) : Executing rule Sdiod.e
2026-03-13 00:13:50 +0100: Memory Usage (452996K) : Starting 7.2 Latch-up table
2026-03-13 00:13:50 +0100: Memory Usage (452996K) : Executing rule LU.b
2026-03-13 00:13:50 +0100: Memory Usage (452996K) : Starting 5.16. Metal1 table
2026-03-13 00:13:50 +0100: Memory Usage (452996K) : Executing rule M1.a
2026-03-13 00:13:50 +0100: Memory Usage (452996K) : Executing rule M1.b
2026-03-13 00:13:50 +0100: Memory Usage (453124K) : Executing rule M1.e
2026-03-13 00:13:50 +0100: Memory Usage (453124K) : Executing rule M1.f
2026-03-13 00:13:50 +0100: Memory Usage (453124K) : Executing rule M1.g
2026-03-13 00:13:50 +0100: Memory Usage (453380K) : Executing rule M1.i
2026-03-13 00:13:50 +0100: Memory Usage (453636K) : Starting 5.17 Metaln table
2026-03-13 00:13:50 +0100: Memory Usage (453636K) : Executing rule M2.a
2026-03-13 00:13:50 +0100: Memory Usage (453764K) : Executing rule M2.b
2026-03-13 00:13:50 +0100: Memory Usage (453892K) : Executing rule M2.e
2026-03-13 00:13:50 +0100: Memory Usage (454148K) : Executing rule M2.f
2026-03-13 00:13:50 +0100: Memory Usage (454404K) : Executing rule M2.g
2026-03-13 00:13:50 +0100: Memory Usage (454660K) : Executing rule M2.i
2026-03-13 00:13:50 +0100: Memory Usage (455044K) : Executing rule M3.a
2026-03-13 00:13:50 +0100: Memory Usage (455172K) : Executing rule M3.b
2026-03-13 00:13:50 +0100: Memory Usage (455300K) : Executing rule M3.e
2026-03-13 00:13:50 +0100: Memory Usage (455556K) : Executing rule M3.f
2026-03-13 00:13:50 +0100: Memory Usage (455812K) : Executing rule M3.g
2026-03-13 00:13:50 +0100: Memory Usage (456068K) : Executing rule M3.i
2026-03-13 00:13:50 +0100: Memory Usage (456324K) : Executing rule M4.a
2026-03-13 00:13:50 +0100: Memory Usage (456580K) : Executing rule M4.b
2026-03-13 00:13:50 +0100: Memory Usage (456708K) : Executing rule M4.e
2026-03-13 00:13:50 +0100: Memory Usage (456964K) : Executing rule M4.f
2026-03-13 00:13:50 +0100: Memory Usage (457220K) : Executing rule M4.g
2026-03-13 00:13:50 +0100: Memory Usage (457604K) : Executing rule M4.i
2026-03-13 00:13:50 +0100: Memory Usage (457860K) : Executing rule M5.a
2026-03-13 00:13:50 +0100: Memory Usage (458116K) : Executing rule M5.b
2026-03-13 00:13:50 +0100: Memory Usage (458244K) : Executing rule M5.e
2026-03-13 00:13:50 +0100: Memory Usage (458500K) : Executing rule M5.f
2026-03-13 00:13:50 +0100: Memory Usage (458884K) : Executing rule M5.g
2026-03-13 00:13:50 +0100: Memory Usage (459140K) : Executing rule M5.i
2026-03-13 00:13:50 +0100: Memory Usage (459524K) : Starting 5.18 Metaln:filler table
2026-03-13 00:13:50 +0100: Memory Usage (459524K) : Executing rule M1Fil.c
2026-03-13 00:13:50 +0100: Memory Usage (459652K) : Executing rule M1Fil.a2
2026-03-13 00:13:50 +0100: Memory Usage (459780K) : Executing rule M2Fil.c
2026-03-13 00:13:50 +0100: Memory Usage (460036K) : Executing rule M2Fil.a2
2026-03-13 00:13:50 +0100: Memory Usage (460164K) : Executing rule M3Fil.c
2026-03-13 00:13:50 +0100: Memory Usage (460292K) : Executing rule M3Fil.a2
2026-03-13 00:13:50 +0100: Memory Usage (460420K) : Executing rule M4Fil.c
2026-03-13 00:13:50 +0100: Memory Usage (460548K) : Executing rule M4Fil.a2
2026-03-13 00:13:50 +0100: Memory Usage (460676K) : Executing rule M5Fil.c
2026-03-13 00:13:50 +0100: Memory Usage (460932K) : Executing rule M5Fil.a2
2026-03-13 00:13:50 +0100: Memory Usage (461060K) : Starting 5.19. Via1 table
2026-03-13 00:13:50 +0100: Memory Usage (461060K) : Starting 5.19. Via1 table derivations
2026-03-13 00:13:50 +0100: Memory Usage (461060K) : Executing rule V1.a
2026-03-13 00:13:50 +0100: Memory Usage (461316K) : Executing rule V1.b
2026-03-13 00:13:50 +0100: Memory Usage (461444K) : Executing rule V1.c
2026-03-13 00:13:50 +0100: Memory Usage (461572K) : Starting 5.20. Vian table
2026-03-13 00:13:50 +0100: Memory Usage (461572K) : Executing rule V2.a
2026-03-13 00:13:50 +0100: Memory Usage (461956K) : Executing rule V2.b
2026-03-13 00:13:50 +0100: Memory Usage (462084K) : Executing rule V2.c
2026-03-13 00:13:50 +0100: Memory Usage (462084K) : Executing rule V3.a
2026-03-13 00:13:50 +0100: Memory Usage (462084K) : Executing rule V3.b
2026-03-13 00:13:50 +0100: Memory Usage (462084K) : Executing rule V3.c
2026-03-13 00:13:50 +0100: Memory Usage (462084K) : Executing rule V4.a
2026-03-13 00:13:50 +0100: Memory Usage (462084K) : Executing rule V4.b
2026-03-13 00:13:50 +0100: Memory Usage (462084K) : Executing rule V4.c
2026-03-13 00:13:50 +0100: Memory Usage (462084K) : Starting 5.21. TopVia1 table
2026-03-13 00:13:50 +0100: Memory Usage (462084K) : Executing rule TV1.a
2026-03-13 00:13:50 +0100: Memory Usage (462084K) : Executing rule TV1.b
2026-03-13 00:13:50 +0100: Memory Usage (462084K) : Executing rule TV1.c
2026-03-13 00:13:50 +0100: Memory Usage (462084K) : Executing rule TV1.d
2026-03-13 00:13:50 +0100: Memory Usage (462084K) : Starting 5.22. TopMetal1 table
2026-03-13 00:13:50 +0100: Memory Usage (462084K) : Executing rule TM1.a
2026-03-13 00:13:50 +0100: Memory Usage (462084K) : Executing rule TM1.b
2026-03-13 00:13:50 +0100: Memory Usage (462084K) : Starting 5.23 TopMetal1:filler table
2026-03-13 00:13:50 +0100: Memory Usage (462084K) : Executing rule TM1Fil.c
2026-03-13 00:13:50 +0100: Memory Usage (462084K) : Executing rule TM1Fil.a1
2026-03-13 00:13:50 +0100: Memory Usage (462084K) : Starting 5.24. TopVia2 table
2026-03-13 00:13:50 +0100: Memory Usage (462084K) : Executing rule TV2.a
2026-03-13 00:13:50 +0100: Memory Usage (462084K) : Executing rule TV2.b
2026-03-13 00:13:50 +0100: Memory Usage (462084K) : Executing rule TV2.c
2026-03-13 00:13:50 +0100: Memory Usage (462084K) : Executing rule TV2.d
2026-03-13 00:13:50 +0100: Memory Usage (462084K) : Starting 5.25. TopMetal2 table
2026-03-13 00:13:50 +0100: Memory Usage (462084K) : Executing rule TM2.a
2026-03-13 00:13:50 +0100: Memory Usage (462084K) : Executing rule TM2.b
2026-03-13 00:13:50 +0100: Memory Usage (462084K) : Executing rule TM2.bR
2026-03-13 00:13:50 +0100: Memory Usage (462084K) : Starting 5.26 TopMetal2:filler table
2026-03-13 00:13:50 +0100: Memory Usage (462084K) : Executing rule TM2Fil.c
2026-03-13 00:13:50 +0100: Memory Usage (462084K) : Executing rule TM2Fil.a1
2026-03-13 00:13:50 +0100: Memory Usage (462084K) : Starting 5.27. Passiv table
2026-03-13 00:13:50 +0100: Memory Usage (462084K) : Executing rule Pas.a
2026-03-13 00:13:50 +0100: Memory Usage (462084K) : Executing rule Pas.b
2026-03-13 00:13:50 +0100: Memory Usage (462084K) : Executing rule Pas.c
2026-03-13 00:13:50 +0100: Memory Usage (462084K) : Starting 6.9.2 Copper Pillar table
2026-03-13 00:13:50 +0100: Memory Usage (462084K) : Executing rule Padc.a
2026-03-13 00:13:50 +0100: Memory Usage (462084K) : Executing rule Padc.b
2026-03-13 00:13:50 +0100: Memory Usage (462084K) : Executing rule Padc.c
2026-03-13 00:13:50 +0100: Memory Usage (462084K) : Executing rule Padb.f
2026-03-13 00:13:50 +0100: Memory Usage (462084K) : Starting 6.9 Pad table
2026-03-13 00:13:50 +0100: Memory Usage (462084K) : Executing rule Pad.m
2026-03-13 00:13:50 +0100: Memory Usage (462084K) : Executing rule Pad.fR_M1
2026-03-13 00:13:50 +0100: Memory Usage (462084K) : Executing rule Pad.fR_M2
2026-03-13 00:13:50 +0100: Memory Usage (462084K) : Executing rule Pad.fR_M3
2026-03-13 00:13:50 +0100: Memory Usage (462084K) : Executing rule Pad.fR_M4
2026-03-13 00:13:50 +0100: Memory Usage (462084K) : Executing rule Pad.fR_M5
2026-03-13 00:13:50 +0100: Memory Usage (462084K) : Executing rule Pad.fR_TM1
2026-03-13 00:13:50 +0100: Memory Usage (462084K) : Executing rule Pad.fR_TM2
2026-03-13 00:13:50 +0100: Memory Usage (462084K) : Executing rule Pad.i
2026-03-13 00:13:50 +0100: Memory Usage (462084K) : Starting 6.9.1 Solder Bump
2026-03-13 00:13:50 +0100: Memory Usage (462084K) : Executing rule Padb.a
2026-03-13 00:13:50 +0100: Memory Usage (462084K) : Executing rule Padb.b
2026-03-13 00:13:50 +0100: Memory Usage (462084K) : Executing rule Padb.c
2026-03-13 00:13:50 +0100: Memory Usage (462084K) : Executing rule Padb.f
2026-03-13 00:13:50 +0100: Memory Usage (462084K) : Executing rule Padb.d
2026-03-13 00:13:50 +0100: Memory Usage (462084K) : Starting 6.10 Sealring table
2026-03-13 00:13:50 +0100: Memory Usage (462084K) : Executing rule Seal.l
2026-03-13 00:13:50 +0100: Memory Usage (462084K) : Executing rule Seal.n
2026-03-13 00:13:50 +0100: Memory Usage (462084K) : Executing rule seal.b_metal1
2026-03-13 00:13:50 +0100: Memory Usage (462084K) : Executing rule seal.b_metal2
2026-03-13 00:13:50 +0100: Memory Usage (462084K) : Executing rule seal.b_metal3
2026-03-13 00:13:50 +0100: Memory Usage (462084K) : Executing rule seal.b_metal4
2026-03-13 00:13:50 +0100: Memory Usage (462084K) : Executing rule seal.b_metal5
2026-03-13 00:13:50 +0100: Memory Usage (462084K) : Executing rule seal.b_topmetal1
2026-03-13 00:13:50 +0100: Memory Usage (462084K) : Executing rule seal.b_topmetal2
2026-03-13 00:13:50 +0100: Memory Usage (462084K) : Executing rule seal.b_activ
2026-03-13 00:13:50 +0100: Memory Usage (462084K) : Executing rule seal.b_psd
2026-03-13 00:13:50 +0100: Memory Usage (462084K) : Executing rule Seal.k
2026-03-13 00:13:50 +0100: Memory Usage (462084K) : Executing rule Seal.m
2026-03-13 00:13:50 +0100: Memory Usage (462084K) : Starting 6.11 MIM table
2026-03-13 00:13:50 +0100: Memory Usage (462084K) : Executing rule MIM.c
2026-03-13 00:13:50 +0100: Memory Usage (462084K) : Executing rule MIM.d
2026-03-13 00:13:50 +0100: Memory Usage (462084K) : Executing rule MIM.gR
2026-03-13 00:13:50 +0100: Memory Usage (462084K) : Starting 7.3 Metal Slits table
2026-03-13 00:13:50 +0100: Memory Usage (462084K) : Executing rule Slt.e1_M1
2026-03-13 00:13:50 +0100: Memory Usage (462084K) : Executing rule Slt.e1_M2
2026-03-13 00:13:50 +0100: Memory Usage (462084K) : Executing rule Slt.e1_M3
2026-03-13 00:13:50 +0100: Memory Usage (462084K) : Executing rule Slt.e1_M4
2026-03-13 00:13:50 +0100: Memory Usage (462084K) : Executing rule Slt.e1_M5
2026-03-13 00:13:50 +0100: Memory Usage (462084K) : Executing rule Slt.e1_TM1
2026-03-13 00:13:50 +0100: Memory Usage (462084K) : Executing rule Slt.e1_TM2
2026-03-13 00:13:50 +0100: Memory Usage (462084K) : Starting 9.1. LBE table
2026-03-13 00:13:50 +0100: Memory Usage (462084K) : Executing rule LBE.a
2026-03-13 00:13:50 +0100: Memory Usage (462084K) : Executing rule LBE.b
2026-03-13 00:13:50 +0100: Memory Usage (462084K) : Executing rule LBE.b1
2026-03-13 00:13:50 +0100: Memory Usage (462084K) : Executing rule LBE.c
2026-03-13 00:13:50 +0100: Memory Usage (462084K) : Executing rule LBE.d
2026-03-13 00:13:50 +0100: Memory Usage (462084K) : Executing rule LBE.h
2026-03-13 00:13:50 +0100: Memory Usage (462084K) : Starting 7.4. PIN table
2026-03-13 00:13:50 +0100: Memory Usage (462084K) : Executing rule Pin.a
2026-03-13 00:13:50 +0100: Memory Usage (462084K) : Executing rule Pin.b
2026-03-13 00:13:50 +0100: Memory Usage (462084K) : Executing rule Pin.e
2026-03-13 00:13:50 +0100: Memory Usage (462084K) : Executing rule Pin.f_M2
2026-03-13 00:13:50 +0100: Memory Usage (462084K) : Executing rule Pin.f_M3
2026-03-13 00:13:50 +0100: Memory Usage (462084K) : Executing rule Pin.f_M4
2026-03-13 00:13:50 +0100: Memory Usage (462084K) : Executing rule Pin.f_M5
2026-03-13 00:13:50 +0100: Memory Usage (462084K) : Executing rule Pin.g
2026-03-13 00:13:50 +0100: Memory Usage (462084K) : Executing rule Pin.h
2026-03-13 00:13:50 +0100: Memory Usage (462084K) : Starting 3.2. FORBIDDEN table
2026-03-13 00:13:50 +0100: Memory Usage (462084K) : Executing rule forbidden.biwind
2026-03-13 00:13:50 +0100: Memory Usage (462084K) : Executing rule forbidden.pemwind
2026-03-13 00:13:50 +0100: Memory Usage (462084K) : Executing rule forbidden.baspoly
2026-03-13 00:13:50 +0100: Memory Usage (462084K) : Executing rule forbidden.deepco
2026-03-13 00:13:50 +0100: Memory Usage (462084K) : Executing rule forbidden.pempoly
2026-03-13 00:13:50 +0100: Memory Usage (462084K) : Executing rule forbidden.empoly
2026-03-13 00:13:50 +0100: Memory Usage (462084K) : Executing rule forbidden.ldmos
2026-03-13 00:13:50 +0100: Memory Usage (462084K) : Executing rule forbidden.pbiwind
2026-03-13 00:13:50 +0100: Memory Usage (462084K) : Executing rule forbidden.nodrc
2026-03-13 00:13:50 +0100: Memory Usage (462084K) : Executing rule forbidden.flash
2026-03-13 00:13:50 +0100: Memory Usage (462084K) : Executing rule forbidden.colwind
2026-03-13 00:13:50 +0100: Memory Usage (462084K) : KLayout DRC run for tables 'main' completed in 0.63 seconds
