# Logfile created on 2026-03-18 23:30:47 +0100 by logger.rb/v1.5.3
2026-03-18 23:30:47 +0100: Memory Usage (441016K) : Starting running SG13G2 Klayout LVS runset on /foss/designs/ttihp26a-adex-neuron-ncs/klayout/mux.gds
2026-03-18 23:30:47 +0100: Memory Usage (441016K) : Ruby Version for klayout: 3.2.3
2026-03-18 23:30:47 +0100: Memory Usage (442260K) : Loading database to memory is complete.
2026-03-18 23:30:47 +0100: Memory Usage (442260K) : SG13G2 Klayout LVS runset output at: /foss/designs/ttihp26a-adex-neuron-ncs/klayout/lvs_run_mux21_2026_03_18_23_30_45/mux.lvsdb
2026-03-18 23:30:47 +0100: Memory Usage (442260K) : Evaluate switches.
2026-03-18 23:30:47 +0100: Memory Usage (442260K) : Extracted netlist with net names: true
2026-03-18 23:30:47 +0100: Memory Usage (442260K) : Extracted netlist with comments in details: false
2026-03-18 23:30:47 +0100: Memory Usage (442260K) : Selected NET_ONLY option: false
2026-03-18 23:30:47 +0100: Memory Usage (442260K) : Selected LAYOUT_NETLIST option: (none)
2026-03-18 23:30:47 +0100: Memory Usage (442260K) : Selected IGNORE_TOP_PORTS_MISMATCH option: 
2026-03-18 23:30:47 +0100: Memory Usage (442260K) : Selected IMPLICIT_NETS option: (none)
2026-03-18 23:30:47 +0100: Memory Usage (442260K) : Selected TOP_LVL_PINS option: false
2026-03-18 23:30:47 +0100: Memory Usage (442260K) : Selected COMBINE DEVICES option: false
2026-03-18 23:30:47 +0100: Memory Usage (442260K) : Selected PURGE option: false
2026-03-18 23:30:47 +0100: Memory Usage (442260K) : Selected PURGE_NETS option: false
2026-03-18 23:30:47 +0100: Memory Usage (442260K) : Selected SIMPLIFY option: true
2026-03-18 23:30:47 +0100: Memory Usage (442260K) : Selected SERIES_RES option: true
2026-03-18 23:30:47 +0100: Memory Usage (442260K) : Selected PARALLEL_RES option: true
2026-03-18 23:30:47 +0100: Memory Usage (442260K) : flat  mode is enabled.
2026-03-18 23:30:47 +0100: Memory Usage (442260K) : Netlist file: /foss/designs/ttihp26a-adex-neuron-ncs/xschem/simulations/mux21.spice
2026-03-18 23:30:47 +0100: Memory Usage (442260K) : LVS extracted netlist at: /foss/designs/ttihp26a-adex-neuron-ncs/klayout/lvs_run_mux21_2026_03_18_23_30_45/mux_extracted.cir
2026-03-18 23:30:47 +0100: Memory Usage (442260K) : Applying SRAM integration support.
2026-03-18 23:30:47 +0100: Memory Usage (442260K) : Starting SG13G2 LVS runset
2026-03-18 23:30:47 +0100: Memory Usage (442260K) : Read in polygons from layers.
2026-03-18 23:30:47 +0100: Memory Usage (443044K) : activ_drw has 32 polygons
2026-03-18 23:30:47 +0100: Memory Usage (443044K) : activ_filler has 0 polygons
2026-03-18 23:30:47 +0100: Memory Usage (443044K) : activ has 32 polygons
2026-03-18 23:30:47 +0100: Memory Usage (443044K) : activ_pin has 0 polygons
2026-03-18 23:30:47 +0100: Memory Usage (443044K) : activ_mask has 0 polygons
2026-03-18 23:30:47 +0100: Memory Usage (443044K) : activ_nofill has 0 polygons
2026-03-18 23:30:47 +0100: Memory Usage (443044K) : activ_OPC has 0 polygons
2026-03-18 23:30:47 +0100: Memory Usage (443044K) : activ_iOPC has 0 polygons
2026-03-18 23:30:47 +0100: Memory Usage (443044K) : activ_noqrc has 0 polygons
2026-03-18 23:30:47 +0100: Memory Usage (443044K) : biwind_drw has 0 polygons
2026-03-18 23:30:47 +0100: Memory Usage (443044K) : biwind_OPC has 0 polygons
2026-03-18 23:30:47 +0100: Memory Usage (443044K) : gatpoly_drw has 24 polygons
2026-03-18 23:30:47 +0100: Memory Usage (443428K) : gatpoly_filler has 0 polygons
2026-03-18 23:30:47 +0100: Memory Usage (443428K) : gatpoly has 24 polygons
2026-03-18 23:30:47 +0100: Memory Usage (443428K) : gatpoly_pin has 0 polygons
2026-03-18 23:30:47 +0100: Memory Usage (443428K) : gatpoly_nofill has 0 polygons
2026-03-18 23:30:47 +0100: Memory Usage (443812K) : gatpoly_OPC has 0 polygons
2026-03-18 23:30:47 +0100: Memory Usage (444196K) : gatpoly_iOPC has 0 polygons
2026-03-18 23:30:47 +0100: Memory Usage (444196K) : gatpoly_noqrc has 0 polygons
2026-03-18 23:30:47 +0100: Memory Usage (444196K) : cont_drw has 560 polygons
2026-03-18 23:30:47 +0100: Memory Usage (444196K) : cont_OPC has 0 polygons
2026-03-18 23:30:47 +0100: Memory Usage (444580K) : nsd_drw has 0 polygons
2026-03-18 23:30:47 +0100: Memory Usage (444580K) : nsd_block has 0 polygons
2026-03-18 23:30:47 +0100: Memory Usage (444580K) : metal1_drw has 80 polygons
2026-03-18 23:30:47 +0100: Memory Usage (444964K) : metal1_filler has 0 polygons
2026-03-18 23:30:47 +0100: Memory Usage (444964K) : metal1_slit has 0 polygons
2026-03-18 23:30:47 +0100: Memory Usage (444964K) : metal1 has 80 polygons
2026-03-18 23:30:47 +0100: Memory Usage (445348K) : metal1_pin has 0 polygons
2026-03-18 23:30:47 +0100: Memory Usage (445348K) : metal1_mask has 0 polygons
2026-03-18 23:30:47 +0100: Memory Usage (445348K) : metal1_nofill has 0 polygons
2026-03-18 23:30:47 +0100: Memory Usage (445348K) : metal1_text has 0 polygons
2026-03-18 23:30:47 +0100: Memory Usage (445348K) : metal1_OPC has 0 polygons
2026-03-18 23:30:47 +0100: Memory Usage (445348K) : metal1_noqrc has 0 polygons
2026-03-18 23:30:47 +0100: Memory Usage (445732K) : metal1_res has 0 polygons
2026-03-18 23:30:47 +0100: Memory Usage (445732K) : metal1_iprobe has 0 polygons
2026-03-18 23:30:47 +0100: Memory Usage (445732K) : metal1_diffprb has 0 polygons
2026-03-18 23:30:47 +0100: Memory Usage (446116K) : passiv_drw has 0 polygons
2026-03-18 23:30:47 +0100: Memory Usage (446116K) : passiv_pin has 0 polygons
2026-03-18 23:30:47 +0100: Memory Usage (446116K) : passiv_sbump has 0 polygons
2026-03-18 23:30:47 +0100: Memory Usage (446500K) : passiv_pillar has 0 polygons
2026-03-18 23:30:47 +0100: Memory Usage (446500K) : passiv_pdl has 0 polygons
2026-03-18 23:30:47 +0100: Memory Usage (446500K) : metal2_drw has 76 polygons
2026-03-18 23:30:47 +0100: Memory Usage (446884K) : metal2_filler has 0 polygons
2026-03-18 23:30:47 +0100: Memory Usage (446884K) : metal2_slit has 0 polygons
2026-03-18 23:30:47 +0100: Memory Usage (446884K) : metal2 has 76 polygons
2026-03-18 23:30:47 +0100: Memory Usage (447268K) : metal2_pin has 0 polygons
2026-03-18 23:30:47 +0100: Memory Usage (447268K) : metal2_mask has 0 polygons
2026-03-18 23:30:47 +0100: Memory Usage (447268K) : metal2_nofill has 0 polygons
2026-03-18 23:30:47 +0100: Memory Usage (447652K) : metal2_text has 0 polygons
2026-03-18 23:30:47 +0100: Memory Usage (447652K) : metal2_OPC has 0 polygons
2026-03-18 23:30:47 +0100: Memory Usage (447652K) : metal2_noqrc has 0 polygons
2026-03-18 23:30:47 +0100: Memory Usage (448036K) : metal2_res has 0 polygons
2026-03-18 23:30:47 +0100: Memory Usage (448036K) : metal2_iprobe has 0 polygons
2026-03-18 23:30:47 +0100: Memory Usage (448036K) : metal2_diffprb has 0 polygons
2026-03-18 23:30:47 +0100: Memory Usage (448420K) : baspoly_drw has 0 polygons
2026-03-18 23:30:47 +0100: Memory Usage (448420K) : baspoly_pin has 0 polygons
2026-03-18 23:30:47 +0100: Memory Usage (448420K) : psd_drw has 16 polygons
2026-03-18 23:30:47 +0100: Memory Usage (448804K) : nldb_drw has 0 polygons
2026-03-18 23:30:47 +0100: Memory Usage (448804K) : digibnd_drw has 0 polygons
2026-03-18 23:30:47 +0100: Memory Usage (449188K) : via1_drw has 460 polygons
2026-03-18 23:30:47 +0100: Memory Usage (449188K) : backmetal1_drw has 0 polygons
2026-03-18 23:30:47 +0100: Memory Usage (449188K) : backmetal1_pin has 0 polygons
2026-03-18 23:30:47 +0100: Memory Usage (449572K) : backmetal1_mask has 0 polygons
2026-03-18 23:30:47 +0100: Memory Usage (449572K) : backmetal1_filler has 0 polygons
2026-03-18 23:30:47 +0100: Memory Usage (449572K) : backmetal1_nofill has 0 polygons
2026-03-18 23:30:47 +0100: Memory Usage (449956K) : backmetal1_slit has 0 polygons
2026-03-18 23:30:47 +0100: Memory Usage (449956K) : backmetal1_text has 0 polygons
2026-03-18 23:30:47 +0100: Memory Usage (449956K) : backmetal1_OPC has 0 polygons
2026-03-18 23:30:47 +0100: Memory Usage (450340K) : backmetal1_noqrc has 0 polygons
2026-03-18 23:30:47 +0100: Memory Usage (450340K) : backmetal1_res has 0 polygons
2026-03-18 23:30:47 +0100: Memory Usage (450340K) : backmetal1_iprobe has 0 polygons
2026-03-18 23:30:47 +0100: Memory Usage (450724K) : backmetal1_diffprb has 0 polygons
2026-03-18 23:30:47 +0100: Memory Usage (450724K) : backpassiv_drw has 0 polygons
2026-03-18 23:30:47 +0100: Memory Usage (450724K) : res_drw has 0 polygons
2026-03-18 23:30:47 +0100: Memory Usage (451108K) : sram_drw has 0 polygons
2026-03-18 23:30:47 +0100: Memory Usage (451108K) : trans_drw has 0 polygons
2026-03-18 23:30:47 +0100: Memory Usage (451108K) : ind_drw has 0 polygons
2026-03-18 23:30:47 +0100: Memory Usage (451492K) : ind_pin has 0 polygons
2026-03-18 23:30:47 +0100: Memory Usage (451492K) : ind_text has 0 polygons
2026-03-18 23:30:47 +0100: Memory Usage (451492K) : salblock_drw has 0 polygons
2026-03-18 23:30:47 +0100: Memory Usage (451492K) : via2_drw has 58 polygons
2026-03-18 23:30:47 +0100: Memory Usage (451876K) : metal3_drw has 19 polygons
2026-03-18 23:30:47 +0100: Memory Usage (451876K) : metal3_filler has 0 polygons
2026-03-18 23:30:47 +0100: Memory Usage (452260K) : metal3_slit has 0 polygons
2026-03-18 23:30:47 +0100: Memory Usage (452260K) : metal3 has 19 polygons
2026-03-18 23:30:47 +0100: Memory Usage (452260K) : metal3_pin has 2 polygons
2026-03-18 23:30:47 +0100: Memory Usage (452644K) : metal3_mask has 0 polygons
2026-03-18 23:30:47 +0100: Memory Usage (452644K) : metal3_nofill has 0 polygons
2026-03-18 23:30:47 +0100: Memory Usage (452644K) : metal3_text has 2 polygons
2026-03-18 23:30:47 +0100: Memory Usage (452644K) : metal3_OPC has 0 polygons
2026-03-18 23:30:47 +0100: Memory Usage (453028K) : metal3_noqrc has 0 polygons
2026-03-18 23:30:47 +0100: Memory Usage (453028K) : metal3_res has 0 polygons
2026-03-18 23:30:47 +0100: Memory Usage (453028K) : metal3_iprobe has 0 polygons
2026-03-18 23:30:47 +0100: Memory Usage (453412K) : metal3_diffprb has 0 polygons
2026-03-18 23:30:47 +0100: Memory Usage (453412K) : nwell_drw has 2 polygons
2026-03-18 23:30:47 +0100: Memory Usage (453412K) : nwell_pin has 0 polygons
2026-03-18 23:30:47 +0100: Memory Usage (453412K) : nwell_text has 0 polygons
2026-03-18 23:30:47 +0100: Memory Usage (453796K) : nbulay_drw has 0 polygons
2026-03-18 23:30:47 +0100: Memory Usage (453796K) : nbulay_pin has 0 polygons
2026-03-18 23:30:47 +0100: Memory Usage (453796K) : nbulay_block has 0 polygons
2026-03-18 23:30:47 +0100: Memory Usage (454180K) : emwind_drw has 0 polygons
2026-03-18 23:30:47 +0100: Memory Usage (454180K) : emwind_OPC has 0 polygons
2026-03-18 23:30:47 +0100: Memory Usage (454180K) : deepco_drw has 0 polygons
2026-03-18 23:30:47 +0100: Memory Usage (454564K) : mim_drw has 0 polygons
2026-03-18 23:30:47 +0100: Memory Usage (454564K) : edgeseal_drw has 0 polygons
2026-03-18 23:30:47 +0100: Memory Usage (454564K) : substrate_drw has 0 polygons
2026-03-18 23:30:47 +0100: Memory Usage (454564K) : substrate_text has 0 polygons
2026-03-18 23:30:47 +0100: Memory Usage (454948K) : dfpad_drw has 0 polygons
2026-03-18 23:30:47 +0100: Memory Usage (454948K) : dfpad_pillar has 0 polygons
2026-03-18 23:30:47 +0100: Memory Usage (454948K) : dfpad_sbump has 0 polygons
2026-03-18 23:30:47 +0100: Memory Usage (455332K) : thickgateox_drw has 0 polygons
2026-03-18 23:30:47 +0100: Memory Usage (455332K) : pldb_drw has 0 polygons
2026-03-18 23:30:47 +0100: Memory Usage (455332K) : pwell_drw has 0 polygons
2026-03-18 23:30:47 +0100: Memory Usage (455716K) : pwell_pin has 0 polygons
2026-03-18 23:30:47 +0100: Memory Usage (455716K) : pwell_block has 0 polygons
2026-03-18 23:30:47 +0100: Memory Usage (455716K) : ic_drw has 0 polygons
2026-03-18 23:30:47 +0100: Memory Usage (456100K) : via3_drw has 34 polygons
2026-03-18 23:30:47 +0100: Memory Usage (456100K) : metal4_drw has 7 polygons
2026-03-18 23:30:47 +0100: Memory Usage (456100K) : metal4_filler has 0 polygons
2026-03-18 23:30:47 +0100: Memory Usage (456484K) : metal4_slit has 0 polygons
2026-03-18 23:30:47 +0100: Memory Usage (456484K) : metal4 has 7 polygons
2026-03-18 23:30:47 +0100: Memory Usage (456484K) : metal4_pin has 5 polygons
2026-03-18 23:30:47 +0100: Memory Usage (456484K) : metal4_mask has 0 polygons
2026-03-18 23:30:47 +0100: Memory Usage (456868K) : metal4_nofill has 0 polygons
2026-03-18 23:30:47 +0100: Memory Usage (456868K) : metal4_text has 5 polygons
2026-03-18 23:30:47 +0100: Memory Usage (456868K) : metal4_OPC has 0 polygons
2026-03-18 23:30:47 +0100: Memory Usage (457252K) : metal4_noqrc has 0 polygons
2026-03-18 23:30:47 +0100: Memory Usage (457252K) : metal4_res has 0 polygons
2026-03-18 23:30:47 +0100: Memory Usage (457252K) : metal4_iprobe has 0 polygons
2026-03-18 23:30:47 +0100: Memory Usage (457252K) : metal4_diffprb has 0 polygons
2026-03-18 23:30:47 +0100: Memory Usage (457636K) : heattrans_drw has 0 polygons
2026-03-18 23:30:47 +0100: Memory Usage (457636K) : heatres_drw has 0 polygons
2026-03-18 23:30:47 +0100: Memory Usage (457636K) : fbe_drw has 0 polygons
2026-03-18 23:30:47 +0100: Memory Usage (458020K) : empoly_drw has 0 polygons
2026-03-18 23:30:47 +0100: Memory Usage (458020K) : digisub_drw has 0 polygons
2026-03-18 23:30:47 +0100: Memory Usage (458020K) : text_drw has 0 polygons
2026-03-18 23:30:47 +0100: Memory Usage (458404K) : via4_drw has 0 polygons
2026-03-18 23:30:47 +0100: Memory Usage (458404K) : metal5_drw has 0 polygons
2026-03-18 23:30:47 +0100: Memory Usage (458404K) : metal5_filler has 0 polygons
2026-03-18 23:30:47 +0100: Memory Usage (458404K) : metal5_slit has 0 polygons
2026-03-18 23:30:47 +0100: Memory Usage (458404K) : metal5 has 0 polygons
2026-03-18 23:30:47 +0100: Memory Usage (458404K) : metal5_pin has 0 polygons
2026-03-18 23:30:47 +0100: Memory Usage (458404K) : metal5_mask has 0 polygons
2026-03-18 23:30:47 +0100: Memory Usage (458404K) : metal5_nofill has 0 polygons
2026-03-18 23:30:47 +0100: Memory Usage (458404K) : metal5_text has 0 polygons
2026-03-18 23:30:47 +0100: Memory Usage (458404K) : metal5_OPC has 0 polygons
2026-03-18 23:30:47 +0100: Memory Usage (458404K) : metal5_noqrc has 0 polygons
2026-03-18 23:30:47 +0100: Memory Usage (458788K) : metal5_res has 0 polygons
2026-03-18 23:30:47 +0100: Memory Usage (458788K) : metal5_iprobe has 0 polygons
2026-03-18 23:30:47 +0100: Memory Usage (458788K) : metal5_diffprb has 0 polygons
2026-03-18 23:30:47 +0100: Memory Usage (458788K) : radhard_drw has 0 polygons
2026-03-18 23:30:47 +0100: Memory Usage (459172K) : memcap_drw has 0 polygons
2026-03-18 23:30:47 +0100: Memory Usage (459172K) : varicap_drw has 0 polygons
2026-03-18 23:30:47 +0100: Memory Usage (459172K) : intbondvia_drw has 0 polygons
2026-03-18 23:30:47 +0100: Memory Usage (459556K) : intbondmet_drw has 0 polygons
2026-03-18 23:30:47 +0100: Memory Usage (459556K) : devbondvia_drw has 0 polygons
2026-03-18 23:30:47 +0100: Memory Usage (459556K) : devbondmet_drw has 0 polygons
2026-03-18 23:30:47 +0100: Memory Usage (459940K) : devtrench_drw has 0 polygons
2026-03-18 23:30:47 +0100: Memory Usage (459940K) : redist_drw has 0 polygons
2026-03-18 23:30:47 +0100: Memory Usage (459940K) : graphbot_drw has 0 polygons
2026-03-18 23:30:47 +0100: Memory Usage (460324K) : graphtop_drw has 0 polygons
2026-03-18 23:30:47 +0100: Memory Usage (460324K) : antvia1_drw has 0 polygons
2026-03-18 23:30:47 +0100: Memory Usage (460324K) : antmetal2_drw has 0 polygons
2026-03-18 23:30:47 +0100: Memory Usage (460324K) : graphcont_drw has 0 polygons
2026-03-18 23:30:47 +0100: Memory Usage (460324K) : siwg_drw has 0 polygons
2026-03-18 23:30:47 +0100: Memory Usage (460708K) : siwg_filler has 0 polygons
2026-03-18 23:30:47 +0100: Memory Usage (460708K) : siwg_nofill has 0 polygons
2026-03-18 23:30:47 +0100: Memory Usage (460708K) : sigrating_drw has 0 polygons
2026-03-18 23:30:47 +0100: Memory Usage (461092K) : singrating_drw has 0 polygons
2026-03-18 23:30:47 +0100: Memory Usage (461092K) : graphpas_drw has 0 polygons
2026-03-18 23:30:47 +0100: Memory Usage (461092K) : emwind3_drw has 0 polygons
2026-03-18 23:30:47 +0100: Memory Usage (461092K) : emwihv3_drw has 0 polygons
2026-03-18 23:30:47 +0100: Memory Usage (461476K) : redbulay_drw has 0 polygons
2026-03-18 23:30:47 +0100: Memory Usage (461476K) : smos_drw has 0 polygons
2026-03-18 23:30:47 +0100: Memory Usage (461476K) : graphpad_drw has 0 polygons
2026-03-18 23:30:47 +0100: Memory Usage (461860K) : polimide_drw has 0 polygons
2026-03-18 23:30:47 +0100: Memory Usage (461860K) : polimide_pin has 0 polygons
2026-03-18 23:30:47 +0100: Memory Usage (461860K) : recog_drw has 0 polygons
2026-03-18 23:30:47 +0100: Memory Usage (462244K) : recog_pin has 0 polygons
2026-03-18 23:30:47 +0100: Memory Usage (462244K) : recog_esd has 0 polygons
2026-03-18 23:30:47 +0100: Memory Usage (462244K) : recog_diode has 0 polygons
2026-03-18 23:30:47 +0100: Memory Usage (462628K) : recog_tsv has 0 polygons
2026-03-18 23:30:47 +0100: Memory Usage (462628K) : recog_iprobe has 0 polygons
2026-03-18 23:30:47 +0100: Memory Usage (462628K) : recog_diffprb has 0 polygons
2026-03-18 23:30:47 +0100: Memory Usage (463012K) : recog_pillar has 0 polygons
2026-03-18 23:30:47 +0100: Memory Usage (463012K) : recog_sbump has 0 polygons
2026-03-18 23:30:47 +0100: Memory Usage (463012K) : recog_otp has 0 polygons
2026-03-18 23:30:47 +0100: Memory Usage (463396K) : recog_pdiode has 0 polygons
2026-03-18 23:30:47 +0100: Memory Usage (463396K) : recog_mom has 0 polygons
2026-03-18 23:30:47 +0100: Memory Usage (463396K) : recog_pcm has 0 polygons
2026-03-18 23:30:47 +0100: Memory Usage (463780K) : colopen_drw has 0 polygons
2026-03-18 23:30:47 +0100: Memory Usage (463780K) : graphmetal1_drw has 0 polygons
2026-03-18 23:30:47 +0100: Memory Usage (463780K) : graphmetal1_filler has 0 polygons
2026-03-18 23:30:47 +0100: Memory Usage (463780K) : graphmetal1_nofill has 0 polygons
2026-03-18 23:30:47 +0100: Memory Usage (464164K) : graphmetal1_slit has 0 polygons
2026-03-18 23:30:47 +0100: Memory Usage (464164K) : graphmetal1_OPC has 0 polygons
2026-03-18 23:30:47 +0100: Memory Usage (464164K) : graphmet1l_drw has 0 polygons
2026-03-18 23:30:47 +0100: Memory Usage (464548K) : graphmet1l_filler has 0 polygons
2026-03-18 23:30:47 +0100: Memory Usage (464548K) : graphmet1l_nofill has 0 polygons
2026-03-18 23:30:47 +0100: Memory Usage (464548K) : graphmet1l_slit has 0 polygons
2026-03-18 23:30:47 +0100: Memory Usage (464932K) : graphmet1l_OPC has 0 polygons
2026-03-18 23:30:47 +0100: Memory Usage (464932K) : extblock_drw has 0 polygons
2026-03-18 23:30:47 +0100: Memory Usage (464932K) : nldd_drw has 0 polygons
2026-03-18 23:30:47 +0100: Memory Usage (465316K) : pldd_drw has 0 polygons
2026-03-18 23:30:47 +0100: Memory Usage (465316K) : next_drw has 0 polygons
2026-03-18 23:30:47 +0100: Memory Usage (465316K) : pext_drw has 0 polygons
2026-03-18 23:30:47 +0100: Memory Usage (465700K) : nexthv_drw has 0 polygons
2026-03-18 23:30:47 +0100: Memory Usage (465700K) : pexthv_drw has 0 polygons
2026-03-18 23:30:47 +0100: Memory Usage (465700K) : graphgate_drw has 0 polygons
2026-03-18 23:30:47 +0100: Memory Usage (466084K) : sinwg_drw has 0 polygons
2026-03-18 23:30:47 +0100: Memory Usage (466084K) : sinwg_filler has 0 polygons
2026-03-18 23:30:47 +0100: Memory Usage (466084K) : sinwg_nofill has 0 polygons
2026-03-18 23:30:47 +0100: Memory Usage (466468K) : mempad_drw has 0 polygons
2026-03-18 23:30:47 +0100: Memory Usage (466468K) : topvia1_drw has 0 polygons
2026-03-18 23:30:47 +0100: Memory Usage (466468K) : topmetal1_drw has 0 polygons
2026-03-18 23:30:47 +0100: Memory Usage (466468K) : topmetal1_filler has 0 polygons
2026-03-18 23:30:47 +0100: Memory Usage (466852K) : topmetal1_slit has 0 polygons
2026-03-18 23:30:47 +0100: Memory Usage (466852K) : topmetal1 has 0 polygons
2026-03-18 23:30:47 +0100: Memory Usage (466852K) : topmetal1_pin has 0 polygons
2026-03-18 23:30:47 +0100: Memory Usage (466852K) : topmetal1_mask has 0 polygons
2026-03-18 23:30:47 +0100: Memory Usage (466852K) : topmetal1_nofill has 0 polygons
2026-03-18 23:30:47 +0100: Memory Usage (466852K) : topmetal1_text has 0 polygons
2026-03-18 23:30:47 +0100: Memory Usage (467236K) : topmetal1_noqrc has 0 polygons
2026-03-18 23:30:47 +0100: Memory Usage (467236K) : topmetal1_res has 0 polygons
2026-03-18 23:30:47 +0100: Memory Usage (467236K) : topmetal1_iprobe has 0 polygons
2026-03-18 23:30:47 +0100: Memory Usage (467620K) : topmetal1_diffprb has 0 polygons
2026-03-18 23:30:47 +0100: Memory Usage (467620K) : inldpwl_drw has 0 polygons
2026-03-18 23:30:47 +0100: Memory Usage (467620K) : polyres_drw has 0 polygons
2026-03-18 23:30:47 +0100: Memory Usage (468004K) : polyres_pin has 0 polygons
2026-03-18 23:30:47 +0100: Memory Usage (468004K) : vmim_drw has 0 polygons
2026-03-18 23:30:47 +0100: Memory Usage (468004K) : nbulaycut_drw has 0 polygons
2026-03-18 23:30:47 +0100: Memory Usage (468388K) : antmetal1_drw has 0 polygons
2026-03-18 23:30:47 +0100: Memory Usage (468388K) : topvia2_drw has 0 polygons
2026-03-18 23:30:47 +0100: Memory Usage (468388K) : topmetal2_drw has 0 polygons
2026-03-18 23:30:47 +0100: Memory Usage (468772K) : topmetal2_filler has 0 polygons
2026-03-18 23:30:47 +0100: Memory Usage (468772K) : topmetal2_slit has 0 polygons
2026-03-18 23:30:47 +0100: Memory Usage (468772K) : topmetal2 has 0 polygons
2026-03-18 23:30:47 +0100: Memory Usage (468772K) : topmetal2_pin has 0 polygons
2026-03-18 23:30:47 +0100: Memory Usage (469156K) : topmetal2_mask has 0 polygons
2026-03-18 23:30:47 +0100: Memory Usage (469156K) : topmetal2_nofill has 0 polygons
2026-03-18 23:30:47 +0100: Memory Usage (469156K) : topmetal2_text has 0 polygons
2026-03-18 23:30:47 +0100: Memory Usage (469156K) : topmetal2_noqrc has 0 polygons
2026-03-18 23:30:47 +0100: Memory Usage (469156K) : topmetal2_res has 0 polygons
2026-03-18 23:30:47 +0100: Memory Usage (469156K) : topmetal2_iprobe has 0 polygons
2026-03-18 23:30:47 +0100: Memory Usage (469156K) : topmetal2_diffprb has 0 polygons
2026-03-18 23:30:47 +0100: Memory Usage (469156K) : snsring_drw has 0 polygons
2026-03-18 23:30:47 +0100: Memory Usage (469156K) : sensor_drw has 0 polygons
2026-03-18 23:30:47 +0100: Memory Usage (469156K) : snsarms_drw has 0 polygons
2026-03-18 23:30:47 +0100: Memory Usage (469156K) : snscmosvia_drw has 0 polygons
2026-03-18 23:30:47 +0100: Memory Usage (469156K) : colwind_drw has 0 polygons
2026-03-18 23:30:47 +0100: Memory Usage (469156K) : flm_drw has 0 polygons
2026-03-18 23:30:47 +0100: Memory Usage (469156K) : hafniumox_drw has 0 polygons
2026-03-18 23:30:48 +0100: Memory Usage (469156K) : memvia_drw has 0 polygons
2026-03-18 23:30:48 +0100: Memory Usage (469156K) : thinfilmres_drw has 0 polygons
2026-03-18 23:30:48 +0100: Memory Usage (469156K) : rfmem_drw has 0 polygons
2026-03-18 23:30:48 +0100: Memory Usage (469156K) : norcx_drw has 0 polygons
2026-03-18 23:30:48 +0100: Memory Usage (469156K) : norcx_m2m3 has 0 polygons
2026-03-18 23:30:48 +0100: Memory Usage (469156K) : norcx_m2m4 has 0 polygons
2026-03-18 23:30:48 +0100: Memory Usage (469156K) : norcx_m2m5 has 0 polygons
2026-03-18 23:30:48 +0100: Memory Usage (469156K) : norcx_m2tm1 has 0 polygons
2026-03-18 23:30:48 +0100: Memory Usage (469156K) : norcx_m2tm2 has 0 polygons
2026-03-18 23:30:48 +0100: Memory Usage (469156K) : norcx_m3m4 has 0 polygons
2026-03-18 23:30:48 +0100: Memory Usage (469156K) : norcx_m3m5 has 0 polygons
2026-03-18 23:30:48 +0100: Memory Usage (469156K) : norcx_m3tm1 has 0 polygons
2026-03-18 23:30:48 +0100: Memory Usage (469156K) : norcx_m3tm2 has 0 polygons
2026-03-18 23:30:48 +0100: Memory Usage (469156K) : norcx_m4m5 has 0 polygons
2026-03-18 23:30:48 +0100: Memory Usage (469156K) : norcx_m4tm1 has 0 polygons
2026-03-18 23:30:48 +0100: Memory Usage (469156K) : norcx_m4tm2 has 0 polygons
2026-03-18 23:30:48 +0100: Memory Usage (469156K) : norcx_m5tm1 has 0 polygons
2026-03-18 23:30:48 +0100: Memory Usage (469156K) : norcx_m5tm2 has 0 polygons
2026-03-18 23:30:48 +0100: Memory Usage (469156K) : norcx_tm1tm2 has 0 polygons
2026-03-18 23:30:48 +0100: Memory Usage (469156K) : norcx_m1sub has 0 polygons
2026-03-18 23:30:48 +0100: Memory Usage (469156K) : norcx_m2sub has 0 polygons
2026-03-18 23:30:48 +0100: Memory Usage (469156K) : norcx_m3sub has 0 polygons
2026-03-18 23:30:48 +0100: Memory Usage (469156K) : norcx_m4sub has 0 polygons
2026-03-18 23:30:48 +0100: Memory Usage (469156K) : norcx_m5sub has 0 polygons
2026-03-18 23:30:48 +0100: Memory Usage (469156K) : norcx_tm1sub has 0 polygons
2026-03-18 23:30:48 +0100: Memory Usage (469156K) : norcx_tm2sub has 0 polygons
2026-03-18 23:30:48 +0100: Memory Usage (469156K) : snsbotvia_drw has 0 polygons
2026-03-18 23:30:48 +0100: Memory Usage (469156K) : snstopvia_drw has 0 polygons
2026-03-18 23:30:48 +0100: Memory Usage (469156K) : deepvia_drw has 0 polygons
2026-03-18 23:30:48 +0100: Memory Usage (469156K) : fgetch_drw has 0 polygons
2026-03-18 23:30:48 +0100: Memory Usage (469156K) : ctrgat_drw has 0 polygons
2026-03-18 23:30:48 +0100: Memory Usage (469156K) : fgimp_drw has 0 polygons
2026-03-18 23:30:48 +0100: Memory Usage (469540K) : emwihv_drw has 0 polygons
2026-03-18 23:30:48 +0100: Memory Usage (469540K) : lbe_drw has 0 polygons
2026-03-18 23:30:48 +0100: Memory Usage (469540K) : alcustop_drw has 0 polygons
2026-03-18 23:30:48 +0100: Memory Usage (469540K) : nometfiller_drw has 0 polygons
2026-03-18 23:30:48 +0100: Memory Usage (469540K) : prboundary_drw has 0 polygons
2026-03-18 23:30:48 +0100: Memory Usage (469540K) : exchange0_drw has 0 polygons
2026-03-18 23:30:48 +0100: Memory Usage (469540K) : exchange0_pin has 0 polygons
2026-03-18 23:30:48 +0100: Memory Usage (469540K) : exchange0_text has 0 polygons
2026-03-18 23:30:48 +0100: Memory Usage (469540K) : exchange1_drw has 0 polygons
2026-03-18 23:30:48 +0100: Memory Usage (469540K) : exchange1_pin has 0 polygons
2026-03-18 23:30:48 +0100: Memory Usage (469540K) : exchange1_text has 0 polygons
2026-03-18 23:30:48 +0100: Memory Usage (469540K) : exchange2_drw has 0 polygons
2026-03-18 23:30:48 +0100: Memory Usage (469540K) : exchange2_pin has 0 polygons
2026-03-18 23:30:48 +0100: Memory Usage (469540K) : exchange2_text has 0 polygons
2026-03-18 23:30:48 +0100: Memory Usage (469540K) : exchange3_drw has 0 polygons
2026-03-18 23:30:48 +0100: Memory Usage (469540K) : exchange3_pin has 0 polygons
2026-03-18 23:30:48 +0100: Memory Usage (469540K) : exchange3_text has 0 polygons
2026-03-18 23:30:48 +0100: Memory Usage (469924K) : exchange4_drw has 0 polygons
2026-03-18 23:30:48 +0100: Memory Usage (469924K) : exchange4_pin has 0 polygons
2026-03-18 23:30:48 +0100: Memory Usage (469924K) : exchange4_text has 0 polygons
2026-03-18 23:30:48 +0100: Memory Usage (469924K) : isonwell_drw has 0 polygons
2026-03-18 23:30:48 +0100: Memory Usage (469924K) : Total no. of polygons in the design is 1382
2026-03-18 23:30:48 +0100: Memory Usage (469924K) : Starting base layers derivations
2026-03-18 23:30:48 +0100: Memory Usage (469924K) : Starting general LVS derivations
2026-03-18 23:30:48 +0100: Memory Usage (473452K) : Starting MOSFET DERIVATIONS
2026-03-18 23:30:48 +0100: Memory Usage (473452K) : Starting NMOS DERIVATIONS
2026-03-18 23:30:48 +0100: Memory Usage (473452K) : Starting PMOS DERIVATIONS
2026-03-18 23:30:48 +0100: Memory Usage (473452K) : Starting RF-MOSFET DERIVATIONS
2026-03-18 23:30:48 +0100: Memory Usage (473452K) : Starting RF-NMOS DERIVATIONS
2026-03-18 23:30:48 +0100: Memory Usage (473452K) : Starting RF-PMOS DERIVATIONS
2026-03-18 23:30:48 +0100: Memory Usage (473452K) : Starting BJT DERIVATIONS
2026-03-18 23:30:48 +0100: Memory Usage (473452K) : Starting NPN-BJT DERIVATIONS
2026-03-18 23:30:48 +0100: Memory Usage (473452K) : Starting PNP-BJT DERIVATIONS
2026-03-18 23:30:48 +0100: Memory Usage (473452K) : Starting DIODE DERIVATIONS
2026-03-18 23:30:48 +0100: Memory Usage (473452K) : Starting RESISTOR DERIVATIONS
2026-03-18 23:30:48 +0100: Memory Usage (473452K) : Starting CAP DERIVATIONS
2026-03-18 23:30:48 +0100: Memory Usage (473452K) : Starting ESD DERIVATIONS
2026-03-18 23:30:48 +0100: Memory Usage (473452K) : Starting Inductor DERIVATIONS
2026-03-18 23:30:48 +0100: Memory Usage (473452K) : Starting Taps DERIVATIONS
2026-03-18 23:30:48 +0100: Memory Usage (473452K) : Starting SG13G2 LVS connectivity setup
2026-03-18 23:30:48 +0100: Memory Usage (473452K) : Starting SG13G2 LVS connectivity setup (Inter-layer)
2026-03-18 23:30:48 +0100: Memory Usage (474316K) : Starting SG13G2 LVS connectivity setup (Global)
2026-03-18 23:30:48 +0100: Memory Usage (474316K) : Starting LVS MOSFET CONNECTIONS
2026-03-18 23:30:48 +0100: Memory Usage (474316K) : Starting LVS RF-MOSFET CONNECTIONS
2026-03-18 23:30:48 +0100: Memory Usage (474316K) : Starting LVS BJT CONNECTIONS
2026-03-18 23:30:48 +0100: Memory Usage (474316K) : Starting LVS DIODE CONNECTIONS
2026-03-18 23:30:48 +0100: Memory Usage (474316K) : Starting RESISTOR CONNECTIONS
2026-03-18 23:30:48 +0100: Memory Usage (474316K) : Starting LVS CAP CONNECTIONS
2026-03-18 23:30:48 +0100: Memory Usage (474316K) : Starting ESD CONNECTIONS
2026-03-18 23:30:48 +0100: Memory Usage (474316K) : Starting Inductor CONNECTIONS
2026-03-18 23:30:48 +0100: Memory Usage (474316K) : Starting LVS Taps CONNECTIONS
2026-03-18 23:30:48 +0100: Memory Usage (474316K) : Starting SG13G2 LVS DEVICES EXTRACTION
2026-03-18 23:30:48 +0100: Memory Usage (474316K) : Starting MOSFET EXTRACTION
2026-03-18 23:30:48 +0100: Memory Usage (474316K) : Starting NMOS EXTRACTION
2026-03-18 23:30:48 +0100: Memory Usage (474316K) : Extraction of NMOS-LV transistor
2026-03-18 23:30:48 +0100: Memory Usage (474700K) : Extraction of NMOS-HV transistor
2026-03-18 23:30:48 +0100: Memory Usage (474700K) : Starting PMOS EXTRACTION
2026-03-18 23:30:48 +0100: Memory Usage (474700K) : Extraction of PMOS-LV transistor
2026-03-18 23:30:48 +0100: Memory Usage (474700K) : Extraction of PMOS-HV transistor
2026-03-18 23:30:48 +0100: Memory Usage (474700K) : Starting RF-MOSFET EXTRACTION
2026-03-18 23:30:48 +0100: Memory Usage (474700K) : Extraction of RF-NMOS-LV transistor
2026-03-18 23:30:48 +0100: Memory Usage (474700K) : Extraction of RF-NMOS-HV transistor
2026-03-18 23:30:48 +0100: Memory Usage (474700K) : Extraction of RF-PMOS-LV transistor
2026-03-18 23:30:48 +0100: Memory Usage (474700K) : Extraction of RF-PMOS-HV transistor
2026-03-18 23:30:48 +0100: Memory Usage (474700K) : Starting BJT EXTRACTION
2026-03-18 23:30:48 +0100: Memory Usage (474700K) : Starting NPN-BJT EXTRACTION
2026-03-18 23:30:48 +0100: Memory Usage (474700K) : Extraction of npn13G2 BJT transistor
2026-03-18 23:30:48 +0100: Memory Usage (474700K) : Extraction of npn13G2L BJT transistor
2026-03-18 23:30:48 +0100: Memory Usage (474700K) : Extraction of npn13G2V BJT transistor
2026-03-18 23:30:48 +0100: Memory Usage (474700K) : Starting PNP-BJT EXTRACTION
2026-03-18 23:30:48 +0100: Memory Usage (474700K) : Extracting pnpMPA BJT
2026-03-18 23:30:48 +0100: Memory Usage (474700K) : Starting DIODE EXTRACTION
2026-03-18 23:30:48 +0100: Memory Usage (474700K) : Extracting dantenna diode
2026-03-18 23:30:48 +0100: Memory Usage (474700K) : Extracting dpantenna diode
2026-03-18 23:30:48 +0100: Memory Usage (474700K) : Extracting schottky_nbl1 diode
2026-03-18 23:30:48 +0100: Memory Usage (474700K) : Extracting isolbox diode
2026-03-18 23:30:48 +0100: Memory Usage (474700K) : Starting RESISTOR EXTRACTION
2026-03-18 23:30:48 +0100: Memory Usage (474700K) : Extracting rsil resistor
2026-03-18 23:30:48 +0100: Memory Usage (474700K) : Extracting rppd resistor
2026-03-18 23:30:48 +0100: Memory Usage (474700K) : Extracting rhigh resistor
2026-03-18 23:30:48 +0100: Memory Usage (474700K) : Extracting res_metal1 resistor
2026-03-18 23:30:48 +0100: Memory Usage (474700K) : Extracting res_metal2 resistor
2026-03-18 23:30:48 +0100: Memory Usage (474700K) : Extracting res_metal3 resistor
2026-03-18 23:30:48 +0100: Memory Usage (474700K) : Extracting res_metal4 resistor
2026-03-18 23:30:48 +0100: Memory Usage (474700K) : Extracting res_metal5 resistor
2026-03-18 23:30:48 +0100: Memory Usage (474700K) : Extracting res_topmetal1 resistor
2026-03-18 23:30:48 +0100: Memory Usage (474700K) : Extracting res_topmetal2 resistor
2026-03-18 23:30:48 +0100: Memory Usage (474700K) : Starting CAP EXTRACTION
2026-03-18 23:30:48 +0100: Memory Usage (474700K) : Extracting cap_cmim device
2026-03-18 23:30:48 +0100: Memory Usage (474700K) : Extracting rfcmim device
2026-03-18 23:30:48 +0100: Memory Usage (474700K) : Extracting sg13_hv_svaricap varactor
2026-03-18 23:30:48 +0100: Memory Usage (474700K) : Starting ESD EXTRACTION
2026-03-18 23:30:48 +0100: Memory Usage (474700K) : Extracting diodevdd_2kv ESD device
2026-03-18 23:30:48 +0100: Memory Usage (474700K) : Extracting diodevdd_4kv ESD device
2026-03-18 23:30:48 +0100: Memory Usage (474700K) : Extracting diodevss_2kv ESD device
2026-03-18 23:30:48 +0100: Memory Usage (474700K) : Extracting diodevss_4kv ESD device
2026-03-18 23:30:48 +0100: Memory Usage (474700K) : Extracting idiodevdd_2kv ESD device
2026-03-18 23:30:48 +0100: Memory Usage (474700K) : Extracting idiodevdd_4kv ESD device
2026-03-18 23:30:48 +0100: Memory Usage (474700K) : Extracting idiodevss_2kv ESD device
2026-03-18 23:30:48 +0100: Memory Usage (474700K) : Extracting idiodevss_4kv ESD device
2026-03-18 23:30:48 +0100: Memory Usage (474700K) : Extracting nmoscl_2 ESD device
2026-03-18 23:30:48 +0100: Memory Usage (474700K) : Extracting nmoscl_4 ESD device
2026-03-18 23:30:48 +0100: Memory Usage (474700K) : Starting Inductor EXTRACTION
2026-03-18 23:30:48 +0100: Memory Usage (474700K) : Extracting Inductor2 device
2026-03-18 23:30:48 +0100: Memory Usage (474700K) : Extracting Inductor3 device
2026-03-18 23:30:48 +0100: Memory Usage (474700K) : Starting Taps EXTRACTION
2026-03-18 23:30:48 +0100: Memory Usage (474700K) : Extracting ntap1 device
2026-03-18 23:30:48 +0100: Memory Usage (474700K) : Extracting ptap1 device
2026-03-18 23:30:48 +0100: Memory Usage (474700K) : Starting SG13G2 LVS RF MOS Model Mapping
2026-03-18 23:30:48 +0100: Memory Usage (474700K) : [layout_netlist] Apply RF MOS model mapping and rfmode parameter.
2026-03-18 23:30:48 +0100: Memory Usage (474700K) : Starting SG13G2 LVS Options Preparations
2026-03-18 23:30:48 +0100: Memory Usage (474700K) : SG13G2 LVS flow: extraction -> alignment -> option preparation -> comparison.
2026-03-18 23:30:48 +0100: Memory Usage (474700K) : Starting SG13G2 LVS Alignment
2026-03-18 23:30:48 +0100: Memory Usage (475084K) : Starting SG13G2 LVS Simplification
2026-03-18 23:30:48 +0100: Memory Usage (475084K) : [layout_netlist] simplify: ENABLED
2026-03-18 23:30:48 +0100: Memory Usage (475084K) : [layout_netlist] make_top_level_pins: SKIPPED
2026-03-18 23:30:48 +0100: Memory Usage (475084K) : [layout_netlist] combine_devices: SKIPPED
2026-03-18 23:30:48 +0100: Memory Usage (475084K) : [layout_netlist] purge: SKIPPED
2026-03-18 23:30:48 +0100: Memory Usage (475084K) : [layout_netlist] purge_nets: SKIPPED
2026-03-18 23:30:48 +0100: Memory Usage (475084K) : [schematic_netlist] simplify: ENABLED
2026-03-18 23:30:48 +0100: Memory Usage (475084K) : [schematic_netlist] make_top_level_pins: SKIPPED
2026-03-18 23:30:48 +0100: Memory Usage (475084K) : [schematic_netlist] combine_devices: SKIPPED
2026-03-18 23:30:48 +0100: Memory Usage (475084K) : [schematic_netlist] purge: SKIPPED
2026-03-18 23:30:48 +0100: Memory Usage (475084K) : [schematic_netlist] purge_nets: SKIPPED
2026-03-18 23:30:48 +0100: Memory Usage (475084K) : Starting SG13G2 LVS Comparison in strict port mode.
2026-03-18 23:30:48 +0100: Memory Usage (475084K) : flag_missing_ports enabled: missing/mislabeled top-level ports are treated as errors.
2026-03-18 23:30:48 +0100: Memory Usage (475084K) : xxxxxxxxxxxxxxxxxxxxxxxxxxxxxxxxxxxxxxxxxx
2026-03-18 23:30:48 +0100: Memory Usage (475084K) : ERROR : Netlists don't match
2026-03-18 23:30:48 +0100: Memory Usage (475084K) : xxxxxxxxxxxxxxxxxxxxxxxxxxxxxxxxxxxxxxxxxx
2026-03-18 23:30:48 +0100: Memory Usage (475084K) : LVS Total Run time 0.921386 seconds
