# Logfile created on 2026-03-18 23:22:18 +0100 by logger.rb/v1.5.3
2026-03-18 23:22:18 +0100: Memory Usage (441224K) : Starting running SG13G2 Klayout LVS runset on /foss/designs/ttihp26a-adex-neuron-ncs/klayout/tg_lv.gds
2026-03-18 23:22:18 +0100: Memory Usage (441224K) : Ruby Version for klayout: 3.2.3
2026-03-18 23:22:18 +0100: Memory Usage (442492K) : Loading database to memory is complete.
2026-03-18 23:22:18 +0100: Memory Usage (442492K) : SG13G2 Klayout LVS runset output at: /foss/designs/ttihp26a-adex-neuron-ncs/klayout/lvs_run_tg_lv_2026_03_18_23_22_16/tg_lv.lvsdb
2026-03-18 23:22:18 +0100: Memory Usage (442492K) : Evaluate switches.
2026-03-18 23:22:18 +0100: Memory Usage (442492K) : Extracted netlist with net names: true
2026-03-18 23:22:18 +0100: Memory Usage (442492K) : Extracted netlist with comments in details: false
2026-03-18 23:22:18 +0100: Memory Usage (442492K) : Selected NET_ONLY option: false
2026-03-18 23:22:18 +0100: Memory Usage (442492K) : Selected LAYOUT_NETLIST option: (none)
2026-03-18 23:22:18 +0100: Memory Usage (442492K) : Selected IGNORE_TOP_PORTS_MISMATCH option: 
2026-03-18 23:22:18 +0100: Memory Usage (442492K) : Selected IMPLICIT_NETS option: (none)
2026-03-18 23:22:18 +0100: Memory Usage (442492K) : Selected TOP_LVL_PINS option: false
2026-03-18 23:22:18 +0100: Memory Usage (442492K) : Selected COMBINE DEVICES option: false
2026-03-18 23:22:18 +0100: Memory Usage (442492K) : Selected PURGE option: false
2026-03-18 23:22:18 +0100: Memory Usage (442492K) : Selected PURGE_NETS option: false
2026-03-18 23:22:18 +0100: Memory Usage (442492K) : Selected SIMPLIFY option: true
2026-03-18 23:22:18 +0100: Memory Usage (442492K) : Selected SERIES_RES option: true
2026-03-18 23:22:18 +0100: Memory Usage (442492K) : Selected PARALLEL_RES option: true
2026-03-18 23:22:18 +0100: Memory Usage (442492K) : flat  mode is enabled.
2026-03-18 23:22:18 +0100: Memory Usage (442492K) : Netlist file: /foss/designs/ttihp26a-adex-neuron-ncs/xschem/simulation/tg_lv.spice
2026-03-18 23:22:18 +0100: Memory Usage (442492K) : LVS extracted netlist at: /foss/designs/ttihp26a-adex-neuron-ncs/klayout/lvs_run_tg_lv_2026_03_18_23_22_16/tg_lv_extracted.cir
2026-03-18 23:22:18 +0100: Memory Usage (442492K) : Applying SRAM integration support.
2026-03-18 23:22:18 +0100: Memory Usage (442492K) : Starting SG13G2 LVS runset
2026-03-18 23:22:18 +0100: Memory Usage (442492K) : Read in polygons from layers.
2026-03-18 23:22:18 +0100: Memory Usage (443292K) : activ_drw has 16 polygons
2026-03-18 23:22:18 +0100: Memory Usage (443676K) : activ_filler has 0 polygons
2026-03-18 23:22:18 +0100: Memory Usage (444072K) : activ has 16 polygons
2026-03-18 23:22:18 +0100: Memory Usage (444072K) : activ_pin has 0 polygons
2026-03-18 23:22:18 +0100: Memory Usage (444072K) : activ_mask has 0 polygons
2026-03-18 23:22:18 +0100: Memory Usage (444072K) : activ_nofill has 0 polygons
2026-03-18 23:22:18 +0100: Memory Usage (444072K) : activ_OPC has 0 polygons
2026-03-18 23:22:18 +0100: Memory Usage (444072K) : activ_iOPC has 0 polygons
2026-03-18 23:22:18 +0100: Memory Usage (444072K) : activ_noqrc has 0 polygons
2026-03-18 23:22:18 +0100: Memory Usage (444456K) : biwind_drw has 0 polygons
2026-03-18 23:22:18 +0100: Memory Usage (444456K) : biwind_OPC has 0 polygons
2026-03-18 23:22:18 +0100: Memory Usage (444456K) : gatpoly_drw has 12 polygons
2026-03-18 23:22:18 +0100: Memory Usage (444456K) : gatpoly_filler has 0 polygons
2026-03-18 23:22:18 +0100: Memory Usage (444456K) : gatpoly has 12 polygons
2026-03-18 23:22:18 +0100: Memory Usage (444456K) : gatpoly_pin has 0 polygons
2026-03-18 23:22:18 +0100: Memory Usage (444456K) : gatpoly_nofill has 0 polygons
2026-03-18 23:22:18 +0100: Memory Usage (444456K) : gatpoly_OPC has 0 polygons
2026-03-18 23:22:18 +0100: Memory Usage (444840K) : gatpoly_iOPC has 0 polygons
2026-03-18 23:22:18 +0100: Memory Usage (444840K) : gatpoly_noqrc has 0 polygons
2026-03-18 23:22:18 +0100: Memory Usage (444840K) : cont_drw has 280 polygons
2026-03-18 23:22:18 +0100: Memory Usage (444840K) : cont_OPC has 0 polygons
2026-03-18 23:22:18 +0100: Memory Usage (444840K) : nsd_drw has 0 polygons
2026-03-18 23:22:18 +0100: Memory Usage (445224K) : nsd_block has 0 polygons
2026-03-18 23:22:18 +0100: Memory Usage (445224K) : metal1_drw has 40 polygons
2026-03-18 23:22:18 +0100: Memory Usage (445224K) : metal1_filler has 0 polygons
2026-03-18 23:22:18 +0100: Memory Usage (445608K) : metal1_slit has 0 polygons
2026-03-18 23:22:18 +0100: Memory Usage (445608K) : metal1 has 40 polygons
2026-03-18 23:22:18 +0100: Memory Usage (445608K) : metal1_pin has 0 polygons
2026-03-18 23:22:18 +0100: Memory Usage (445992K) : metal1_mask has 0 polygons
2026-03-18 23:22:18 +0100: Memory Usage (445992K) : metal1_nofill has 0 polygons
2026-03-18 23:22:18 +0100: Memory Usage (445992K) : metal1_text has 0 polygons
2026-03-18 23:22:18 +0100: Memory Usage (445992K) : metal1_OPC has 0 polygons
2026-03-18 23:22:18 +0100: Memory Usage (446376K) : metal1_noqrc has 0 polygons
2026-03-18 23:22:18 +0100: Memory Usage (446376K) : metal1_res has 0 polygons
2026-03-18 23:22:18 +0100: Memory Usage (446376K) : metal1_iprobe has 0 polygons
2026-03-18 23:22:18 +0100: Memory Usage (446760K) : metal1_diffprb has 0 polygons
2026-03-18 23:22:18 +0100: Memory Usage (446760K) : passiv_drw has 0 polygons
2026-03-18 23:22:18 +0100: Memory Usage (446760K) : passiv_pin has 0 polygons
2026-03-18 23:22:18 +0100: Memory Usage (447144K) : passiv_sbump has 0 polygons
2026-03-18 23:22:18 +0100: Memory Usage (447144K) : passiv_pillar has 0 polygons
2026-03-18 23:22:18 +0100: Memory Usage (447144K) : passiv_pdl has 0 polygons
2026-03-18 23:22:18 +0100: Memory Usage (447528K) : metal2_drw has 38 polygons
2026-03-18 23:22:18 +0100: Memory Usage (447528K) : metal2_filler has 0 polygons
2026-03-18 23:22:18 +0100: Memory Usage (447912K) : metal2_slit has 0 polygons
2026-03-18 23:22:18 +0100: Memory Usage (447912K) : metal2 has 38 polygons
2026-03-18 23:22:18 +0100: Memory Usage (447912K) : metal2_pin has 3 polygons
2026-03-18 23:22:18 +0100: Memory Usage (447912K) : metal2_mask has 0 polygons
2026-03-18 23:22:18 +0100: Memory Usage (448296K) : metal2_nofill has 0 polygons
2026-03-18 23:22:18 +0100: Memory Usage (448296K) : metal2_text has 3 polygons
2026-03-18 23:22:18 +0100: Memory Usage (448296K) : metal2_OPC has 0 polygons
2026-03-18 23:22:18 +0100: Memory Usage (448296K) : metal2_noqrc has 0 polygons
2026-03-18 23:22:18 +0100: Memory Usage (448680K) : metal2_res has 0 polygons
2026-03-18 23:22:18 +0100: Memory Usage (448680K) : metal2_iprobe has 0 polygons
2026-03-18 23:22:18 +0100: Memory Usage (448680K) : metal2_diffprb has 0 polygons
2026-03-18 23:22:18 +0100: Memory Usage (449064K) : baspoly_drw has 0 polygons
2026-03-18 23:22:18 +0100: Memory Usage (449064K) : baspoly_pin has 0 polygons
2026-03-18 23:22:18 +0100: Memory Usage (449064K) : psd_drw has 8 polygons
2026-03-18 23:22:18 +0100: Memory Usage (449448K) : nldb_drw has 0 polygons
2026-03-18 23:22:18 +0100: Memory Usage (449448K) : digibnd_drw has 0 polygons
2026-03-18 23:22:18 +0100: Memory Usage (449448K) : via1_drw has 230 polygons
2026-03-18 23:22:18 +0100: Memory Usage (449448K) : backmetal1_drw has 0 polygons
2026-03-18 23:22:18 +0100: Memory Usage (449832K) : backmetal1_pin has 0 polygons
2026-03-18 23:22:18 +0100: Memory Usage (449832K) : backmetal1_mask has 0 polygons
2026-03-18 23:22:18 +0100: Memory Usage (449832K) : backmetal1_filler has 0 polygons
2026-03-18 23:22:18 +0100: Memory Usage (450216K) : backmetal1_nofill has 0 polygons
2026-03-18 23:22:18 +0100: Memory Usage (450216K) : backmetal1_slit has 0 polygons
2026-03-18 23:22:18 +0100: Memory Usage (450216K) : backmetal1_text has 0 polygons
2026-03-18 23:22:18 +0100: Memory Usage (450600K) : backmetal1_OPC has 0 polygons
2026-03-18 23:22:18 +0100: Memory Usage (450600K) : backmetal1_noqrc has 0 polygons
2026-03-18 23:22:18 +0100: Memory Usage (450600K) : backmetal1_res has 0 polygons
2026-03-18 23:22:18 +0100: Memory Usage (450600K) : backmetal1_iprobe has 0 polygons
2026-03-18 23:22:18 +0100: Memory Usage (450984K) : backmetal1_diffprb has 0 polygons
2026-03-18 23:22:18 +0100: Memory Usage (450984K) : backpassiv_drw has 0 polygons
2026-03-18 23:22:18 +0100: Memory Usage (451368K) : res_drw has 0 polygons
2026-03-18 23:22:18 +0100: Memory Usage (451368K) : sram_drw has 0 polygons
2026-03-18 23:22:18 +0100: Memory Usage (451368K) : trans_drw has 0 polygons
2026-03-18 23:22:18 +0100: Memory Usage (451752K) : ind_drw has 0 polygons
2026-03-18 23:22:18 +0100: Memory Usage (451752K) : ind_pin has 0 polygons
2026-03-18 23:22:18 +0100: Memory Usage (451752K) : ind_text has 0 polygons
2026-03-18 23:22:18 +0100: Memory Usage (451752K) : salblock_drw has 0 polygons
2026-03-18 23:22:18 +0100: Memory Usage (452136K) : via2_drw has 24 polygons
2026-03-18 23:22:18 +0100: Memory Usage (452136K) : metal3_drw has 6 polygons
2026-03-18 23:22:18 +0100: Memory Usage (452136K) : metal3_filler has 0 polygons
2026-03-18 23:22:18 +0100: Memory Usage (452520K) : metal3_slit has 0 polygons
2026-03-18 23:22:18 +0100: Memory Usage (452520K) : metal3 has 6 polygons
2026-03-18 23:22:18 +0100: Memory Usage (452904K) : metal3_pin has 2 polygons
2026-03-18 23:22:18 +0100: Memory Usage (452904K) : metal3_mask has 0 polygons
2026-03-18 23:22:18 +0100: Memory Usage (452904K) : metal3_nofill has 0 polygons
2026-03-18 23:22:18 +0100: Memory Usage (452904K) : metal3_text has 2 polygons
2026-03-18 23:22:18 +0100: Memory Usage (453288K) : metal3_OPC has 0 polygons
2026-03-18 23:22:18 +0100: Memory Usage (453288K) : metal3_noqrc has 0 polygons
2026-03-18 23:22:18 +0100: Memory Usage (453288K) : metal3_res has 0 polygons
2026-03-18 23:22:18 +0100: Memory Usage (453288K) : metal3_iprobe has 0 polygons
2026-03-18 23:22:18 +0100: Memory Usage (453672K) : metal3_diffprb has 0 polygons
2026-03-18 23:22:18 +0100: Memory Usage (453672K) : nwell_drw has 1 polygons
2026-03-18 23:22:18 +0100: Memory Usage (453672K) : nwell_pin has 0 polygons
2026-03-18 23:22:18 +0100: Memory Usage (454056K) : nwell_text has 0 polygons
2026-03-18 23:22:18 +0100: Memory Usage (454056K) : nbulay_drw has 0 polygons
2026-03-18 23:22:18 +0100: Memory Usage (454056K) : nbulay_pin has 0 polygons
2026-03-18 23:22:18 +0100: Memory Usage (454440K) : nbulay_block has 0 polygons
2026-03-18 23:22:18 +0100: Memory Usage (454440K) : emwind_drw has 0 polygons
2026-03-18 23:22:18 +0100: Memory Usage (454440K) : emwind_OPC has 0 polygons
2026-03-18 23:22:18 +0100: Memory Usage (454440K) : deepco_drw has 0 polygons
2026-03-18 23:22:18 +0100: Memory Usage (454824K) : mim_drw has 0 polygons
2026-03-18 23:22:18 +0100: Memory Usage (454824K) : edgeseal_drw has 0 polygons
2026-03-18 23:22:18 +0100: Memory Usage (454824K) : substrate_drw has 0 polygons
2026-03-18 23:22:18 +0100: Memory Usage (455208K) : substrate_text has 0 polygons
2026-03-18 23:22:18 +0100: Memory Usage (455208K) : dfpad_drw has 0 polygons
2026-03-18 23:22:18 +0100: Memory Usage (455208K) : dfpad_pillar has 0 polygons
2026-03-18 23:22:18 +0100: Memory Usage (455592K) : dfpad_sbump has 0 polygons
2026-03-18 23:22:18 +0100: Memory Usage (455592K) : thickgateox_drw has 0 polygons
2026-03-18 23:22:18 +0100: Memory Usage (455592K) : pldb_drw has 0 polygons
2026-03-18 23:22:18 +0100: Memory Usage (455592K) : pwell_drw has 0 polygons
2026-03-18 23:22:18 +0100: Memory Usage (455976K) : pwell_pin has 0 polygons
2026-03-18 23:22:18 +0100: Memory Usage (455976K) : pwell_block has 0 polygons
2026-03-18 23:22:18 +0100: Memory Usage (455976K) : ic_drw has 0 polygons
2026-03-18 23:22:18 +0100: Memory Usage (456360K) : via3_drw has 0 polygons
2026-03-18 23:22:18 +0100: Memory Usage (456360K) : metal4_drw has 0 polygons
2026-03-18 23:22:18 +0100: Memory Usage (456360K) : metal4_filler has 0 polygons
2026-03-18 23:22:18 +0100: Memory Usage (456744K) : metal4_slit has 0 polygons
2026-03-18 23:22:18 +0100: Memory Usage (456744K) : metal4 has 0 polygons
2026-03-18 23:22:18 +0100: Memory Usage (456744K) : metal4_pin has 0 polygons
2026-03-18 23:22:18 +0100: Memory Usage (457128K) : metal4_mask has 0 polygons
2026-03-18 23:22:18 +0100: Memory Usage (457128K) : metal4_nofill has 0 polygons
2026-03-18 23:22:18 +0100: Memory Usage (457128K) : metal4_text has 0 polygons
2026-03-18 23:22:18 +0100: Memory Usage (457128K) : metal4_OPC has 0 polygons
2026-03-18 23:22:18 +0100: Memory Usage (457512K) : metal4_noqrc has 0 polygons
2026-03-18 23:22:18 +0100: Memory Usage (457512K) : metal4_res has 0 polygons
2026-03-18 23:22:18 +0100: Memory Usage (457512K) : metal4_iprobe has 0 polygons
2026-03-18 23:22:18 +0100: Memory Usage (457896K) : metal4_diffprb has 0 polygons
2026-03-18 23:22:18 +0100: Memory Usage (457896K) : heattrans_drw has 0 polygons
2026-03-18 23:22:18 +0100: Memory Usage (457896K) : heatres_drw has 0 polygons
2026-03-18 23:22:18 +0100: Memory Usage (457896K) : fbe_drw has 0 polygons
2026-03-18 23:22:18 +0100: Memory Usage (458280K) : empoly_drw has 0 polygons
2026-03-18 23:22:18 +0100: Memory Usage (458280K) : digisub_drw has 0 polygons
2026-03-18 23:22:18 +0100: Memory Usage (458280K) : text_drw has 0 polygons
2026-03-18 23:22:18 +0100: Memory Usage (458280K) : via4_drw has 0 polygons
2026-03-18 23:22:18 +0100: Memory Usage (458280K) : metal5_drw has 0 polygons
2026-03-18 23:22:18 +0100: Memory Usage (458280K) : metal5_filler has 0 polygons
2026-03-18 23:22:18 +0100: Memory Usage (458280K) : metal5_slit has 0 polygons
2026-03-18 23:22:18 +0100: Memory Usage (458280K) : metal5 has 0 polygons
2026-03-18 23:22:18 +0100: Memory Usage (458664K) : metal5_pin has 0 polygons
2026-03-18 23:22:18 +0100: Memory Usage (458664K) : metal5_mask has 0 polygons
2026-03-18 23:22:18 +0100: Memory Usage (458664K) : metal5_nofill has 0 polygons
2026-03-18 23:22:18 +0100: Memory Usage (459048K) : metal5_text has 0 polygons
2026-03-18 23:22:18 +0100: Memory Usage (459048K) : metal5_OPC has 0 polygons
2026-03-18 23:22:18 +0100: Memory Usage (459048K) : metal5_noqrc has 0 polygons
2026-03-18 23:22:18 +0100: Memory Usage (459432K) : metal5_res has 0 polygons
2026-03-18 23:22:18 +0100: Memory Usage (459432K) : metal5_iprobe has 0 polygons
2026-03-18 23:22:18 +0100: Memory Usage (459432K) : metal5_diffprb has 0 polygons
2026-03-18 23:22:18 +0100: Memory Usage (459432K) : radhard_drw has 0 polygons
2026-03-18 23:22:18 +0100: Memory Usage (459816K) : memcap_drw has 0 polygons
2026-03-18 23:22:18 +0100: Memory Usage (459816K) : varicap_drw has 0 polygons
2026-03-18 23:22:18 +0100: Memory Usage (459816K) : intbondvia_drw has 0 polygons
2026-03-18 23:22:18 +0100: Memory Usage (460200K) : intbondmet_drw has 0 polygons
2026-03-18 23:22:18 +0100: Memory Usage (460200K) : devbondvia_drw has 0 polygons
2026-03-18 23:22:18 +0100: Memory Usage (460200K) : devbondmet_drw has 0 polygons
2026-03-18 23:22:18 +0100: Memory Usage (460584K) : devtrench_drw has 0 polygons
2026-03-18 23:22:18 +0100: Memory Usage (460584K) : redist_drw has 0 polygons
2026-03-18 23:22:18 +0100: Memory Usage (460584K) : graphbot_drw has 0 polygons
2026-03-18 23:22:18 +0100: Memory Usage (460968K) : graphtop_drw has 0 polygons
2026-03-18 23:22:18 +0100: Memory Usage (460968K) : antvia1_drw has 0 polygons
2026-03-18 23:22:18 +0100: Memory Usage (460968K) : antmetal2_drw has 0 polygons
2026-03-18 23:22:18 +0100: Memory Usage (460968K) : graphcont_drw has 0 polygons
2026-03-18 23:22:18 +0100: Memory Usage (460968K) : siwg_drw has 0 polygons
2026-03-18 23:22:18 +0100: Memory Usage (461352K) : siwg_filler has 0 polygons
2026-03-18 23:22:18 +0100: Memory Usage (461352K) : siwg_nofill has 0 polygons
2026-03-18 23:22:18 +0100: Memory Usage (461352K) : sigrating_drw has 0 polygons
2026-03-18 23:22:18 +0100: Memory Usage (461736K) : singrating_drw has 0 polygons
2026-03-18 23:22:18 +0100: Memory Usage (461736K) : graphpas_drw has 0 polygons
2026-03-18 23:22:18 +0100: Memory Usage (461736K) : emwind3_drw has 0 polygons
2026-03-18 23:22:18 +0100: Memory Usage (461736K) : emwihv3_drw has 0 polygons
2026-03-18 23:22:18 +0100: Memory Usage (462120K) : redbulay_drw has 0 polygons
2026-03-18 23:22:18 +0100: Memory Usage (462120K) : smos_drw has 0 polygons
2026-03-18 23:22:18 +0100: Memory Usage (462120K) : graphpad_drw has 0 polygons
2026-03-18 23:22:18 +0100: Memory Usage (462504K) : polimide_drw has 0 polygons
2026-03-18 23:22:18 +0100: Memory Usage (462504K) : polimide_pin has 0 polygons
2026-03-18 23:22:18 +0100: Memory Usage (462504K) : recog_drw has 0 polygons
2026-03-18 23:22:18 +0100: Memory Usage (462888K) : recog_pin has 0 polygons
2026-03-18 23:22:18 +0100: Memory Usage (462888K) : recog_esd has 0 polygons
2026-03-18 23:22:18 +0100: Memory Usage (462888K) : recog_diode has 0 polygons
2026-03-18 23:22:18 +0100: Memory Usage (463272K) : recog_tsv has 0 polygons
2026-03-18 23:22:18 +0100: Memory Usage (463272K) : recog_iprobe has 0 polygons
2026-03-18 23:22:18 +0100: Memory Usage (463272K) : recog_diffprb has 0 polygons
2026-03-18 23:22:18 +0100: Memory Usage (463656K) : recog_pillar has 0 polygons
2026-03-18 23:22:18 +0100: Memory Usage (463656K) : recog_sbump has 0 polygons
2026-03-18 23:22:18 +0100: Memory Usage (463656K) : recog_otp has 0 polygons
2026-03-18 23:22:18 +0100: Memory Usage (464040K) : recog_pdiode has 0 polygons
2026-03-18 23:22:18 +0100: Memory Usage (464040K) : recog_mom has 0 polygons
2026-03-18 23:22:18 +0100: Memory Usage (464040K) : recog_pcm has 0 polygons
2026-03-18 23:22:18 +0100: Memory Usage (464040K) : colopen_drw has 0 polygons
2026-03-18 23:22:18 +0100: Memory Usage (464424K) : graphmetal1_drw has 0 polygons
2026-03-18 23:22:18 +0100: Memory Usage (464424K) : graphmetal1_filler has 0 polygons
2026-03-18 23:22:18 +0100: Memory Usage (464424K) : graphmetal1_nofill has 0 polygons
2026-03-18 23:22:18 +0100: Memory Usage (464808K) : graphmetal1_slit has 0 polygons
2026-03-18 23:22:18 +0100: Memory Usage (464808K) : graphmetal1_OPC has 0 polygons
2026-03-18 23:22:18 +0100: Memory Usage (464808K) : graphmet1l_drw has 0 polygons
2026-03-18 23:22:18 +0100: Memory Usage (465192K) : graphmet1l_filler has 0 polygons
2026-03-18 23:22:18 +0100: Memory Usage (465192K) : graphmet1l_nofill has 0 polygons
2026-03-18 23:22:18 +0100: Memory Usage (465192K) : graphmet1l_slit has 0 polygons
2026-03-18 23:22:18 +0100: Memory Usage (465576K) : graphmet1l_OPC has 0 polygons
2026-03-18 23:22:18 +0100: Memory Usage (465576K) : extblock_drw has 0 polygons
2026-03-18 23:22:18 +0100: Memory Usage (465576K) : nldd_drw has 0 polygons
2026-03-18 23:22:18 +0100: Memory Usage (465960K) : pldd_drw has 0 polygons
2026-03-18 23:22:18 +0100: Memory Usage (465960K) : next_drw has 0 polygons
2026-03-18 23:22:18 +0100: Memory Usage (465960K) : pext_drw has 0 polygons
2026-03-18 23:22:18 +0100: Memory Usage (466344K) : nexthv_drw has 0 polygons
2026-03-18 23:22:18 +0100: Memory Usage (466344K) : pexthv_drw has 0 polygons
2026-03-18 23:22:18 +0100: Memory Usage (466344K) : graphgate_drw has 0 polygons
2026-03-18 23:22:18 +0100: Memory Usage (466728K) : sinwg_drw has 0 polygons
2026-03-18 23:22:18 +0100: Memory Usage (466728K) : sinwg_filler has 0 polygons
2026-03-18 23:22:18 +0100: Memory Usage (466728K) : sinwg_nofill has 0 polygons
2026-03-18 23:22:18 +0100: Memory Usage (466728K) : mempad_drw has 0 polygons
2026-03-18 23:22:18 +0100: Memory Usage (467112K) : topvia1_drw has 0 polygons
2026-03-18 23:22:18 +0100: Memory Usage (467112K) : topmetal1_drw has 0 polygons
2026-03-18 23:22:18 +0100: Memory Usage (467112K) : topmetal1_filler has 0 polygons
2026-03-18 23:22:18 +0100: Memory Usage (467496K) : topmetal1_slit has 0 polygons
2026-03-18 23:22:18 +0100: Memory Usage (467496K) : topmetal1 has 0 polygons
2026-03-18 23:22:18 +0100: Memory Usage (467496K) : topmetal1_pin has 0 polygons
2026-03-18 23:22:18 +0100: Memory Usage (467496K) : topmetal1_mask has 0 polygons
2026-03-18 23:22:18 +0100: Memory Usage (467496K) : topmetal1_nofill has 0 polygons
2026-03-18 23:22:18 +0100: Memory Usage (467496K) : topmetal1_text has 0 polygons
2026-03-18 23:22:18 +0100: Memory Usage (467880K) : topmetal1_noqrc has 0 polygons
2026-03-18 23:22:18 +0100: Memory Usage (467880K) : topmetal1_res has 0 polygons
2026-03-18 23:22:18 +0100: Memory Usage (467880K) : topmetal1_iprobe has 0 polygons
2026-03-18 23:22:18 +0100: Memory Usage (467880K) : topmetal1_diffprb has 0 polygons
2026-03-18 23:22:18 +0100: Memory Usage (468264K) : inldpwl_drw has 0 polygons
2026-03-18 23:22:18 +0100: Memory Usage (468264K) : polyres_drw has 0 polygons
2026-03-18 23:22:18 +0100: Memory Usage (468264K) : polyres_pin has 0 polygons
2026-03-18 23:22:18 +0100: Memory Usage (468648K) : vmim_drw has 0 polygons
2026-03-18 23:22:18 +0100: Memory Usage (468648K) : nbulaycut_drw has 0 polygons
2026-03-18 23:22:18 +0100: Memory Usage (468648K) : antmetal1_drw has 0 polygons
2026-03-18 23:22:18 +0100: Memory Usage (469032K) : topvia2_drw has 0 polygons
2026-03-18 23:22:18 +0100: Memory Usage (469032K) : topmetal2_drw has 0 polygons
2026-03-18 23:22:18 +0100: Memory Usage (469032K) : topmetal2_filler has 0 polygons
2026-03-18 23:22:18 +0100: Memory Usage (469416K) : topmetal2_slit has 0 polygons
2026-03-18 23:22:18 +0100: Memory Usage (469416K) : topmetal2 has 0 polygons
2026-03-18 23:22:18 +0100: Memory Usage (469416K) : topmetal2_pin has 0 polygons
2026-03-18 23:22:18 +0100: Memory Usage (469800K) : topmetal2_mask has 0 polygons
2026-03-18 23:22:18 +0100: Memory Usage (469800K) : topmetal2_nofill has 0 polygons
2026-03-18 23:22:18 +0100: Memory Usage (469800K) : topmetal2_text has 0 polygons
2026-03-18 23:22:18 +0100: Memory Usage (469800K) : topmetal2_noqrc has 0 polygons
2026-03-18 23:22:18 +0100: Memory Usage (469800K) : topmetal2_res has 0 polygons
2026-03-18 23:22:18 +0100: Memory Usage (469800K) : topmetal2_iprobe has 0 polygons
2026-03-18 23:22:18 +0100: Memory Usage (469800K) : topmetal2_diffprb has 0 polygons
2026-03-18 23:22:18 +0100: Memory Usage (469800K) : snsring_drw has 0 polygons
2026-03-18 23:22:18 +0100: Memory Usage (469800K) : sensor_drw has 0 polygons
2026-03-18 23:22:18 +0100: Memory Usage (469800K) : snsarms_drw has 0 polygons
2026-03-18 23:22:18 +0100: Memory Usage (469800K) : snscmosvia_drw has 0 polygons
2026-03-18 23:22:18 +0100: Memory Usage (469800K) : colwind_drw has 0 polygons
2026-03-18 23:22:18 +0100: Memory Usage (469800K) : flm_drw has 0 polygons
2026-03-18 23:22:18 +0100: Memory Usage (469800K) : hafniumox_drw has 0 polygons
2026-03-18 23:22:18 +0100: Memory Usage (469800K) : memvia_drw has 0 polygons
2026-03-18 23:22:18 +0100: Memory Usage (469800K) : thinfilmres_drw has 0 polygons
2026-03-18 23:22:18 +0100: Memory Usage (469800K) : rfmem_drw has 0 polygons
2026-03-18 23:22:18 +0100: Memory Usage (469800K) : norcx_drw has 0 polygons
2026-03-18 23:22:18 +0100: Memory Usage (469800K) : norcx_m2m3 has 0 polygons
2026-03-18 23:22:18 +0100: Memory Usage (469800K) : norcx_m2m4 has 0 polygons
2026-03-18 23:22:18 +0100: Memory Usage (469800K) : norcx_m2m5 has 0 polygons
2026-03-18 23:22:18 +0100: Memory Usage (469800K) : norcx_m2tm1 has 0 polygons
2026-03-18 23:22:18 +0100: Memory Usage (469800K) : norcx_m2tm2 has 0 polygons
2026-03-18 23:22:18 +0100: Memory Usage (469800K) : norcx_m3m4 has 0 polygons
2026-03-18 23:22:18 +0100: Memory Usage (469800K) : norcx_m3m5 has 0 polygons
2026-03-18 23:22:18 +0100: Memory Usage (469800K) : norcx_m3tm1 has 0 polygons
2026-03-18 23:22:18 +0100: Memory Usage (469800K) : norcx_m3tm2 has 0 polygons
2026-03-18 23:22:18 +0100: Memory Usage (469800K) : norcx_m4m5 has 0 polygons
2026-03-18 23:22:18 +0100: Memory Usage (469800K) : norcx_m4tm1 has 0 polygons
2026-03-18 23:22:18 +0100: Memory Usage (469800K) : norcx_m4tm2 has 0 polygons
2026-03-18 23:22:18 +0100: Memory Usage (469800K) : norcx_m5tm1 has 0 polygons
2026-03-18 23:22:18 +0100: Memory Usage (469800K) : norcx_m5tm2 has 0 polygons
2026-03-18 23:22:18 +0100: Memory Usage (469800K) : norcx_tm1tm2 has 0 polygons
2026-03-18 23:22:18 +0100: Memory Usage (469800K) : norcx_m1sub has 0 polygons
2026-03-18 23:22:18 +0100: Memory Usage (469800K) : norcx_m2sub has 0 polygons
2026-03-18 23:22:18 +0100: Memory Usage (469800K) : norcx_m3sub has 0 polygons
2026-03-18 23:22:18 +0100: Memory Usage (469800K) : norcx_m4sub has 0 polygons
2026-03-18 23:22:18 +0100: Memory Usage (469800K) : norcx_m5sub has 0 polygons
2026-03-18 23:22:18 +0100: Memory Usage (469800K) : norcx_tm1sub has 0 polygons
2026-03-18 23:22:18 +0100: Memory Usage (469800K) : norcx_tm2sub has 0 polygons
2026-03-18 23:22:18 +0100: Memory Usage (469800K) : snsbotvia_drw has 0 polygons
2026-03-18 23:22:18 +0100: Memory Usage (469800K) : snstopvia_drw has 0 polygons
2026-03-18 23:22:18 +0100: Memory Usage (469800K) : deepvia_drw has 0 polygons
2026-03-18 23:22:18 +0100: Memory Usage (469800K) : fgetch_drw has 0 polygons
2026-03-18 23:22:18 +0100: Memory Usage (469800K) : ctrgat_drw has 0 polygons
2026-03-18 23:22:18 +0100: Memory Usage (469800K) : fgimp_drw has 0 polygons
2026-03-18 23:22:18 +0100: Memory Usage (469800K) : emwihv_drw has 0 polygons
2026-03-18 23:22:18 +0100: Memory Usage (469800K) : lbe_drw has 0 polygons
2026-03-18 23:22:18 +0100: Memory Usage (469800K) : alcustop_drw has 0 polygons
2026-03-18 23:22:18 +0100: Memory Usage (469800K) : nometfiller_drw has 0 polygons
2026-03-18 23:22:18 +0100: Memory Usage (469800K) : prboundary_drw has 0 polygons
2026-03-18 23:22:18 +0100: Memory Usage (469800K) : exchange0_drw has 0 polygons
2026-03-18 23:22:18 +0100: Memory Usage (469800K) : exchange0_pin has 0 polygons
2026-03-18 23:22:18 +0100: Memory Usage (469800K) : exchange0_text has 0 polygons
2026-03-18 23:22:18 +0100: Memory Usage (469800K) : exchange1_drw has 0 polygons
2026-03-18 23:22:18 +0100: Memory Usage (469800K) : exchange1_pin has 0 polygons
2026-03-18 23:22:18 +0100: Memory Usage (469800K) : exchange1_text has 0 polygons
2026-03-18 23:22:18 +0100: Memory Usage (469800K) : exchange2_drw has 0 polygons
2026-03-18 23:22:18 +0100: Memory Usage (470184K) : exchange2_pin has 0 polygons
2026-03-18 23:22:18 +0100: Memory Usage (470184K) : exchange2_text has 0 polygons
2026-03-18 23:22:18 +0100: Memory Usage (470184K) : exchange3_drw has 0 polygons
2026-03-18 23:22:18 +0100: Memory Usage (470184K) : exchange3_pin has 0 polygons
2026-03-18 23:22:18 +0100: Memory Usage (470184K) : exchange3_text has 0 polygons
2026-03-18 23:22:18 +0100: Memory Usage (470184K) : exchange4_drw has 0 polygons
2026-03-18 23:22:18 +0100: Memory Usage (470568K) : exchange4_pin has 0 polygons
2026-03-18 23:22:18 +0100: Memory Usage (470568K) : exchange4_text has 0 polygons
2026-03-18 23:22:18 +0100: Memory Usage (470568K) : isonwell_drw has 0 polygons
2026-03-18 23:22:18 +0100: Memory Usage (470568K) : Total no. of polygons in the design is 665
2026-03-18 23:22:18 +0100: Memory Usage (470568K) : Starting base layers derivations
2026-03-18 23:22:18 +0100: Memory Usage (470568K) : Starting general LVS derivations
2026-03-18 23:22:18 +0100: Memory Usage (474072K) : Starting MOSFET DERIVATIONS
2026-03-18 23:22:18 +0100: Memory Usage (474072K) : Starting NMOS DERIVATIONS
2026-03-18 23:22:18 +0100: Memory Usage (474072K) : Starting PMOS DERIVATIONS
2026-03-18 23:22:18 +0100: Memory Usage (474072K) : Starting RF-MOSFET DERIVATIONS
2026-03-18 23:22:18 +0100: Memory Usage (474072K) : Starting RF-NMOS DERIVATIONS
2026-03-18 23:22:18 +0100: Memory Usage (474072K) : Starting RF-PMOS DERIVATIONS
2026-03-18 23:22:18 +0100: Memory Usage (474072K) : Starting BJT DERIVATIONS
2026-03-18 23:22:18 +0100: Memory Usage (474072K) : Starting NPN-BJT DERIVATIONS
2026-03-18 23:22:18 +0100: Memory Usage (474072K) : Starting PNP-BJT DERIVATIONS
2026-03-18 23:22:19 +0100: Memory Usage (474072K) : Starting DIODE DERIVATIONS
2026-03-18 23:22:19 +0100: Memory Usage (474072K) : Starting RESISTOR DERIVATIONS
2026-03-18 23:22:19 +0100: Memory Usage (474072K) : Starting CAP DERIVATIONS
2026-03-18 23:22:19 +0100: Memory Usage (474072K) : Starting ESD DERIVATIONS
2026-03-18 23:22:19 +0100: Memory Usage (474072K) : Starting Inductor DERIVATIONS
2026-03-18 23:22:19 +0100: Memory Usage (474072K) : Starting Taps DERIVATIONS
2026-03-18 23:22:19 +0100: Memory Usage (474072K) : Starting SG13G2 LVS connectivity setup
2026-03-18 23:22:19 +0100: Memory Usage (474072K) : Starting SG13G2 LVS connectivity setup (Inter-layer)
2026-03-18 23:22:19 +0100: Memory Usage (474500K) : Starting SG13G2 LVS connectivity setup (Global)
2026-03-18 23:22:19 +0100: Memory Usage (474500K) : Starting LVS MOSFET CONNECTIONS
2026-03-18 23:22:19 +0100: Memory Usage (474500K) : Starting LVS RF-MOSFET CONNECTIONS
2026-03-18 23:22:19 +0100: Memory Usage (474500K) : Starting LVS BJT CONNECTIONS
2026-03-18 23:22:19 +0100: Memory Usage (474500K) : Starting LVS DIODE CONNECTIONS
2026-03-18 23:22:19 +0100: Memory Usage (474500K) : Starting RESISTOR CONNECTIONS
2026-03-18 23:22:19 +0100: Memory Usage (474500K) : Starting LVS CAP CONNECTIONS
2026-03-18 23:22:19 +0100: Memory Usage (474500K) : Starting ESD CONNECTIONS
2026-03-18 23:22:19 +0100: Memory Usage (474500K) : Starting Inductor CONNECTIONS
2026-03-18 23:22:19 +0100: Memory Usage (474500K) : Starting LVS Taps CONNECTIONS
2026-03-18 23:22:19 +0100: Memory Usage (474500K) : Starting SG13G2 LVS DEVICES EXTRACTION
2026-03-18 23:22:19 +0100: Memory Usage (474500K) : Starting MOSFET EXTRACTION
2026-03-18 23:22:19 +0100: Memory Usage (474500K) : Starting NMOS EXTRACTION
2026-03-18 23:22:19 +0100: Memory Usage (474500K) : Extraction of NMOS-LV transistor
2026-03-18 23:22:19 +0100: Memory Usage (474944K) : Extraction of NMOS-HV transistor
2026-03-18 23:22:19 +0100: Memory Usage (474944K) : Starting PMOS EXTRACTION
2026-03-18 23:22:19 +0100: Memory Usage (474944K) : Extraction of PMOS-LV transistor
2026-03-18 23:22:19 +0100: Memory Usage (474944K) : Extraction of PMOS-HV transistor
2026-03-18 23:22:19 +0100: Memory Usage (474944K) : Starting RF-MOSFET EXTRACTION
2026-03-18 23:22:19 +0100: Memory Usage (474944K) : Extraction of RF-NMOS-LV transistor
2026-03-18 23:22:19 +0100: Memory Usage (474944K) : Extraction of RF-NMOS-HV transistor
2026-03-18 23:22:19 +0100: Memory Usage (474944K) : Extraction of RF-PMOS-LV transistor
2026-03-18 23:22:19 +0100: Memory Usage (474944K) : Extraction of RF-PMOS-HV transistor
2026-03-18 23:22:19 +0100: Memory Usage (474944K) : Starting BJT EXTRACTION
2026-03-18 23:22:19 +0100: Memory Usage (474944K) : Starting NPN-BJT EXTRACTION
2026-03-18 23:22:19 +0100: Memory Usage (474944K) : Extraction of npn13G2 BJT transistor
2026-03-18 23:22:19 +0100: Memory Usage (474944K) : Extraction of npn13G2L BJT transistor
2026-03-18 23:22:19 +0100: Memory Usage (474944K) : Extraction of npn13G2V BJT transistor
2026-03-18 23:22:19 +0100: Memory Usage (474944K) : Starting PNP-BJT EXTRACTION
2026-03-18 23:22:19 +0100: Memory Usage (474944K) : Extracting pnpMPA BJT
2026-03-18 23:22:19 +0100: Memory Usage (474944K) : Starting DIODE EXTRACTION
2026-03-18 23:22:19 +0100: Memory Usage (474944K) : Extracting dantenna diode
2026-03-18 23:22:19 +0100: Memory Usage (474944K) : Extracting dpantenna diode
2026-03-18 23:22:19 +0100: Memory Usage (474944K) : Extracting schottky_nbl1 diode
2026-03-18 23:22:19 +0100: Memory Usage (474944K) : Extracting isolbox diode
2026-03-18 23:22:19 +0100: Memory Usage (474944K) : Starting RESISTOR EXTRACTION
2026-03-18 23:22:19 +0100: Memory Usage (474944K) : Extracting rsil resistor
2026-03-18 23:22:19 +0100: Memory Usage (474944K) : Extracting rppd resistor
2026-03-18 23:22:19 +0100: Memory Usage (474944K) : Extracting rhigh resistor
2026-03-18 23:22:19 +0100: Memory Usage (474944K) : Extracting res_metal1 resistor
2026-03-18 23:22:19 +0100: Memory Usage (474944K) : Extracting res_metal2 resistor
2026-03-18 23:22:19 +0100: Memory Usage (474944K) : Extracting res_metal3 resistor
2026-03-18 23:22:19 +0100: Memory Usage (474944K) : Extracting res_metal4 resistor
2026-03-18 23:22:19 +0100: Memory Usage (474944K) : Extracting res_metal5 resistor
2026-03-18 23:22:19 +0100: Memory Usage (474944K) : Extracting res_topmetal1 resistor
2026-03-18 23:22:19 +0100: Memory Usage (474944K) : Extracting res_topmetal2 resistor
2026-03-18 23:22:19 +0100: Memory Usage (474944K) : Starting CAP EXTRACTION
2026-03-18 23:22:19 +0100: Memory Usage (474944K) : Extracting cap_cmim device
2026-03-18 23:22:19 +0100: Memory Usage (474944K) : Extracting rfcmim device
2026-03-18 23:22:19 +0100: Memory Usage (474944K) : Extracting sg13_hv_svaricap varactor
2026-03-18 23:22:19 +0100: Memory Usage (474944K) : Starting ESD EXTRACTION
2026-03-18 23:22:19 +0100: Memory Usage (474944K) : Extracting diodevdd_2kv ESD device
2026-03-18 23:22:19 +0100: Memory Usage (474944K) : Extracting diodevdd_4kv ESD device
2026-03-18 23:22:19 +0100: Memory Usage (474944K) : Extracting diodevss_2kv ESD device
2026-03-18 23:22:19 +0100: Memory Usage (474944K) : Extracting diodevss_4kv ESD device
2026-03-18 23:22:19 +0100: Memory Usage (474944K) : Extracting idiodevdd_2kv ESD device
2026-03-18 23:22:19 +0100: Memory Usage (474944K) : Extracting idiodevdd_4kv ESD device
2026-03-18 23:22:19 +0100: Memory Usage (474944K) : Extracting idiodevss_2kv ESD device
2026-03-18 23:22:19 +0100: Memory Usage (474944K) : Extracting idiodevss_4kv ESD device
2026-03-18 23:22:19 +0100: Memory Usage (474944K) : Extracting nmoscl_2 ESD device
2026-03-18 23:22:19 +0100: Memory Usage (474944K) : Extracting nmoscl_4 ESD device
2026-03-18 23:22:19 +0100: Memory Usage (474944K) : Starting Inductor EXTRACTION
2026-03-18 23:22:19 +0100: Memory Usage (474944K) : Extracting Inductor2 device
2026-03-18 23:22:19 +0100: Memory Usage (474944K) : Extracting Inductor3 device
2026-03-18 23:22:19 +0100: Memory Usage (474944K) : Starting Taps EXTRACTION
2026-03-18 23:22:19 +0100: Memory Usage (474944K) : Extracting ntap1 device
2026-03-18 23:22:19 +0100: Memory Usage (474944K) : Extracting ptap1 device
2026-03-18 23:22:19 +0100: Memory Usage (474944K) : Starting SG13G2 LVS RF MOS Model Mapping
2026-03-18 23:22:19 +0100: Memory Usage (475380K) : [layout_netlist] Apply RF MOS model mapping and rfmode parameter.
2026-03-18 23:22:19 +0100: Memory Usage (475380K) : Starting SG13G2 LVS Options Preparations
2026-03-18 23:22:19 +0100: Memory Usage (475380K) : SG13G2 LVS flow: extraction -> alignment -> option preparation -> comparison.
2026-03-18 23:22:19 +0100: Memory Usage (475380K) : Starting SG13G2 LVS Alignment
2026-03-18 23:22:19 +0100: Memory Usage (475380K) : Starting SG13G2 LVS Simplification
2026-03-18 23:22:19 +0100: Memory Usage (475380K) : [layout_netlist] simplify: ENABLED
2026-03-18 23:22:19 +0100: Memory Usage (475380K) : [layout_netlist] make_top_level_pins: SKIPPED
2026-03-18 23:22:19 +0100: Memory Usage (475380K) : [layout_netlist] combine_devices: SKIPPED
2026-03-18 23:22:19 +0100: Memory Usage (475380K) : [layout_netlist] purge: SKIPPED
2026-03-18 23:22:19 +0100: Memory Usage (475380K) : [layout_netlist] purge_nets: SKIPPED
2026-03-18 23:22:19 +0100: Memory Usage (475380K) : [schematic_netlist] simplify: ENABLED
2026-03-18 23:22:19 +0100: Memory Usage (475380K) : [schematic_netlist] make_top_level_pins: SKIPPED
2026-03-18 23:22:19 +0100: Memory Usage (475380K) : [schematic_netlist] combine_devices: SKIPPED
2026-03-18 23:22:19 +0100: Memory Usage (475380K) : [schematic_netlist] purge: SKIPPED
2026-03-18 23:22:19 +0100: Memory Usage (475380K) : [schematic_netlist] purge_nets: SKIPPED
2026-03-18 23:22:19 +0100: Memory Usage (475380K) : Starting SG13G2 LVS Comparison in strict port mode.
2026-03-18 23:22:19 +0100: Memory Usage (475380K) : flag_missing_ports enabled: missing/mislabeled top-level ports are treated as errors.
2026-03-18 23:22:19 +0100: Memory Usage (475380K) : xxxxxxxxxxxxxxxxxxxxxxxxxxxxxxxxxxxxxxxxxx
2026-03-18 23:22:19 +0100: Memory Usage (475380K) : ERROR : Netlists don't match
2026-03-18 23:22:19 +0100: Memory Usage (475380K) : xxxxxxxxxxxxxxxxxxxxxxxxxxxxxxxxxxxxxxxxxx
2026-03-18 23:22:19 +0100: Memory Usage (475380K) : LVS Total Run time 0.932547 seconds
