# Logfile created on 2026-03-12 17:40:15 +0100 by logger.rb/v1.5.3
2026-03-12 17:40:15 +0100: Memory Usage (426284K) : Starting running IHP-SG13G2 KLayout DRC runset on /foss/designs/ttihp26a-adex-neuron-ncs/gds/TOP_v2.klay.gds
2026-03-12 17:40:15 +0100: Memory Usage (426284K) : Ruby Version for klayout: 3.2.3
2026-03-12 17:40:15 +0100: Memory Usage (427152K) : Loading database to memory is complete.
2026-03-12 17:40:15 +0100: Memory Usage (427152K) : IHP-SG13G2 KLayout DRC runset output at: /foss/designs/ttihp26a-adex-neuron-ncs/klayout/drc_run_inv1/TOP_v2.klay_inv1_main.lyrdb
2026-03-12 17:40:15 +0100: Memory Usage (427340K) : Evaluate switches.
2026-03-12 17:40:15 +0100: Memory Usage (427340K) : tables selected: main
2026-03-12 17:40:15 +0100: Memory Usage (427340K) : KLayout will use 1 thread(s) in tiling mode.
2026-03-12 17:40:15 +0100: Memory Usage (427340K) : deep mode is enabled.
2026-03-12 17:40:15 +0100: Memory Usage (427340K) : FEOL enabled: true
2026-03-12 17:40:15 +0100: Memory Usage (427340K) : BEOL enabled: true
2026-03-12 17:40:15 +0100: Memory Usage (427340K) : OFFGRID enabled: true
2026-03-12 17:40:15 +0100: Memory Usage (427340K) : PIN enabled: true
2026-03-12 17:40:15 +0100: Memory Usage (427340K) : FORBIDDEN enabled: true
2026-03-12 17:40:15 +0100: Memory Usage (427340K) : RECOMMENDED enabled: true
2026-03-12 17:40:15 +0100: Memory Usage (427340K) : PreCheck DRC enabled: false
2026-03-12 17:40:15 +0100: Memory Usage (427340K) : CONNECTIVITY_RULES enabled: true.
2026-03-12 17:40:15 +0100: Memory Usage (427340K) : Read in polygons from layers.
2026-03-12 17:40:15 +0100: Memory Usage (428484K) : activ_drw has 6 polygons
2026-03-12 17:40:15 +0100: Memory Usage (428484K) : activ_pin has 0 polygons
2026-03-12 17:40:15 +0100: Memory Usage (428484K) : activ_mask has 0 polygons
2026-03-12 17:40:15 +0100: Memory Usage (428484K) : activ_filler has 0 polygons
2026-03-12 17:40:15 +0100: Memory Usage (428484K) : activ_nofill has 0 polygons
2026-03-12 17:40:15 +0100: Memory Usage (428484K) : activ_opc has 0 polygons
2026-03-12 17:40:15 +0100: Memory Usage (428484K) : activ_iopc has 0 polygons
2026-03-12 17:40:15 +0100: Memory Usage (428484K) : activ_noqrc has 0 polygons
2026-03-12 17:40:15 +0100: Memory Usage (428484K) : biwind_drw has 0 polygons
2026-03-12 17:40:15 +0100: Memory Usage (428484K) : biwind_opc has 0 polygons
2026-03-12 17:40:15 +0100: Memory Usage (428484K) : pemwind_drw has 0 polygons
2026-03-12 17:40:15 +0100: Memory Usage (428484K) : gatpoly_drw has 4 polygons
2026-03-12 17:40:15 +0100: Memory Usage (428484K) : gatpoly_pin has 2 polygons
2026-03-12 17:40:15 +0100: Memory Usage (428484K) : gatpoly_filler has 0 polygons
2026-03-12 17:40:15 +0100: Memory Usage (428484K) : gatpoly_nofill has 0 polygons
2026-03-12 17:40:15 +0100: Memory Usage (428484K) : gatpoly_opc has 0 polygons
2026-03-12 17:40:15 +0100: Memory Usage (428484K) : gatpoly_iopc has 0 polygons
2026-03-12 17:40:15 +0100: Memory Usage (428484K) : gatpoly_noqrc has 0 polygons
2026-03-12 17:40:15 +0100: Memory Usage (428484K) : cont_drw has 45 polygons
2026-03-12 17:40:15 +0100: Memory Usage (428484K) : cont_opc has 0 polygons
2026-03-12 17:40:15 +0100: Memory Usage (428484K) : nsd_drw has 0 polygons
2026-03-12 17:40:15 +0100: Memory Usage (428484K) : nsd_block has 0 polygons
2026-03-12 17:40:15 +0100: Memory Usage (428484K) : metal1_drw has 11 polygons
2026-03-12 17:40:15 +0100: Memory Usage (428484K) : metal1_pin has 6 polygons
2026-03-12 17:40:15 +0100: Memory Usage (428484K) : metal1_mask has 0 polygons
2026-03-12 17:40:15 +0100: Memory Usage (428484K) : metal1_filler has 0 polygons
2026-03-12 17:40:15 +0100: Memory Usage (428484K) : metal1_nofill has 0 polygons
2026-03-12 17:40:15 +0100: Memory Usage (428740K) : metal1_slit has 0 polygons
2026-03-12 17:40:15 +0100: Memory Usage (428912K) : metal1_text has 2 polygons
2026-03-12 17:40:15 +0100: Memory Usage (428912K) : metal1_opc has 0 polygons
2026-03-12 17:40:15 +0100: Memory Usage (428912K) : metal1_noqrc has 0 polygons
2026-03-12 17:40:15 +0100: Memory Usage (429040K) : metal1_res has 0 polygons
2026-03-12 17:40:15 +0100: Memory Usage (429040K) : metal1_iprobe has 0 polygons
2026-03-12 17:40:15 +0100: Memory Usage (429040K) : metal1_diffprb has 0 polygons
2026-03-12 17:40:15 +0100: Memory Usage (429168K) : passiv_drw has 0 polygons
2026-03-12 17:40:15 +0100: Memory Usage (429168K) : passiv_pin has 0 polygons
2026-03-12 17:40:15 +0100: Memory Usage (429168K) : passiv_sbump has 0 polygons
2026-03-12 17:40:15 +0100: Memory Usage (429296K) : passiv_pillar has 0 polygons
2026-03-12 17:40:15 +0100: Memory Usage (429296K) : passiv_pdl has 0 polygons
2026-03-12 17:40:15 +0100: Memory Usage (429424K) : metal2_drw has 4 polygons
2026-03-12 17:40:15 +0100: Memory Usage (429424K) : metal2_pin has 0 polygons
2026-03-12 17:40:15 +0100: Memory Usage (429552K) : metal2_mask has 0 polygons
2026-03-12 17:40:15 +0100: Memory Usage (429552K) : metal2_filler has 0 polygons
2026-03-12 17:40:15 +0100: Memory Usage (429552K) : metal2_nofill has 0 polygons
2026-03-12 17:40:15 +0100: Memory Usage (429680K) : metal2_slit has 0 polygons
2026-03-12 17:40:15 +0100: Memory Usage (429680K) : metal2_text has 0 polygons
2026-03-12 17:40:15 +0100: Memory Usage (429808K) : metal2_opc has 0 polygons
2026-03-12 17:40:15 +0100: Memory Usage (429808K) : metal2_noqrc has 0 polygons
2026-03-12 17:40:15 +0100: Memory Usage (429936K) : metal2_res has 0 polygons
2026-03-12 17:40:15 +0100: Memory Usage (429936K) : metal2_iprobe has 0 polygons
2026-03-12 17:40:15 +0100: Memory Usage (430064K) : metal2_diffprb has 0 polygons
2026-03-12 17:40:15 +0100: Memory Usage (430064K) : baspoly_drw has 0 polygons
2026-03-12 17:40:15 +0100: Memory Usage (430192K) : baspoly_pin has 0 polygons
2026-03-12 17:40:15 +0100: Memory Usage (430192K) : psd_drw has 1 polygons
2026-03-12 17:40:15 +0100: Memory Usage (430320K) : nldb_drw has 0 polygons
2026-03-12 17:40:15 +0100: Memory Usage (430320K) : digibnd_drw has 0 polygons
2026-03-12 17:40:15 +0100: Memory Usage (430320K) : via1_drw has 14 polygons
2026-03-12 17:40:15 +0100: Memory Usage (430448K) : backmetal1_drw has 0 polygons
2026-03-12 17:40:15 +0100: Memory Usage (430448K) : backmetal1_pin has 0 polygons
2026-03-12 17:40:15 +0100: Memory Usage (430576K) : backmetal1_mask has 0 polygons
2026-03-12 17:40:15 +0100: Memory Usage (430576K) : backmetal1_filler has 0 polygons
2026-03-12 17:40:15 +0100: Memory Usage (430704K) : backmetal1_nofill has 0 polygons
2026-03-12 17:40:15 +0100: Memory Usage (430704K) : backmetal1_slit has 0 polygons
2026-03-12 17:40:15 +0100: Memory Usage (430704K) : backmetal1_text has 0 polygons
2026-03-12 17:40:15 +0100: Memory Usage (430832K) : backmetal1_opc has 0 polygons
2026-03-12 17:40:15 +0100: Memory Usage (430832K) : backmetal1_noqrc has 0 polygons
2026-03-12 17:40:15 +0100: Memory Usage (430960K) : backmetal1_res has 0 polygons
2026-03-12 17:40:15 +0100: Memory Usage (430960K) : backmetal1_iprobe has 0 polygons
2026-03-12 17:40:15 +0100: Memory Usage (431088K) : backmetal1_diffprb has 0 polygons
2026-03-12 17:40:15 +0100: Memory Usage (431088K) : backpassiv_drw has 0 polygons
2026-03-12 17:40:15 +0100: Memory Usage (431088K) : res_drw has 0 polygons
2026-03-12 17:40:15 +0100: Memory Usage (431216K) : sram_drw has 0 polygons
2026-03-12 17:40:15 +0100: Memory Usage (431216K) : trans_drw has 0 polygons
2026-03-12 17:40:15 +0100: Memory Usage (431344K) : ind_drw has 0 polygons
2026-03-12 17:40:15 +0100: Memory Usage (431472K) : ind_pin has 0 polygons
2026-03-12 17:40:15 +0100: Memory Usage (431472K) : ind_text has 0 polygons
2026-03-12 17:40:15 +0100: Memory Usage (431600K) : salblock_drw has 0 polygons
2026-03-12 17:40:15 +0100: Memory Usage (431600K) : via2_drw has 14 polygons
2026-03-12 17:40:15 +0100: Memory Usage (431728K) : metal3_drw has 4 polygons
2026-03-12 17:40:15 +0100: Memory Usage (431728K) : metal3_pin has 2 polygons
2026-03-12 17:40:15 +0100: Memory Usage (431856K) : metal3_mask has 0 polygons
2026-03-12 17:40:15 +0100: Memory Usage (431856K) : metal3_filler has 0 polygons
2026-03-12 17:40:15 +0100: Memory Usage (431984K) : metal3_nofill has 0 polygons
2026-03-12 17:40:15 +0100: Memory Usage (431984K) : metal3_slit has 0 polygons
2026-03-12 17:40:15 +0100: Memory Usage (431984K) : metal3_text has 2 polygons
2026-03-12 17:40:15 +0100: Memory Usage (432112K) : metal3_opc has 0 polygons
2026-03-12 17:40:15 +0100: Memory Usage (432112K) : metal3_noqrc has 0 polygons
2026-03-12 17:40:15 +0100: Memory Usage (432240K) : metal3_res has 0 polygons
2026-03-12 17:40:15 +0100: Memory Usage (432240K) : metal3_iprobe has 0 polygons
2026-03-12 17:40:15 +0100: Memory Usage (432368K) : metal3_diffprb has 0 polygons
2026-03-12 17:40:15 +0100: Memory Usage (432496K) : nwell_drw has 2 polygons
2026-03-12 17:40:15 +0100: Memory Usage (432496K) : nwell_pin has 0 polygons
2026-03-12 17:40:15 +0100: Memory Usage (432496K) : nbulay_drw has 0 polygons
2026-03-12 17:40:15 +0100: Memory Usage (432624K) : nbulay_pin has 0 polygons
2026-03-12 17:40:15 +0100: Memory Usage (432624K) : nbulay_block has 0 polygons
2026-03-12 17:40:15 +0100: Memory Usage (432752K) : emwind_drw has 0 polygons
2026-03-12 17:40:15 +0100: Memory Usage (432880K) : emwind_opc has 0 polygons
2026-03-12 17:40:15 +0100: Memory Usage (432880K) : deepco_drw has 0 polygons
2026-03-12 17:40:15 +0100: Memory Usage (432880K) : deepco_drw has 0 polygons
2026-03-12 17:40:15 +0100: Memory Usage (433008K) : mim_drw has 0 polygons
2026-03-12 17:40:15 +0100: Memory Usage (433136K) : edgeseal_drw has 0 polygons
2026-03-12 17:40:15 +0100: Memory Usage (433136K) : edgeseal_bound has 0 polygons
2026-03-12 17:40:15 +0100: Memory Usage (433264K) : substrate_drw has 1 polygons
2026-03-12 17:40:15 +0100: Memory Usage (433264K) : substrate_text has 0 polygons
2026-03-12 17:40:15 +0100: Memory Usage (433392K) : dfpad_drw has 0 polygons
2026-03-12 17:40:15 +0100: Memory Usage (433392K) : dfpad_pillar has 0 polygons
2026-03-12 17:40:15 +0100: Memory Usage (433392K) : dfpad_sbump has 0 polygons
2026-03-12 17:40:15 +0100: Memory Usage (433520K) : thickgateox_drw has 2 polygons
2026-03-12 17:40:15 +0100: Memory Usage (433520K) : pldb_drw has 0 polygons
2026-03-12 17:40:15 +0100: Memory Usage (433648K) : pwell_drw has 0 polygons
2026-03-12 17:40:15 +0100: Memory Usage (433648K) : pwell_pin has 0 polygons
2026-03-12 17:40:15 +0100: Memory Usage (433776K) : pwell_block has 0 polygons
2026-03-12 17:40:15 +0100: Memory Usage (433776K) : ic_drw has 0 polygons
2026-03-12 17:40:15 +0100: Memory Usage (433776K) : via3_drw has 0 polygons
2026-03-12 17:40:15 +0100: Memory Usage (433904K) : metal4_drw has 0 polygons
2026-03-12 17:40:15 +0100: Memory Usage (434032K) : metal4_pin has 0 polygons
2026-03-12 17:40:15 +0100: Memory Usage (434032K) : metal4_mask has 0 polygons
2026-03-12 17:40:15 +0100: Memory Usage (434160K) : metal4_filler has 0 polygons
2026-03-12 17:40:15 +0100: Memory Usage (434160K) : metal4_nofill has 0 polygons
2026-03-12 17:40:15 +0100: Memory Usage (434160K) : metal4_slit has 0 polygons
2026-03-12 17:40:15 +0100: Memory Usage (434288K) : metal4_text has 0 polygons
2026-03-12 17:40:15 +0100: Memory Usage (434288K) : metal4_opc has 0 polygons
2026-03-12 17:40:15 +0100: Memory Usage (434416K) : metal4_noqrc has 0 polygons
2026-03-12 17:40:15 +0100: Memory Usage (434416K) : metal4_res has 0 polygons
2026-03-12 17:40:15 +0100: Memory Usage (434544K) : metal4_iprobe has 0 polygons
2026-03-12 17:40:15 +0100: Memory Usage (434544K) : metal4_diffprb has 0 polygons
2026-03-12 17:40:15 +0100: Memory Usage (434672K) : heattrans_drw has 2 polygons
2026-03-12 17:40:15 +0100: Memory Usage (434672K) : heatres_drw has 0 polygons
2026-03-12 17:40:15 +0100: Memory Usage (434800K) : pempoly_drw has 0 polygons
2026-03-12 17:40:15 +0100: Memory Usage (434800K) : fbe_drw has 0 polygons
2026-03-12 17:40:15 +0100: Memory Usage (434928K) : empoly_drw has 0 polygons
2026-03-12 17:40:15 +0100: Memory Usage (435056K) : ldmos_drw has 0 polygons
2026-03-12 17:40:15 +0100: Memory Usage (435056K) : pbiwind_drw has 0 polygons
2026-03-12 17:40:15 +0100: Memory Usage (435056K) : digisub_drw has 0 polygons
2026-03-12 17:40:15 +0100: Memory Usage (435184K) : nodrc_drw has 0 polygons
2026-03-12 17:40:15 +0100: Memory Usage (435184K) : text_drw has 2 polygons
2026-03-12 17:40:15 +0100: Memory Usage (435312K) : via4_drw has 0 polygons
2026-03-12 17:40:15 +0100: Memory Usage (435312K) : metal5_drw has 0 polygons
2026-03-12 17:40:15 +0100: Memory Usage (435440K) : metal5_pin has 0 polygons
2026-03-12 17:40:15 +0100: Memory Usage (435440K) : metal5_mask has 0 polygons
2026-03-12 17:40:15 +0100: Memory Usage (435440K) : metal5_filler has 0 polygons
2026-03-12 17:40:15 +0100: Memory Usage (435568K) : metal5_nofill has 0 polygons
2026-03-12 17:40:15 +0100: Memory Usage (435568K) : metal5_slit has 0 polygons
2026-03-12 17:40:15 +0100: Memory Usage (435696K) : metal5_text has 0 polygons
2026-03-12 17:40:15 +0100: Memory Usage (435696K) : metal5_opc has 0 polygons
2026-03-12 17:40:15 +0100: Memory Usage (435824K) : metal5_noqrc has 0 polygons
2026-03-12 17:40:15 +0100: Memory Usage (435824K) : metal5_res has 0 polygons
2026-03-12 17:40:15 +0100: Memory Usage (435824K) : metal5_iprobe has 0 polygons
2026-03-12 17:40:15 +0100: Memory Usage (435952K) : metal5_diffprb has 0 polygons
2026-03-12 17:40:15 +0100: Memory Usage (436080K) : radhard_drw has 0 polygons
2026-03-12 17:40:15 +0100: Memory Usage (436080K) : memcap_drw has 0 polygons
2026-03-12 17:40:15 +0100: Memory Usage (436208K) : varicap_drw has 0 polygons
2026-03-12 17:40:15 +0100: Memory Usage (436208K) : flash_drw has 0 polygons
2026-03-12 17:40:15 +0100: Memory Usage (436336K) : intbondvia_drw has 0 polygons
2026-03-12 17:40:15 +0100: Memory Usage (436336K) : intbondmet_drw has 0 polygons
2026-03-12 17:40:15 +0100: Memory Usage (436464K) : devbondvia_drw has 0 polygons
2026-03-12 17:40:15 +0100: Memory Usage (436464K) : devbondmet_drw has 0 polygons
2026-03-12 17:40:15 +0100: Memory Usage (436592K) : devtrench_drw has 0 polygons
2026-03-12 17:40:15 +0100: Memory Usage (436592K) : redist_drw has 0 polygons
2026-03-12 17:40:15 +0100: Memory Usage (436720K) : graphbot_drw has 0 polygons
2026-03-12 17:40:15 +0100: Memory Usage (436720K) : graphtop_drw has 0 polygons
2026-03-12 17:40:15 +0100: Memory Usage (436720K) : antvia1_drw has 0 polygons
2026-03-12 17:40:15 +0100: Memory Usage (436848K) : antmetal2_drw has 0 polygons
2026-03-12 17:40:15 +0100: Memory Usage (436848K) : graphcont_drw has 0 polygons
2026-03-12 17:40:15 +0100: Memory Usage (436976K) : siwg_drw has 0 polygons
2026-03-12 17:40:15 +0100: Memory Usage (436976K) : siwg_filler has 0 polygons
2026-03-12 17:40:15 +0100: Memory Usage (437104K) : siwg_nofill has 0 polygons
2026-03-12 17:40:15 +0100: Memory Usage (437104K) : sigrating_drw has 0 polygons
2026-03-12 17:40:15 +0100: Memory Usage (437232K) : singrating_drw has 0 polygons
2026-03-12 17:40:15 +0100: Memory Usage (437232K) : graphpas_drw has 0 polygons
2026-03-12 17:40:15 +0100: Memory Usage (437360K) : emwind3_drw has 0 polygons
2026-03-12 17:40:15 +0100: Memory Usage (437360K) : emwihv3_drw has 0 polygons
2026-03-12 17:40:15 +0100: Memory Usage (437488K) : redbulay_drw has 0 polygons
2026-03-12 17:40:15 +0100: Memory Usage (437488K) : smos_drw has 0 polygons
2026-03-12 17:40:15 +0100: Memory Usage (437488K) : graphpad_drw has 0 polygons
2026-03-12 17:40:15 +0100: Memory Usage (437616K) : polimide_drw has 0 polygons
2026-03-12 17:40:15 +0100: Memory Usage (437616K) : polimide_pin has 0 polygons
2026-03-12 17:40:15 +0100: Memory Usage (437744K) : recog_drw has 0 polygons
2026-03-12 17:40:15 +0100: Memory Usage (437872K) : recog_pin has 0 polygons
2026-03-12 17:40:15 +0100: Memory Usage (437872K) : recog_esd has 0 polygons
2026-03-12 17:40:15 +0100: Memory Usage (437872K) : recog_diode has 0 polygons
2026-03-12 17:40:15 +0100: Memory Usage (438000K) : recog_tsv has 0 polygons
2026-03-12 17:40:15 +0100: Memory Usage (438000K) : recog_iprobe has 0 polygons
2026-03-12 17:40:15 +0100: Memory Usage (438128K) : recog_diffprb has 0 polygons
2026-03-12 17:40:15 +0100: Memory Usage (438128K) : recog_pillar has 0 polygons
2026-03-12 17:40:15 +0100: Memory Usage (438256K) : recog_sbump has 0 polygons
2026-03-12 17:40:15 +0100: Memory Usage (438256K) : recog_otp has 0 polygons
2026-03-12 17:40:15 +0100: Memory Usage (438384K) : recog_pdiode has 0 polygons
2026-03-12 17:40:15 +0100: Memory Usage (438384K) : recog_mom has 0 polygons
2026-03-12 17:40:15 +0100: Memory Usage (438384K) : recog_pcm has 0 polygons
2026-03-12 17:40:15 +0100: Memory Usage (438384K) : colopen_drw has 0 polygons
2026-03-12 17:40:15 +0100: Memory Usage (438512K) : graphmetal1_drw has 0 polygons
2026-03-12 17:40:15 +0100: Memory Usage (438512K) : graphmetal1_filler has 0 polygons
2026-03-12 17:40:15 +0100: Memory Usage (438512K) : graphmetal1_nofill has 0 polygons
2026-03-12 17:40:15 +0100: Memory Usage (438640K) : graphmetal1_slit has 0 polygons
2026-03-12 17:40:15 +0100: Memory Usage (438640K) : graphmetal1_opc has 0 polygons
2026-03-12 17:40:15 +0100: Memory Usage (438640K) : graphmet1l_drw has 0 polygons
2026-03-12 17:40:15 +0100: Memory Usage (438768K) : graphmet1l_filler has 0 polygons
2026-03-12 17:40:15 +0100: Memory Usage (438768K) : graphmet1l_nofill has 0 polygons
2026-03-12 17:40:15 +0100: Memory Usage (438768K) : graphmet1l_slit has 0 polygons
2026-03-12 17:40:15 +0100: Memory Usage (438768K) : graphmet1l_opc has 0 polygons
2026-03-12 17:40:15 +0100: Memory Usage (438896K) : extblock_drw has 0 polygons
2026-03-12 17:40:15 +0100: Memory Usage (438896K) : nldd_drw has 0 polygons
2026-03-12 17:40:15 +0100: Memory Usage (438896K) : pldd_drw has 0 polygons
2026-03-12 17:40:15 +0100: Memory Usage (439024K) : next_drw has 0 polygons
2026-03-12 17:40:15 +0100: Memory Usage (439024K) : pext_drw has 0 polygons
2026-03-12 17:40:15 +0100: Memory Usage (439152K) : nexthv_drw has 0 polygons
2026-03-12 17:40:15 +0100: Memory Usage (439152K) : pexthv_drw has 0 polygons
2026-03-12 17:40:15 +0100: Memory Usage (439280K) : graphgate_drw has 0 polygons
2026-03-12 17:40:15 +0100: Memory Usage (439280K) : sinwg_drw has 0 polygons
2026-03-12 17:40:15 +0100: Memory Usage (439280K) : sinwg_filler has 0 polygons
2026-03-12 17:40:15 +0100: Memory Usage (439408K) : sinwg_nofill has 0 polygons
2026-03-12 17:40:15 +0100: Memory Usage (439408K) : mempad_drw has 0 polygons
2026-03-12 17:40:15 +0100: Memory Usage (439536K) : topvia1_drw has 0 polygons
2026-03-12 17:40:15 +0100: Memory Usage (439536K) : topmetal1_drw has 0 polygons
2026-03-12 17:40:15 +0100: Memory Usage (439664K) : topmetal1_pin has 0 polygons
2026-03-12 17:40:15 +0100: Memory Usage (439664K) : topmetal1_mask has 0 polygons
2026-03-12 17:40:15 +0100: Memory Usage (439664K) : topmetal1_filler has 0 polygons
2026-03-12 17:40:15 +0100: Memory Usage (439792K) : topmetal1_nofill has 0 polygons
2026-03-12 17:40:15 +0100: Memory Usage (439792K) : topmetal1_slit has 0 polygons
2026-03-12 17:40:15 +0100: Memory Usage (439792K) : topmetal1_text has 0 polygons
2026-03-12 17:40:15 +0100: Memory Usage (439792K) : topmetal1_noqrc has 0 polygons
2026-03-12 17:40:15 +0100: Memory Usage (439920K) : topmetal1_res has 0 polygons
2026-03-12 17:40:15 +0100: Memory Usage (439920K) : topmetal1_iprobe has 0 polygons
2026-03-12 17:40:15 +0100: Memory Usage (439920K) : topmetal1_diffprb has 0 polygons
2026-03-12 17:40:15 +0100: Memory Usage (440048K) : inldpwl_drw has 0 polygons
2026-03-12 17:40:15 +0100: Memory Usage (440048K) : polyres_drw has 0 polygons
2026-03-12 17:40:15 +0100: Memory Usage (440048K) : polyres_pin has 0 polygons
2026-03-12 17:40:15 +0100: Memory Usage (440176K) : vmim_drw has 0 polygons
2026-03-12 17:40:15 +0100: Memory Usage (440176K) : nbulaycut_drw has 0 polygons
2026-03-12 17:40:15 +0100: Memory Usage (440304K) : antmetal1_drw has 0 polygons
2026-03-12 17:40:15 +0100: Memory Usage (440304K) : topvia2_drw has 0 polygons
2026-03-12 17:40:15 +0100: Memory Usage (440304K) : topmetal2_drw has 0 polygons
2026-03-12 17:40:15 +0100: Memory Usage (440432K) : topmetal2_pin has 0 polygons
2026-03-12 17:40:15 +0100: Memory Usage (440432K) : topmetal2_mask has 0 polygons
2026-03-12 17:40:15 +0100: Memory Usage (440560K) : topmetal2_filler has 0 polygons
2026-03-12 17:40:15 +0100: Memory Usage (440560K) : topmetal2_nofill has 0 polygons
2026-03-12 17:40:15 +0100: Memory Usage (440560K) : topmetal2_slit has 0 polygons
2026-03-12 17:40:15 +0100: Memory Usage (440688K) : topmetal2_text has 0 polygons
2026-03-12 17:40:15 +0100: Memory Usage (440688K) : topmetal2_noqrc has 0 polygons
2026-03-12 17:40:15 +0100: Memory Usage (440816K) : topmetal2_res has 0 polygons
2026-03-12 17:40:15 +0100: Memory Usage (440816K) : topmetal2_iprobe has 0 polygons
2026-03-12 17:40:15 +0100: Memory Usage (440816K) : topmetal2_diffprb has 0 polygons
2026-03-12 17:40:15 +0100: Memory Usage (440944K) : snsring_drw has 0 polygons
2026-03-12 17:40:15 +0100: Memory Usage (440944K) : sensor_drw has 0 polygons
2026-03-12 17:40:15 +0100: Memory Usage (441072K) : snsarms_drw has 0 polygons
2026-03-12 17:40:15 +0100: Memory Usage (441072K) : snscmosvia_drw has 0 polygons
2026-03-12 17:40:15 +0100: Memory Usage (441200K) : colwind_drw has 0 polygons
2026-03-12 17:40:15 +0100: Memory Usage (441200K) : flm_drw has 0 polygons
2026-03-12 17:40:15 +0100: Memory Usage (441200K) : hafniumox_drw has 0 polygons
2026-03-12 17:40:15 +0100: Memory Usage (441328K) : memvia_drw has 0 polygons
2026-03-12 17:40:15 +0100: Memory Usage (441328K) : thinfilmres_drw has 0 polygons
2026-03-12 17:40:15 +0100: Memory Usage (441456K) : rfmem_drw has 0 polygons
2026-03-12 17:40:15 +0100: Memory Usage (441456K) : norcx_drw has 0 polygons
2026-03-12 17:40:15 +0100: Memory Usage (441584K) : norcx_m2m3 has 0 polygons
2026-03-12 17:40:15 +0100: Memory Usage (441584K) : norcx_m2m4 has 0 polygons
2026-03-12 17:40:15 +0100: Memory Usage (441584K) : norcx_m2m5 has 0 polygons
2026-03-12 17:40:15 +0100: Memory Usage (441712K) : norcx_m2tm1 has 0 polygons
2026-03-12 17:40:15 +0100: Memory Usage (441712K) : norcx_m2tm2 has 0 polygons
2026-03-12 17:40:15 +0100: Memory Usage (441840K) : norcx_m3m4 has 0 polygons
2026-03-12 17:40:15 +0100: Memory Usage (441840K) : norcx_m3m5 has 0 polygons
2026-03-12 17:40:15 +0100: Memory Usage (441968K) : norcx_m3tm1 has 0 polygons
2026-03-12 17:40:15 +0100: Memory Usage (441968K) : norcx_m3tm2 has 0 polygons
2026-03-12 17:40:15 +0100: Memory Usage (441968K) : norcx_m4m5 has 0 polygons
2026-03-12 17:40:15 +0100: Memory Usage (442096K) : norcx_m4tm1 has 0 polygons
2026-03-12 17:40:15 +0100: Memory Usage (442096K) : norcx_m4tm2 has 0 polygons
2026-03-12 17:40:15 +0100: Memory Usage (442096K) : norcx_m5tm1 has 0 polygons
2026-03-12 17:40:15 +0100: Memory Usage (442096K) : norcx_m5tm2 has 0 polygons
2026-03-12 17:40:15 +0100: Memory Usage (442096K) : norcx_tm1tm2 has 0 polygons
2026-03-12 17:40:15 +0100: Memory Usage (442224K) : norcx_m1sub has 0 polygons
2026-03-12 17:40:15 +0100: Memory Usage (442224K) : norcx_m2sub has 0 polygons
2026-03-12 17:40:15 +0100: Memory Usage (442224K) : norcx_m3sub has 0 polygons
2026-03-12 17:40:15 +0100: Memory Usage (442224K) : norcx_m4sub has 0 polygons
2026-03-12 17:40:15 +0100: Memory Usage (442352K) : norcx_m5sub has 0 polygons
2026-03-12 17:40:15 +0100: Memory Usage (442352K) : norcx_tm1sub has 0 polygons
2026-03-12 17:40:15 +0100: Memory Usage (442352K) : norcx_tm2sub has 0 polygons
2026-03-12 17:40:15 +0100: Memory Usage (442480K) : snsbotvia_drw has 0 polygons
2026-03-12 17:40:15 +0100: Memory Usage (442480K) : snstopvia_drw has 0 polygons
2026-03-12 17:40:15 +0100: Memory Usage (442480K) : deepvia_drw has 0 polygons
2026-03-12 17:40:15 +0100: Memory Usage (442608K) : fgetch_drw has 0 polygons
2026-03-12 17:40:15 +0100: Memory Usage (442608K) : ctrgat_drw has 0 polygons
2026-03-12 17:40:15 +0100: Memory Usage (442608K) : fgimp_drw has 0 polygons
2026-03-12 17:40:15 +0100: Memory Usage (442608K) : emwihv_drw has 0 polygons
2026-03-12 17:40:15 +0100: Memory Usage (442736K) : lbe_drw has 0 polygons
2026-03-12 17:40:15 +0100: Memory Usage (442736K) : alcustop_drw has 0 polygons
2026-03-12 17:40:15 +0100: Memory Usage (442736K) : nometfiller_drw has 0 polygons
2026-03-12 17:40:15 +0100: Memory Usage (442864K) : prboundary_drw has 0 polygons
2026-03-12 17:40:15 +0100: Memory Usage (442864K) : exchange0_drw has 0 polygons
2026-03-12 17:40:15 +0100: Memory Usage (442864K) : exchange0_pin has 0 polygons
2026-03-12 17:40:15 +0100: Memory Usage (442992K) : exchange0_text has 0 polygons
2026-03-12 17:40:15 +0100: Memory Usage (442992K) : exchange1_drw has 0 polygons
2026-03-12 17:40:15 +0100: Memory Usage (442992K) : exchange1_pin has 0 polygons
2026-03-12 17:40:15 +0100: Memory Usage (442992K) : exchange1_text has 0 polygons
2026-03-12 17:40:15 +0100: Memory Usage (443120K) : exchange2_drw has 0 polygons
2026-03-12 17:40:15 +0100: Memory Usage (443120K) : exchange2_pin has 0 polygons
2026-03-12 17:40:15 +0100: Memory Usage (443120K) : exchange2_text has 0 polygons
2026-03-12 17:40:15 +0100: Memory Usage (443248K) : exchange3_drw has 0 polygons
2026-03-12 17:40:15 +0100: Memory Usage (443248K) : exchange3_pin has 0 polygons
2026-03-12 17:40:15 +0100: Memory Usage (443248K) : exchange3_text has 0 polygons
2026-03-12 17:40:15 +0100: Memory Usage (443376K) : exchange4_drw has 0 polygons
2026-03-12 17:40:15 +0100: Memory Usage (443376K) : exchange4_pin has 0 polygons
2026-03-12 17:40:15 +0100: Memory Usage (443504K) : exchange4_text has 0 polygons
2026-03-12 17:40:15 +0100: Memory Usage (443504K) : isonwell_drw has 0 polygons
2026-03-12 17:40:15 +0100: Memory Usage (443504K) : Total no. of polygons in the design is 126
2026-03-12 17:40:15 +0100: Memory Usage (443504K) : Loaded TECH DRC rules values from /foss/pdks/ihp-sg13g2/libs.tech/klayout/python/sg13g2_pycell_lib/sg13g2_tech_mod.json
2026-03-12 17:40:15 +0100: Memory Usage (443504K) : Loaded default DRC rules values from /foss/pdks/ihp-sg13g2/libs.tech/klayout/tech/drc/rule_decks/sg13g2_tech_default.json
2026-03-12 17:40:15 +0100: Memory Usage (443504K) : The following rules values were missing in tech json and default values were used:
2026-03-12 17:40:15 +0100: Memory Usage (443504K) :   - Cnt_c_digibnd
2026-03-12 17:40:15 +0100: Memory Usage (444772K) : Total area of the design is 57.75 um^2.
2026-03-12 17:40:15 +0100: Memory Usage (444772K) : The design dimensions are 2.75 µm * 21.0 µm.
2026-03-12 17:40:15 +0100: Memory Usage (444772K) : Starting general IHP-SG13G2 derivations.
2026-03-12 17:40:15 +0100: Memory Usage (444772K) : Starting Pwell derivations
2026-03-12 17:40:15 +0100: Memory Usage (446928K) : Starting n-Activ derivations
2026-03-12 17:40:15 +0100: Memory Usage (447056K) : Starting p-Activ derivations
2026-03-12 17:40:15 +0100: Memory Usage (447056K) : Starting ptap derivations
2026-03-12 17:40:15 +0100: Memory Usage (447056K) : Starting ntap derivations
2026-03-12 17:40:15 +0100: Memory Usage (447184K) : Starting pact FET derivations
2026-03-12 17:40:15 +0100: Memory Usage (447372K) : Starting nact FET derivations
2026-03-12 17:40:15 +0100: Memory Usage (447372K) : Starting Gate derivations
2026-03-12 17:40:15 +0100: Memory Usage (447500K) : Starting cont/contbar general derivations
2026-03-12 17:40:15 +0100: Memory Usage (447756K) : Starting pad general derivations
2026-03-12 17:40:15 +0100: Memory Usage (448012K) : Starting IHP-SG13G2 DRC connectivity related derivations.
2026-03-12 17:40:15 +0100: Memory Usage (448908K) : Starting IHP-SG13G2 DRC connectivity setup
2026-03-12 17:40:15 +0100: Memory Usage (449292K) : Starting IHP-SG13G2 DRC rules.
2026-03-12 17:40:15 +0100: Memory Usage (449292K) : Running all FEOL rules
2026-03-12 17:40:15 +0100: Memory Usage (449292K) : Running all BEOL rules
2026-03-12 17:40:15 +0100: Memory Usage (449292K) : Running all PIN rules
2026-03-12 17:40:15 +0100: Memory Usage (449292K) : Running all FORBIDDEN rules
2026-03-12 17:40:15 +0100: Memory Usage (449292K) : Starting 5.1 NWell table
2026-03-12 17:40:15 +0100: Memory Usage (449292K) : Executing rule NW.b
2026-03-12 17:40:15 +0100: Memory Usage (449732K) : Executing rule NW.b1
2026-03-12 17:40:15 +0100: Memory Usage (450116K) : Starting 5.2 PWell:block
2026-03-12 17:40:15 +0100: Memory Usage (450116K) : Executing rule PWB.e
2026-03-12 17:40:15 +0100: Memory Usage (450244K) : Executing rule PWB.e1
2026-03-12 17:40:15 +0100: Memory Usage (450372K) : Executing rule PWB.f
2026-03-12 17:40:15 +0100: Memory Usage (450500K) : Executing rule PWB.f1
2026-03-12 17:40:15 +0100: Memory Usage (451012K) : Starting 5.3 nBuLay table
2026-03-12 17:40:15 +0100: Memory Usage (451268K) : Executing rule NBL.b
2026-03-12 17:40:15 +0100: Memory Usage (451268K) : Executing rule NBL.c
2026-03-12 17:40:15 +0100: Memory Usage (451268K) : Executing rule NBL.d
2026-03-12 17:40:15 +0100: Memory Usage (451268K) : Executing rule NBL.e
2026-03-12 17:40:15 +0100: Memory Usage (451268K) : Executing rule NBL.f
2026-03-12 17:40:15 +0100: Memory Usage (451268K) : Starting 5.5. Activ table
2026-03-12 17:40:15 +0100: Memory Usage (451268K) : Executing rule Act.a
2026-03-12 17:40:15 +0100: Memory Usage (451268K) : Executing rule Act.b
2026-03-12 17:40:15 +0100: Memory Usage (451396K) : Starting 5.6 Activ:filler table
2026-03-12 17:40:15 +0100: Memory Usage (451396K) : Executing rule AFil.c1
2026-03-12 17:40:15 +0100: Memory Usage (451396K) : Executing rule AFil.c
2026-03-12 17:40:15 +0100: Memory Usage (451396K) : Executing rule AFil.d
2026-03-12 17:40:15 +0100: Memory Usage (451396K) : Executing rule AFil.e
2026-03-12 17:40:15 +0100: Memory Usage (451396K) : Executing rule AFil.j
2026-03-12 17:40:15 +0100: Memory Usage (451396K) : Starting 5.7. ThickGateOx table
2026-03-12 17:40:15 +0100: Memory Usage (451396K) : Executing rule TGO.f
2026-03-12 17:40:15 +0100: Memory Usage (451396K) : Starting 5.8. GatPoly table
2026-03-12 17:40:15 +0100: Memory Usage (451396K) : Executing rule Gat.a
2026-03-12 17:40:15 +0100: Memory Usage (451396K) : Executing rule Gat.b
2026-03-12 17:40:15 +0100: Memory Usage (451396K) : Executing rule Gat.d
2026-03-12 17:40:15 +0100: Memory Usage (451396K) : Executing rule Gat.a1
2026-03-12 17:40:15 +0100: Memory Usage (451868K) : Executing rule Gat.a2
2026-03-12 17:40:15 +0100: Memory Usage (451868K) : Executing rule Gat.g
2026-03-12 17:40:15 +0100: Memory Usage (451868K) : Starting 5.9 GatPoly:filler
2026-03-12 17:40:15 +0100: Memory Usage (451868K) : Executing rule GFil.d
2026-03-12 17:40:15 +0100: Memory Usage (451868K) : Executing rule GFil.e
2026-03-12 17:40:15 +0100: Memory Usage (451868K) : Executing rule GFil.i
2026-03-12 17:40:15 +0100: Memory Usage (451868K) : Starting 5.10 pSD table
2026-03-12 17:40:15 +0100: Memory Usage (451868K) : Executing rule pSD.c1
2026-03-12 17:40:15 +0100: Memory Usage (451868K) : Starting 5.14. Cont table
2026-03-12 17:40:15 +0100: Memory Usage (451868K) : Executing rule Cnt.a
2026-03-12 17:40:15 +0100: Memory Usage (451868K) : Executing rule Cnt.b
2026-03-12 17:40:15 +0100: Memory Usage (451868K) : Executing rule Cnt.c
2026-03-12 17:40:15 +0100: Memory Usage (451868K) : Executing rule Cnt.c
2026-03-12 17:40:15 +0100: Memory Usage (451868K) : Executing rule Cnt.d
2026-03-12 17:40:15 +0100: Memory Usage (451868K) : Executing rule Cnt.e
2026-03-12 17:40:15 +0100: Memory Usage (451868K) : Executing rule Cnt.g1
2026-03-12 17:40:15 +0100: Memory Usage (451868K) : Executing rule Cnt.g2
2026-03-12 17:40:15 +0100: Memory Usage (451868K) : Starting 5.15. ContBar table
2026-03-12 17:40:15 +0100: Memory Usage (451868K) : Executing rule CntB.b1
2026-03-12 17:40:15 +0100: Memory Usage (451868K) : Executing rule CntB.h1
2026-03-12 17:40:15 +0100: Memory Usage (451868K) : Starting 6.1.3 NPN Substrate-Tie table
2026-03-12 17:40:15 +0100: Memory Usage (451868K) : Executing rule npn13G2.bR 
2026-03-12 17:40:15 +0100: Memory Usage (451868K) : Executing rule npn13G2L.cR 
2026-03-12 17:40:15 +0100: Memory Usage (451868K) : Executing rule npn13G2V.cR 
2026-03-12 17:40:15 +0100: Memory Usage (451868K) : Starting 6.7 Schottky diode table
2026-03-12 17:40:15 +0100: Memory Usage (451868K) : Executing rule Sdiod.d
2026-03-12 17:40:15 +0100: Memory Usage (451868K) : Executing rule Sdiod.e
2026-03-12 17:40:15 +0100: Memory Usage (451868K) : Starting 7.2 Latch-up table
2026-03-12 17:40:15 +0100: Memory Usage (451868K) : Executing rule LU.b
2026-03-12 17:40:15 +0100: Memory Usage (451868K) : Starting 5.16. Metal1 table
2026-03-12 17:40:15 +0100: Memory Usage (451868K) : Executing rule M1.a
2026-03-12 17:40:15 +0100: Memory Usage (451868K) : Executing rule M1.b
2026-03-12 17:40:15 +0100: Memory Usage (451868K) : Executing rule M1.e
2026-03-12 17:40:15 +0100: Memory Usage (451868K) : Executing rule M1.f
2026-03-12 17:40:15 +0100: Memory Usage (451868K) : Executing rule M1.g
2026-03-12 17:40:15 +0100: Memory Usage (451868K) : Executing rule M1.i
2026-03-12 17:40:15 +0100: Memory Usage (452124K) : Starting 5.17 Metaln table
2026-03-12 17:40:15 +0100: Memory Usage (452124K) : Executing rule M2.a
2026-03-12 17:40:15 +0100: Memory Usage (452124K) : Executing rule M2.b
2026-03-12 17:40:15 +0100: Memory Usage (452440K) : Executing rule M2.e
2026-03-12 17:40:15 +0100: Memory Usage (452696K) : Executing rule M2.f
2026-03-12 17:40:15 +0100: Memory Usage (452952K) : Executing rule M2.g
2026-03-12 17:40:16 +0100: Memory Usage (453080K) : Executing rule M2.i
2026-03-12 17:40:16 +0100: Memory Usage (453080K) : Executing rule M3.a
2026-03-12 17:40:16 +0100: Memory Usage (453080K) : Executing rule M3.b
2026-03-12 17:40:16 +0100: Memory Usage (453080K) : Executing rule M3.e
2026-03-12 17:40:16 +0100: Memory Usage (453080K) : Executing rule M3.f
2026-03-12 17:40:16 +0100: Memory Usage (453080K) : Executing rule M3.g
2026-03-12 17:40:16 +0100: Memory Usage (453080K) : Executing rule M3.i
2026-03-12 17:40:16 +0100: Memory Usage (453080K) : Executing rule M4.a
2026-03-12 17:40:16 +0100: Memory Usage (453080K) : Executing rule M4.b
2026-03-12 17:40:16 +0100: Memory Usage (453080K) : Executing rule M4.e
2026-03-12 17:40:16 +0100: Memory Usage (453080K) : Executing rule M4.f
2026-03-12 17:40:16 +0100: Memory Usage (453080K) : Executing rule M4.g
2026-03-12 17:40:16 +0100: Memory Usage (453080K) : Executing rule M4.i
2026-03-12 17:40:16 +0100: Memory Usage (453080K) : Executing rule M5.a
2026-03-12 17:40:16 +0100: Memory Usage (453080K) : Executing rule M5.b
2026-03-12 17:40:16 +0100: Memory Usage (453080K) : Executing rule M5.e
2026-03-12 17:40:16 +0100: Memory Usage (453080K) : Executing rule M5.f
2026-03-12 17:40:16 +0100: Memory Usage (453080K) : Executing rule M5.g
2026-03-12 17:40:16 +0100: Memory Usage (453080K) : Executing rule M5.i
2026-03-12 17:40:16 +0100: Memory Usage (453080K) : Starting 5.18 Metaln:filler table
2026-03-12 17:40:16 +0100: Memory Usage (453080K) : Executing rule M1Fil.c
2026-03-12 17:40:16 +0100: Memory Usage (453080K) : Executing rule M1Fil.a2
2026-03-12 17:40:16 +0100: Memory Usage (453080K) : Executing rule M2Fil.c
2026-03-12 17:40:16 +0100: Memory Usage (453080K) : Executing rule M2Fil.a2
2026-03-12 17:40:16 +0100: Memory Usage (453080K) : Executing rule M3Fil.c
2026-03-12 17:40:16 +0100: Memory Usage (453080K) : Executing rule M3Fil.a2
2026-03-12 17:40:16 +0100: Memory Usage (453080K) : Executing rule M4Fil.c
2026-03-12 17:40:16 +0100: Memory Usage (453080K) : Executing rule M4Fil.a2
2026-03-12 17:40:16 +0100: Memory Usage (453080K) : Executing rule M5Fil.c
2026-03-12 17:40:16 +0100: Memory Usage (453080K) : Executing rule M5Fil.a2
2026-03-12 17:40:16 +0100: Memory Usage (453080K) : Starting 5.19. Via1 table
2026-03-12 17:40:16 +0100: Memory Usage (453080K) : Starting 5.19. Via1 table derivations
2026-03-12 17:40:16 +0100: Memory Usage (453080K) : Executing rule V1.a
2026-03-12 17:40:16 +0100: Memory Usage (453080K) : Executing rule V1.b
2026-03-12 17:40:16 +0100: Memory Usage (453080K) : Executing rule V1.c
2026-03-12 17:40:16 +0100: Memory Usage (453080K) : Starting 5.20. Vian table
2026-03-12 17:40:16 +0100: Memory Usage (453080K) : Executing rule V2.a
2026-03-12 17:40:16 +0100: Memory Usage (453080K) : Executing rule V2.b
2026-03-12 17:40:16 +0100: Memory Usage (453080K) : Executing rule V2.c
2026-03-12 17:40:16 +0100: Memory Usage (453080K) : Executing rule V3.a
2026-03-12 17:40:16 +0100: Memory Usage (453080K) : Executing rule V3.b
2026-03-12 17:40:16 +0100: Memory Usage (453080K) : Executing rule V3.c
2026-03-12 17:40:16 +0100: Memory Usage (453080K) : Executing rule V4.a
2026-03-12 17:40:16 +0100: Memory Usage (453080K) : Executing rule V4.b
2026-03-12 17:40:16 +0100: Memory Usage (453080K) : Executing rule V4.c
2026-03-12 17:40:16 +0100: Memory Usage (453080K) : Starting 5.21. TopVia1 table
2026-03-12 17:40:16 +0100: Memory Usage (453080K) : Executing rule TV1.a
2026-03-12 17:40:16 +0100: Memory Usage (453080K) : Executing rule TV1.b
2026-03-12 17:40:16 +0100: Memory Usage (453080K) : Executing rule TV1.c
2026-03-12 17:40:16 +0100: Memory Usage (453080K) : Executing rule TV1.d
2026-03-12 17:40:16 +0100: Memory Usage (453080K) : Starting 5.22. TopMetal1 table
2026-03-12 17:40:16 +0100: Memory Usage (453080K) : Executing rule TM1.a
2026-03-12 17:40:16 +0100: Memory Usage (453080K) : Executing rule TM1.b
2026-03-12 17:40:16 +0100: Memory Usage (453080K) : Starting 5.23 TopMetal1:filler table
2026-03-12 17:40:16 +0100: Memory Usage (453080K) : Executing rule TM1Fil.c
2026-03-12 17:40:16 +0100: Memory Usage (453080K) : Executing rule TM1Fil.a1
2026-03-12 17:40:16 +0100: Memory Usage (453080K) : Starting 5.24. TopVia2 table
2026-03-12 17:40:16 +0100: Memory Usage (453080K) : Executing rule TV2.a
2026-03-12 17:40:16 +0100: Memory Usage (453080K) : Executing rule TV2.b
2026-03-12 17:40:16 +0100: Memory Usage (453080K) : Executing rule TV2.c
2026-03-12 17:40:16 +0100: Memory Usage (453080K) : Executing rule TV2.d
2026-03-12 17:40:16 +0100: Memory Usage (453080K) : Starting 5.25. TopMetal2 table
2026-03-12 17:40:16 +0100: Memory Usage (453080K) : Executing rule TM2.a
2026-03-12 17:40:16 +0100: Memory Usage (453080K) : Executing rule TM2.b
2026-03-12 17:40:16 +0100: Memory Usage (453080K) : Executing rule TM2.bR
2026-03-12 17:40:16 +0100: Memory Usage (453080K) : Starting 5.26 TopMetal2:filler table
2026-03-12 17:40:16 +0100: Memory Usage (453080K) : Executing rule TM2Fil.c
2026-03-12 17:40:16 +0100: Memory Usage (453080K) : Executing rule TM2Fil.a1
2026-03-12 17:40:16 +0100: Memory Usage (453080K) : Starting 5.27. Passiv table
2026-03-12 17:40:16 +0100: Memory Usage (453080K) : Executing rule Pas.a
2026-03-12 17:40:16 +0100: Memory Usage (453080K) : Executing rule Pas.b
2026-03-12 17:40:16 +0100: Memory Usage (453080K) : Executing rule Pas.c
2026-03-12 17:40:16 +0100: Memory Usage (453080K) : Starting 6.9.2 Copper Pillar table
2026-03-12 17:40:16 +0100: Memory Usage (453080K) : Executing rule Padc.a
2026-03-12 17:40:16 +0100: Memory Usage (453080K) : Executing rule Padc.b
2026-03-12 17:40:16 +0100: Memory Usage (453080K) : Executing rule Padc.c
2026-03-12 17:40:16 +0100: Memory Usage (453080K) : Executing rule Padb.f
2026-03-12 17:40:16 +0100: Memory Usage (453080K) : Starting 6.9 Pad table
2026-03-12 17:40:16 +0100: Memory Usage (453080K) : Executing rule Pad.m
2026-03-12 17:40:16 +0100: Memory Usage (453080K) : Executing rule Pad.fR_M1
2026-03-12 17:40:16 +0100: Memory Usage (453080K) : Executing rule Pad.fR_M2
2026-03-12 17:40:16 +0100: Memory Usage (453080K) : Executing rule Pad.fR_M3
2026-03-12 17:40:16 +0100: Memory Usage (453080K) : Executing rule Pad.fR_M4
2026-03-12 17:40:16 +0100: Memory Usage (453080K) : Executing rule Pad.fR_M5
2026-03-12 17:40:16 +0100: Memory Usage (453080K) : Executing rule Pad.fR_TM1
2026-03-12 17:40:16 +0100: Memory Usage (453080K) : Executing rule Pad.fR_TM2
2026-03-12 17:40:16 +0100: Memory Usage (453080K) : Executing rule Pad.i
2026-03-12 17:40:16 +0100: Memory Usage (453080K) : Starting 6.9.1 Solder Bump
2026-03-12 17:40:16 +0100: Memory Usage (453080K) : Executing rule Padb.a
2026-03-12 17:40:16 +0100: Memory Usage (453080K) : Executing rule Padb.b
2026-03-12 17:40:16 +0100: Memory Usage (453080K) : Executing rule Padb.c
2026-03-12 17:40:16 +0100: Memory Usage (453080K) : Executing rule Padb.f
2026-03-12 17:40:16 +0100: Memory Usage (453080K) : Executing rule Padb.d
2026-03-12 17:40:16 +0100: Memory Usage (453080K) : Starting 6.10 Sealring table
2026-03-12 17:40:16 +0100: Memory Usage (453080K) : Executing rule Seal.l
2026-03-12 17:40:16 +0100: Memory Usage (453080K) : Executing rule Seal.n
2026-03-12 17:40:16 +0100: Memory Usage (453080K) : Executing rule seal.b_metal1
2026-03-12 17:40:16 +0100: Memory Usage (453080K) : Executing rule seal.b_metal2
2026-03-12 17:40:16 +0100: Memory Usage (453080K) : Executing rule seal.b_metal3
2026-03-12 17:40:16 +0100: Memory Usage (453080K) : Executing rule seal.b_metal4
2026-03-12 17:40:16 +0100: Memory Usage (453080K) : Executing rule seal.b_metal5
2026-03-12 17:40:16 +0100: Memory Usage (453080K) : Executing rule seal.b_topmetal1
2026-03-12 17:40:16 +0100: Memory Usage (453080K) : Executing rule seal.b_topmetal2
2026-03-12 17:40:16 +0100: Memory Usage (453080K) : Executing rule seal.b_activ
2026-03-12 17:40:16 +0100: Memory Usage (453080K) : Executing rule seal.b_psd
2026-03-12 17:40:16 +0100: Memory Usage (453080K) : Executing rule Seal.k
2026-03-12 17:40:16 +0100: Memory Usage (453080K) : Executing rule Seal.m
2026-03-12 17:40:16 +0100: Memory Usage (453080K) : Starting 6.11 MIM table
2026-03-12 17:40:16 +0100: Memory Usage (453080K) : Executing rule MIM.c
2026-03-12 17:40:16 +0100: Memory Usage (453080K) : Executing rule MIM.d
2026-03-12 17:40:16 +0100: Memory Usage (453080K) : Executing rule MIM.gR
2026-03-12 17:40:16 +0100: Memory Usage (453080K) : Starting 7.3 Metal Slits table
2026-03-12 17:40:16 +0100: Memory Usage (453080K) : Executing rule Slt.e1_M1
2026-03-12 17:40:16 +0100: Memory Usage (453080K) : Executing rule Slt.e1_M2
2026-03-12 17:40:16 +0100: Memory Usage (453080K) : Executing rule Slt.e1_M3
2026-03-12 17:40:16 +0100: Memory Usage (453080K) : Executing rule Slt.e1_M4
2026-03-12 17:40:16 +0100: Memory Usage (453080K) : Executing rule Slt.e1_M5
2026-03-12 17:40:16 +0100: Memory Usage (453080K) : Executing rule Slt.e1_TM1
2026-03-12 17:40:16 +0100: Memory Usage (453080K) : Executing rule Slt.e1_TM2
2026-03-12 17:40:16 +0100: Memory Usage (453080K) : Starting 9.1. LBE table
2026-03-12 17:40:16 +0100: Memory Usage (453080K) : Executing rule LBE.a
2026-03-12 17:40:16 +0100: Memory Usage (453080K) : Executing rule LBE.b
2026-03-12 17:40:16 +0100: Memory Usage (453080K) : Executing rule LBE.b1
2026-03-12 17:40:16 +0100: Memory Usage (453080K) : Executing rule LBE.c
2026-03-12 17:40:16 +0100: Memory Usage (453080K) : Executing rule LBE.d
2026-03-12 17:40:16 +0100: Memory Usage (453080K) : Executing rule LBE.h
2026-03-12 17:40:16 +0100: Memory Usage (453080K) : Starting 7.4. PIN table
2026-03-12 17:40:16 +0100: Memory Usage (453080K) : Executing rule Pin.a
2026-03-12 17:40:16 +0100: Memory Usage (453080K) : Executing rule Pin.b
2026-03-12 17:40:16 +0100: Memory Usage (453080K) : Executing rule Pin.e
2026-03-12 17:40:16 +0100: Memory Usage (453080K) : Executing rule Pin.f_M2
2026-03-12 17:40:16 +0100: Memory Usage (453080K) : Executing rule Pin.f_M3
2026-03-12 17:40:16 +0100: Memory Usage (453080K) : Executing rule Pin.f_M4
2026-03-12 17:40:16 +0100: Memory Usage (453080K) : Executing rule Pin.f_M5
2026-03-12 17:40:16 +0100: Memory Usage (453080K) : Executing rule Pin.g
2026-03-12 17:40:16 +0100: Memory Usage (453080K) : Executing rule Pin.h
2026-03-12 17:40:16 +0100: Memory Usage (453080K) : Starting 3.2. FORBIDDEN table
2026-03-12 17:40:16 +0100: Memory Usage (453080K) : Executing rule forbidden.biwind
2026-03-12 17:40:16 +0100: Memory Usage (453080K) : Executing rule forbidden.pemwind
2026-03-12 17:40:16 +0100: Memory Usage (453080K) : Executing rule forbidden.baspoly
2026-03-12 17:40:16 +0100: Memory Usage (453080K) : Executing rule forbidden.deepco
2026-03-12 17:40:16 +0100: Memory Usage (453080K) : Executing rule forbidden.pempoly
2026-03-12 17:40:16 +0100: Memory Usage (453080K) : Executing rule forbidden.empoly
2026-03-12 17:40:16 +0100: Memory Usage (453080K) : Executing rule forbidden.ldmos
2026-03-12 17:40:16 +0100: Memory Usage (453080K) : Executing rule forbidden.pbiwind
2026-03-12 17:40:16 +0100: Memory Usage (453080K) : Executing rule forbidden.nodrc
2026-03-12 17:40:16 +0100: Memory Usage (453080K) : Executing rule forbidden.flash
2026-03-12 17:40:16 +0100: Memory Usage (453080K) : Executing rule forbidden.colwind
2026-03-12 17:40:16 +0100: Memory Usage (453080K) : KLayout DRC run for tables 'main' completed in 0.85 seconds
